[0.020s][info][gc,init] CardTable entry size: 512
[0.020s][info][gc     ] Using Parallel
[0.022s][info][gc,init] Version: 21.0.4+7-LTS (release)
[0.022s][info][gc,init] CPUs: 4 total, 4 available
[0.022s][info][gc,init] Memory: 15991M
[0.022s][info][gc,init] Large Page Support: Disabled
[0.022s][info][gc,init] NUMA Support: Disabled
[0.022s][info][gc,init] Compressed Oops: Enabled (Zero based)
[0.022s][info][gc,init] Alignments: Space 512K, Generation 512K, Heap 2M
[0.022s][info][gc,init] Heap Min Capacity: 2054M
[0.022s][info][gc,init] Heap Initial Capacity: 2054M
[0.022s][info][gc,init] Heap Max Capacity: 5G
[0.022s][info][gc,init] Pre-touch: Disabled
[0.022s][info][gc,init] Parallel Workers: 4
[0.036s][info][gc,metaspace] CDS archive(s) mapped at: [0x00007fce15000000-0x00007fce15cae000-0x00007fce15cae000), size 13295616, SharedBaseAddress: 0x00007fce15000000, ArchiveRelocationMode: 1.
[0.036s][info][gc,metaspace] Compressed class space mapped at: 0x00007fce16000000-0x00007fce56000000, reserved size: 1073741824
[0.036s][info][gc,metaspace] Narrow klass base: 0x00007fce15000000, Narrow klass shift: 0, Narrow klass range: 0x100000000
[0.453s][info][safepoint   ] Safepoint "ICBufferFull", Time since last: 407223209 ns, Reaching safepoint: 3000 ns, Cleanup: 101399 ns, At safepoint: 3900 ns, Total: 108299 ns
[0.674s][info][safepoint   ] Safepoint "RedefineClasses", Time since last: 212700686 ns, Reaching safepoint: 3799 ns, Cleanup: 138699 ns, At safepoint: 7434544 ns, Total: 7577042 ns
[0.798s][info][safepoint   ] Safepoint "JFRCheckpoint", Time since last: 124166557 ns, Reaching safepoint: 3200 ns, Cleanup: 49000 ns, At safepoint: 8700 ns, Total: 60900 ns
[1.542s][info][safepoint   ] Safepoint "ICBufferFull", Time since last: 744303550 ns, Reaching safepoint: 77400 ns, Cleanup: 116899 ns, At safepoint: 4400 ns, Total: 198699 ns
[1.830s][info][safepoint   ] Safepoint "ICBufferFull", Time since last: 287639116 ns, Reaching safepoint: 75100 ns, Cleanup: 126599 ns, At safepoint: 4900 ns, Total: 206599 ns
[2.190s][info][gc,start    ] GC(0) Pause Young (Metadata GC Threshold)
[2.211s][debug][gc,phases   ] GC(0) Scavenge 20.806ms
[2.211s][debug][gc,ref      ] GC(0) ReferenceProcessor::execute queues: 2, RefProcThreadModel::Multi, marks_oops_alive: false
[2.212s][debug][gc,ref      ] GC(0) ReferenceProcessor::execute queues: 4, RefProcThreadModel::Multi, marks_oops_alive: true
[2.212s][debug][gc,ref      ] GC(0) ReferenceProcessor::execute queues: 1, RefProcThreadModel::Single, marks_oops_alive: false
[2.212s][debug][gc,phases   ] GC(0) Reference Processing 0.354ms
[2.212s][debug][gc,phases   ] GC(0)   VM Weak                        Min:  0.0, Avg:  0.0, Max:  0.0, Diff:  0.0, Sum:  0.0, Workers: 4
[2.212s][debug][gc,phases   ] GC(0)     Dead                           Min: 0, Avg:  0.0, Max: 0, Diff: 0, Sum: 0, Workers: 4
[2.212s][debug][gc,phases   ] GC(0)     Total                          Min: 0, Avg: 58.5, Max: 128, Diff: 128, Sum: 234, Workers: 4
[2.212s][debug][gc,phases   ] GC(0)   ObjectSynchronizer Weak        Min:  0.0, Avg:  0.0, Max:  0.0, Diff:  0.0, Sum:  0.0, Workers: 4
[2.212s][debug][gc,phases   ] GC(0)     Dead                           Min: 0, Avg:  0.5, Max: 2, Diff: 2, Sum: 2, Workers: 4
[2.212s][debug][gc,phases   ] GC(0)     Total                          Min: 0, Avg:  2.0, Max: 8, Diff: 8, Sum: 8, Workers: 4
[2.212s][debug][gc,phases   ] GC(0)   JVMTI Tag Weak OopStorage      Min:  0.0, Avg:  0.0, Max:  0.0, Diff:  0.0, Sum:  0.0, Workers: 4
[2.212s][debug][gc,phases   ] GC(0)     Dead                           Min: 0, Avg:  0.0, Max: 0, Diff: 0, Sum: 0, Workers: 4
[2.212s][debug][gc,phases   ] GC(0)     Total                          Min: 0, Avg:  0.0, Max: 0, Diff: 0, Sum: 0, Workers: 4
[2.212s][debug][gc,phases   ] GC(0)   StringTable Weak               Min:  0.0, Avg:  0.0, Max:  0.1, Diff:  0.1, Sum:  0.2, Workers: 4
[2.212s][debug][gc,phases   ] GC(0)     Dead                           Min: 0, Avg:  6.5, Max: 13, Diff: 13, Sum: 26, Workers: 4
[2.212s][debug][gc,phases   ] GC(0)     Total                          Min: 0, Avg: 1794.0, Max: 2568, Diff: 2568, Sum: 7176, Workers: 4
[2.212s][debug][gc,phases   ] GC(0)   ResolvedMethodTable Weak       Min:  0.0, Avg:  0.0, Max:  0.0, Diff:  0.0, Sum:  0.1, Workers: 4
[2.212s][debug][gc,phases   ] GC(0)     Dead                           Min: 0, Avg: 81.0, Max: 118, Diff: 118, Sum: 324, Workers: 4
[2.212s][debug][gc,phases   ] GC(0)     Total                          Min: 0, Avg: 430.0, Max: 640, Diff: 640, Sum: 1720, Workers: 4
[2.212s][debug][gc,phases   ] GC(0)   JNI Weak                       Min:  0.0, Avg:  0.0, Max:  0.0, Diff:  0.0, Sum:  0.0, Workers: 4
[2.212s][debug][gc,phases   ] GC(0)     Dead                           Min: 0, Avg:  0.0, Max: 0, Diff: 0, Sum: 0, Workers: 4
[2.212s][debug][gc,phases   ] GC(0)     Total                          Min: 0, Avg: 12.0, Max: 48, Diff: 48, Sum: 48, Workers: 4
[2.212s][debug][gc,phases   ] GC(0)   StringDedup Table Weak         Min:  0.0, Avg:  0.0, Max:  0.0, Diff:  0.0, Sum:  0.0, Workers: 4
[2.212s][debug][gc,phases   ] GC(0)     Dead                           Min: 0, Avg:  0.0, Max: 0, Diff: 0, Sum: 0, Workers: 4
[2.212s][debug][gc,phases   ] GC(0)     Total                          Min: 0, Avg:  0.0, Max: 0, Diff: 0, Sum: 0, Workers: 4
[2.212s][debug][gc,phases   ] GC(0)   StringDedup Requests0 Weak     Min:  0.0, Avg:  0.0, Max:  0.0, Diff:  0.0, Sum:  0.0, Workers: 4
[2.212s][debug][gc,phases   ] GC(0)     Dead                           Min: 0, Avg:  0.0, Max: 0, Diff: 0, Sum: 0, Workers: 4
[2.212s][debug][gc,phases   ] GC(0)     Total                          Min: 0, Avg:  0.0, Max: 0, Diff: 0, Sum: 0, Workers: 4
[2.212s][debug][gc,phases   ] GC(0)   StringDedup Requests1 Weak     Min:  0.0, Avg:  0.0, Max:  0.0, Diff:  0.0, Sum:  0.0, Workers: 4
[2.212s][debug][gc,phases   ] GC(0)     Dead                           Min: 0, Avg:  0.0, Max: 0, Diff: 0, Sum: 0, Workers: 4
[2.212s][debug][gc,phases   ] GC(0)     Total                          Min: 0, Avg:  0.0, Max: 0, Diff: 0, Sum: 0, Workers: 4
[2.212s][debug][gc,phases   ] GC(0)   Weak JFR Old Object Samples    Min:  0.0, Avg:  0.0, Max:  0.0, Diff:  0.0, Sum:  0.0, Workers: 4
[2.212s][debug][gc,phases   ] GC(0)     Dead                           Min: 0, Avg:  0.0, Max: 0, Diff: 0, Sum: 0, Workers: 4
[2.212s][debug][gc,phases   ] GC(0)     Total                          Min: 0, Avg:  0.0, Max: 0, Diff: 0, Sum: 0, Workers: 4
[2.212s][debug][gc,phases   ] GC(0) Weak Processing 0.297ms
[2.212s][debug][gc,age      ] GC(0) Desired survivor size 536870912 bytes, new threshold 7 (max threshold 15)
[2.212s][info ][gc,heap     ] GC(0) PSYoungGen: 349455K(1572864K)->37261K(1572864K) Eden: 349455K(1048576K)->0K(1048576K) From: 0K(524288K)->37261K(524288K)
[2.212s][info ][gc,heap     ] GC(0) ParOldGen: 1054K(6144K)->1126K(6144K)
[2.212s][info ][gc,metaspace] GC(0) Metaspace: 21139K(21504K)->21139K(21504K) NonClass: 18813K(19008K)->18813K(19008K) Class: 2326K(2496K)->2326K(2496K)
[2.212s][info ][gc          ] GC(0) Pause Young (Metadata GC Threshold) 342M->37M(1542M) 21.849ms
[2.212s][info ][gc,cpu      ] GC(0) User=0.05s Sys=0.02s Real=0.03s
[2.212s][debug][gc,phases   ] GC(1) Pre Compact 0.008ms
[2.212s][info ][gc,start    ] GC(1) Pause Full (Metadata GC Threshold)
[2.212s][info ][gc,phases,start] GC(1) Marking Phase
[2.222s][debug][gc,phases      ] GC(1) Par Mark 10.131ms
[2.222s][debug][gc,ref         ] GC(1) ReferenceProcessor::execute queues: 2, RefProcThreadModel::Multi, marks_oops_alive: false
[2.222s][debug][gc,ref         ] GC(1) ReferenceProcessor::execute queues: 4, RefProcThreadModel::Multi, marks_oops_alive: true
[2.222s][debug][gc,ref         ] GC(1) ReferenceProcessor::execute queues: 1, RefProcThreadModel::Single, marks_oops_alive: false
[2.222s][debug][gc,phases      ] GC(1) Reference Processing 0.118ms
[2.222s][debug][gc,phases      ] GC(1)   VM Weak                        Min:  0.0, Avg:  0.0, Max:  0.0, Diff:  0.0, Sum:  0.0, Workers: 4
[2.222s][debug][gc,phases      ] GC(1)     Dead                           Min: 0, Avg:  0.0, Max: 0, Diff: 0, Sum: 0, Workers: 4
[2.222s][debug][gc,phases      ] GC(1)     Total                          Min: 0, Avg: 58.5, Max: 192, Diff: 192, Sum: 234, Workers: 4
[2.222s][debug][gc,phases      ] GC(1)   ObjectSynchronizer Weak        Min:  0.0, Avg:  0.0, Max:  0.0, Diff:  0.0, Sum:  0.0, Workers: 4
[2.222s][debug][gc,phases      ] GC(1)     Dead                           Min: 0, Avg:  0.0, Max: 0, Diff: 0, Sum: 0, Workers: 4
[2.222s][debug][gc,phases      ] GC(1)     Total                          Min: 0, Avg:  2.0, Max: 8, Diff: 8, Sum: 8, Workers: 4
[2.222s][debug][gc,phases      ] GC(1)   JVMTI Tag Weak OopStorage      Min:  0.0, Avg:  0.0, Max:  0.0, Diff:  0.0, Sum:  0.0, Workers: 4
[2.222s][debug][gc,phases      ] GC(1)     Dead                           Min: 0, Avg:  0.0, Max: 0, Diff: 0, Sum: 0, Workers: 4
[2.222s][debug][gc,phases      ] GC(1)     Total                          Min: 0, Avg:  0.0, Max: 0, Diff: 0, Sum: 0, Workers: 4
[2.223s][debug][gc,phases      ] GC(1)   StringTable Weak               Min:  0.0, Avg:  0.0, Max:  0.0, Diff:  0.0, Sum:  0.1, Workers: 4
[2.223s][debug][gc,phases      ] GC(1)     Dead                           Min: 0, Avg:  0.0, Max: 0, Diff: 0, Sum: 0, Workers: 4
[2.223s][debug][gc,phases      ] GC(1)     Total                          Min: 1536, Avg: 1794.0, Max: 1920, Diff: 384, Sum: 7176, Workers: 4
[2.223s][debug][gc,phases      ] GC(1)   ResolvedMethodTable Weak       Min:  0.0, Avg:  0.0, Max:  0.0, Diff:  0.0, Sum:  0.0, Workers: 4
[2.223s][debug][gc,phases      ] GC(1)     Dead                           Min: 0, Avg:  0.0, Max: 0, Diff: 0, Sum: 0, Workers: 4
[2.223s][debug][gc,phases      ] GC(1)     Total                          Min: 384, Avg: 430.0, Max: 448, Diff: 64, Sum: 1720, Workers: 4
[2.223s][debug][gc,phases      ] GC(1)   JNI Weak                       Min:  0.0, Avg:  0.0, Max:  0.0, Diff:  0.0, Sum:  0.0, Workers: 4
[2.223s][debug][gc,phases      ] GC(1)     Dead                           Min: 0, Avg:  0.0, Max: 0, Diff: 0, Sum: 0, Workers: 4
[2.223s][debug][gc,phases      ] GC(1)     Total                          Min: 0, Avg: 12.0, Max: 48, Diff: 48, Sum: 48, Workers: 4
[2.223s][debug][gc,phases      ] GC(1)   StringDedup Table Weak         Min:  0.0, Avg:  0.0, Max:  0.0, Diff:  0.0, Sum:  0.0, Workers: 4
[2.223s][debug][gc,phases      ] GC(1)     Dead                           Min: 0, Avg:  0.0, Max: 0, Diff: 0, Sum: 0, Workers: 4
[2.223s][debug][gc,phases      ] GC(1)     Total                          Min: 0, Avg:  0.0, Max: 0, Diff: 0, Sum: 0, Workers: 4
[2.223s][debug][gc,phases      ] GC(1)   StringDedup Requests0 Weak     Min:  0.0, Avg:  0.0, Max:  0.0, Diff:  0.0, Sum:  0.0, Workers: 4
[2.223s][debug][gc,phases      ] GC(1)     Dead                           Min: 0, Avg:  0.0, Max: 0, Diff: 0, Sum: 0, Workers: 4
[2.223s][debug][gc,phases      ] GC(1)     Total                          Min: 0, Avg:  0.0, Max: 0, Diff: 0, Sum: 0, Workers: 4
[2.223s][debug][gc,phases      ] GC(1)   StringDedup Requests1 Weak     Min:  0.0, Avg:  0.0, Max:  0.0, Diff:  0.0, Sum:  0.0, Workers: 4
[2.223s][debug][gc,phases      ] GC(1)     Dead                           Min: 0, Avg:  0.0, Max: 0, Diff: 0, Sum: 0, Workers: 4
[2.223s][debug][gc,phases      ] GC(1)     Total                          Min: 0, Avg:  0.0, Max: 0, Diff: 0, Sum: 0, Workers: 4
[2.223s][debug][gc,phases      ] GC(1)   Weak JFR Old Object Samples    Min:  0.0, Avg:  0.0, Max:  0.0, Diff:  0.0, Sum:  0.0, Workers: 4
[2.223s][debug][gc,phases      ] GC(1)     Dead                           Min: 0, Avg:  0.0, Max: 0, Diff: 0, Sum: 0, Workers: 4
[2.223s][debug][gc,phases      ] GC(1)     Total                          Min: 0, Avg:  0.0, Max: 0, Diff: 0, Sum: 0, Workers: 4
[2.223s][debug][gc,phases      ] GC(1) Weak Processing 0.210ms
[2.223s][debug][gc,phases      ] GC(1) ClassLoaderData 0.008ms
[2.223s][debug][gc,phases      ] GC(1) Trigger cleanups 0.000ms
[2.228s][debug][gc,phases      ] GC(1) Purge Unlinked NMethods 0.001ms
[2.228s][debug][gc,phases      ] GC(1) Unregister NMethods 0.023ms
[2.228s][debug][gc,phases      ] GC(1) Free Code Blobs 0.003ms
[2.228s][debug][gc,phases      ] GC(1) Class Unloading 5.888ms
[2.229s][debug][gc,phases      ] GC(1) Report Object Count 0.408ms
[2.229s][info ][gc,phases      ] GC(1) Marking Phase 16.800ms
[2.229s][info ][gc,phases,start] GC(1) Summary Phase
[2.229s][info ][gc,phases      ] GC(1) Summary Phase 0.006ms
[2.229s][info ][gc,phases,start] GC(1) Adjust Roots
[2.233s][info ][gc,phases      ] GC(1) Adjust Roots 3.607ms
[2.233s][info ][gc,phases,start] GC(1) Compaction Phase
[2.254s][info ][gc,phases      ] GC(1) Compaction Phase 21.885ms
[2.254s][info ][gc,phases,start] GC(1) Post Compact
[2.256s][debug][gc,phases      ] GC(1) Purge Class Loader Data 0.873ms
[2.256s][info ][gc,phases      ] GC(1) Post Compact 1.816ms
[2.256s][info ][gc,heap        ] GC(1) PSYoungGen: 37261K(1572864K)->32895K(1572864K) Eden: 0K(1048576K)->0K(1048576K) From: 37261K(524288K)->32895K(524288K)
[2.256s][info ][gc,heap        ] GC(1) ParOldGen: 1126K(6144K)->5194K(6144K)
[2.256s][info ][gc,metaspace   ] GC(1) Metaspace: 21139K(21504K)->21139K(21504K) NonClass: 18813K(19008K)->18813K(19008K) Class: 2326K(2496K)->2326K(2496K)
[2.256s][info ][gc             ] GC(1) Pause Full (Metadata GC Threshold) 37M->37M(1542M) 44.226ms
[2.256s][info ][gc,cpu         ] GC(1) User=0.11s Sys=0.01s Real=0.04s
[2.257s][info ][safepoint      ] Safepoint "CollectForMetadataAllocation", Time since last: 359721869 ns, Reaching safepoint: 3300 ns, Cleanup: 86499 ns, At safepoint: 66550895 ns, Total: 66640694 ns
[2.675s][info ][safepoint      ] Safepoint "ICBufferFull", Time since last: 418402024 ns, Reaching safepoint: 77500 ns, Cleanup: 124399 ns, At safepoint: 8200 ns, Total: 210099 ns
[2.858s][info ][safepoint      ] Safepoint "ICBufferFull", Time since last: 182601913 ns, Reaching safepoint: 4100 ns, Cleanup: 101900 ns, At safepoint: 7800 ns, Total: 113800 ns
[3.018s][info ][safepoint      ] Safepoint "ICBufferFull", Time since last: 159452089 ns, Reaching safepoint: 80600 ns, Cleanup: 113399 ns, At safepoint: 7300 ns, Total: 201299 ns
[3.484s][info ][safepoint      ] Safepoint "ICBufferFull", Time since last: 466626458 ns, Reaching safepoint: 3600 ns, Cleanup: 130399 ns, At safepoint: 5500 ns, Total: 139499 ns
[3.607s][info ][gc,start       ] GC(2) Pause Young (Metadata GC Threshold)
[3.641s][debug][gc,phases      ] GC(2) Scavenge 33.823ms
[3.641s][debug][gc,ref         ] GC(2) ReferenceProcessor::execute queues: 4, RefProcThreadModel::Multi, marks_oops_alive: false
[3.641s][debug][gc,ref         ] GC(2) Skipped KeepAliveFinalRefsPhase of Reference Processing: no references
[3.641s][debug][gc,ref         ] GC(2) ReferenceProcessor::execute queues: 2, RefProcThreadModel::Multi, marks_oops_alive: false
[3.641s][debug][gc,phases      ] GC(2) Reference Processing 0.661ms
[3.641s][debug][gc,phases      ] GC(2)   VM Weak                        Min:  0.0, Avg:  0.0, Max:  0.0, Diff:  0.0, Sum:  0.0, Workers: 4
[3.641s][debug][gc,phases      ] GC(2)     Dead                           Min: 0, Avg:  0.0, Max: 0, Diff: 0, Sum: 0, Workers: 4
[3.641s][debug][gc,phases      ] GC(2)     Total                          Min: 0, Avg: 75.2, Max: 237, Diff: 237, Sum: 301, Workers: 4
[3.641s][debug][gc,phases      ] GC(2)   ObjectSynchronizer Weak        Min:  0.0, Avg:  0.0, Max:  0.0, Diff:  0.0, Sum:  0.0, Workers: 4
[3.641s][debug][gc,phases      ] GC(2)     Dead                           Min: 0, Avg:  0.0, Max: 0, Diff: 0, Sum: 0, Workers: 4
[3.641s][debug][gc,phases      ] GC(2)     Total                          Min: 0, Avg:  2.0, Max: 8, Diff: 8, Sum: 8, Workers: 4
[3.641s][debug][gc,phases      ] GC(2)   JVMTI Tag Weak OopStorage      Min:  0.0, Avg:  0.0, Max:  0.0, Diff:  0.0, Sum:  0.0, Workers: 4
[3.641s][debug][gc,phases      ] GC(2)     Dead                           Min: 0, Avg:  0.0, Max: 0, Diff: 0, Sum: 0, Workers: 4
[3.641s][debug][gc,phases      ] GC(2)     Total                          Min: 0, Avg:  0.0, Max: 0, Diff: 0, Sum: 0, Workers: 4
[3.641s][debug][gc,phases      ] GC(2)   StringTable Weak               Min:  0.0, Avg:  0.1, Max:  0.1, Diff:  0.1, Sum:  0.4, Workers: 4
[3.642s][debug][gc,phases      ] GC(2)     Dead                           Min: 0, Avg:  3.8, Max: 10, Diff: 10, Sum: 15, Workers: 4
[3.642s][debug][gc,phases      ] GC(2)     Total                          Min: 0, Avg: 3544.8, Max: 5888, Diff: 5888, Sum: 14179, Workers: 4
[3.642s][debug][gc,phases      ] GC(2)   ResolvedMethodTable Weak       Min:  0.0, Avg:  0.0, Max:  0.0, Diff:  0.0, Sum:  0.1, Workers: 4
[3.642s][debug][gc,phases      ] GC(2)     Dead                           Min: 0, Avg: 432.0, Max: 854, Diff: 854, Sum: 1728, Workers: 4
[3.642s][debug][gc,phases      ] GC(2)     Total                          Min: 0, Avg: 1171.2, Max: 2125, Diff: 2125, Sum: 4685, Workers: 4
[3.642s][debug][gc,phases      ] GC(2)   JNI Weak                       Min:  0.0, Avg:  0.0, Max:  0.0, Diff:  0.0, Sum:  0.0, Workers: 4
[3.642s][debug][gc,phases      ] GC(2)     Dead                           Min: 0, Avg:  0.0, Max: 0, Diff: 0, Sum: 0, Workers: 4
[3.642s][debug][gc,phases      ] GC(2)     Total                          Min: 0, Avg: 12.0, Max: 48, Diff: 48, Sum: 48, Workers: 4
[3.642s][debug][gc,phases      ] GC(2)   StringDedup Table Weak         Min:  0.0, Avg:  0.0, Max:  0.0, Diff:  0.0, Sum:  0.0, Workers: 4
[3.642s][debug][gc,phases      ] GC(2)     Dead                           Min: 0, Avg:  0.0, Max: 0, Diff: 0, Sum: 0, Workers: 4
[3.642s][debug][gc,phases      ] GC(2)     Total                          Min: 0, Avg:  0.0, Max: 0, Diff: 0, Sum: 0, Workers: 4
[3.642s][debug][gc,phases      ] GC(2)   StringDedup Requests0 Weak     Min:  0.0, Avg:  0.0, Max:  0.0, Diff:  0.0, Sum:  0.0, Workers: 4
[3.642s][debug][gc,phases      ] GC(2)     Dead                           Min: 0, Avg:  0.0, Max: 0, Diff: 0, Sum: 0, Workers: 4
[3.642s][debug][gc,phases      ] GC(2)     Total                          Min: 0, Avg:  0.0, Max: 0, Diff: 0, Sum: 0, Workers: 4
[3.642s][debug][gc,phases      ] GC(2)   StringDedup Requests1 Weak     Min:  0.0, Avg:  0.0, Max:  0.0, Diff:  0.0, Sum:  0.0, Workers: 4
[3.642s][debug][gc,phases      ] GC(2)     Dead                           Min: 0, Avg:  0.0, Max: 0, Diff: 0, Sum: 0, Workers: 4
[3.642s][debug][gc,phases      ] GC(2)     Total                          Min: 0, Avg:  0.0, Max: 0, Diff: 0, Sum: 0, Workers: 4
[3.642s][debug][gc,phases      ] GC(2)   Weak JFR Old Object Samples    Min:  0.0, Avg:  0.0, Max:  0.0, Diff:  0.0, Sum:  0.0, Workers: 4
[3.642s][debug][gc,phases      ] GC(2)     Dead                           Min: 0, Avg:  0.0, Max: 0, Diff: 0, Sum: 0, Workers: 4
[3.642s][debug][gc,phases      ] GC(2)     Total                          Min: 0, Avg:  0.0, Max: 0, Diff: 0, Sum: 0, Workers: 4
[3.642s][debug][gc,phases      ] GC(2) Weak Processing 0.374ms
[3.642s][debug][gc,age         ] GC(2) Desired survivor size 536870912 bytes, new threshold 7 (max threshold 15)
[3.642s][info ][gc,heap        ] GC(2) PSYoungGen: 431356K(1572864K)->56278K(1572864K) Eden: 398460K(1048576K)->0K(1048576K) From: 32895K(524288K)->56278K(524288K)
[3.642s][info ][gc,heap        ] GC(2) ParOldGen: 5194K(6144K)->5202K(6144K)
[3.642s][info ][gc,metaspace   ] GC(2) Metaspace: 35390K(35840K)->35390K(35840K) NonClass: 30775K(31040K)->30775K(31040K) Class: 4614K(4800K)->4614K(4800K)
[3.642s][info ][gc             ] GC(2) Pause Young (Metadata GC Threshold) 426M->60M(1542M) 34.986ms
[3.642s][info ][gc,cpu         ] GC(2) User=0.09s Sys=0.04s Real=0.03s
[3.642s][debug][gc,phases      ] GC(3) Pre Compact 0.008ms
[3.642s][info ][gc,start       ] GC(3) Pause Full (Metadata GC Threshold)
[3.642s][info ][gc,phases,start] GC(3) Marking Phase
[3.666s][debug][gc,phases      ] GC(3) Par Mark 23.938ms
[3.666s][debug][gc,ref         ] GC(3) ReferenceProcessor::execute queues: 4, RefProcThreadModel::Multi, marks_oops_alive: false
[3.666s][debug][gc,ref         ] GC(3) ReferenceProcessor::execute queues: 4, RefProcThreadModel::Multi, marks_oops_alive: true
[3.666s][debug][gc,ref         ] GC(3) ReferenceProcessor::execute queues: 1, RefProcThreadModel::Single, marks_oops_alive: false
[3.666s][debug][gc,phases      ] GC(3) Reference Processing 0.425ms
[3.666s][debug][gc,phases      ] GC(3)   VM Weak                        Min:  0.0, Avg:  0.0, Max:  0.0, Diff:  0.0, Sum:  0.0, Workers: 4
[3.666s][debug][gc,phases      ] GC(3)     Dead                           Min: 0, Avg:  0.0, Max: 0, Diff: 0, Sum: 0, Workers: 4
[3.666s][debug][gc,phases      ] GC(3)     Total                          Min: 0, Avg: 75.2, Max: 301, Diff: 301, Sum: 301, Workers: 4
[3.666s][debug][gc,phases      ] GC(3)   ObjectSynchronizer Weak        Min:  0.0, Avg:  0.0, Max:  0.0, Diff:  0.0, Sum:  0.0, Workers: 4
[3.666s][debug][gc,phases      ] GC(3)     Dead                           Min: 0, Avg:  0.0, Max: 0, Diff: 0, Sum: 0, Workers: 4
[3.666s][debug][gc,phases      ] GC(3)     Total                          Min: 0, Avg:  2.0, Max: 8, Diff: 8, Sum: 8, Workers: 4
[3.666s][debug][gc,phases      ] GC(3)   JVMTI Tag Weak OopStorage      Min:  0.0, Avg:  0.0, Max:  0.0, Diff:  0.0, Sum:  0.0, Workers: 4
[3.666s][debug][gc,phases      ] GC(3)     Dead                           Min: 0, Avg:  0.0, Max: 0, Diff: 0, Sum: 0, Workers: 4
[3.666s][debug][gc,phases      ] GC(3)     Total                          Min: 0, Avg:  0.0, Max: 0, Diff: 0, Sum: 0, Workers: 4
[3.666s][debug][gc,phases      ] GC(3)   StringTable Weak               Min:  0.0, Avg:  0.0, Max:  0.0, Diff:  0.0, Sum:  0.2, Workers: 4
[3.666s][debug][gc,phases      ] GC(3)     Dead                           Min: 0, Avg:  0.0, Max: 0, Diff: 0, Sum: 0, Workers: 4
[3.666s][debug][gc,phases      ] GC(3)     Total                          Min: 3456, Avg: 3544.8, Max: 3712, Diff: 256, Sum: 14179, Workers: 4
[3.666s][debug][gc,phases      ] GC(3)   ResolvedMethodTable Weak       Min:  0.0, Avg:  0.0, Max:  0.0, Diff:  0.0, Sum:  0.1, Workers: 4
[3.666s][debug][gc,phases      ] GC(3)     Dead                           Min: 0, Avg:  0.0, Max: 0, Diff: 0, Sum: 0, Workers: 4
[3.666s][debug][gc,phases      ] GC(3)     Total                          Min: 1101, Avg: 1171.2, Max: 1216, Diff: 115, Sum: 4685, Workers: 4
[3.666s][debug][gc,phases      ] GC(3)   JNI Weak                       Min:  0.0, Avg:  0.0, Max:  0.0, Diff:  0.0, Sum:  0.0, Workers: 4
[3.666s][debug][gc,phases      ] GC(3)     Dead                           Min: 0, Avg:  0.0, Max: 0, Diff: 0, Sum: 0, Workers: 4
[3.666s][debug][gc,phases      ] GC(3)     Total                          Min: 0, Avg: 12.0, Max: 48, Diff: 48, Sum: 48, Workers: 4
[3.666s][debug][gc,phases      ] GC(3)   StringDedup Table Weak         Min:  0.0, Avg:  0.0, Max:  0.0, Diff:  0.0, Sum:  0.0, Workers: 4
[3.666s][debug][gc,phases      ] GC(3)     Dead                           Min: 0, Avg:  0.0, Max: 0, Diff: 0, Sum: 0, Workers: 4
[3.666s][debug][gc,phases      ] GC(3)     Total                          Min: 0, Avg:  0.0, Max: 0, Diff: 0, Sum: 0, Workers: 4
[3.666s][debug][gc,phases      ] GC(3)   StringDedup Requests0 Weak     Min:  0.0, Avg:  0.0, Max:  0.0, Diff:  0.0, Sum:  0.0, Workers: 4
[3.666s][debug][gc,phases      ] GC(3)     Dead                           Min: 0, Avg:  0.0, Max: 0, Diff: 0, Sum: 0, Workers: 4
[3.666s][debug][gc,phases      ] GC(3)     Total                          Min: 0, Avg:  0.0, Max: 0, Diff: 0, Sum: 0, Workers: 4
[3.666s][debug][gc,phases      ] GC(3)   StringDedup Requests1 Weak     Min:  0.0, Avg:  0.0, Max:  0.0, Diff:  0.0, Sum:  0.0, Workers: 4
[3.666s][debug][gc,phases      ] GC(3)     Dead                           Min: 0, Avg:  0.0, Max: 0, Diff: 0, Sum: 0, Workers: 4
[3.666s][debug][gc,phases      ] GC(3)     Total                          Min: 0, Avg:  0.0, Max: 0, Diff: 0, Sum: 0, Workers: 4
[3.666s][debug][gc,phases      ] GC(3)   Weak JFR Old Object Samples    Min:  0.0, Avg:  0.0, Max:  0.0, Diff:  0.0, Sum:  0.0, Workers: 4
[3.666s][debug][gc,phases      ] GC(3)     Dead                           Min: 0, Avg:  0.0, Max: 0, Diff: 0, Sum: 0, Workers: 4
[3.666s][debug][gc,phases      ] GC(3)     Total                          Min: 0, Avg:  0.0, Max: 0, Diff: 0, Sum: 0, Workers: 4
[3.666s][debug][gc,phases      ] GC(3) Weak Processing 0.244ms
[3.666s][debug][gc,phases      ] GC(3) ClassLoaderData 0.038ms
[3.666s][debug][gc,phases      ] GC(3) Trigger cleanups 0.000ms
[3.674s][debug][gc,phases      ] GC(3) Purge Unlinked NMethods 0.443ms
[3.674s][debug][gc,phases      ] GC(3) Unregister NMethods 0.007ms
[3.675s][debug][gc,phases      ] GC(3) Free Code Blobs 0.127ms
[3.675s][debug][gc,phases      ] GC(3) Class Unloading 8.189ms
[3.675s][debug][gc,phases      ] GC(3) Report Object Count 0.000ms
[3.675s][info ][gc,phases      ] GC(3) Marking Phase 32.867ms
[3.675s][info ][gc,phases,start] GC(3) Summary Phase
[3.675s][info ][gc,phases      ] GC(3) Summary Phase 0.006ms
[3.675s][info ][gc,phases,start] GC(3) Adjust Roots
[3.679s][info ][gc,phases      ] GC(3) Adjust Roots 4.446ms
[3.679s][info ][gc,phases,start] GC(3) Compaction Phase
[3.839s][info ][gc,phases      ] GC(3) Compaction Phase 160.045ms
[3.839s][info ][gc,phases,start] GC(3) Post Compact
[3.841s][debug][gc,phases      ] GC(3) Purge Class Loader Data 1.279ms
[3.841s][info ][gc,phases      ] GC(3) Post Compact 1.939ms
[3.841s][info ][gc,heap        ] GC(3) PSYoungGen: 56278K(1572864K)->55596K(1572864K) Eden: 0K(1048576K)->0K(1048576K) From: 56278K(524288K)->55596K(524288K)
[3.841s][info ][gc,heap        ] GC(3) ParOldGen: 5202K(6144K)->5607K(6144K)
[3.841s][info ][gc,metaspace   ] GC(3) Metaspace: 35390K(35840K)->35390K(35840K) NonClass: 30775K(31040K)->30775K(31040K) Class: 4614K(4800K)->4614K(4800K)
[3.841s][info ][gc             ] GC(3) Pause Full (Metadata GC Threshold) 60M->59M(1542M) 199.409ms
[3.841s][info ][gc,cpu         ] GC(3) User=0.43s Sys=0.00s Real=0.20s
[3.841s][info ][safepoint      ] Safepoint "CollectForMetadataAllocation", Time since last: 122122273 ns, Reaching safepoint: 3900 ns, Cleanup: 49699 ns, At safepoint: 234520120 ns, Total: 234573719 ns
[4.037s][info ][safepoint      ] Safepoint "ICBufferFull", Time since last: 195654515 ns, Reaching safepoint: 78299 ns, Cleanup: 143999 ns, At safepoint: 4000 ns, Total: 226298 ns
[4.194s][info ][safepoint      ] Safepoint "ICBufferFull", Time since last: 157041508 ns, Reaching safepoint: 4500 ns, Cleanup: 158399 ns, At safepoint: 8700 ns, Total: 171599 ns
[4.387s][info ][safepoint      ] Safepoint "ICBufferFull", Time since last: 192897088 ns, Reaching safepoint: 3500 ns, Cleanup: 132699 ns, At safepoint: 2200 ns, Total: 138399 ns
[4.664s][info ][safepoint      ] Safepoint "ICBufferFull", Time since last: 276337123 ns, Reaching safepoint: 4700 ns, Cleanup: 129999 ns, At safepoint: 6300 ns, Total: 140999 ns
[4.781s][info ][safepoint      ] Safepoint "ICBufferFull", Time since last: 117069878 ns, Reaching safepoint: 76100 ns, Cleanup: 117999 ns, At safepoint: 7500 ns, Total: 201599 ns
[5.120s][info ][safepoint      ] Safepoint "ICBufferFull", Time since last: 338408934 ns, Reaching safepoint: 4600 ns, Cleanup: 136399 ns, At safepoint: 4900 ns, Total: 145899 ns
[5.523s][info ][safepoint      ] Safepoint "ICBufferFull", Time since last: 403658520 ns, Reaching safepoint: 76199 ns, Cleanup: 119999 ns, At safepoint: 7100 ns, Total: 203298 ns
[6.021s][info ][gc,start       ] GC(4) Pause Young (Metadata GC Threshold)
[6.065s][debug][gc,phases      ] GC(4) Scavenge 44.595ms
[6.065s][debug][gc,ref         ] GC(4) ReferenceProcessor::execute queues: 4, RefProcThreadModel::Multi, marks_oops_alive: false
[6.066s][debug][gc,ref         ] GC(4) Skipped KeepAliveFinalRefsPhase of Reference Processing: no references
[6.066s][debug][gc,ref         ] GC(4) ReferenceProcessor::execute queues: 4, RefProcThreadModel::Multi, marks_oops_alive: false
[6.066s][debug][gc,phases      ] GC(4) Reference Processing 1.137ms
[6.067s][debug][gc,phases      ] GC(4)   VM Weak                        Min:  0.0, Avg:  0.0, Max:  0.0, Diff:  0.0, Sum:  0.0, Workers: 4
[6.067s][debug][gc,phases      ] GC(4)     Dead                           Min: 0, Avg:  0.0, Max: 0, Diff: 0, Sum: 0, Workers: 4
[6.067s][debug][gc,phases      ] GC(4)     Total                          Min: 0, Avg: 120.2, Max: 320, Diff: 320, Sum: 481, Workers: 4
[6.067s][debug][gc,phases      ] GC(4)   ObjectSynchronizer Weak        Min:  0.0, Avg:  0.0, Max:  0.0, Diff:  0.0, Sum:  0.0, Workers: 4
[6.067s][debug][gc,phases      ] GC(4)     Dead                           Min: 0, Avg:  0.0, Max: 0, Diff: 0, Sum: 0, Workers: 4
[6.067s][debug][gc,phases      ] GC(4)     Total                          Min: 0, Avg:  2.0, Max: 8, Diff: 8, Sum: 8, Workers: 4
[6.067s][debug][gc,phases      ] GC(4)   JVMTI Tag Weak OopStorage      Min:  0.0, Avg:  0.0, Max:  0.0, Diff:  0.0, Sum:  0.0, Workers: 4
[6.067s][debug][gc,phases      ] GC(4)     Dead                           Min: 0, Avg:  0.0, Max: 0, Diff: 0, Sum: 0, Workers: 4
[6.067s][debug][gc,phases      ] GC(4)     Total                          Min: 0, Avg:  0.0, Max: 0, Diff: 0, Sum: 0, Workers: 4
[6.067s][debug][gc,phases      ] GC(4)   StringTable Weak               Min:  0.0, Avg:  0.2, Max:  0.3, Diff:  0.3, Sum:  0.8, Workers: 4
[6.067s][debug][gc,phases      ] GC(4)     Dead                           Min: 0, Avg:  3.2, Max: 6, Diff: 6, Sum: 13, Workers: 4
[6.067s][debug][gc,phases      ] GC(4)     Total                          Min: 0, Avg: 6755.8, Max: 9216, Diff: 9216, Sum: 27023, Workers: 4
[6.067s][debug][gc,phases      ] GC(4)   ResolvedMethodTable Weak       Min:  0.0, Avg:  0.1, Max:  0.1, Diff:  0.1, Sum:  0.4, Workers: 4
[6.067s][debug][gc,phases      ] GC(4)     Dead                           Min: 0, Avg: 964.0, Max: 1329, Diff: 1329, Sum: 3856, Workers: 4
[6.067s][debug][gc,phases      ] GC(4)     Total                          Min: 0, Avg: 2805.8, Max: 3840, Diff: 3840, Sum: 11223, Workers: 4
[6.067s][debug][gc,phases      ] GC(4)   JNI Weak                       Min:  0.0, Avg:  0.0, Max:  0.0, Diff:  0.0, Sum:  0.0, Workers: 4
[6.067s][debug][gc,phases      ] GC(4)     Dead                           Min: 0, Avg:  0.0, Max: 0, Diff: 0, Sum: 0, Workers: 4
[6.067s][debug][gc,phases      ] GC(4)     Total                          Min: 0, Avg: 12.8, Max: 51, Diff: 51, Sum: 51, Workers: 4
[6.067s][debug][gc,phases      ] GC(4)   StringDedup Table Weak         Min:  0.0, Avg:  0.0, Max:  0.0, Diff:  0.0, Sum:  0.0, Workers: 4
[6.067s][debug][gc,phases      ] GC(4)     Dead                           Min: 0, Avg:  0.0, Max: 0, Diff: 0, Sum: 0, Workers: 4
[6.067s][debug][gc,phases      ] GC(4)     Total                          Min: 0, Avg:  0.0, Max: 0, Diff: 0, Sum: 0, Workers: 4
[6.067s][debug][gc,phases      ] GC(4)   StringDedup Requests0 Weak     Min:  0.0, Avg:  0.0, Max:  0.0, Diff:  0.0, Sum:  0.0, Workers: 4
[6.067s][debug][gc,phases      ] GC(4)     Dead                           Min: 0, Avg:  0.0, Max: 0, Diff: 0, Sum: 0, Workers: 4
[6.067s][debug][gc,phases      ] GC(4)     Total                          Min: 0, Avg:  0.0, Max: 0, Diff: 0, Sum: 0, Workers: 4
[6.067s][debug][gc,phases      ] GC(4)   StringDedup Requests1 Weak     Min:  0.0, Avg:  0.0, Max:  0.0, Diff:  0.0, Sum:  0.0, Workers: 4
[6.067s][debug][gc,phases      ] GC(4)     Dead                           Min: 0, Avg:  0.0, Max: 0, Diff: 0, Sum: 0, Workers: 4
[6.067s][debug][gc,phases      ] GC(4)     Total                          Min: 0, Avg:  0.0, Max: 0, Diff: 0, Sum: 0, Workers: 4
[6.067s][debug][gc,phases      ] GC(4)   Weak JFR Old Object Samples    Min:  0.0, Avg:  0.0, Max:  0.0, Diff:  0.0, Sum:  0.0, Workers: 4
[6.067s][debug][gc,phases      ] GC(4)     Dead                           Min: 0, Avg:  0.0, Max: 0, Diff: 0, Sum: 0, Workers: 4
[6.067s][debug][gc,phases      ] GC(4)     Total                          Min: 0, Avg:  0.0, Max: 0, Diff: 0, Sum: 0, Workers: 4
[6.067s][debug][gc,phases      ] GC(4) Weak Processing 0.606ms
[6.067s][debug][gc,age         ] GC(4) Desired survivor size 536870912 bytes, new threshold 7 (max threshold 15)
[6.067s][info ][gc,heap        ] GC(4) PSYoungGen: 495999K(1572864K)->77354K(1572864K) Eden: 440403K(1048576K)->0K(1048576K) From: 55596K(524288K)->77354K(524288K)
[6.067s][info ][gc,heap        ] GC(4) ParOldGen: 5607K(6144K)->5639K(6144K)
[6.067s][info ][gc,metaspace   ] GC(4) Metaspace: 59023K(59776K)->59023K(59776K) NonClass: 49592K(49984K)->49592K(49984K) Class: 9431K(9792K)->9431K(9792K)
[6.067s][info ][gc             ] GC(4) Pause Young (Metadata GC Threshold) 489M->81M(1542M) 46.464ms
[6.067s][info ][gc,cpu         ] GC(4) User=0.12s Sys=0.03s Real=0.05s
[6.067s][debug][gc,phases      ] GC(5) Pre Compact 0.007ms
[6.067s][info ][gc,start       ] GC(5) Pause Full (Metadata GC Threshold)
[6.067s][info ][gc,phases,start] GC(5) Marking Phase
[6.100s][debug][gc,phases      ] GC(5) Par Mark 32.994ms
[6.100s][debug][gc,ref         ] GC(5) ReferenceProcessor::execute queues: 4, RefProcThreadModel::Multi, marks_oops_alive: false
[6.101s][debug][gc,ref         ] GC(5) ReferenceProcessor::execute queues: 4, RefProcThreadModel::Multi, marks_oops_alive: true
[6.101s][debug][gc,ref         ] GC(5) ReferenceProcessor::execute queues: 1, RefProcThreadModel::Single, marks_oops_alive: false
[6.101s][debug][gc,phases      ] GC(5) Reference Processing 0.832ms
[6.101s][debug][gc,phases      ] GC(5)   VM Weak                        Min:  0.0, Avg:  0.0, Max:  0.0, Diff:  0.0, Sum:  0.0, Workers: 4
[6.101s][debug][gc,phases      ] GC(5)     Dead                           Min: 0, Avg:  0.0, Max: 0, Diff: 0, Sum: 0, Workers: 4
[6.101s][debug][gc,phases      ] GC(5)     Total                          Min: 0, Avg: 120.2, Max: 481, Diff: 481, Sum: 481, Workers: 4
[6.101s][debug][gc,phases      ] GC(5)   ObjectSynchronizer Weak        Min:  0.0, Avg:  0.0, Max:  0.0, Diff:  0.0, Sum:  0.0, Workers: 4
[6.101s][debug][gc,phases      ] GC(5)     Dead                           Min: 0, Avg:  0.0, Max: 0, Diff: 0, Sum: 0, Workers: 4
[6.101s][debug][gc,phases      ] GC(5)     Total                          Min: 0, Avg:  2.0, Max: 8, Diff: 8, Sum: 8, Workers: 4
[6.101s][debug][gc,phases      ] GC(5)   JVMTI Tag Weak OopStorage      Min:  0.0, Avg:  0.0, Max:  0.0, Diff:  0.0, Sum:  0.0, Workers: 4
[6.101s][debug][gc,phases      ] GC(5)     Dead                           Min: 0, Avg:  0.0, Max: 0, Diff: 0, Sum: 0, Workers: 4
[6.101s][debug][gc,phases      ] GC(5)     Total                          Min: 0, Avg:  0.0, Max: 0, Diff: 0, Sum: 0, Workers: 4
[6.101s][debug][gc,phases      ] GC(5)   StringTable Weak               Min:  0.0, Avg:  0.1, Max:  0.2, Diff:  0.2, Sum:  0.4, Workers: 4
[6.101s][debug][gc,phases      ] GC(5)     Dead                           Min: 0, Avg:  0.0, Max: 0, Diff: 0, Sum: 0, Workers: 4
[6.101s][debug][gc,phases      ] GC(5)     Total                          Min: 0, Avg: 6755.8, Max: 13711, Diff: 13711, Sum: 27023, Workers: 4
[6.101s][debug][gc,phases      ] GC(5)   ResolvedMethodTable Weak       Min:  0.0, Avg:  0.0, Max:  0.1, Diff:  0.1, Sum:  0.2, Workers: 4
[6.101s][debug][gc,phases      ] GC(5)     Dead                           Min: 0, Avg:  0.0, Max: 0, Diff: 0, Sum: 0, Workers: 4
[6.101s][debug][gc,phases      ] GC(5)     Total                          Min: 0, Avg: 2805.8, Max: 5335, Diff: 5335, Sum: 11223, Workers: 4
[6.101s][debug][gc,phases      ] GC(5)   JNI Weak                       Min:  0.0, Avg:  0.0, Max:  0.0, Diff:  0.0, Sum:  0.0, Workers: 4
[6.101s][debug][gc,phases      ] GC(5)     Dead                           Min: 0, Avg:  0.0, Max: 0, Diff: 0, Sum: 0, Workers: 4
[6.101s][debug][gc,phases      ] GC(5)     Total                          Min: 0, Avg: 12.8, Max: 51, Diff: 51, Sum: 51, Workers: 4
[6.101s][debug][gc,phases      ] GC(5)   StringDedup Table Weak         Min:  0.0, Avg:  0.0, Max:  0.0, Diff:  0.0, Sum:  0.0, Workers: 4
[6.101s][debug][gc,phases      ] GC(5)     Dead                           Min: 0, Avg:  0.0, Max: 0, Diff: 0, Sum: 0, Workers: 4
[6.101s][debug][gc,phases      ] GC(5)     Total                          Min: 0, Avg:  0.0, Max: 0, Diff: 0, Sum: 0, Workers: 4
[6.101s][debug][gc,phases      ] GC(5)   StringDedup Requests0 Weak     Min:  0.0, Avg:  0.0, Max:  0.0, Diff:  0.0, Sum:  0.0, Workers: 4
[6.101s][debug][gc,phases      ] GC(5)     Dead                           Min: 0, Avg:  0.0, Max: 0, Diff: 0, Sum: 0, Workers: 4
[6.101s][debug][gc,phases      ] GC(5)     Total                          Min: 0, Avg:  0.0, Max: 0, Diff: 0, Sum: 0, Workers: 4
[6.101s][debug][gc,phases      ] GC(5)   StringDedup Requests1 Weak     Min:  0.0, Avg:  0.0, Max:  0.0, Diff:  0.0, Sum:  0.0, Workers: 4
[6.101s][debug][gc,phases      ] GC(5)     Dead                           Min: 0, Avg:  0.0, Max: 0, Diff: 0, Sum: 0, Workers: 4
[6.101s][debug][gc,phases      ] GC(5)     Total                          Min: 0, Avg:  0.0, Max: 0, Diff: 0, Sum: 0, Workers: 4
[6.101s][debug][gc,phases      ] GC(5)   Weak JFR Old Object Samples    Min:  0.0, Avg:  0.0, Max:  0.0, Diff:  0.0, Sum:  0.0, Workers: 4
[6.101s][debug][gc,phases      ] GC(5)     Dead                           Min: 0, Avg:  0.0, Max: 0, Diff: 0, Sum: 0, Workers: 4
[6.101s][debug][gc,phases      ] GC(5)     Total                          Min: 0, Avg:  0.0, Max: 0, Diff: 0, Sum: 0, Workers: 4
[6.101s][debug][gc,phases      ] GC(5) Weak Processing 0.544ms
[6.102s][debug][gc,phases      ] GC(5) ClassLoaderData 0.060ms
[6.102s][debug][gc,phases      ] GC(5) Trigger cleanups 0.000ms
[6.111s][debug][gc,phases      ] GC(5) Purge Unlinked NMethods 0.187ms
[6.111s][debug][gc,phases      ] GC(5) Unregister NMethods 0.030ms
[6.111s][debug][gc,phases      ] GC(5) Free Code Blobs 0.045ms
[6.111s][debug][gc,phases      ] GC(5) Class Unloading 9.112ms
[6.111s][debug][gc,phases      ] GC(5) Report Object Count 0.001ms
[6.111s][info ][gc,phases      ] GC(5) Marking Phase 43.547ms
[6.111s][info ][gc,phases,start] GC(5) Summary Phase
[6.111s][info ][gc,phases      ] GC(5) Summary Phase 0.006ms
[6.111s][info ][gc,phases,start] GC(5) Adjust Roots
[6.120s][info ][gc,phases      ] GC(5) Adjust Roots 9.273ms
[6.120s][info ][gc,phases,start] GC(5) Compaction Phase
[6.380s][info ][gc,phases      ] GC(5) Compaction Phase 260.411ms
[6.380s][info ][gc,phases,start] GC(5) Post Compact
[6.381s][debug][gc,phases      ] GC(5) Purge Class Loader Data 0.308ms
[6.381s][info ][gc,phases      ] GC(5) Post Compact 0.830ms
[6.381s][info ][gc,heap        ] GC(5) PSYoungGen: 77354K(1572864K)->76660K(1572864K) Eden: 0K(1048576K)->0K(1048576K) From: 77354K(524288K)->76660K(524288K)
[6.381s][info ][gc,heap        ] GC(5) ParOldGen: 5639K(6144K)->6107K(6144K)
[6.381s][info ][gc,metaspace   ] GC(5) Metaspace: 59023K(59776K)->59023K(59776K) NonClass: 49592K(49984K)->49592K(49984K) Class: 9431K(9792K)->9431K(9792K)
[6.381s][info ][gc             ] GC(5) Pause Full (Metadata GC Threshold) 81M->80M(1542M) 314.184ms
[6.381s][info ][gc,cpu         ] GC(5) User=0.68s Sys=0.01s Real=0.31s
[6.381s][info ][safepoint      ] Safepoint "CollectForMetadataAllocation", Time since last: 497002285 ns, Reaching safepoint: 4200 ns, Cleanup: 82099 ns, At safepoint: 360762558 ns, Total: 360848857 ns
[6.808s][info ][safepoint      ] Safepoint "ICBufferFull", Time since last: 426855538 ns, Reaching safepoint: 82899 ns, Cleanup: 160999 ns, At safepoint: 7700 ns, Total: 251598 ns
[6.964s][info ][safepoint      ] Safepoint "ICBufferFull", Time since last: 153856188 ns, Reaching safepoint: 1918185 ns, Cleanup: 129599 ns, At safepoint: 9200 ns, Total: 2056984 ns
[7.074s][info ][safepoint      ] Safepoint "ICBufferFull", Time since last: 109660036 ns, Reaching safepoint: 5000 ns, Cleanup: 127099 ns, At safepoint: 1800 ns, Total: 133899 ns
[7.173s][info ][safepoint      ] Safepoint "ICBufferFull", Time since last: 98508524 ns, Reaching safepoint: 4600 ns, Cleanup: 112899 ns, At safepoint: 6000 ns, Total: 123499 ns
[7.320s][info ][safepoint      ] Safepoint "ICBufferFull", Time since last: 147397839 ns, Reaching safepoint: 5000 ns, Cleanup: 143699 ns, At safepoint: 2800 ns, Total: 151499 ns
[7.528s][info ][safepoint      ] Safepoint "ICBufferFull", Time since last: 207208567 ns, Reaching safepoint: 76800 ns, Cleanup: 111899 ns, At safepoint: 5300 ns, Total: 193999 ns
[7.698s][info ][safepoint      ] Safepoint "ICBufferFull", Time since last: 170117060 ns, Reaching safepoint: 78599 ns, Cleanup: 143199 ns, At safepoint: 5100 ns, Total: 226898 ns
[7.981s][info ][safepoint      ] Safepoint "ICBufferFull", Time since last: 282491675 ns, Reaching safepoint: 78999 ns, Cleanup: 128199 ns, At safepoint: 10100 ns, Total: 217298 ns
[8.255s][info ][safepoint      ] Safepoint "ICBufferFull", Time since last: 273813043 ns, Reaching safepoint: 5100 ns, Cleanup: 128399 ns, At safepoint: 5800 ns, Total: 139299 ns
[8.422s][info ][safepoint      ] Safepoint "ICBufferFull", Time since last: 167596480 ns, Reaching safepoint: 5600 ns, Cleanup: 150398 ns, At safepoint: 9000 ns, Total: 164998 ns
[8.973s][info ][safepoint      ] Safepoint "ICBufferFull", Time since last: 550626263 ns, Reaching safepoint: 4300 ns, Cleanup: 138299 ns, At safepoint: 3200 ns, Total: 145799 ns
[9.517s][info ][safepoint      ] Safepoint "ICBufferFull", Time since last: 543753316 ns, Reaching safepoint: 152599 ns, Cleanup: 118899 ns, At safepoint: 6000 ns, Total: 277498 ns
[9.517s][info ][safepoint      ] Safepoint "ICBufferFull", Time since last: 88299 ns, Reaching safepoint: 73300 ns, Cleanup: 700 ns, At safepoint: 8700 ns, Total: 82700 ns
[10.518s][info ][safepoint      ] Safepoint "Cleanup", Time since last: 1000083922 ns, Reaching safepoint: 80599 ns, Cleanup: 35700 ns, At safepoint: 11700 ns, Total: 127999 ns
[11.518s][info ][safepoint      ] Safepoint "Cleanup", Time since last: 1000119321 ns, Reaching safepoint: 86099 ns, Cleanup: 14300 ns, At safepoint: 13800 ns, Total: 114199 ns
[12.389s][info ][safepoint      ] Safepoint "ICBufferFull", Time since last: 870862123 ns, Reaching safepoint: 87699 ns, Cleanup: 132099 ns, At safepoint: 12900 ns, Total: 232698 ns
[12.389s][info ][safepoint      ] Safepoint "ICBufferFull", Time since last: 79199 ns, Reaching safepoint: 80100 ns, Cleanup: 1300 ns, At safepoint: 11800 ns, Total: 93200 ns
[12.512s][info ][safepoint      ] Safepoint "ICBufferFull", Time since last: 122917518 ns, Reaching safepoint: 7000 ns, Cleanup: 139099 ns, At safepoint: 12200 ns, Total: 158299 ns
[12.591s][info ][safepoint      ] Safepoint "ICBufferFull", Time since last: 78883470 ns, Reaching safepoint: 80399 ns, Cleanup: 112399 ns, At safepoint: 6100 ns, Total: 198898 ns
[12.719s][info ][safepoint      ] Safepoint "ICBufferFull", Time since last: 127101985 ns, Reaching safepoint: 224398 ns, Cleanup: 134099 ns, At safepoint: 13500 ns, Total: 371997 ns
[12.903s][info ][safepoint      ] Safepoint "ICBufferFull", Time since last: 183799432 ns, Reaching safepoint: 225198 ns, Cleanup: 131999 ns, At safepoint: 8100 ns, Total: 365297 ns
[13.037s][info ][safepoint      ] Safepoint "ICBufferFull", Time since last: 133895830 ns, Reaching safepoint: 490996 ns, Cleanup: 121399 ns, At safepoint: 17600 ns, Total: 629995 ns
[13.266s][info ][safepoint      ] Safepoint "ICBufferFull", Time since last: 228499275 ns, Reaching safepoint: 5700 ns, Cleanup: 135799 ns, At safepoint: 8100 ns, Total: 149599 ns
[13.820s][info ][safepoint      ] Safepoint "ICBufferFull", Time since last: 553571178 ns, Reaching safepoint: 85100 ns, Cleanup: 132599 ns, At safepoint: 9000 ns, Total: 226699 ns
[14.222s][info ][safepoint      ] Safepoint "ICBufferFull", Time since last: 402264687 ns, Reaching safepoint: 82199 ns, Cleanup: 124999 ns, At safepoint: 13200 ns, Total: 220398 ns
[15.223s][info ][safepoint      ] Safepoint "Cleanup", Time since last: 1000109412 ns, Reaching safepoint: 81699 ns, Cleanup: 113299 ns, At safepoint: 17900 ns, Total: 212898 ns
[15.345s][info ][gc,start       ] GC(6) Pause Young (Allocation Failure)
[15.439s][debug][gc,phases      ] GC(6) Scavenge 94.288ms
[15.439s][debug][gc,ref         ] GC(6) ReferenceProcessor::execute queues: 4, RefProcThreadModel::Multi, marks_oops_alive: false
[15.439s][debug][gc,ref         ] GC(6) ReferenceProcessor::execute queues: 4, RefProcThreadModel::Multi, marks_oops_alive: true
[15.440s][debug][gc,ref         ] GC(6) ReferenceProcessor::execute queues: 4, RefProcThreadModel::Multi, marks_oops_alive: false
[15.440s][debug][gc,phases      ] GC(6) Reference Processing 0.785ms
[15.440s][debug][gc,phases      ] GC(6)   VM Weak                        Min:  0.0, Avg:  0.0, Max:  0.0, Diff:  0.0, Sum:  0.0, Workers: 4
[15.440s][debug][gc,phases      ] GC(6)     Dead                           Min: 0, Avg:  0.0, Max: 0, Diff: 0, Sum: 0, Workers: 4
[15.440s][debug][gc,phases      ] GC(6)     Total                          Min: 64, Avg: 174.0, Max: 256, Diff: 192, Sum: 696, Workers: 4
[15.440s][debug][gc,phases      ] GC(6)   ObjectSynchronizer Weak        Min:  0.0, Avg:  0.0, Max:  0.0, Diff:  0.0, Sum:  0.0, Workers: 4
[15.440s][debug][gc,phases      ] GC(6)     Dead                           Min: 0, Avg:  4.0, Max: 9, Diff: 9, Sum: 16, Workers: 4
[15.440s][debug][gc,phases      ] GC(6)     Total                          Min: 0, Avg: 44.8, Max: 64, Diff: 64, Sum: 179, Workers: 4
[15.440s][debug][gc,phases      ] GC(6)   JVMTI Tag Weak OopStorage      Min:  0.0, Avg:  0.0, Max:  0.0, Diff:  0.0, Sum:  0.0, Workers: 4
[15.440s][debug][gc,phases      ] GC(6)     Dead                           Min: 0, Avg:  0.0, Max: 0, Diff: 0, Sum: 0, Workers: 4
[15.440s][debug][gc,phases      ] GC(6)     Total                          Min: 0, Avg:  0.0, Max: 0, Diff: 0, Sum: 0, Workers: 4
[15.440s][debug][gc,phases      ] GC(6)   StringTable Weak               Min:  0.2, Avg:  0.2, Max:  0.2, Diff:  0.0, Sum:  1.0, Workers: 4
[15.440s][debug][gc,phases      ] GC(6)     Dead                           Min: 2, Avg:  7.2, Max: 14, Diff: 12, Sum: 29, Workers: 4
[15.440s][debug][gc,phases      ] GC(6)     Total                          Min: 9600, Avg: 10116.5, Max: 10432, Diff: 832, Sum: 40466, Workers: 4
[15.440s][debug][gc,phases      ] GC(6)   ResolvedMethodTable Weak       Min:  0.1, Avg:  0.1, Max:  0.1, Diff:  0.0, Sum:  0.6, Workers: 4
[15.440s][debug][gc,phases      ] GC(6)     Dead                           Min: 713, Avg: 740.5, Max: 772, Diff: 59, Sum: 2962, Workers: 4
[15.440s][debug][gc,phases      ] GC(6)     Total                          Min: 3583, Avg: 3695.8, Max: 3840, Diff: 257, Sum: 14783, Workers: 4
[15.440s][debug][gc,phases      ] GC(6)   JNI Weak                       Min:  0.0, Avg:  0.0, Max:  0.0, Diff:  0.0, Sum:  0.0, Workers: 4
[15.440s][debug][gc,phases      ] GC(6)     Dead                           Min: 0, Avg:  0.0, Max: 0, Diff: 0, Sum: 0, Workers: 4
[15.440s][debug][gc,phases      ] GC(6)     Total                          Min: 0, Avg: 15.0, Max: 52, Diff: 52, Sum: 60, Workers: 4
[15.440s][debug][gc,phases      ] GC(6)   StringDedup Table Weak         Min:  0.0, Avg:  0.0, Max:  0.0, Diff:  0.0, Sum:  0.0, Workers: 4
[15.440s][debug][gc,phases      ] GC(6)     Dead                           Min: 0, Avg:  0.0, Max: 0, Diff: 0, Sum: 0, Workers: 4
[15.440s][debug][gc,phases      ] GC(6)     Total                          Min: 0, Avg:  0.0, Max: 0, Diff: 0, Sum: 0, Workers: 4
[15.440s][debug][gc,phases      ] GC(6)   StringDedup Requests0 Weak     Min:  0.0, Avg:  0.0, Max:  0.0, Diff:  0.0, Sum:  0.0, Workers: 4
[15.440s][debug][gc,phases      ] GC(6)     Dead                           Min: 0, Avg:  0.0, Max: 0, Diff: 0, Sum: 0, Workers: 4
[15.440s][debug][gc,phases      ] GC(6)     Total                          Min: 0, Avg:  0.0, Max: 0, Diff: 0, Sum: 0, Workers: 4
[15.440s][debug][gc,phases      ] GC(6)   StringDedup Requests1 Weak     Min:  0.0, Avg:  0.0, Max:  0.0, Diff:  0.0, Sum:  0.0, Workers: 4
[15.440s][debug][gc,phases      ] GC(6)     Dead                           Min: 0, Avg:  0.0, Max: 0, Diff: 0, Sum: 0, Workers: 4
[15.440s][debug][gc,phases      ] GC(6)     Total                          Min: 0, Avg:  0.0, Max: 0, Diff: 0, Sum: 0, Workers: 4
[15.440s][debug][gc,phases      ] GC(6)   Weak JFR Old Object Samples    Min:  0.0, Avg:  0.0, Max:  0.0, Diff:  0.0, Sum:  0.0, Workers: 4
[15.440s][debug][gc,phases      ] GC(6)     Dead                           Min: 0, Avg:  0.0, Max: 0, Diff: 0, Sum: 0, Workers: 4
[15.440s][debug][gc,phases      ] GC(6)     Total                          Min: 0, Avg:  0.0, Max: 0, Diff: 0, Sum: 0, Workers: 4
[15.440s][debug][gc,phases      ] GC(6) Weak Processing 0.613ms
[15.440s][debug][gc,age         ] GC(6) Desired survivor size 536870912 bytes, new threshold 7 (max threshold 15)
[15.440s][info ][gc,heap        ] GC(6) PSYoungGen: 1125236K(1572864K)->160834K(1572864K) Eden: 1048576K(1048576K)->0K(1048576K) From: 76660K(524288K)->160834K(524288K)
[15.440s][info ][gc,heap        ] GC(6) ParOldGen: 6107K(6144K)->6171K(6656K)
[15.440s][info ][gc,metaspace   ] GC(6) Metaspace: 89979K(90944K)->89979K(90944K) NonClass: 75870K(76416K)->75870K(76416K) Class: 14108K(14528K)->14108K(14528K)
[15.440s][info ][gc             ] GC(6) Pause Young (Allocation Failure) 1104M->163M(1542M) 95.819ms
[15.440s][info ][gc,cpu         ] GC(6) User=0.30s Sys=0.04s Real=0.09s
[15.440s][info ][safepoint      ] Safepoint "ParallelGCFailedAllocation", Time since last: 121652928 ns, Reaching safepoint: 80400 ns, Cleanup: 66899 ns, At safepoint: 95911034 ns, Total: 96058333 ns
[15.605s][info ][safepoint      ] Safepoint "ICBufferFull", Time since last: 164706985 ns, Reaching safepoint: 4999 ns, Cleanup: 137699 ns, At safepoint: 1900 ns, Total: 144598 ns
[15.774s][info ][safepoint      ] Safepoint "ICBufferFull", Time since last: 168258156 ns, Reaching safepoint: 6700 ns, Cleanup: 140399 ns, At safepoint: 8300 ns, Total: 155399 ns
[15.908s][info ][safepoint      ] Safepoint "ICBufferFull", Time since last: 134364327 ns, Reaching safepoint: 6300 ns, Cleanup: 144199 ns, At safepoint: 2300 ns, Total: 152799 ns
[16.025s][info ][safepoint      ] Safepoint "ICBufferFull", Time since last: 116789567 ns, Reaching safepoint: 7200 ns, Cleanup: 125099 ns, At safepoint: 9300 ns, Total: 141599 ns
[16.122s][info ][safepoint      ] Safepoint "ICBufferFull", Time since last: 96310731 ns, Reaching safepoint: 82899 ns, Cleanup: 153499 ns, At safepoint: 13400 ns, Total: 249798 ns
[16.334s][info ][safepoint      ] Safepoint "ICBufferFull", Time since last: 212095705 ns, Reaching safepoint: 77600 ns, Cleanup: 139599 ns, At safepoint: 13600 ns, Total: 230799 ns
[16.579s][info ][safepoint      ] Safepoint "ICBufferFull", Time since last: 244792844 ns, Reaching safepoint: 83300 ns, Cleanup: 153499 ns, At safepoint: 9299 ns, Total: 246098 ns
[16.929s][info ][safepoint      ] Safepoint "ICBufferFull", Time since last: 350220603 ns, Reaching safepoint: 7200 ns, Cleanup: 141599 ns, At safepoint: 3500 ns, Total: 152299 ns
[17.198s][info ][safepoint      ] Safepoint "ICBufferFull", Time since last: 268569755 ns, Reaching safepoint: 79799 ns, Cleanup: 130499 ns, At safepoint: 7300 ns, Total: 217598 ns
[17.284s][info ][safepoint      ] Safepoint "ICBufferFull", Time since last: 85946914 ns, Reaching safepoint: 80199 ns, Cleanup: 119599 ns, At safepoint: 10300 ns, Total: 210098 ns
[17.412s][info ][safepoint      ] Safepoint "ICBufferFull", Time since last: 127692280 ns, Reaching safepoint: 6600 ns, Cleanup: 151799 ns, At safepoint: 9400 ns, Total: 167799 ns
[17.420s][info ][safepoint      ] Safepoint "ICBufferFull", Time since last: 7834237 ns, Reaching safepoint: 82999 ns, Cleanup: 6100 ns, At safepoint: 9600 ns, Total: 98699 ns
[17.534s][info ][safepoint      ] Safepoint "ICBufferFull", Time since last: 113613593 ns, Reaching safepoint: 81699 ns, Cleanup: 157999 ns, At safepoint: 5600 ns, Total: 245298 ns
[17.702s][info ][safepoint      ] Safepoint "ICBufferFull", Time since last: 167529862 ns, Reaching safepoint: 80899 ns, Cleanup: 163399 ns, At safepoint: 5500 ns, Total: 249798 ns
[17.888s][info ][safepoint      ] Safepoint "ICBufferFull", Time since last: 186129813 ns, Reaching safepoint: 6200 ns, Cleanup: 165099 ns, At safepoint: 8300 ns, Total: 179599 ns
[18.066s][info ][safepoint      ] Safepoint "ICBufferFull", Time since last: 177201584 ns, Reaching safepoint: 80600 ns, Cleanup: 158198 ns, At safepoint: 12100 ns, Total: 250898 ns
[18.165s][info ][safepoint      ] Safepoint "CollectForMetadataAllocation", Time since last: 99249308 ns, Reaching safepoint: 83499 ns, Cleanup: 78399 ns, At safepoint: 31900 ns, Total: 193798 ns
[18.165s][info ][gc,start       ] GC(7) Pause Young (GCLocker Initiated GC)
[18.248s][debug][gc,phases      ] GC(7) Scavenge 82.872ms
[18.248s][debug][gc,ref         ] GC(7) ReferenceProcessor::execute queues: 4, RefProcThreadModel::Multi, marks_oops_alive: false
[18.249s][debug][gc,ref         ] GC(7) ReferenceProcessor::execute queues: 4, RefProcThreadModel::Multi, marks_oops_alive: true
[18.249s][debug][gc,ref         ] GC(7) ReferenceProcessor::execute queues: 2, RefProcThreadModel::Multi, marks_oops_alive: false
[18.249s][debug][gc,phases      ] GC(7) Reference Processing 0.910ms
[18.250s][debug][gc,phases      ] GC(7)   VM Weak                        Min:  0.0, Avg:  0.0, Max:  0.0, Diff:  0.0, Sum:  0.0, Workers: 4
[18.250s][debug][gc,phases      ] GC(7)     Dead                           Min: 0, Avg:  0.0, Max: 0, Diff: 0, Sum: 0, Workers: 4
[18.250s][debug][gc,phases      ] GC(7)     Total                          Min: 0, Avg: 235.0, Max: 492, Diff: 492, Sum: 940, Workers: 4
[18.250s][debug][gc,phases      ] GC(7)   ObjectSynchronizer Weak        Min:  0.0, Avg:  0.0, Max:  0.0, Diff:  0.0, Sum:  0.0, Workers: 4
[18.250s][debug][gc,phases      ] GC(7)     Dead                           Min: 0, Avg:  2.0, Max: 8, Diff: 8, Sum: 8, Workers: 4
[18.250s][debug][gc,phases      ] GC(7)     Total                          Min: 0, Avg: 47.0, Max: 64, Diff: 64, Sum: 188, Workers: 4
[18.250s][debug][gc,phases      ] GC(7)   JVMTI Tag Weak OopStorage      Min:  0.0, Avg:  0.0, Max:  0.0, Diff:  0.0, Sum:  0.0, Workers: 4
[18.250s][debug][gc,phases      ] GC(7)     Dead                           Min: 0, Avg:  0.0, Max: 0, Diff: 0, Sum: 0, Workers: 4
[18.250s][debug][gc,phases      ] GC(7)     Total                          Min: 0, Avg:  0.0, Max: 0, Diff: 0, Sum: 0, Workers: 4
[18.250s][debug][gc,phases      ] GC(7)   StringTable Weak               Min:  0.0, Avg:  0.3, Max:  0.4, Diff:  0.4, Sum:  1.3, Workers: 4
[18.250s][debug][gc,phases      ] GC(7)     Dead                           Min: 0, Avg:  4.0, Max: 8, Diff: 8, Sum: 16, Workers: 4
[18.250s][debug][gc,phases      ] GC(7)     Total                          Min: 0, Avg: 10844.8, Max: 14707, Diff: 14707, Sum: 43379, Workers: 4
[18.250s][debug][gc,phases      ] GC(7)   ResolvedMethodTable Weak       Min:  0.0, Avg:  0.1, Max:  0.2, Diff:  0.2, Sum:  0.5, Workers: 4
[18.250s][debug][gc,phases      ] GC(7)     Dead                           Min: 0, Avg: 257.5, Max: 370, Diff: 370, Sum: 1030, Workers: 4
[18.250s][debug][gc,phases      ] GC(7)     Total                          Min: 0, Avg: 3692.2, Max: 5120, Diff: 5120, Sum: 14769, Workers: 4
[18.250s][debug][gc,phases      ] GC(7)   JNI Weak                       Min:  0.0, Avg:  0.0, Max:  0.0, Diff:  0.0, Sum:  0.0, Workers: 4
[18.250s][debug][gc,phases      ] GC(7)     Dead                           Min: 0, Avg:  0.0, Max: 0, Diff: 0, Sum: 0, Workers: 4
[18.250s][debug][gc,phases      ] GC(7)     Total                          Min: 0, Avg: 31.2, Max: 66, Diff: 66, Sum: 125, Workers: 4
[18.250s][debug][gc,phases      ] GC(7)   StringDedup Table Weak         Min:  0.0, Avg:  0.0, Max:  0.0, Diff:  0.0, Sum:  0.0, Workers: 4
[18.250s][debug][gc,phases      ] GC(7)     Dead                           Min: 0, Avg:  0.0, Max: 0, Diff: 0, Sum: 0, Workers: 4
[18.250s][debug][gc,phases      ] GC(7)     Total                          Min: 0, Avg:  0.0, Max: 0, Diff: 0, Sum: 0, Workers: 4
[18.250s][debug][gc,phases      ] GC(7)   StringDedup Requests0 Weak     Min:  0.0, Avg:  0.0, Max:  0.0, Diff:  0.0, Sum:  0.0, Workers: 4
[18.250s][debug][gc,phases      ] GC(7)     Dead                           Min: 0, Avg:  0.0, Max: 0, Diff: 0, Sum: 0, Workers: 4
[18.250s][debug][gc,phases      ] GC(7)     Total                          Min: 0, Avg:  0.0, Max: 0, Diff: 0, Sum: 0, Workers: 4
[18.250s][debug][gc,phases      ] GC(7)   StringDedup Requests1 Weak     Min:  0.0, Avg:  0.0, Max:  0.0, Diff:  0.0, Sum:  0.0, Workers: 4
[18.250s][debug][gc,phases      ] GC(7)     Dead                           Min: 0, Avg:  0.0, Max: 0, Diff: 0, Sum: 0, Workers: 4
[18.250s][debug][gc,phases      ] GC(7)     Total                          Min: 0, Avg:  0.0, Max: 0, Diff: 0, Sum: 0, Workers: 4
[18.250s][debug][gc,phases      ] GC(7)   Weak JFR Old Object Samples    Min:  0.0, Avg:  0.0, Max:  0.0, Diff:  0.0, Sum:  0.0, Workers: 4
[18.250s][debug][gc,phases      ] GC(7)     Dead                           Min: 0, Avg:  0.0, Max: 0, Diff: 0, Sum: 0, Workers: 4
[18.250s][debug][gc,phases      ] GC(7)     Total                          Min: 0, Avg:  0.0, Max: 0, Diff: 0, Sum: 0, Workers: 4
[18.250s][debug][gc,phases      ] GC(7) Weak Processing 0.797ms
[18.250s][debug][gc,age         ] GC(7) Desired survivor size 223346688 bytes, new threshold 6 (max threshold 15)
[18.250s][info ][gc,heap        ] GC(7) PSYoungGen: 699659K(1572864K)->186571K(1572864K) Eden: 538824K(1048576K)->0K(1048576K) From: 160834K(524288K)->186571K(524288K)
[18.250s][info ][gc,heap        ] GC(7) ParOldGen: 6171K(6656K)->6208K(6656K)
[18.250s][info ][gc,metaspace   ] GC(7) Metaspace: 98366K(99712K)->98366K(99712K) NonClass: 83007K(83776K)->83007K(83776K) Class: 15358K(15936K)->15358K(15936K)
[18.250s][info ][gc             ] GC(7) Pause Young (GCLocker Initiated GC) 689M->188M(1542M) 84.689ms
[18.250s][info ][gc,cpu         ] GC(7) User=0.24s Sys=0.07s Real=0.08s
[18.250s][info ][safepoint      ] Safepoint "ParallelGCSystemGC", Time since last: 75999 ns, Reaching safepoint: 75700 ns, Cleanup: 1100 ns, At safepoint: 84763323 ns, Total: 84840123 ns
[18.425s][info ][safepoint      ] Safepoint "ICBufferFull", Time since last: 175371199 ns, Reaching safepoint: 5400 ns, Cleanup: 150099 ns, At safepoint: 6600 ns, Total: 162099 ns
[18.673s][info ][safepoint      ] Safepoint "ICBufferFull", Time since last: 247144226 ns, Reaching safepoint: 6100 ns, Cleanup: 141698 ns, At safepoint: 10400 ns, Total: 158198 ns
[18.695s][info ][safepoint      ] Safepoint "CollectForMetadataAllocation", Time since last: 22132924 ns, Reaching safepoint: 5800 ns, Cleanup: 22599 ns, At safepoint: 21300 ns, Total: 49699 ns
[18.695s][info ][gc,start       ] GC(8) Pause Young (GCLocker Initiated GC)
[18.792s][debug][gc,phases      ] GC(8) Scavenge 97.312ms
[18.793s][debug][gc,ref         ] GC(8) ReferenceProcessor::execute queues: 4, RefProcThreadModel::Multi, marks_oops_alive: false
[18.793s][debug][gc,ref         ] GC(8) ReferenceProcessor::execute queues: 4, RefProcThreadModel::Multi, marks_oops_alive: true
[18.793s][debug][gc,ref         ] GC(8) ReferenceProcessor::execute queues: 1, RefProcThreadModel::Single, marks_oops_alive: false
[18.793s][debug][gc,phases      ] GC(8) Reference Processing 0.830ms
[18.794s][debug][gc,phases      ] GC(8)   VM Weak                        Min:  0.0, Avg:  0.0, Max:  0.0, Diff:  0.0, Sum:  0.0, Workers: 4
[18.794s][debug][gc,phases      ] GC(8)     Dead                           Min: 0, Avg:  0.0, Max: 0, Diff: 0, Sum: 0, Workers: 4
[18.794s][debug][gc,phases      ] GC(8)     Total                          Min: 0, Avg: 235.2, Max: 448, Diff: 448, Sum: 941, Workers: 4
[18.794s][debug][gc,phases      ] GC(8)   ObjectSynchronizer Weak        Min:  0.0, Avg:  0.0, Max:  0.0, Diff:  0.0, Sum:  0.0, Workers: 4
[18.794s][debug][gc,phases      ] GC(8)     Dead                           Min: 0, Avg:  0.0, Max: 0, Diff: 0, Sum: 0, Workers: 4
[18.794s][debug][gc,phases      ] GC(8)     Total                          Min: 0, Avg: 47.2, Max: 64, Diff: 64, Sum: 189, Workers: 4
[18.794s][debug][gc,phases      ] GC(8)   JVMTI Tag Weak OopStorage      Min:  0.0, Avg:  0.0, Max:  0.0, Diff:  0.0, Sum:  0.0, Workers: 4
[18.794s][debug][gc,phases      ] GC(8)     Dead                           Min: 0, Avg:  0.0, Max: 0, Diff: 0, Sum: 0, Workers: 4
[18.794s][debug][gc,phases      ] GC(8)     Total                          Min: 0, Avg:  0.0, Max: 0, Diff: 0, Sum: 0, Workers: 4
[18.794s][debug][gc,phases      ] GC(8)   StringTable Weak               Min:  0.3, Avg:  0.3, Max:  0.3, Diff:  0.0, Sum:  1.3, Workers: 4
[18.794s][debug][gc,phases      ] GC(8)     Dead                           Min: 0, Avg:  0.2, Max: 1, Diff: 1, Sum: 1, Workers: 4
[18.794s][debug][gc,phases      ] GC(8)     Total                          Min: 10496, Avg: 10858.5, Max: 11200, Diff: 704, Sum: 43434, Workers: 4
[18.794s][debug][gc,phases      ] GC(8)   ResolvedMethodTable Weak       Min:  0.1, Avg:  0.1, Max:  0.1, Diff:  0.0, Sum:  0.4, Workers: 4
[18.794s][debug][gc,phases      ] GC(8)     Dead                           Min: 1, Avg:  9.5, Max: 31, Diff: 30, Sum: 38, Workers: 4
[18.794s][debug][gc,phases      ] GC(8)     Total                          Min: 3570, Avg: 3707.2, Max: 3840, Diff: 270, Sum: 14829, Workers: 4
[18.794s][debug][gc,phases      ] GC(8)   JNI Weak                       Min:  0.0, Avg:  0.0, Max:  0.0, Diff:  0.0, Sum:  0.0, Workers: 4
[18.794s][debug][gc,phases      ] GC(8)     Dead                           Min: 0, Avg:  0.0, Max: 0, Diff: 0, Sum: 0, Workers: 4
[18.794s][debug][gc,phases      ] GC(8)     Total                          Min: 0, Avg: 24.2, Max: 75, Diff: 75, Sum: 97, Workers: 4
[18.794s][debug][gc,phases      ] GC(8)   StringDedup Table Weak         Min:  0.0, Avg:  0.0, Max:  0.0, Diff:  0.0, Sum:  0.0, Workers: 4
[18.794s][debug][gc,phases      ] GC(8)     Dead                           Min: 0, Avg:  0.0, Max: 0, Diff: 0, Sum: 0, Workers: 4
[18.794s][debug][gc,phases      ] GC(8)     Total                          Min: 0, Avg:  0.0, Max: 0, Diff: 0, Sum: 0, Workers: 4
[18.794s][debug][gc,phases      ] GC(8)   StringDedup Requests0 Weak     Min:  0.0, Avg:  0.0, Max:  0.0, Diff:  0.0, Sum:  0.0, Workers: 4
[18.794s][debug][gc,phases      ] GC(8)     Dead                           Min: 0, Avg:  0.0, Max: 0, Diff: 0, Sum: 0, Workers: 4
[18.794s][debug][gc,phases      ] GC(8)     Total                          Min: 0, Avg:  0.0, Max: 0, Diff: 0, Sum: 0, Workers: 4
[18.794s][debug][gc,phases      ] GC(8)   StringDedup Requests1 Weak     Min:  0.0, Avg:  0.0, Max:  0.0, Diff:  0.0, Sum:  0.0, Workers: 4
[18.794s][debug][gc,phases      ] GC(8)     Dead                           Min: 0, Avg:  0.0, Max: 0, Diff: 0, Sum: 0, Workers: 4
[18.794s][debug][gc,phases      ] GC(8)     Total                          Min: 0, Avg:  0.0, Max: 0, Diff: 0, Sum: 0, Workers: 4
[18.794s][debug][gc,phases      ] GC(8)   Weak JFR Old Object Samples    Min:  0.0, Avg:  0.0, Max:  0.0, Diff:  0.0, Sum:  0.0, Workers: 4
[18.794s][debug][gc,phases      ] GC(8)     Dead                           Min: 0, Avg:  0.0, Max: 0, Diff: 0, Sum: 0, Workers: 4
[18.794s][debug][gc,phases      ] GC(8)     Total                          Min: 0, Avg:  0.0, Max: 0, Diff: 0, Sum: 0, Workers: 4
[18.794s][debug][gc,phases      ] GC(8) Weak Processing 0.642ms
[18.794s][debug][gc,age         ] GC(8) Desired survivor size 257425408 bytes, new threshold 5 (max threshold 15)
[18.794s][info ][gc,heap        ] GC(8) PSYoungGen: 351945K(1572864K)->195198K(1812480K) Eden: 165373K(1048576K)->0K(1594368K) From: 186571K(524288K)->195198K(218112K)
[18.794s][info ][gc,heap        ] GC(8) ParOldGen: 6208K(6656K)->6216K(6656K)
[18.794s][info ][gc,metaspace   ] GC(8) Metaspace: 98710K(100032K)->98710K(100032K) NonClass: 83330K(84096K)->83330K(84096K) Class: 15379K(15936K)->15379K(15936K)
[18.794s][info ][gc             ] GC(8) Pause Young (GCLocker Initiated GC) 349M->196M(1776M) 98.896ms
[18.794s][info ][gc,cpu         ] GC(8) User=0.26s Sys=0.09s Real=0.10s
[18.794s][info ][safepoint      ] Safepoint "ParallelGCSystemGC", Time since last: 75400 ns, Reaching safepoint: 75699 ns, Cleanup: 1300 ns, At safepoint: 98971410 ns, Total: 99048409 ns
[19.030s][info ][safepoint      ] Safepoint "ICBufferFull", Time since last: 235282020 ns, Reaching safepoint: 84800 ns, Cleanup: 142198 ns, At safepoint: 14900 ns, Total: 241898 ns
[19.374s][info ][safepoint      ] Safepoint "ICBufferFull", Time since last: 344331450 ns, Reaching safepoint: 82399 ns, Cleanup: 122599 ns, At safepoint: 18200 ns, Total: 223198 ns
[19.584s][info ][safepoint      ] Safepoint "CollectForMetadataAllocation", Time since last: 209533227 ns, Reaching safepoint: 173198 ns, Cleanup: 94000 ns, At safepoint: 39299 ns, Total: 306497 ns
[19.585s][info ][gc,start       ] GC(9) Pause Young (GCLocker Initiated GC)
[19.678s][debug][gc,phases      ] GC(9) Scavenge 92.334ms
[19.678s][debug][gc,ref         ] GC(9) ReferenceProcessor::execute queues: 4, RefProcThreadModel::Multi, marks_oops_alive: false
[19.678s][debug][gc,ref         ] GC(9) ReferenceProcessor::execute queues: 4, RefProcThreadModel::Multi, marks_oops_alive: true
[19.678s][debug][gc,ref         ] GC(9) ReferenceProcessor::execute queues: 1, RefProcThreadModel::Single, marks_oops_alive: false
[19.678s][debug][gc,phases      ] GC(9) Reference Processing 0.687ms
[19.679s][debug][gc,phases      ] GC(9)   VM Weak                        Min:  0.0, Avg:  0.0, Max:  0.0, Diff:  0.0, Sum:  0.0, Workers: 4
[19.679s][debug][gc,phases      ] GC(9)     Dead                           Min: 0, Avg:  0.0, Max: 0, Diff: 0, Sum: 0, Workers: 4
[19.679s][debug][gc,phases      ] GC(9)     Total                          Min: 0, Avg: 238.0, Max: 512, Diff: 512, Sum: 952, Workers: 4
[19.679s][debug][gc,phases      ] GC(9)   ObjectSynchronizer Weak        Min:  0.0, Avg:  0.0, Max:  0.0, Diff:  0.0, Sum:  0.0, Workers: 4
[19.679s][debug][gc,phases      ] GC(9)     Dead                           Min: 0, Avg:  0.0, Max: 0, Diff: 0, Sum: 0, Workers: 4
[19.679s][debug][gc,phases      ] GC(9)     Total                          Min: 0, Avg: 47.2, Max: 64, Diff: 64, Sum: 189, Workers: 4
[19.679s][debug][gc,phases      ] GC(9)   JVMTI Tag Weak OopStorage      Min:  0.0, Avg:  0.0, Max:  0.0, Diff:  0.0, Sum:  0.0, Workers: 4
[19.679s][debug][gc,phases      ] GC(9)     Dead                           Min: 0, Avg:  0.0, Max: 0, Diff: 0, Sum: 0, Workers: 4
[19.679s][debug][gc,phases      ] GC(9)     Total                          Min: 0, Avg:  0.0, Max: 0, Diff: 0, Sum: 0, Workers: 4
[19.679s][debug][gc,phases      ] GC(9)   StringTable Weak               Min:  0.3, Avg:  0.3, Max:  0.3, Diff:  0.0, Sum:  1.2, Workers: 4
[19.679s][debug][gc,phases      ] GC(9)     Dead                           Min: 0, Avg:  0.2, Max: 1, Diff: 1, Sum: 1, Workers: 4
[19.679s][debug][gc,phases      ] GC(9)     Total                          Min: 10496, Avg: 10867.5, Max: 11214, Diff: 718, Sum: 43470, Workers: 4
[19.679s][debug][gc,phases      ] GC(9)   ResolvedMethodTable Weak       Min:  0.1, Avg:  0.1, Max:  0.1, Diff:  0.0, Sum:  0.4, Workers: 4
[19.679s][debug][gc,phases      ] GC(9)     Dead                           Min: 0, Avg:  0.0, Max: 0, Diff: 0, Sum: 0, Workers: 4
[19.679s][debug][gc,phases      ] GC(9)     Total                          Min: 3648, Avg: 3714.8, Max: 3840, Diff: 192, Sum: 14859, Workers: 4
[19.679s][debug][gc,phases      ] GC(9)   JNI Weak                       Min:  0.0, Avg:  0.0, Max:  0.0, Diff:  0.0, Sum:  0.0, Workers: 4
[19.679s][debug][gc,phases      ] GC(9)     Dead                           Min: 0, Avg:  0.0, Max: 0, Diff: 0, Sum: 0, Workers: 4
[19.679s][debug][gc,phases      ] GC(9)     Total                          Min: 0, Avg: 21.0, Max: 49, Diff: 49, Sum: 84, Workers: 4
[19.679s][debug][gc,phases      ] GC(9)   StringDedup Table Weak         Min:  0.0, Avg:  0.0, Max:  0.0, Diff:  0.0, Sum:  0.0, Workers: 4
[19.679s][debug][gc,phases      ] GC(9)     Dead                           Min: 0, Avg:  0.0, Max: 0, Diff: 0, Sum: 0, Workers: 4
[19.679s][debug][gc,phases      ] GC(9)     Total                          Min: 0, Avg:  0.0, Max: 0, Diff: 0, Sum: 0, Workers: 4
[19.679s][debug][gc,phases      ] GC(9)   StringDedup Requests0 Weak     Min:  0.0, Avg:  0.0, Max:  0.0, Diff:  0.0, Sum:  0.0, Workers: 4
[19.679s][debug][gc,phases      ] GC(9)     Dead                           Min: 0, Avg:  0.0, Max: 0, Diff: 0, Sum: 0, Workers: 4
[19.679s][debug][gc,phases      ] GC(9)     Total                          Min: 0, Avg:  0.0, Max: 0, Diff: 0, Sum: 0, Workers: 4
[19.679s][debug][gc,phases      ] GC(9)   StringDedup Requests1 Weak     Min:  0.0, Avg:  0.0, Max:  0.0, Diff:  0.0, Sum:  0.0, Workers: 4
[19.679s][debug][gc,phases      ] GC(9)     Dead                           Min: 0, Avg:  0.0, Max: 0, Diff: 0, Sum: 0, Workers: 4
[19.679s][debug][gc,phases      ] GC(9)     Total                          Min: 0, Avg:  0.0, Max: 0, Diff: 0, Sum: 0, Workers: 4
[19.679s][debug][gc,phases      ] GC(9)   Weak JFR Old Object Samples    Min:  0.0, Avg:  0.0, Max:  0.0, Diff:  0.0, Sum:  0.0, Workers: 4
[19.679s][debug][gc,phases      ] GC(9)     Dead                           Min: 0, Avg:  0.0, Max: 0, Diff: 0, Sum: 0, Workers: 4
[19.679s][debug][gc,phases      ] GC(9)     Total                          Min: 0, Avg:  0.0, Max: 0, Diff: 0, Sum: 0, Workers: 4
[19.679s][debug][gc,phases      ] GC(9) Weak Processing 0.619ms
[19.679s][debug][gc,age         ] GC(9) Desired survivor size 254803968 bytes, new threshold 4 (max threshold 15)
[19.679s][info ][gc,heap        ] GC(9) PSYoungGen: 498510K(1812480K)->149951K(1845760K) Eden: 303311K(1594368K)->0K(1594368K) From: 195198K(218112K)->149951K(251392K)
[19.679s][info ][gc,heap        ] GC(9) ParOldGen: 6216K(6656K)->60305K(60416K)
[19.679s][info ][gc,metaspace   ] GC(9) Metaspace: 99079K(100352K)->99079K(100352K) NonClass: 83685K(84416K)->83685K(84416K) Class: 15394K(15936K)->15394K(15936K)
[19.679s][info ][gc             ] GC(9) Pause Young (GCLocker Initiated GC) 492M->205M(1861M) 93.754ms
[19.679s][info ][gc,cpu         ] GC(9) User=0.27s Sys=0.05s Real=0.09s
[19.679s][info ][safepoint      ] Safepoint "ParallelGCSystemGC", Time since last: 1106591 ns, Reaching safepoint: 80600 ns, Cleanup: 2100 ns, At safepoint: 93836050 ns, Total: 93918750 ns
[20.240s][info ][safepoint      ] Safepoint "ICBufferFull", Time since last: 560695422 ns, Reaching safepoint: 81899 ns, Cleanup: 148899 ns, At safepoint: 16200 ns, Total: 246998 ns
[20.622s][info ][safepoint      ] Safepoint "CollectForMetadataAllocation", Time since last: 382233979 ns, Reaching safepoint: 7100 ns, Cleanup: 105400 ns, At safepoint: 34499 ns, Total: 146999 ns
[20.623s][info ][gc,start       ] GC(10) Pause Young (GCLocker Initiated GC)
[20.712s][debug][gc,phases      ] GC(10) Scavenge 89.846ms
[20.713s][debug][gc,ref         ] GC(10) ReferenceProcessor::execute queues: 3, RefProcThreadModel::Multi, marks_oops_alive: false
[20.713s][debug][gc,ref         ] GC(10) Skipped KeepAliveFinalRefsPhase of Reference Processing: no references
[20.713s][debug][gc,ref         ] GC(10) ReferenceProcessor::execute queues: 1, RefProcThreadModel::Single, marks_oops_alive: false
[20.713s][debug][gc,phases      ] GC(10) Reference Processing 0.286ms
[20.713s][debug][gc,phases      ] GC(10)   VM Weak                        Min:  0.0, Avg:  0.0, Max:  0.0, Diff:  0.0, Sum:  0.0, Workers: 4
[20.713s][debug][gc,phases      ] GC(10)     Dead                           Min: 0, Avg:  0.0, Max: 0, Diff: 0, Sum: 0, Workers: 4
[20.713s][debug][gc,phases      ] GC(10)     Total                          Min: 0, Avg: 238.0, Max: 448, Diff: 448, Sum: 952, Workers: 4
[20.713s][debug][gc,phases      ] GC(10)   ObjectSynchronizer Weak        Min:  0.0, Avg:  0.0, Max:  0.0, Diff:  0.0, Sum:  0.0, Workers: 4
[20.713s][debug][gc,phases      ] GC(10)     Dead                           Min: 0, Avg:  0.0, Max: 0, Diff: 0, Sum: 0, Workers: 4
[20.713s][debug][gc,phases      ] GC(10)     Total                          Min: 0, Avg: 47.2, Max: 64, Diff: 64, Sum: 189, Workers: 4
[20.713s][debug][gc,phases      ] GC(10)   JVMTI Tag Weak OopStorage      Min:  0.0, Avg:  0.0, Max:  0.0, Diff:  0.0, Sum:  0.0, Workers: 4
[20.713s][debug][gc,phases      ] GC(10)     Dead                           Min: 0, Avg:  0.0, Max: 0, Diff: 0, Sum: 0, Workers: 4
[20.713s][debug][gc,phases      ] GC(10)     Total                          Min: 0, Avg:  0.0, Max: 0, Diff: 0, Sum: 0, Workers: 4
[20.713s][debug][gc,phases      ] GC(10)   StringTable Weak               Min:  0.0, Avg:  0.3, Max:  0.3, Diff:  0.3, Sum:  1.0, Workers: 4
[20.713s][debug][gc,phases      ] GC(10)     Dead                           Min: 0, Avg:  0.0, Max: 0, Diff: 0, Sum: 0, Workers: 4
[20.713s][debug][gc,phases      ] GC(10)     Total                          Min: 0, Avg: 10878.5, Max: 14656, Diff: 14656, Sum: 43514, Workers: 4
[20.713s][debug][gc,phases      ] GC(10)   ResolvedMethodTable Weak       Min:  0.0, Avg:  0.1, Max:  0.1, Diff:  0.1, Sum:  0.4, Workers: 4
[20.713s][debug][gc,phases      ] GC(10)     Dead                           Min: 0, Avg:  0.2, Max: 1, Diff: 1, Sum: 1, Workers: 4
[20.713s][debug][gc,phases      ] GC(10)     Total                          Min: 0, Avg: 3715.8, Max: 5071, Diff: 5071, Sum: 14863, Workers: 4
[20.713s][debug][gc,phases      ] GC(10)   JNI Weak                       Min:  0.0, Avg:  0.0, Max:  0.0, Diff:  0.0, Sum:  0.0, Workers: 4
[20.713s][debug][gc,phases      ] GC(10)     Dead                           Min: 0, Avg:  0.0, Max: 0, Diff: 0, Sum: 0, Workers: 4
[20.713s][debug][gc,phases      ] GC(10)     Total                          Min: 0, Avg: 17.5, Max: 70, Diff: 70, Sum: 70, Workers: 4
[20.713s][debug][gc,phases      ] GC(10)   StringDedup Table Weak         Min:  0.0, Avg:  0.0, Max:  0.0, Diff:  0.0, Sum:  0.0, Workers: 4
[20.713s][debug][gc,phases      ] GC(10)     Dead                           Min: 0, Avg:  0.0, Max: 0, Diff: 0, Sum: 0, Workers: 4
[20.713s][debug][gc,phases      ] GC(10)     Total                          Min: 0, Avg:  0.0, Max: 0, Diff: 0, Sum: 0, Workers: 4
[20.713s][debug][gc,phases      ] GC(10)   StringDedup Requests0 Weak     Min:  0.0, Avg:  0.0, Max:  0.0, Diff:  0.0, Sum:  0.0, Workers: 4
[20.713s][debug][gc,phases      ] GC(10)     Dead                           Min: 0, Avg:  0.0, Max: 0, Diff: 0, Sum: 0, Workers: 4
[20.713s][debug][gc,phases      ] GC(10)     Total                          Min: 0, Avg:  0.0, Max: 0, Diff: 0, Sum: 0, Workers: 4
[20.713s][debug][gc,phases      ] GC(10)   StringDedup Requests1 Weak     Min:  0.0, Avg:  0.0, Max:  0.0, Diff:  0.0, Sum:  0.0, Workers: 4
[20.713s][debug][gc,phases      ] GC(10)     Dead                           Min: 0, Avg:  0.0, Max: 0, Diff: 0, Sum: 0, Workers: 4
[20.713s][debug][gc,phases      ] GC(10)     Total                          Min: 0, Avg:  0.0, Max: 0, Diff: 0, Sum: 0, Workers: 4
[20.713s][debug][gc,phases      ] GC(10)   Weak JFR Old Object Samples    Min:  0.0, Avg:  0.0, Max:  0.0, Diff:  0.0, Sum:  0.0, Workers: 4
[20.713s][debug][gc,phases      ] GC(10)     Dead                           Min: 0, Avg:  0.0, Max: 0, Diff: 0, Sum: 0, Workers: 4
[20.713s][debug][gc,phases      ] GC(10)     Total                          Min: 0, Avg:  0.0, Max: 0, Diff: 0, Sum: 0, Workers: 4
[20.713s][debug][gc,phases      ] GC(10) Weak Processing 0.697ms
[20.713s][debug][gc,age         ] GC(10) Desired survivor size 249036800 bytes, new threshold 3 (max threshold 15)
[20.713s][info ][gc,heap        ] GC(10) PSYoungGen: 689258K(1845760K)->75609K(1853952K) Eden: 539306K(1594368K)->0K(1605120K) From: 149951K(251392K)->75609K(248832K)
[20.713s][info ][gc,heap        ] GC(10) ParOldGen: 60305K(60416K)->158263K(158720K)
[20.713s][info ][gc,metaspace   ] GC(10) Metaspace: 99407K(100672K)->99407K(100672K) NonClass: 84011K(84736K)->84011K(84736K) Class: 15395K(15936K)->15395K(15936K)
[20.713s][info ][gc             ] GC(10) Pause Young (GCLocker Initiated GC) 731M->228M(1965M) 90.951ms
[20.713s][info ][gc,cpu         ] GC(10) User=0.27s Sys=0.05s Real=0.10s
[20.714s][info ][safepoint      ] Safepoint "ParallelGCSystemGC", Time since last: 71400 ns, Reaching safepoint: 78999 ns, Cleanup: 1300 ns, At safepoint: 91034129 ns, Total: 91114428 ns
[21.050s][info ][gc,start       ] GC(11) Pause Young (CodeCache GC Threshold)
[21.083s][debug][gc,phases      ] GC(11) Scavenge 32.393ms
[21.083s][debug][gc,ref         ] GC(11) ReferenceProcessor::execute queues: 1, RefProcThreadModel::Single, marks_oops_alive: false
[21.083s][debug][gc,ref         ] GC(11) Skipped KeepAliveFinalRefsPhase of Reference Processing: no references
[21.083s][debug][gc,ref         ] GC(11) ReferenceProcessor::execute queues: 1, RefProcThreadModel::Single, marks_oops_alive: false
[21.083s][debug][gc,phases      ] GC(11) Reference Processing 0.107ms
[21.083s][debug][gc,phases      ] GC(11)   VM Weak                        Min:  0.0, Avg:  0.0, Max:  0.0, Diff:  0.0, Sum:  0.0, Workers: 4
[21.083s][debug][gc,phases      ] GC(11)     Dead                           Min: 0, Avg:  0.0, Max: 0, Diff: 0, Sum: 0, Workers: 4
[21.083s][debug][gc,phases      ] GC(11)     Total                          Min: 0, Avg: 238.0, Max: 440, Diff: 440, Sum: 952, Workers: 4
[21.083s][debug][gc,phases      ] GC(11)   ObjectSynchronizer Weak        Min:  0.0, Avg:  0.0, Max:  0.0, Diff:  0.0, Sum:  0.0, Workers: 4
[21.083s][debug][gc,phases      ] GC(11)     Dead                           Min: 0, Avg:  0.0, Max: 0, Diff: 0, Sum: 0, Workers: 4
[21.083s][debug][gc,phases      ] GC(11)     Total                          Min: 0, Avg: 47.2, Max: 125, Diff: 125, Sum: 189, Workers: 4
[21.083s][debug][gc,phases      ] GC(11)   JVMTI Tag Weak OopStorage      Min:  0.0, Avg:  0.0, Max:  0.0, Diff:  0.0, Sum:  0.0, Workers: 4
[21.083s][debug][gc,phases      ] GC(11)     Dead                           Min: 0, Avg:  0.0, Max: 0, Diff: 0, Sum: 0, Workers: 4
[21.083s][debug][gc,phases      ] GC(11)     Total                          Min: 0, Avg:  0.0, Max: 0, Diff: 0, Sum: 0, Workers: 4
[21.083s][debug][gc,phases      ] GC(11)   StringTable Weak               Min:  0.1, Avg:  0.1, Max:  0.1, Diff:  0.0, Sum:  0.5, Workers: 4
[21.083s][debug][gc,phases      ] GC(11)     Dead                           Min: 0, Avg:  0.0, Max: 0, Diff: 0, Sum: 0, Workers: 4
[21.083s][debug][gc,phases      ] GC(11)     Total                          Min: 10432, Avg: 10888.2, Max: 11681, Diff: 1249, Sum: 43553, Workers: 4
[21.083s][debug][gc,phases      ] GC(11)   ResolvedMethodTable Weak       Min:  0.1, Avg:  0.1, Max:  0.1, Diff:  0.0, Sum:  0.2, Workers: 4
[21.083s][debug][gc,phases      ] GC(11)     Dead                           Min: 0, Avg:  0.0, Max: 0, Diff: 0, Sum: 0, Workers: 4
[21.083s][debug][gc,phases      ] GC(11)     Total                          Min: 3520, Avg: 3715.8, Max: 3840, Diff: 320, Sum: 14863, Workers: 4
[21.083s][debug][gc,phases      ] GC(11)   JNI Weak                       Min:  0.0, Avg:  0.0, Max:  0.0, Diff:  0.0, Sum:  0.0, Workers: 4
[21.083s][debug][gc,phases      ] GC(11)     Dead                           Min: 0, Avg:  0.0, Max: 0, Diff: 0, Sum: 0, Workers: 4
[21.083s][debug][gc,phases      ] GC(11)     Total                          Min: 0, Avg: 17.8, Max: 49, Diff: 49, Sum: 71, Workers: 4
[21.083s][debug][gc,phases      ] GC(11)   StringDedup Table Weak         Min:  0.0, Avg:  0.0, Max:  0.0, Diff:  0.0, Sum:  0.0, Workers: 4
[21.083s][debug][gc,phases      ] GC(11)     Dead                           Min: 0, Avg:  0.0, Max: 0, Diff: 0, Sum: 0, Workers: 4
[21.083s][debug][gc,phases      ] GC(11)     Total                          Min: 0, Avg:  0.0, Max: 0, Diff: 0, Sum: 0, Workers: 4
[21.083s][debug][gc,phases      ] GC(11)   StringDedup Requests0 Weak     Min:  0.0, Avg:  0.0, Max:  0.0, Diff:  0.0, Sum:  0.0, Workers: 4
[21.083s][debug][gc,phases      ] GC(11)     Dead                           Min: 0, Avg:  0.0, Max: 0, Diff: 0, Sum: 0, Workers: 4
[21.083s][debug][gc,phases      ] GC(11)     Total                          Min: 0, Avg:  0.0, Max: 0, Diff: 0, Sum: 0, Workers: 4
[21.083s][debug][gc,phases      ] GC(11)   StringDedup Requests1 Weak     Min:  0.0, Avg:  0.0, Max:  0.0, Diff:  0.0, Sum:  0.0, Workers: 4
[21.083s][debug][gc,phases      ] GC(11)     Dead                           Min: 0, Avg:  0.0, Max: 0, Diff: 0, Sum: 0, Workers: 4
[21.083s][debug][gc,phases      ] GC(11)     Total                          Min: 0, Avg:  0.0, Max: 0, Diff: 0, Sum: 0, Workers: 4
[21.083s][debug][gc,phases      ] GC(11)   Weak JFR Old Object Samples    Min:  0.0, Avg:  0.0, Max:  0.0, Diff:  0.0, Sum:  0.0, Workers: 4
[21.083s][debug][gc,phases      ] GC(11)     Dead                           Min: 0, Avg:  0.0, Max: 0, Diff: 0, Sum: 0, Workers: 4
[21.083s][debug][gc,phases      ] GC(11)     Total                          Min: 0, Avg:  0.0, Max: 0, Diff: 0, Sum: 0, Workers: 4
[21.083s][debug][gc,phases      ] GC(11) Weak Processing 0.383ms
[21.083s][debug][gc,age         ] GC(11) Desired survivor size 249561088 bytes, new threshold 2 (max threshold 15)
[21.083s][info ][gc,heap        ] GC(11) PSYoungGen: 299089K(1853952K)->38016K(1848320K) Eden: 223480K(1605120K)->0K(1605120K) From: 75609K(248832K)->38016K(243200K)
[21.083s][info ][gc,heap        ] GC(11) ParOldGen: 158263K(158720K)->202272K(202752K)
[21.083s][info ][gc,metaspace   ] GC(11) Metaspace: 99486K(100800K)->99486K(100800K) NonClass: 84088K(84800K)->84088K(84800K) Class: 15397K(16000K)->15397K(16000K)
[21.083s][info ][gc             ] GC(11) Pause Young (CodeCache GC Threshold) 446M->234M(2003M) 33.007ms
[21.083s][info ][gc,cpu         ] GC(11) User=0.08s Sys=0.02s Real=0.03s
[21.083s][debug][gc,phases      ] GC(12) Pre Compact 0.008ms
[21.083s][info ][gc,start       ] GC(12) Pause Full (CodeCache GC Threshold)
[21.083s][info ][gc,phases,start] GC(12) Marking Phase
[21.173s][debug][gc,phases      ] GC(12) Par Mark 89.430ms
[21.174s][debug][gc,ref         ] GC(12) ReferenceProcessor::execute queues: 4, RefProcThreadModel::Multi, marks_oops_alive: false
[21.174s][debug][gc,ref         ] GC(12) Skipped KeepAliveFinalRefsPhase of Reference Processing: no references
[21.174s][debug][gc,ref         ] GC(12) ReferenceProcessor::execute queues: 1, RefProcThreadModel::Single, marks_oops_alive: false
[21.174s][debug][gc,phases      ] GC(12) Reference Processing 1.060ms
[21.174s][debug][gc,phases      ] GC(12)   VM Weak                        Min:  0.0, Avg:  0.0, Max:  0.0, Diff:  0.0, Sum:  0.0, Workers: 4
[21.174s][debug][gc,phases      ] GC(12)     Dead                           Min: 0, Avg:  1.5, Max: 5, Diff: 5, Sum: 6, Workers: 4
[21.174s][debug][gc,phases      ] GC(12)     Total                          Min: 128, Avg: 238.0, Max: 320, Diff: 192, Sum: 952, Workers: 4
[21.174s][debug][gc,phases      ] GC(12)   ObjectSynchronizer Weak        Min:  0.0, Avg:  0.0, Max:  0.0, Diff:  0.0, Sum:  0.0, Workers: 4
[21.174s][debug][gc,phases      ] GC(12)     Dead                           Min: 0, Avg:  0.0, Max: 0, Diff: 0, Sum: 0, Workers: 4
[21.174s][debug][gc,phases      ] GC(12)     Total                          Min: 0, Avg: 47.2, Max: 64, Diff: 64, Sum: 189, Workers: 4
[21.174s][debug][gc,phases      ] GC(12)   JVMTI Tag Weak OopStorage      Min:  0.0, Avg:  0.0, Max:  0.0, Diff:  0.0, Sum:  0.0, Workers: 4
[21.174s][debug][gc,phases      ] GC(12)     Dead                           Min: 0, Avg:  0.0, Max: 0, Diff: 0, Sum: 0, Workers: 4
[21.174s][debug][gc,phases      ] GC(12)     Total                          Min: 0, Avg:  0.0, Max: 0, Diff: 0, Sum: 0, Workers: 4
[21.174s][debug][gc,phases      ] GC(12)   StringTable Weak               Min:  0.2, Avg:  0.2, Max:  0.2, Diff:  0.0, Sum:  0.7, Workers: 4
[21.174s][debug][gc,phases      ] GC(12)     Dead                           Min: 0, Avg:  0.0, Max: 0, Diff: 0, Sum: 0, Workers: 4
[21.174s][debug][gc,phases      ] GC(12)     Total                          Min: 10432, Avg: 10888.2, Max: 11520, Diff: 1088, Sum: 43553, Workers: 4
[21.174s][debug][gc,phases      ] GC(12)   ResolvedMethodTable Weak       Min:  0.0, Avg:  0.0, Max:  0.1, Diff:  0.0, Sum:  0.2, Workers: 4
[21.174s][debug][gc,phases      ] GC(12)     Dead                           Min: 0, Avg:  1.5, Max: 5, Diff: 5, Sum: 6, Workers: 4
[21.174s][debug][gc,phases      ] GC(12)     Total                          Min: 3663, Avg: 3715.8, Max: 3776, Diff: 113, Sum: 14863, Workers: 4
[21.174s][debug][gc,phases      ] GC(12)   JNI Weak                       Min:  0.0, Avg:  0.0, Max:  0.0, Diff:  0.0, Sum:  0.0, Workers: 4
[21.174s][debug][gc,phases      ] GC(12)     Dead                           Min: 0, Avg:  0.0, Max: 0, Diff: 0, Sum: 0, Workers: 4
[21.174s][debug][gc,phases      ] GC(12)     Total                          Min: 0, Avg: 17.8, Max: 49, Diff: 49, Sum: 71, Workers: 4
[21.174s][debug][gc,phases      ] GC(12)   StringDedup Table Weak         Min:  0.0, Avg:  0.0, Max:  0.0, Diff:  0.0, Sum:  0.0, Workers: 4
[21.174s][debug][gc,phases      ] GC(12)     Dead                           Min: 0, Avg:  0.0, Max: 0, Diff: 0, Sum: 0, Workers: 4
[21.174s][debug][gc,phases      ] GC(12)     Total                          Min: 0, Avg:  0.0, Max: 0, Diff: 0, Sum: 0, Workers: 4
[21.174s][debug][gc,phases      ] GC(12)   StringDedup Requests0 Weak     Min:  0.0, Avg:  0.0, Max:  0.0, Diff:  0.0, Sum:  0.0, Workers: 4
[21.174s][debug][gc,phases      ] GC(12)     Dead                           Min: 0, Avg:  0.0, Max: 0, Diff: 0, Sum: 0, Workers: 4
[21.174s][debug][gc,phases      ] GC(12)     Total                          Min: 0, Avg:  0.0, Max: 0, Diff: 0, Sum: 0, Workers: 4
[21.174s][debug][gc,phases      ] GC(12)   StringDedup Requests1 Weak     Min:  0.0, Avg:  0.0, Max:  0.0, Diff:  0.0, Sum:  0.0, Workers: 4
[21.174s][debug][gc,phases      ] GC(12)     Dead                           Min: 0, Avg:  0.0, Max: 0, Diff: 0, Sum: 0, Workers: 4
[21.174s][debug][gc,phases      ] GC(12)     Total                          Min: 0, Avg:  0.0, Max: 0, Diff: 0, Sum: 0, Workers: 4
[21.174s][debug][gc,phases      ] GC(12)   Weak JFR Old Object Samples    Min:  0.0, Avg:  0.0, Max:  0.0, Diff:  0.0, Sum:  0.0, Workers: 4
[21.174s][debug][gc,phases      ] GC(12)     Dead                           Min: 0, Avg:  0.0, Max: 0, Diff: 0, Sum: 0, Workers: 4
[21.174s][debug][gc,phases      ] GC(12)     Total                          Min: 0, Avg:  0.0, Max: 0, Diff: 0, Sum: 0, Workers: 4
[21.174s][debug][gc,phases      ] GC(12) Weak Processing 0.439ms
[21.175s][debug][gc,phases      ] GC(12) ClassLoaderData 0.391ms
[21.175s][debug][gc,phases      ] GC(12) Trigger cleanups 0.008ms
[21.209s][debug][gc,phases      ] GC(12) Purge Unlinked NMethods 0.494ms
[21.209s][debug][gc,phases      ] GC(12) Unregister NMethods 0.002ms
[21.210s][debug][gc,phases      ] GC(12) Free Code Blobs 0.102ms
[21.219s][debug][gc,phases      ] GC(12) Class Unloading 45.099ms
[21.219s][debug][gc,phases      ] GC(12) Report Object Count 0.001ms
[21.219s][info ][gc,phases      ] GC(12) Marking Phase 136.121ms
[21.219s][info ][gc,phases,start] GC(12) Summary Phase
[21.219s][info ][gc,phases      ] GC(12) Summary Phase 0.009ms
[21.219s][info ][gc,phases,start] GC(12) Adjust Roots
[21.241s][info ][gc,phases      ] GC(12) Adjust Roots 21.306ms
[21.241s][info ][gc,phases,start] GC(12) Compaction Phase
[21.501s][info ][gc,phases      ] GC(12) Compaction Phase 260.133ms
[21.501s][info ][gc,phases,start] GC(12) Post Compact
[21.504s][debug][gc,phases      ] GC(12) Purge Class Loader Data 1.458ms
[21.504s][info ][gc,phases      ] GC(12) Post Compact 3.319ms
[21.504s][info ][gc,heap        ] GC(12) PSYoungGen: 38016K(1848320K)->31377K(1848320K) Eden: 0K(1605120K)->0K(1605120K) From: 38016K(243200K)->31377K(243200K)
[21.504s][info ][gc,heap        ] GC(12) ParOldGen: 202272K(202752K)->202554K(202752K)
[21.504s][info ][gc,metaspace   ] GC(12) Metaspace: 99486K(100800K)->99477K(100800K) NonClass: 84088K(84800K)->84082K(84800K) Class: 15397K(16000K)->15394K(16000K)
[21.504s][info ][gc             ] GC(12) Pause Full (CodeCache GC Threshold) 234M->228M(2003M) 421.014ms
[21.504s][info ][gc,cpu         ] GC(12) User=1.32s Sys=0.03s Real=0.43s
[21.504s][info ][safepoint      ] Safepoint "ParallelGCSystemGC", Time since last: 336228319 ns, Reaching safepoint: 383998 ns, Cleanup: 103399 ns, At safepoint: 454158150 ns, Total: 454645547 ns
[21.935s][info ][safepoint      ] Safepoint "ICBufferFull", Time since last: 430172927 ns, Reaching safepoint: 79399 ns, Cleanup: 143999 ns, At safepoint: 5900 ns, Total: 229298 ns
[22.659s][info ][safepoint      ] Safepoint "ICBufferFull", Time since last: 723868060 ns, Reaching safepoint: 6300 ns, Cleanup: 166099 ns, At safepoint: 8500 ns, Total: 180899 ns
[23.386s][info ][safepoint      ] Safepoint "ICBufferFull", Time since last: 726777339 ns, Reaching safepoint: 77199 ns, Cleanup: 131099 ns, At safepoint: 9300 ns, Total: 217598 ns
[24.085s][info ][safepoint      ] Safepoint "ICBufferFull", Time since last: 699472040 ns, Reaching safepoint: 6300 ns, Cleanup: 139999 ns, At safepoint: 6700 ns, Total: 152999 ns
[24.887s][info ][safepoint      ] Safepoint "ICBufferFull", Time since last: 801294590 ns, Reaching safepoint: 6700 ns, Cleanup: 144998 ns, At safepoint: 3100 ns, Total: 154798 ns
[25.487s][info ][safepoint      ] Safepoint "ICBufferFull", Time since last: 599595177 ns, Reaching safepoint: 6200 ns, Cleanup: 134699 ns, At safepoint: 5700 ns, Total: 146599 ns
[26.463s][info ][safepoint      ] Safepoint "ICBufferFull", Time since last: 976231399 ns, Reaching safepoint: 6600 ns, Cleanup: 136699 ns, At safepoint: 6400 ns, Total: 149699 ns
[27.463s][info ][safepoint      ] Safepoint "Cleanup", Time since last: 1000134423 ns, Reaching safepoint: 5499 ns, Cleanup: 109800 ns, At safepoint: 2000 ns, Total: 117299 ns
[28.464s][info ][safepoint      ] Safepoint "Cleanup", Time since last: 1000115610 ns, Reaching safepoint: 6500 ns, Cleanup: 88899 ns, At safepoint: 1800 ns, Total: 97199 ns
[29.464s][info ][safepoint      ] Safepoint "Cleanup", Time since last: 1000109126 ns, Reaching safepoint: 6999 ns, Cleanup: 74100 ns, At safepoint: 2300 ns, Total: 83399 ns
[30.464s][info ][safepoint      ] Safepoint "Cleanup", Time since last: 1000111925 ns, Reaching safepoint: 6900 ns, Cleanup: 57400 ns, At safepoint: 2100 ns, Total: 66400 ns
[31.464s][info ][safepoint      ] Safepoint "Cleanup", Time since last: 1000104226 ns, Reaching safepoint: 7200 ns, Cleanup: 82999 ns, At safepoint: 2600 ns, Total: 92799 ns
[32.464s][info ][safepoint      ] Safepoint "Cleanup", Time since last: 1000114326 ns, Reaching safepoint: 6900 ns, Cleanup: 49799 ns, At safepoint: 2100 ns, Total: 58799 ns
[33.464s][info ][safepoint      ] Safepoint "Cleanup", Time since last: 1000098026 ns, Reaching safepoint: 6400 ns, Cleanup: 41599 ns, At safepoint: 2100 ns, Total: 50099 ns
[34.465s][info ][safepoint      ] Safepoint "Cleanup", Time since last: 1000103426 ns, Reaching safepoint: 7000 ns, Cleanup: 38800 ns, At safepoint: 2200 ns, Total: 48000 ns
[35.465s][info ][safepoint      ] Safepoint "Cleanup", Time since last: 1000120725 ns, Reaching safepoint: 5700 ns, Cleanup: 31800 ns, At safepoint: 1700 ns, Total: 39200 ns
[36.465s][info ][safepoint      ] Safepoint "Cleanup", Time since last: 1000106727 ns, Reaching safepoint: 8299 ns, Cleanup: 58800 ns, At safepoint: 2500 ns, Total: 69599 ns
[37.465s][info ][safepoint      ] Safepoint "Cleanup", Time since last: 1000111029 ns, Reaching safepoint: 7700 ns, Cleanup: 43500 ns, At safepoint: 2400 ns, Total: 53600 ns
[38.465s][info ][safepoint      ] Safepoint "Cleanup", Time since last: 1000112829 ns, Reaching safepoint: 7000 ns, Cleanup: 27400 ns, At safepoint: 2500 ns, Total: 36900 ns
[39.465s][info ][safepoint      ] Safepoint "Cleanup", Time since last: 1000107429 ns, Reaching safepoint: 7300 ns, Cleanup: 63200 ns, At safepoint: 2000 ns, Total: 72500 ns
[40.466s][info ][safepoint      ] Safepoint "Cleanup", Time since last: 1000119129 ns, Reaching safepoint: 7000 ns, Cleanup: 44000 ns, At safepoint: 2300 ns, Total: 53300 ns
[41.466s][info ][safepoint      ] Safepoint "Cleanup", Time since last: 1000107129 ns, Reaching safepoint: 7400 ns, Cleanup: 28900 ns, At safepoint: 2300 ns, Total: 38600 ns
[42.466s][info ][safepoint      ] Safepoint "Cleanup", Time since last: 1000104429 ns, Reaching safepoint: 6400 ns, Cleanup: 22200 ns, At safepoint: 2200 ns, Total: 30800 ns
[43.466s][info ][safepoint      ] Safepoint "Cleanup", Time since last: 1000110829 ns, Reaching safepoint: 9400 ns, Cleanup: 36700 ns, At safepoint: 2500 ns, Total: 48600 ns
[44.466s][info ][safepoint      ] Safepoint "Cleanup", Time since last: 1000121135 ns, Reaching safepoint: 7100 ns, Cleanup: 28000 ns, At safepoint: 2400 ns, Total: 37500 ns
[45.466s][info ][safepoint      ] Safepoint "Cleanup", Time since last: 1000112659 ns, Reaching safepoint: 7000 ns, Cleanup: 22400 ns, At safepoint: 2000 ns, Total: 31400 ns
[46.466s][info ][safepoint      ] Safepoint "Cleanup", Time since last: 1000108660 ns, Reaching safepoint: 6400 ns, Cleanup: 20700 ns, At safepoint: 1799 ns, Total: 28899 ns
[47.467s][info ][safepoint      ] Safepoint "Cleanup", Time since last: 1000113160 ns, Reaching safepoint: 8300 ns, Cleanup: 45400 ns, At safepoint: 2000 ns, Total: 55700 ns
[48.467s][info ][safepoint      ] Safepoint "Cleanup", Time since last: 1000112459 ns, Reaching safepoint: 7100 ns, Cleanup: 79500 ns, At safepoint: 2500 ns, Total: 89100 ns
[49.467s][info ][safepoint      ] Safepoint "Cleanup", Time since last: 1000113459 ns, Reaching safepoint: 7700 ns, Cleanup: 25200 ns, At safepoint: 2200 ns, Total: 35100 ns
[50.467s][info ][safepoint      ] Safepoint "Cleanup", Time since last: 1000130960 ns, Reaching safepoint: 7500 ns, Cleanup: 18999 ns, At safepoint: 2000 ns, Total: 28499 ns
[51.467s][info ][safepoint      ] Safepoint "Cleanup", Time since last: 1000121060 ns, Reaching safepoint: 8100 ns, Cleanup: 15400 ns, At safepoint: 2300 ns, Total: 25800 ns
[52.467s][info ][safepoint      ] Safepoint "Cleanup", Time since last: 1000123961 ns, Reaching safepoint: 7000 ns, Cleanup: 23700 ns, At safepoint: 2500 ns, Total: 33200 ns
[53.468s][info ][safepoint      ] Safepoint "Cleanup", Time since last: 1000111267 ns, Reaching safepoint: 6700 ns, Cleanup: 52199 ns, At safepoint: 1800 ns, Total: 60699 ns
[54.468s][info ][safepoint      ] Safepoint "Cleanup", Time since last: 1000111068 ns, Reaching safepoint: 7100 ns, Cleanup: 20499 ns, At safepoint: 2600 ns, Total: 30199 ns
[55.468s][info ][safepoint      ] Safepoint "Cleanup", Time since last: 1000109968 ns, Reaching safepoint: 7400 ns, Cleanup: 24199 ns, At safepoint: 2400 ns, Total: 33999 ns
[56.468s][info ][safepoint      ] Safepoint "Cleanup", Time since last: 1000119668 ns, Reaching safepoint: 6299 ns, Cleanup: 17400 ns, At safepoint: 2200 ns, Total: 25899 ns
[57.468s][info ][safepoint      ] Safepoint "Cleanup", Time since last: 1000134767 ns, Reaching safepoint: 8100 ns, Cleanup: 43600 ns, At safepoint: 2300 ns, Total: 54000 ns
[58.468s][info ][safepoint      ] Safepoint "Cleanup", Time since last: 1000120467 ns, Reaching safepoint: 7900 ns, Cleanup: 101099 ns, At safepoint: 3400 ns, Total: 112399 ns
[59.469s][info ][safepoint      ] Safepoint "Cleanup", Time since last: 1000100368 ns, Reaching safepoint: 6299 ns, Cleanup: 34500 ns, At safepoint: 2000 ns, Total: 42799 ns
[60.432s][info ][gc,start       ] GC(13) Pause Young (Allocation Failure)
[60.477s][debug][gc,phases      ] GC(13) Scavenge 44.933ms
[60.477s][debug][gc,ref         ] GC(13) ReferenceProcessor::execute queues: 1, RefProcThreadModel::Single, marks_oops_alive: false
[60.477s][debug][gc,ref         ] GC(13) Skipped KeepAliveFinalRefsPhase of Reference Processing: no references
[60.477s][debug][gc,ref         ] GC(13) ReferenceProcessor::execute queues: 1, RefProcThreadModel::Single, marks_oops_alive: false
[60.477s][debug][gc,phases      ] GC(13) Reference Processing 0.132ms
[60.477s][debug][gc,phases      ] GC(13)   VM Weak                        Min:  0.0, Avg:  0.0, Max:  0.0, Diff:  0.0, Sum:  0.0, Workers: 4
[60.477s][debug][gc,phases      ] GC(13)     Dead                           Min: 0, Avg:  0.0, Max: 0, Diff: 0, Sum: 0, Workers: 4
[60.477s][debug][gc,phases      ] GC(13)     Total                          Min: 0, Avg: 239.5, Max: 512, Diff: 512, Sum: 958, Workers: 4
[60.477s][debug][gc,phases      ] GC(13)   ObjectSynchronizer Weak        Min:  0.0, Avg:  0.0, Max:  0.0, Diff:  0.0, Sum:  0.0, Workers: 4
[60.477s][debug][gc,phases      ] GC(13)     Dead                           Min: 0, Avg:  0.0, Max: 0, Diff: 0, Sum: 0, Workers: 4
[60.477s][debug][gc,phases      ] GC(13)     Total                          Min: 0, Avg:  0.8, Max: 3, Diff: 3, Sum: 3, Workers: 4
[60.477s][debug][gc,phases      ] GC(13)   JVMTI Tag Weak OopStorage      Min:  0.0, Avg:  0.0, Max:  0.0, Diff:  0.0, Sum:  0.0, Workers: 4
[60.477s][debug][gc,phases      ] GC(13)     Dead                           Min: 0, Avg:  0.0, Max: 0, Diff: 0, Sum: 0, Workers: 4
[60.477s][debug][gc,phases      ] GC(13)     Total                          Min: 0, Avg:  0.0, Max: 0, Diff: 0, Sum: 0, Workers: 4
[60.477s][debug][gc,phases      ] GC(13)   StringTable Weak               Min:  0.1, Avg:  0.1, Max:  0.1, Diff:  0.0, Sum:  0.5, Workers: 4
[60.477s][debug][gc,phases      ] GC(13)     Dead                           Min: 0, Avg:  0.8, Max: 1, Diff: 1, Sum: 3, Workers: 4
[60.477s][debug][gc,phases      ] GC(13)     Total                          Min: 10816, Avg: 11077.2, Max: 11264, Diff: 448, Sum: 44309, Workers: 4
[60.477s][debug][gc,phases      ] GC(13)   ResolvedMethodTable Weak       Min:  0.0, Avg:  0.0, Max:  0.0, Diff:  0.0, Sum:  0.2, Workers: 4
[60.477s][debug][gc,phases      ] GC(13)     Dead                           Min: 1, Avg: 16.0, Max: 54, Diff: 53, Sum: 64, Workers: 4
[60.477s][debug][gc,phases      ] GC(13)     Total                          Min: 3711, Avg: 3758.2, Max: 3775, Diff: 64, Sum: 15033, Workers: 4
[60.477s][debug][gc,phases      ] GC(13)   JNI Weak                       Min:  0.0, Avg:  0.0, Max:  0.0, Diff:  0.0, Sum:  0.0, Workers: 4
[60.477s][debug][gc,phases      ] GC(13)     Dead                           Min: 0, Avg:  0.0, Max: 0, Diff: 0, Sum: 0, Workers: 4
[60.477s][debug][gc,phases      ] GC(13)     Total                          Min: 0, Avg: 12.0, Max: 48, Diff: 48, Sum: 48, Workers: 4
[60.477s][debug][gc,phases      ] GC(13)   StringDedup Table Weak         Min:  0.0, Avg:  0.0, Max:  0.0, Diff:  0.0, Sum:  0.0, Workers: 4
[60.477s][debug][gc,phases      ] GC(13)     Dead                           Min: 0, Avg:  0.0, Max: 0, Diff: 0, Sum: 0, Workers: 4
[60.477s][debug][gc,phases      ] GC(13)     Total                          Min: 0, Avg:  0.0, Max: 0, Diff: 0, Sum: 0, Workers: 4
[60.477s][debug][gc,phases      ] GC(13)   StringDedup Requests0 Weak     Min:  0.0, Avg:  0.0, Max:  0.0, Diff:  0.0, Sum:  0.0, Workers: 4
[60.477s][debug][gc,phases      ] GC(13)     Dead                           Min: 0, Avg:  0.0, Max: 0, Diff: 0, Sum: 0, Workers: 4
[60.477s][debug][gc,phases      ] GC(13)     Total                          Min: 0, Avg:  0.0, Max: 0, Diff: 0, Sum: 0, Workers: 4
[60.477s][debug][gc,phases      ] GC(13)   StringDedup Requests1 Weak     Min:  0.0, Avg:  0.0, Max:  0.0, Diff:  0.0, Sum:  0.0, Workers: 4
[60.477s][debug][gc,phases      ] GC(13)     Dead                           Min: 0, Avg:  0.0, Max: 0, Diff: 0, Sum: 0, Workers: 4
[60.477s][debug][gc,phases      ] GC(13)     Total                          Min: 0, Avg:  0.0, Max: 0, Diff: 0, Sum: 0, Workers: 4
[60.477s][debug][gc,phases      ] GC(13)   Weak JFR Old Object Samples    Min:  0.0, Avg:  0.0, Max:  0.0, Diff:  0.0, Sum:  0.0, Workers: 4
[60.477s][debug][gc,phases      ] GC(13)     Dead                           Min: 0, Avg:  0.0, Max: 0, Diff: 0, Sum: 0, Workers: 4
[60.477s][debug][gc,phases      ] GC(13)     Total                          Min: 0, Avg:  0.0, Max: 0, Diff: 0, Sum: 0, Workers: 4
[60.477s][debug][gc,phases      ] GC(13) Weak Processing 0.363ms
[60.477s][debug][gc,age         ] GC(13) Desired survivor size 250085376 bytes, new threshold 1 (max threshold 15)
[60.477s][info ][gc,heap        ] GC(13) PSYoungGen: 1636497K(1848320K)->25632K(1852416K) Eden: 1605120K(1605120K)->0K(1608704K) From: 31377K(243200K)->25632K(243712K)
[60.477s][info ][gc,heap        ] GC(13) ParOldGen: 202554K(202752K)->227023K(227328K)
[60.477s][info ][gc,metaspace   ] GC(13) Metaspace: 100553K(101824K)->100553K(101824K) NonClass: 85078K(85760K)->85078K(85760K) Class: 15475K(16064K)->15475K(16064K)
[60.477s][info ][gc             ] GC(13) Pause Young (Allocation Failure) 1795M->246M(2031M) 45.560ms
[60.477s][info ][gc,cpu         ] GC(13) User=0.13s Sys=0.02s Real=0.05s
[60.477s][info ][safepoint      ] Safepoint "ParallelGCFailedAllocation", Time since last: 962889374 ns, Reaching safepoint: 7300 ns, Cleanup: 52900 ns, At safepoint: 45650841 ns, Total: 45711041 ns
[61.477s][info ][safepoint      ] Safepoint "Cleanup", Time since last: 1000100247 ns, Reaching safepoint: 6500 ns, Cleanup: 23400 ns, At safepoint: 2400 ns, Total: 32300 ns
[62.477s][info ][safepoint      ] Safepoint "Cleanup", Time since last: 1000110147 ns, Reaching safepoint: 6800 ns, Cleanup: 21299 ns, At safepoint: 2000 ns, Total: 30099 ns
[63.478s][info ][safepoint      ] Safepoint "Cleanup", Time since last: 1000116947 ns, Reaching safepoint: 7000 ns, Cleanup: 22800 ns, At safepoint: 2200 ns, Total: 32000 ns
[66.478s][info ][safepoint      ] Safepoint "Cleanup", Time since last: 3000262241 ns, Reaching safepoint: 9000 ns, Cleanup: 34899 ns, At safepoint: 2600 ns, Total: 46499 ns
[67.478s][info ][safepoint      ] Safepoint "Cleanup", Time since last: 1000106847 ns, Reaching safepoint: 6400 ns, Cleanup: 9300 ns, At safepoint: 1700 ns, Total: 17400 ns
[68.478s][info ][safepoint      ] Safepoint "Cleanup", Time since last: 1000106840 ns, Reaching safepoint: 7800 ns, Cleanup: 36800 ns, At safepoint: 2300 ns, Total: 46900 ns
[69.478s][info ][safepoint      ] Safepoint "Cleanup", Time since last: 1000113310 ns, Reaching safepoint: 7900 ns, Cleanup: 13100 ns, At safepoint: 2400 ns, Total: 23400 ns
[70.478s][info ][safepoint      ] Safepoint "Cleanup", Time since last: 1000106310 ns, Reaching safepoint: 6600 ns, Cleanup: 9900 ns, At safepoint: 2100 ns, Total: 18600 ns
[71.479s][info ][safepoint      ] Safepoint "Cleanup", Time since last: 1000106110 ns, Reaching safepoint: 7500 ns, Cleanup: 19499 ns, At safepoint: 2300 ns, Total: 29299 ns
[72.479s][info ][safepoint      ] Safepoint "Cleanup", Time since last: 1000111010 ns, Reaching safepoint: 8200 ns, Cleanup: 34900 ns, At safepoint: 2200 ns, Total: 45300 ns
[73.479s][info ][safepoint      ] Safepoint "Cleanup", Time since last: 1000109310 ns, Reaching safepoint: 6300 ns, Cleanup: 13800 ns, At safepoint: 2000 ns, Total: 22100 ns
[75.479s][info ][safepoint      ] Safepoint "Cleanup", Time since last: 2000177420 ns, Reaching safepoint: 6900 ns, Cleanup: 11800 ns, At safepoint: 2200 ns, Total: 20900 ns
[76.479s][info ][safepoint      ] Safepoint "Cleanup", Time since last: 1000110834 ns, Reaching safepoint: 7200 ns, Cleanup: 27200 ns, At safepoint: 2200 ns, Total: 36600 ns
[77.479s][info ][safepoint      ] Safepoint "Cleanup", Time since last: 1000106551 ns, Reaching safepoint: 7000 ns, Cleanup: 11600 ns, At safepoint: 2200 ns, Total: 20800 ns
[78.480s][info ][safepoint      ] Safepoint "Cleanup", Time since last: 1000120051 ns, Reaching safepoint: 7700 ns, Cleanup: 17499 ns, At safepoint: 2200 ns, Total: 27399 ns
[79.480s][info ][safepoint      ] Safepoint "Cleanup", Time since last: 1000120351 ns, Reaching safepoint: 8500 ns, Cleanup: 33100 ns, At safepoint: 2200 ns, Total: 43800 ns
[80.480s][info ][safepoint      ] Safepoint "Cleanup", Time since last: 1000112151 ns, Reaching safepoint: 7600 ns, Cleanup: 39199 ns, At safepoint: 2500 ns, Total: 49299 ns
[81.480s][info ][safepoint      ] Safepoint "Cleanup", Time since last: 1000122451 ns, Reaching safepoint: 8400 ns, Cleanup: 9600 ns, At safepoint: 2100 ns, Total: 20100 ns
[82.389s][info ][safepoint      ] Safepoint "ICBufferFull", Time since last: 908884758 ns, Reaching safepoint: 152898 ns, Cleanup: 135299 ns, At safepoint: 16300 ns, Total: 304497 ns
[83.389s][info ][safepoint      ] Safepoint "Cleanup", Time since last: 1000121451 ns, Reaching safepoint: 78699 ns, Cleanup: 39400 ns, At safepoint: 3600 ns, Total: 121699 ns
[84.390s][info ][safepoint      ] Safepoint "Cleanup", Time since last: 1000116745 ns, Reaching safepoint: 6000 ns, Cleanup: 65500 ns, At safepoint: 1500 ns, Total: 73000 ns
[85.390s][info ][safepoint      ] Safepoint "Cleanup", Time since last: 1000110879 ns, Reaching safepoint: 6800 ns, Cleanup: 24300 ns, At safepoint: 1800 ns, Total: 32900 ns
[86.390s][info ][safepoint      ] Safepoint "Cleanup", Time since last: 1000102979 ns, Reaching safepoint: 6100 ns, Cleanup: 36300 ns, At safepoint: 1800 ns, Total: 44200 ns
[87.390s][info ][safepoint      ] Safepoint "Cleanup", Time since last: 1000098180 ns, Reaching safepoint: 6399 ns, Cleanup: 35900 ns, At safepoint: 1700 ns, Total: 43999 ns
[88.894s][info ][safepoint      ] Safepoint "Cleanup", Time since last: 1504342337 ns, Reaching safepoint: 7400 ns, Cleanup: 67299 ns, At safepoint: 7700 ns, Total: 82399 ns
[89.895s][info ][safepoint      ] Safepoint "Cleanup", Time since last: 1000108779 ns, Reaching safepoint: 5800 ns, Cleanup: 41000 ns, At safepoint: 1900 ns, Total: 48700 ns
[90.895s][info ][safepoint      ] Safepoint "Cleanup", Time since last: 1000100679 ns, Reaching safepoint: 6600 ns, Cleanup: 20700 ns, At safepoint: 1700 ns, Total: 29000 ns
[91.895s][info ][safepoint      ] Safepoint "Cleanup", Time since last: 1000096780 ns, Reaching safepoint: 5500 ns, Cleanup: 23299 ns, At safepoint: 1600 ns, Total: 30399 ns
[92.895s][info ][safepoint      ] Safepoint "Cleanup", Time since last: 1000130760 ns, Reaching safepoint: 6600 ns, Cleanup: 25199 ns, At safepoint: 2200 ns, Total: 33999 ns
[94.895s][info ][safepoint      ] Safepoint "Cleanup", Time since last: 2000185289 ns, Reaching safepoint: 6600 ns, Cleanup: 19300 ns, At safepoint: 2300 ns, Total: 28200 ns
[95.895s][info ][safepoint      ] Safepoint "Cleanup", Time since last: 1000108044 ns, Reaching safepoint: 5600 ns, Cleanup: 10300 ns, At safepoint: 2000 ns, Total: 17900 ns
[96.896s][info ][safepoint      ] Safepoint "Cleanup", Time since last: 1000104744 ns, Reaching safepoint: 6000 ns, Cleanup: 31600 ns, At safepoint: 2200 ns, Total: 39800 ns
[97.896s][info ][safepoint      ] Safepoint "Cleanup", Time since last: 1000105544 ns, Reaching safepoint: 6500 ns, Cleanup: 17400 ns, At safepoint: 2100 ns, Total: 26000 ns
[98.896s][info ][safepoint      ] Safepoint "Cleanup", Time since last: 1000113244 ns, Reaching safepoint: 6600 ns, Cleanup: 8600 ns, At safepoint: 2000 ns, Total: 17200 ns
[99.896s][info ][safepoint      ] Safepoint "Cleanup", Time since last: 1000108645 ns, Reaching safepoint: 6300 ns, Cleanup: 7700 ns, At safepoint: 2200 ns, Total: 16200 ns
[100.896s][info ][safepoint      ] Safepoint "Cleanup", Time since last: 1000110006 ns, Reaching safepoint: 7400 ns, Cleanup: 41799 ns, At safepoint: 2600 ns, Total: 51799 ns
[101.896s][info ][safepoint      ] Safepoint "Cleanup", Time since last: 1000111355 ns, Reaching safepoint: 6400 ns, Cleanup: 13200 ns, At safepoint: 2300 ns, Total: 21900 ns
[102.896s][info ][safepoint      ] Safepoint "Cleanup", Time since last: 1000107154 ns, Reaching safepoint: 6300 ns, Cleanup: 11400 ns, At safepoint: 1900 ns, Total: 19600 ns
[103.896s][info ][safepoint      ] Safepoint "Cleanup", Time since last: 1000109554 ns, Reaching safepoint: 6500 ns, Cleanup: 19300 ns, At safepoint: 1900 ns, Total: 27700 ns
[104.897s][info ][safepoint      ] Safepoint "Cleanup", Time since last: 1000111155 ns, Reaching safepoint: 7000 ns, Cleanup: 8099 ns, At safepoint: 1800 ns, Total: 16899 ns
[105.897s][info ][safepoint      ] Safepoint "Cleanup", Time since last: 1000107455 ns, Reaching safepoint: 5700 ns, Cleanup: 13700 ns, At safepoint: 1800 ns, Total: 21200 ns
[106.897s][info ][safepoint      ] Safepoint "Cleanup", Time since last: 1000111454 ns, Reaching safepoint: 6100 ns, Cleanup: 55600 ns, At safepoint: 5400 ns, Total: 67100 ns
[107.897s][info ][safepoint      ] Safepoint "Cleanup", Time since last: 1000114354 ns, Reaching safepoint: 6300 ns, Cleanup: 21000 ns, At safepoint: 2100 ns, Total: 29400 ns
[108.897s][info ][safepoint      ] Safepoint "Cleanup", Time since last: 1000103738 ns, Reaching safepoint: 5900 ns, Cleanup: 45500 ns, At safepoint: 1800 ns, Total: 53200 ns
[109.897s][info ][safepoint      ] Safepoint "Cleanup", Time since last: 1000113226 ns, Reaching safepoint: 6400 ns, Cleanup: 39899 ns, At safepoint: 2200 ns, Total: 48499 ns
[110.897s][info ][safepoint      ] Safepoint "Cleanup", Time since last: 1000105626 ns, Reaching safepoint: 6100 ns, Cleanup: 15300 ns, At safepoint: 2100 ns, Total: 23500 ns
[111.898s][info ][safepoint      ] Safepoint "Cleanup", Time since last: 1000095926 ns, Reaching safepoint: 5300 ns, Cleanup: 14299 ns, At safepoint: 1300 ns, Total: 20899 ns
[112.898s][info ][safepoint      ] Safepoint "Cleanup", Time since last: 1000106126 ns, Reaching safepoint: 6400 ns, Cleanup: 14200 ns, At safepoint: 2200 ns, Total: 22800 ns
[113.535s][info ][gc,start       ] GC(14) Pause Young (Allocation Failure)
[113.552s][debug][gc,phases      ] GC(14) Scavenge 17.329ms
[113.552s][debug][gc,ref         ] GC(14) ReferenceProcessor::execute queues: 1, RefProcThreadModel::Single, marks_oops_alive: false
[113.552s][debug][gc,ref         ] GC(14) Skipped KeepAliveFinalRefsPhase of Reference Processing: no references
[113.552s][debug][gc,ref         ] GC(14) ReferenceProcessor::execute queues: 1, RefProcThreadModel::Single, marks_oops_alive: false
[113.552s][debug][gc,phases      ] GC(14) Reference Processing 0.125ms
[113.553s][debug][gc,phases      ] GC(14)   VM Weak                        Min:  0.0, Avg:  0.0, Max:  0.0, Diff:  0.0, Sum:  0.0, Workers: 4
[113.553s][debug][gc,phases      ] GC(14)     Dead                           Min: 0, Avg:  0.0, Max: 0, Diff: 0, Sum: 0, Workers: 4
[113.553s][debug][gc,phases      ] GC(14)     Total                          Min: 0, Avg: 244.2, Max: 721, Diff: 721, Sum: 977, Workers: 4
[113.553s][debug][gc,phases      ] GC(14)   ObjectSynchronizer Weak        Min:  0.0, Avg:  0.0, Max:  0.0, Diff:  0.0, Sum:  0.0, Workers: 4
[113.553s][debug][gc,phases      ] GC(14)     Dead                           Min: 0, Avg:  0.0, Max: 0, Diff: 0, Sum: 0, Workers: 4
[113.553s][debug][gc,phases      ] GC(14)     Total                          Min: 0, Avg:  1.0, Max: 4, Diff: 4, Sum: 4, Workers: 4
[113.553s][debug][gc,phases      ] GC(14)   JVMTI Tag Weak OopStorage      Min:  0.0, Avg:  0.0, Max:  0.0, Diff:  0.0, Sum:  0.0, Workers: 4
[113.553s][debug][gc,phases      ] GC(14)     Dead                           Min: 0, Avg:  0.0, Max: 0, Diff: 0, Sum: 0, Workers: 4
[113.553s][debug][gc,phases      ] GC(14)     Total                          Min: 0, Avg:  0.0, Max: 0, Diff: 0, Sum: 0, Workers: 4
[113.553s][debug][gc,phases      ] GC(14)   StringTable Weak               Min:  0.0, Avg:  0.1, Max:  0.2, Diff:  0.2, Sum:  0.4, Workers: 4
[113.553s][debug][gc,phases      ] GC(14)     Dead                           Min: 0, Avg:  0.8, Max: 2, Diff: 2, Sum: 3, Workers: 4
[113.553s][debug][gc,phases      ] GC(14)     Total                          Min: 0, Avg: 11135.0, Max: 26812, Diff: 26812, Sum: 44540, Workers: 4
[113.553s][debug][gc,phases      ] GC(14)   ResolvedMethodTable Weak       Min:  0.0, Avg:  0.0, Max:  0.1, Diff:  0.1, Sum:  0.1, Workers: 4
[113.553s][debug][gc,phases      ] GC(14)     Dead                           Min: 0, Avg: 12.2, Max: 36, Diff: 36, Sum: 49, Workers: 4
[113.553s][debug][gc,phases      ] GC(14)     Total                          Min: 0, Avg: 3801.5, Max: 9022, Diff: 9022, Sum: 15206, Workers: 4
[113.553s][debug][gc,phases      ] GC(14)   JNI Weak                       Min:  0.0, Avg:  0.0, Max:  0.0, Diff:  0.0, Sum:  0.0, Workers: 4
[113.553s][debug][gc,phases      ] GC(14)     Dead                           Min: 0, Avg:  0.0, Max: 0, Diff: 0, Sum: 0, Workers: 4
[113.553s][debug][gc,phases      ] GC(14)     Total                          Min: 0, Avg: 12.0, Max: 48, Diff: 48, Sum: 48, Workers: 4
[113.553s][debug][gc,phases      ] GC(14)   StringDedup Table Weak         Min:  0.0, Avg:  0.0, Max:  0.0, Diff:  0.0, Sum:  0.0, Workers: 4
[113.553s][debug][gc,phases      ] GC(14)     Dead                           Min: 0, Avg:  0.0, Max: 0, Diff: 0, Sum: 0, Workers: 4
[113.553s][debug][gc,phases      ] GC(14)     Total                          Min: 0, Avg:  0.0, Max: 0, Diff: 0, Sum: 0, Workers: 4
[113.553s][debug][gc,phases      ] GC(14)   StringDedup Requests0 Weak     Min:  0.0, Avg:  0.0, Max:  0.0, Diff:  0.0, Sum:  0.0, Workers: 4
[113.553s][debug][gc,phases      ] GC(14)     Dead                           Min: 0, Avg:  0.0, Max: 0, Diff: 0, Sum: 0, Workers: 4
[113.553s][debug][gc,phases      ] GC(14)     Total                          Min: 0, Avg:  0.0, Max: 0, Diff: 0, Sum: 0, Workers: 4
[113.553s][debug][gc,phases      ] GC(14)   StringDedup Requests1 Weak     Min:  0.0, Avg:  0.0, Max:  0.0, Diff:  0.0, Sum:  0.0, Workers: 4
[113.553s][debug][gc,phases      ] GC(14)     Dead                           Min: 0, Avg:  0.0, Max: 0, Diff: 0, Sum: 0, Workers: 4
[113.553s][debug][gc,phases      ] GC(14)     Total                          Min: 0, Avg:  0.0, Max: 0, Diff: 0, Sum: 0, Workers: 4
[113.553s][debug][gc,phases      ] GC(14)   Weak JFR Old Object Samples    Min:  0.0, Avg:  0.0, Max:  0.0, Diff:  0.0, Sum:  0.0, Workers: 4
[113.553s][debug][gc,phases      ] GC(14)     Dead                           Min: 0, Avg:  0.0, Max: 0, Diff: 0, Sum: 0, Workers: 4
[113.553s][debug][gc,phases      ] GC(14)     Total                          Min: 0, Avg:  0.0, Max: 0, Diff: 0, Sum: 0, Workers: 4
[113.553s][debug][gc,phases      ] GC(14) Weak Processing 0.476ms
[113.553s][debug][gc,age         ] GC(14) Desired survivor size 251133952 bytes, new threshold 1 (max threshold 15)
[113.553s][info ][gc,heap        ] GC(14) PSYoungGen: 1634336K(1852416K)->9760K(1618944K) Eden: 1608704K(1608704K)->0K(1608704K) From: 25632K(243712K)->9760K(10240K)
[113.553s][info ][gc,heap        ] GC(14) ParOldGen: 227023K(227328K)->251809K(251904K)
[113.553s][info ][gc,metaspace   ] GC(14) Metaspace: 101243K(102528K)->101243K(102528K) NonClass: 85689K(86400K)->85689K(86400K) Class: 15554K(16128K)->15554K(16128K)
[113.553s][info ][gc             ] GC(14) Pause Young (Allocation Failure) 1817M->255M(1827M) 18.057ms
[113.553s][info ][gc,cpu         ] GC(14) User=0.03s Sys=0.03s Real=0.02s
[113.553s][info ][safepoint      ] Safepoint "ParallelGCFailedAllocation", Time since last: 636957449 ns, Reaching safepoint: 5800 ns, Cleanup: 16299 ns, At safepoint: 18123760 ns, Total: 18145859 ns
[114.553s][info ][safepoint      ] Safepoint "Cleanup", Time since last: 1000088925 ns, Reaching safepoint: 7900 ns, Cleanup: 15400 ns, At safepoint: 1900 ns, Total: 25200 ns
[115.553s][info ][safepoint      ] Safepoint "Cleanup", Time since last: 1000114926 ns, Reaching safepoint: 6200 ns, Cleanup: 14400 ns, At safepoint: 2300 ns, Total: 22900 ns
[116.553s][info ][safepoint      ] Safepoint "Cleanup", Time since last: 1000120559 ns, Reaching safepoint: 7200 ns, Cleanup: 38099 ns, At safepoint: 2600 ns, Total: 47899 ns
[117.553s][info ][safepoint      ] Safepoint "Cleanup", Time since last: 1000112986 ns, Reaching safepoint: 7400 ns, Cleanup: 19700 ns, At safepoint: 1900 ns, Total: 29000 ns
[118.554s][info ][safepoint      ] Safepoint "Cleanup", Time since last: 1000101786 ns, Reaching safepoint: 6900 ns, Cleanup: 9900 ns, At safepoint: 1700 ns, Total: 18500 ns
[119.554s][info ][safepoint      ] Safepoint "Cleanup", Time since last: 1000115685 ns, Reaching safepoint: 6400 ns, Cleanup: 15100 ns, At safepoint: 2400 ns, Total: 23900 ns
[121.099s][info ][safepoint      ] Safepoint "Cleanup", Time since last: 1545194109 ns, Reaching safepoint: 6300 ns, Cleanup: 18400 ns, At safepoint: 1499 ns, Total: 26199 ns
[122.099s][info ][safepoint      ] Safepoint "Cleanup", Time since last: 1000109786 ns, Reaching safepoint: 5600 ns, Cleanup: 20000 ns, At safepoint: 1900 ns, Total: 27500 ns
[123.099s][info ][safepoint      ] Safepoint "Cleanup", Time since last: 1000112550 ns, Reaching safepoint: 5900 ns, Cleanup: 7000 ns, At safepoint: 1700 ns, Total: 14600 ns
[124.099s][info ][safepoint      ] Safepoint "Cleanup", Time since last: 1000109821 ns, Reaching safepoint: 8300 ns, Cleanup: 25800 ns, At safepoint: 2400 ns, Total: 36500 ns
[125.099s][info ][safepoint      ] Safepoint "Cleanup", Time since last: 1000112736 ns, Reaching safepoint: 6100 ns, Cleanup: 6900 ns, At safepoint: 1800 ns, Total: 14800 ns
[126.100s][info ][safepoint      ] Safepoint "Cleanup", Time since last: 1000123759 ns, Reaching safepoint: 81999 ns, Cleanup: 11700 ns, At safepoint: 8100 ns, Total: 101799 ns
[127.100s][info ][safepoint      ] Safepoint "Cleanup", Time since last: 1000126358 ns, Reaching safepoint: 7900 ns, Cleanup: 34800 ns, At safepoint: 2500 ns, Total: 45200 ns
[128.100s][info ][safepoint      ] Safepoint "Cleanup", Time since last: 1000112359 ns, Reaching safepoint: 6500 ns, Cleanup: 18700 ns, At safepoint: 1800 ns, Total: 27000 ns
[129.100s][info ][safepoint      ] Safepoint "Cleanup", Time since last: 1000108940 ns, Reaching safepoint: 6900 ns, Cleanup: 18100 ns, At safepoint: 2000 ns, Total: 27000 ns
[130.100s][info ][safepoint      ] Safepoint "Cleanup", Time since last: 1000108765 ns, Reaching safepoint: 7199 ns, Cleanup: 13700 ns, At safepoint: 1900 ns, Total: 22799 ns
[131.100s][info ][safepoint      ] Safepoint "Cleanup", Time since last: 1000113165 ns, Reaching safepoint: 6800 ns, Cleanup: 17100 ns, At safepoint: 2100 ns, Total: 26000 ns
[132.101s][info ][safepoint      ] Safepoint "Cleanup", Time since last: 1000121764 ns, Reaching safepoint: 84100 ns, Cleanup: 15100 ns, At safepoint: 7900 ns, Total: 107100 ns
[133.101s][info ][safepoint      ] Safepoint "Cleanup", Time since last: 1000137817 ns, Reaching safepoint: 78200 ns, Cleanup: 42200 ns, At safepoint: 7200 ns, Total: 127600 ns
[134.101s][info ][safepoint      ] Safepoint "Cleanup", Time since last: 1000118830 ns, Reaching safepoint: 7400 ns, Cleanup: 94100 ns, At safepoint: 1800 ns, Total: 103300 ns
[135.101s][info ][safepoint      ] Safepoint "Cleanup", Time since last: 1000116731 ns, Reaching safepoint: 7200 ns, Cleanup: 91999 ns, At safepoint: 2800 ns, Total: 101999 ns
[136.102s][info ][safepoint      ] Safepoint "Cleanup", Time since last: 1000921626 ns, Reaching safepoint: 7800 ns, Cleanup: 43799 ns, At safepoint: 8100 ns, Total: 59699 ns
[137.102s][info ][safepoint      ] Safepoint "Cleanup", Time since last: 1000117363 ns, Reaching safepoint: 6899 ns, Cleanup: 25200 ns, At safepoint: 6600 ns, Total: 38699 ns
[138.103s][info ][safepoint      ] Safepoint "Cleanup", Time since last: 1000130750 ns, Reaching safepoint: 8000 ns, Cleanup: 15100 ns, At safepoint: 2400 ns, Total: 25500 ns
[139.103s][info ][safepoint      ] Safepoint "Cleanup", Time since last: 1000113651 ns, Reaching safepoint: 6600 ns, Cleanup: 17899 ns, At safepoint: 2000 ns, Total: 26499 ns
[140.103s][info ][safepoint      ] Safepoint "Cleanup", Time since last: 1000102951 ns, Reaching safepoint: 6900 ns, Cleanup: 34500 ns, At safepoint: 1800 ns, Total: 43200 ns
[141.103s][info ][safepoint      ] Safepoint "Cleanup", Time since last: 1000107801 ns, Reaching safepoint: 6000 ns, Cleanup: 17400 ns, At safepoint: 1700 ns, Total: 25100 ns
[142.103s][info ][safepoint      ] Safepoint "Cleanup", Time since last: 1000121658 ns, Reaching safepoint: 6800 ns, Cleanup: 25200 ns, At safepoint: 2800 ns, Total: 34800 ns
[143.103s][info ][safepoint      ] Safepoint "Cleanup", Time since last: 1000113658 ns, Reaching safepoint: 8100 ns, Cleanup: 19000 ns, At safepoint: 2500 ns, Total: 29600 ns
[144.103s][info ][safepoint      ] Safepoint "Cleanup", Time since last: 1000103558 ns, Reaching safepoint: 6600 ns, Cleanup: 16000 ns, At safepoint: 1800 ns, Total: 24400 ns
[145.104s][info ][safepoint      ] Safepoint "Cleanup", Time since last: 1000126058 ns, Reaching safepoint: 8000 ns, Cleanup: 18200 ns, At safepoint: 2400 ns, Total: 28600 ns
[146.104s][info ][safepoint      ] Safepoint "Cleanup", Time since last: 1000115459 ns, Reaching safepoint: 6300 ns, Cleanup: 12100 ns, At safepoint: 2199 ns, Total: 20599 ns
[147.104s][info ][safepoint      ] Safepoint "Cleanup", Time since last: 1000106559 ns, Reaching safepoint: 6400 ns, Cleanup: 8500 ns, At safepoint: 2000 ns, Total: 16900 ns
[148.104s][info ][safepoint      ] Safepoint "Cleanup", Time since last: 1000124058 ns, Reaching safepoint: 7600 ns, Cleanup: 13500 ns, At safepoint: 2900 ns, Total: 24000 ns
[149.104s][info ][safepoint      ] Safepoint "Cleanup", Time since last: 1000151565 ns, Reaching safepoint: 9100 ns, Cleanup: 16300 ns, At safepoint: 3100 ns, Total: 28500 ns
[152.104s][info ][safepoint      ] Safepoint "Cleanup", Time since last: 3000276650 ns, Reaching safepoint: 8600 ns, Cleanup: 10500 ns, At safepoint: 2500 ns, Total: 21600 ns
[153.105s][info ][safepoint      ] Safepoint "Cleanup", Time since last: 1000112349 ns, Reaching safepoint: 6500 ns, Cleanup: 6800 ns, At safepoint: 1800 ns, Total: 15100 ns
[155.105s][info ][safepoint      ] Safepoint "Cleanup", Time since last: 2000176152 ns, Reaching safepoint: 6399 ns, Cleanup: 58000 ns, At safepoint: 1700 ns, Total: 66099 ns
[156.105s][info ][safepoint      ] Safepoint "Cleanup", Time since last: 1000114902 ns, Reaching safepoint: 8200 ns, Cleanup: 8300 ns, At safepoint: 2500 ns, Total: 19000 ns
[157.105s][info ][safepoint      ] Safepoint "Cleanup", Time since last: 1000124370 ns, Reaching safepoint: 7400 ns, Cleanup: 28800 ns, At safepoint: 3000 ns, Total: 39200 ns
[158.105s][info ][safepoint      ] Safepoint "Cleanup", Time since last: 1000136762 ns, Reaching safepoint: 8200 ns, Cleanup: 11400 ns, At safepoint: 2900 ns, Total: 22500 ns
[159.105s][info ][safepoint      ] Safepoint "Cleanup", Time since last: 1000111262 ns, Reaching safepoint: 6700 ns, Cleanup: 8200 ns, At safepoint: 2100 ns, Total: 17000 ns
[160.106s][info ][safepoint      ] Safepoint "Cleanup", Time since last: 1000119363 ns, Reaching safepoint: 5900 ns, Cleanup: 11799 ns, At safepoint: 1800 ns, Total: 19499 ns
[161.106s][info ][safepoint      ] Safepoint "Cleanup", Time since last: 1000095463 ns, Reaching safepoint: 6600 ns, Cleanup: 8500 ns, At safepoint: 1700 ns, Total: 16800 ns
[163.106s][info ][safepoint      ] Safepoint "Cleanup", Time since last: 2000188019 ns, Reaching safepoint: 6200 ns, Cleanup: 21100 ns, At safepoint: 1600 ns, Total: 28900 ns
[164.106s][info ][safepoint      ] Safepoint "Cleanup", Time since last: 1000103745 ns, Reaching safepoint: 6600 ns, Cleanup: 8600 ns, At safepoint: 1800 ns, Total: 17000 ns
[165.106s][info ][safepoint      ] Safepoint "Cleanup", Time since last: 1000112491 ns, Reaching safepoint: 7200 ns, Cleanup: 9500 ns, At safepoint: 2100 ns, Total: 18800 ns
[167.106s][info ][safepoint      ] Safepoint "Cleanup", Time since last: 2000178535 ns, Reaching safepoint: 6200 ns, Cleanup: 12200 ns, At safepoint: 1600 ns, Total: 20000 ns
[168.107s][info ][safepoint      ] Safepoint "Cleanup", Time since last: 1000109467 ns, Reaching safepoint: 6200 ns, Cleanup: 58000 ns, At safepoint: 2200 ns, Total: 66400 ns
[169.107s][info ][safepoint      ] Safepoint "Cleanup", Time since last: 1000116867 ns, Reaching safepoint: 7400 ns, Cleanup: 16600 ns, At safepoint: 2300 ns, Total: 26300 ns
[170.107s][info ][safepoint      ] Safepoint "Cleanup", Time since last: 1000108968 ns, Reaching safepoint: 6500 ns, Cleanup: 44899 ns, At safepoint: 1900 ns, Total: 53299 ns
[171.107s][info ][safepoint      ] Safepoint "Cleanup", Time since last: 1000106368 ns, Reaching safepoint: 7700 ns, Cleanup: 64499 ns, At safepoint: 3200 ns, Total: 75399 ns
[171.985s][info ][gc,start       ] GC(15) Pause Young (Allocation Failure)
[171.992s][debug][gc,phases      ] GC(15) Scavenge 6.219ms
[171.992s][debug][gc,ref         ] GC(15) ReferenceProcessor::execute queues: 1, RefProcThreadModel::Single, marks_oops_alive: false
[171.992s][debug][gc,ref         ] GC(15) ReferenceProcessor::execute queues: 4, RefProcThreadModel::Multi, marks_oops_alive: true
[171.992s][debug][gc,ref         ] GC(15) ReferenceProcessor::execute queues: 1, RefProcThreadModel::Single, marks_oops_alive: false
[171.992s][debug][gc,phases      ] GC(15) Reference Processing 0.192ms
[171.992s][debug][gc,phases      ] GC(15)   VM Weak                        Min:  0.0, Avg:  0.0, Max:  0.0, Diff:  0.0, Sum:  0.0, Workers: 4
[171.992s][debug][gc,phases      ] GC(15)     Dead                           Min: 0, Avg:  0.0, Max: 0, Diff: 0, Sum: 0, Workers: 4
[171.992s][debug][gc,phases      ] GC(15)     Total                          Min: 0, Avg: 250.5, Max: 874, Diff: 874, Sum: 1002, Workers: 4
[171.992s][debug][gc,phases      ] GC(15)   ObjectSynchronizer Weak        Min:  0.0, Avg:  0.0, Max:  0.0, Diff:  0.0, Sum:  0.0, Workers: 4
[171.992s][debug][gc,phases      ] GC(15)     Dead                           Min: 0, Avg:  0.0, Max: 0, Diff: 0, Sum: 0, Workers: 4
[171.992s][debug][gc,phases      ] GC(15)     Total                          Min: 0, Avg:  1.0, Max: 4, Diff: 4, Sum: 4, Workers: 4
[171.992s][debug][gc,phases      ] GC(15)   JVMTI Tag Weak OopStorage      Min:  0.0, Avg:  0.0, Max:  0.0, Diff:  0.0, Sum:  0.0, Workers: 4
[171.992s][debug][gc,phases      ] GC(15)     Dead                           Min: 0, Avg:  0.0, Max: 0, Diff: 0, Sum: 0, Workers: 4
[171.992s][debug][gc,phases      ] GC(15)     Total                          Min: 0, Avg:  0.0, Max: 0, Diff: 0, Sum: 0, Workers: 4
[171.992s][debug][gc,phases      ] GC(15)   StringTable Weak               Min:  0.0, Avg:  0.1, Max:  0.1, Diff:  0.1, Sum:  0.4, Workers: 4
[171.992s][debug][gc,phases      ] GC(15)     Dead                           Min: 0, Avg:  0.5, Max: 2, Diff: 2, Sum: 2, Workers: 4
[171.992s][debug][gc,phases      ] GC(15)     Total                          Min: 0, Avg: 11176.8, Max: 19584, Diff: 19584, Sum: 44707, Workers: 4
[171.992s][debug][gc,phases      ] GC(15)   ResolvedMethodTable Weak       Min:  0.0, Avg:  0.0, Max:  0.0, Diff:  0.0, Sum:  0.1, Workers: 4
[171.992s][debug][gc,phases      ] GC(15)     Dead                           Min: 0, Avg:  6.8, Max: 11, Diff: 11, Sum: 27, Workers: 4
[171.992s][debug][gc,phases      ] GC(15)     Total                          Min: 0, Avg: 3835.0, Max: 6447, Diff: 6447, Sum: 15340, Workers: 4
[171.992s][debug][gc,phases      ] GC(15)   JNI Weak                       Min:  0.0, Avg:  0.0, Max:  0.0, Diff:  0.0, Sum:  0.0, Workers: 4
[171.992s][debug][gc,phases      ] GC(15)     Dead                           Min: 0, Avg:  0.0, Max: 0, Diff: 0, Sum: 0, Workers: 4
[171.992s][debug][gc,phases      ] GC(15)     Total                          Min: 0, Avg: 12.0, Max: 48, Diff: 48, Sum: 48, Workers: 4
[171.992s][debug][gc,phases      ] GC(15)   StringDedup Table Weak         Min:  0.0, Avg:  0.0, Max:  0.0, Diff:  0.0, Sum:  0.0, Workers: 4
[171.992s][debug][gc,phases      ] GC(15)     Dead                           Min: 0, Avg:  0.0, Max: 0, Diff: 0, Sum: 0, Workers: 4
[171.992s][debug][gc,phases      ] GC(15)     Total                          Min: 0, Avg:  0.0, Max: 0, Diff: 0, Sum: 0, Workers: 4
[171.992s][debug][gc,phases      ] GC(15)   StringDedup Requests0 Weak     Min:  0.0, Avg:  0.0, Max:  0.0, Diff:  0.0, Sum:  0.0, Workers: 4
[171.992s][debug][gc,phases      ] GC(15)     Dead                           Min: 0, Avg:  0.0, Max: 0, Diff: 0, Sum: 0, Workers: 4
[171.992s][debug][gc,phases      ] GC(15)     Total                          Min: 0, Avg:  0.0, Max: 0, Diff: 0, Sum: 0, Workers: 4
[171.992s][debug][gc,phases      ] GC(15)   StringDedup Requests1 Weak     Min:  0.0, Avg:  0.0, Max:  0.0, Diff:  0.0, Sum:  0.0, Workers: 4
[171.992s][debug][gc,phases      ] GC(15)     Dead                           Min: 0, Avg:  0.0, Max: 0, Diff: 0, Sum: 0, Workers: 4
[171.992s][debug][gc,phases      ] GC(15)     Total                          Min: 0, Avg:  0.0, Max: 0, Diff: 0, Sum: 0, Workers: 4
[171.992s][debug][gc,phases      ] GC(15)   Weak JFR Old Object Samples    Min:  0.0, Avg:  0.0, Max:  0.0, Diff:  0.0, Sum:  0.0, Workers: 4
[171.992s][debug][gc,phases      ] GC(15)     Dead                           Min: 0, Avg:  0.0, Max: 0, Diff: 0, Sum: 0, Workers: 4
[171.992s][debug][gc,phases      ] GC(15)     Total                          Min: 0, Avg:  0.0, Max: 0, Diff: 0, Sum: 0, Workers: 4
[171.992s][debug][gc,phases      ] GC(15) Weak Processing 0.387ms
[171.992s][debug][gc,age         ] GC(15) Desired survivor size 250085376 bytes, new threshold 1 (max threshold 15)
[171.992s][info ][gc,heap        ] GC(15) PSYoungGen: 1618464K(1618944K)->5040K(1852928K) Eden: 1608704K(1608704K)->0K(1607680K) From: 9760K(10240K)->5040K(245248K)
[171.992s][info ][gc,heap        ] GC(15) ParOldGen: 251809K(251904K)->258701K(259072K)
[171.992s][info ][gc,metaspace   ] GC(15) Metaspace: 101773K(103104K)->101773K(103104K) NonClass: 86160K(86912K)->86160K(86912K) Class: 15612K(16192K)->15612K(16192K)
[171.992s][info ][gc             ] GC(15) Pause Young (Allocation Failure) 1826M->257M(2062M) 6.922ms
[171.992s][info ][gc,cpu         ] GC(15) User=0.01s Sys=0.01s Real=0.01s
[171.992s][info ][safepoint      ] Safepoint "ParallelGCFailedAllocation", Time since last: 878200910 ns, Reaching safepoint: 7200 ns, Cleanup: 70000 ns, At safepoint: 6996046 ns, Total: 7073246 ns
[172.992s][info ][safepoint      ] Safepoint "Cleanup", Time since last: 1000086952 ns, Reaching safepoint: 6200 ns, Cleanup: 22000 ns, At safepoint: 1800 ns, Total: 30000 ns
[173.993s][info ][safepoint      ] Safepoint "Cleanup", Time since last: 1000103815 ns, Reaching safepoint: 6500 ns, Cleanup: 39899 ns, At safepoint: 2100 ns, Total: 48499 ns
[175.356s][info ][safepoint      ] Safepoint "Cleanup", Time since last: 1363851756 ns, Reaching safepoint: 6700 ns, Cleanup: 12400 ns, At safepoint: 1800 ns, Total: 20900 ns
[176.357s][info ][safepoint      ] Safepoint "Cleanup", Time since last: 1000105915 ns, Reaching safepoint: 5999 ns, Cleanup: 15900 ns, At safepoint: 2000 ns, Total: 23899 ns
[177.357s][info ][safepoint      ] Safepoint "Cleanup", Time since last: 1000137615 ns, Reaching safepoint: 8800 ns, Cleanup: 14600 ns, At safepoint: 2600 ns, Total: 26000 ns
[178.357s][info ][safepoint      ] Safepoint "Cleanup", Time since last: 1000111014 ns, Reaching safepoint: 6200 ns, Cleanup: 15300 ns, At safepoint: 2000 ns, Total: 23500 ns
[179.357s][info ][safepoint      ] Safepoint "Cleanup", Time since last: 1000103615 ns, Reaching safepoint: 6700 ns, Cleanup: 10899 ns, At safepoint: 1800 ns, Total: 19399 ns
[181.116s][info ][safepoint      ] Safepoint "Cleanup", Time since last: 1759072152 ns, Reaching safepoint: 7100 ns, Cleanup: 16500 ns, At safepoint: 2700 ns, Total: 26300 ns
[182.116s][info ][safepoint      ] Safepoint "Cleanup", Time since last: 1000114205 ns, Reaching safepoint: 8400 ns, Cleanup: 25000 ns, At safepoint: 2300 ns, Total: 35700 ns
[183.116s][info ][safepoint      ] Safepoint "Cleanup", Time since last: 1000106705 ns, Reaching safepoint: 6600 ns, Cleanup: 7800 ns, At safepoint: 1800 ns, Total: 16200 ns
[185.117s][info ][safepoint      ] Safepoint "Cleanup", Time since last: 2000176810 ns, Reaching safepoint: 7000 ns, Cleanup: 20600 ns, At safepoint: 2200 ns, Total: 29800 ns
[186.117s][info ][safepoint      ] Safepoint "Cleanup", Time since last: 1000118305 ns, Reaching safepoint: 6400 ns, Cleanup: 13700 ns, At safepoint: 22899 ns, Total: 42999 ns
[188.117s][info ][safepoint      ] Safepoint "Cleanup", Time since last: 2000163711 ns, Reaching safepoint: 6900 ns, Cleanup: 8400 ns, At safepoint: 1600 ns, Total: 16900 ns
[189.117s][info ][safepoint      ] Safepoint "Cleanup", Time since last: 1000109695 ns, Reaching safepoint: 6800 ns, Cleanup: 15100 ns, At safepoint: 2300 ns, Total: 24200 ns
[190.117s][info ][safepoint      ] Safepoint "Cleanup", Time since last: 1000112791 ns, Reaching safepoint: 7000 ns, Cleanup: 10000 ns, At safepoint: 2200 ns, Total: 19200 ns
[191.117s][info ][safepoint      ] Safepoint "Cleanup", Time since last: 1000101891 ns, Reaching safepoint: 22400 ns, Cleanup: 9900 ns, At safepoint: 4800 ns, Total: 37100 ns
[192.117s][info ][safepoint      ] Safepoint "Cleanup", Time since last: 1000096091 ns, Reaching safepoint: 6600 ns, Cleanup: 11100 ns, At safepoint: 2100 ns, Total: 19800 ns
[193.118s][info ][safepoint      ] Safepoint "Cleanup", Time since last: 1000106891 ns, Reaching safepoint: 7100 ns, Cleanup: 21900 ns, At safepoint: 2100 ns, Total: 31100 ns
[194.118s][info ][safepoint      ] Safepoint "Cleanup", Time since last: 1000108191 ns, Reaching safepoint: 6300 ns, Cleanup: 11600 ns, At safepoint: 2000 ns, Total: 19900 ns
[195.118s][info ][safepoint      ] Safepoint "Cleanup", Time since last: 1000111491 ns, Reaching safepoint: 6300 ns, Cleanup: 9200 ns, At safepoint: 2100 ns, Total: 17600 ns
[196.118s][info ][safepoint      ] Safepoint "Cleanup", Time since last: 1000113491 ns, Reaching safepoint: 6400 ns, Cleanup: 18100 ns, At safepoint: 2500 ns, Total: 27000 ns
[197.118s][info ][safepoint      ] Safepoint "Cleanup", Time since last: 1000107857 ns, Reaching safepoint: 5900 ns, Cleanup: 12300 ns, At safepoint: 1899 ns, Total: 20099 ns
[198.118s][info ][safepoint      ] Safepoint "Cleanup", Time since last: 1000101237 ns, Reaching safepoint: 6100 ns, Cleanup: 6999 ns, At safepoint: 1800 ns, Total: 14899 ns
[199.118s][info ][safepoint      ] Safepoint "Cleanup", Time since last: 1000107537 ns, Reaching safepoint: 6399 ns, Cleanup: 15900 ns, At safepoint: 1900 ns, Total: 24199 ns
[200.118s][info ][safepoint      ] Safepoint "Cleanup", Time since last: 1000112636 ns, Reaching safepoint: 6500 ns, Cleanup: 8800 ns, At safepoint: 2200 ns, Total: 17500 ns
[201.119s][info ][safepoint      ] Safepoint "Cleanup", Time since last: 1000118336 ns, Reaching safepoint: 6600 ns, Cleanup: 10200 ns, At safepoint: 2100 ns, Total: 18900 ns
[203.119s][info ][safepoint      ] Safepoint "Cleanup", Time since last: 2000174872 ns, Reaching safepoint: 6300 ns, Cleanup: 11100 ns, At safepoint: 2000 ns, Total: 19400 ns
[204.119s][info ][safepoint      ] Safepoint "Cleanup", Time since last: 1000108636 ns, Reaching safepoint: 5800 ns, Cleanup: 11400 ns, At safepoint: 2100 ns, Total: 19300 ns
[205.119s][info ][safepoint      ] Safepoint "Cleanup", Time since last: 1000120065 ns, Reaching safepoint: 5800 ns, Cleanup: 11200 ns, At safepoint: 1700 ns, Total: 18700 ns
[207.119s][info ][safepoint      ] Safepoint "Cleanup", Time since last: 2000173061 ns, Reaching safepoint: 6200 ns, Cleanup: 10400 ns, At safepoint: 2100 ns, Total: 18700 ns
[208.119s][info ][safepoint      ] Safepoint "Cleanup", Time since last: 1000103330 ns, Reaching safepoint: 5700 ns, Cleanup: 10500 ns, At safepoint: 1600 ns, Total: 17800 ns
[209.120s][info ][safepoint      ] Safepoint "Cleanup", Time since last: 1000110330 ns, Reaching safepoint: 7000 ns, Cleanup: 11500 ns, At safepoint: 2300 ns, Total: 20800 ns
[210.120s][info ][safepoint      ] Safepoint "Cleanup", Time since last: 1000112830 ns, Reaching safepoint: 5800 ns, Cleanup: 14500 ns, At safepoint: 2100 ns, Total: 22400 ns
[211.120s][info ][safepoint      ] Safepoint "Cleanup", Time since last: 1000117830 ns, Reaching safepoint: 6000 ns, Cleanup: 13400 ns, At safepoint: 2200 ns, Total: 21600 ns
[212.120s][info ][safepoint      ] Safepoint "Cleanup", Time since last: 1000118830 ns, Reaching safepoint: 6800 ns, Cleanup: 13100 ns, At safepoint: 2000 ns, Total: 21900 ns
[214.120s][info ][safepoint      ] Safepoint "Cleanup", Time since last: 2000143102 ns, Reaching safepoint: 6500 ns, Cleanup: 24099 ns, At safepoint: 2200 ns, Total: 32799 ns
[215.120s][info ][safepoint      ] Safepoint "Cleanup", Time since last: 1000107276 ns, Reaching safepoint: 5600 ns, Cleanup: 25100 ns, At safepoint: 2000 ns, Total: 32700 ns
[216.120s][info ][safepoint      ] Safepoint "Cleanup", Time since last: 1000107775 ns, Reaching safepoint: 6500 ns, Cleanup: 21800 ns, At safepoint: 2100 ns, Total: 30400 ns
[219.121s][info ][safepoint      ] Safepoint "Cleanup", Time since last: 3000243327 ns, Reaching safepoint: 6200 ns, Cleanup: 10700 ns, At safepoint: 2000 ns, Total: 18900 ns
[220.121s][info ][safepoint      ] Safepoint "Cleanup", Time since last: 1000106875 ns, Reaching safepoint: 5700 ns, Cleanup: 26400 ns, At safepoint: 1800 ns, Total: 33900 ns
[222.121s][info ][safepoint      ] Safepoint "Cleanup", Time since last: 2000174855 ns, Reaching safepoint: 6900 ns, Cleanup: 9400 ns, At safepoint: 2100 ns, Total: 18400 ns
[223.121s][info ][safepoint      ] Safepoint "Cleanup", Time since last: 1000110178 ns, Reaching safepoint: 5600 ns, Cleanup: 7200 ns, At safepoint: 1700 ns, Total: 14500 ns
[226.121s][info ][safepoint      ] Safepoint "Cleanup", Time since last: 3000234334 ns, Reaching safepoint: 5900 ns, Cleanup: 17700 ns, At safepoint: 1600 ns, Total: 25200 ns
[227.121s][info ][safepoint      ] Safepoint "Cleanup", Time since last: 1000100678 ns, Reaching safepoint: 6900 ns, Cleanup: 7999 ns, At safepoint: 2000 ns, Total: 16899 ns
[228.544s][info ][safepoint      ] Safepoint "Cleanup", Time since last: 1422895653 ns, Reaching safepoint: 6200 ns, Cleanup: 25399 ns, At safepoint: 1800 ns, Total: 33399 ns
[231.545s][info ][safepoint      ] Safepoint "Cleanup", Time since last: 3000254778 ns, Reaching safepoint: 5800 ns, Cleanup: 38900 ns, At safepoint: 2200 ns, Total: 46900 ns
[232.545s][info ][safepoint      ] Safepoint "Cleanup", Time since last: 1000110326 ns, Reaching safepoint: 5700 ns, Cleanup: 12399 ns, At safepoint: 2200 ns, Total: 20299 ns
[233.545s][info ][safepoint      ] Safepoint "Cleanup", Time since last: 1000114926 ns, Reaching safepoint: 6200 ns, Cleanup: 23300 ns, At safepoint: 2200 ns, Total: 31700 ns
[233.886s][info ][gc,start       ] GC(16) Pause Young (Allocation Failure)
[233.892s][debug][gc,phases      ] GC(16) Scavenge 5.384ms
[233.892s][debug][gc,ref         ] GC(16) ReferenceProcessor::execute queues: 1, RefProcThreadModel::Single, marks_oops_alive: false
[233.892s][debug][gc,ref         ] GC(16) Skipped KeepAliveFinalRefsPhase of Reference Processing: no references
[233.892s][debug][gc,ref         ] GC(16) ReferenceProcessor::execute queues: 1, RefProcThreadModel::Single, marks_oops_alive: false
[233.892s][debug][gc,phases      ] GC(16) Reference Processing 0.114ms
[233.892s][debug][gc,phases      ] GC(16)   VM Weak                        Min:  0.0, Avg:  0.0, Max:  0.0, Diff:  0.0, Sum:  0.0, Workers: 4
[233.892s][debug][gc,phases      ] GC(16)     Dead                           Min: 0, Avg:  0.0, Max: 0, Diff: 0, Sum: 0, Workers: 4
[233.892s][debug][gc,phases      ] GC(16)     Total                          Min: 0, Avg: 250.8, Max: 960, Diff: 960, Sum: 1003, Workers: 4
[233.892s][debug][gc,phases      ] GC(16)   ObjectSynchronizer Weak        Min:  0.0, Avg:  0.0, Max:  0.0, Diff:  0.0, Sum:  0.0, Workers: 4
[233.892s][debug][gc,phases      ] GC(16)     Dead                           Min: 0, Avg:  0.0, Max: 0, Diff: 0, Sum: 0, Workers: 4
[233.892s][debug][gc,phases      ] GC(16)     Total                          Min: 0, Avg:  1.2, Max: 5, Diff: 5, Sum: 5, Workers: 4
[233.892s][debug][gc,phases      ] GC(16)   JVMTI Tag Weak OopStorage      Min:  0.0, Avg:  0.0, Max:  0.0, Diff:  0.0, Sum:  0.0, Workers: 4
[233.892s][debug][gc,phases      ] GC(16)     Dead                           Min: 0, Avg:  0.0, Max: 0, Diff: 0, Sum: 0, Workers: 4
[233.892s][debug][gc,phases      ] GC(16)     Total                          Min: 0, Avg:  0.0, Max: 0, Diff: 0, Sum: 0, Workers: 4
[233.892s][debug][gc,phases      ] GC(16)   StringTable Weak               Min:  0.1, Avg:  0.1, Max:  0.1, Diff:  0.1, Sum:  0.5, Workers: 4
[233.892s][debug][gc,phases      ] GC(16)     Dead                           Min: 0, Avg:  0.5, Max: 1, Diff: 1, Sum: 2, Workers: 4
[233.892s][debug][gc,phases      ] GC(16)     Total                          Min: 6528, Avg: 11211.8, Max: 13824, Diff: 7296, Sum: 44847, Workers: 4
[233.892s][debug][gc,phases      ] GC(16)   ResolvedMethodTable Weak       Min:  0.0, Avg:  0.0, Max:  0.0, Diff:  0.0, Sum:  0.2, Workers: 4
[233.892s][debug][gc,phases      ] GC(16)     Dead                           Min: 1, Avg:  8.8, Max: 16, Diff: 15, Sum: 35, Workers: 4
[233.892s][debug][gc,phases      ] GC(16)     Total                          Min: 3711, Avg: 3849.0, Max: 4032, Diff: 321, Sum: 15396, Workers: 4
[233.892s][debug][gc,phases      ] GC(16)   JNI Weak                       Min:  0.0, Avg:  0.0, Max:  0.0, Diff:  0.0, Sum:  0.0, Workers: 4
[233.892s][debug][gc,phases      ] GC(16)     Dead                           Min: 0, Avg:  0.0, Max: 0, Diff: 0, Sum: 0, Workers: 4
[233.892s][debug][gc,phases      ] GC(16)     Total                          Min: 0, Avg: 12.0, Max: 48, Diff: 48, Sum: 48, Workers: 4
[233.892s][debug][gc,phases      ] GC(16)   StringDedup Table Weak         Min:  0.0, Avg:  0.0, Max:  0.0, Diff:  0.0, Sum:  0.0, Workers: 4
[233.892s][debug][gc,phases      ] GC(16)     Dead                           Min: 0, Avg:  0.0, Max: 0, Diff: 0, Sum: 0, Workers: 4
[233.892s][debug][gc,phases      ] GC(16)     Total                          Min: 0, Avg:  0.0, Max: 0, Diff: 0, Sum: 0, Workers: 4
[233.892s][debug][gc,phases      ] GC(16)   StringDedup Requests0 Weak     Min:  0.0, Avg:  0.0, Max:  0.0, Diff:  0.0, Sum:  0.0, Workers: 4
[233.892s][debug][gc,phases      ] GC(16)     Dead                           Min: 0, Avg:  0.0, Max: 0, Diff: 0, Sum: 0, Workers: 4
[233.892s][debug][gc,phases      ] GC(16)     Total                          Min: 0, Avg:  0.0, Max: 0, Diff: 0, Sum: 0, Workers: 4
[233.892s][debug][gc,phases      ] GC(16)   StringDedup Requests1 Weak     Min:  0.0, Avg:  0.0, Max:  0.0, Diff:  0.0, Sum:  0.0, Workers: 4
[233.892s][debug][gc,phases      ] GC(16)     Dead                           Min: 0, Avg:  0.0, Max: 0, Diff: 0, Sum: 0, Workers: 4
[233.892s][debug][gc,phases      ] GC(16)     Total                          Min: 0, Avg:  0.0, Max: 0, Diff: 0, Sum: 0, Workers: 4
[233.892s][debug][gc,phases      ] GC(16)   Weak JFR Old Object Samples    Min:  0.0, Avg:  0.0, Max:  0.0, Diff:  0.0, Sum:  0.0, Workers: 4
[233.892s][debug][gc,phases      ] GC(16)     Dead                           Min: 0, Avg:  0.0, Max: 0, Diff: 0, Sum: 0, Workers: 4
[233.892s][debug][gc,phases      ] GC(16)     Total                          Min: 0, Avg:  0.0, Max: 0, Diff: 0, Sum: 0, Workers: 4
[233.892s][debug][gc,phases      ] GC(16) Weak Processing 0.393ms
[233.892s][debug][gc,age         ] GC(16) Desired survivor size 247463936 bytes, new threshold 1 (max threshold 15)
[233.892s][info ][gc,heap        ] GC(16) PSYoungGen: 1612720K(1852928K)->2592K(1851904K) Eden: 1607680K(1607680K)->0K(1607680K) From: 5040K(245248K)->2592K(244224K)
[233.892s][info ][gc,heap        ] GC(16) ParOldGen: 258701K(259072K)->261901K(262144K)
[233.892s][info ][gc,metaspace   ] GC(16) Metaspace: 102135K(103424K)->102135K(103424K) NonClass: 86486K(87168K)->86486K(87168K) Class: 15649K(16256K)->15649K(16256K)
[233.892s][info ][gc             ] GC(16) Pause Young (Allocation Failure) 1827M->258M(2064M) 6.005ms
[233.892s][info ][gc,cpu         ] GC(16) User=0.02s Sys=0.00s Real=0.01s
[233.892s][info ][safepoint      ] Safepoint "ParallelGCFailedAllocation", Time since last: 341363080 ns, Reaching safepoint: 6000 ns, Cleanup: 8000 ns, At safepoint: 6068554 ns, Total: 6082554 ns
[234.893s][info ][safepoint      ] Safepoint "Cleanup", Time since last: 1000086526 ns, Reaching safepoint: 6300 ns, Cleanup: 22199 ns, At safepoint: 2000 ns, Total: 30499 ns
[235.893s][info ][safepoint      ] Safepoint "Cleanup", Time since last: 1000119226 ns, Reaching safepoint: 6200 ns, Cleanup: 11800 ns, At safepoint: 2100 ns, Total: 20100 ns
[236.893s][info ][safepoint      ] Safepoint "Cleanup", Time since last: 1000117754 ns, Reaching safepoint: 6600 ns, Cleanup: 10500 ns, At safepoint: 2000 ns, Total: 19100 ns
[239.893s][info ][safepoint      ] Safepoint "Cleanup", Time since last: 3000236589 ns, Reaching safepoint: 6400 ns, Cleanup: 9200 ns, At safepoint: 1800 ns, Total: 17400 ns
[241.133s][info ][safepoint      ] Safepoint "Cleanup", Time since last: 1239640375 ns, Reaching safepoint: 77900 ns, Cleanup: 12100 ns, At safepoint: 6800 ns, Total: 96800 ns
[243.133s][info ][safepoint      ] Safepoint "Cleanup", Time since last: 2000200492 ns, Reaching safepoint: 80200 ns, Cleanup: 8800 ns, At safepoint: 9500 ns, Total: 98500 ns
[244.133s][info ][safepoint      ] Safepoint "Cleanup", Time since last: 1000125696 ns, Reaching safepoint: 79499 ns, Cleanup: 11800 ns, At safepoint: 6300 ns, Total: 97599 ns
[245.134s][info ][safepoint      ] Safepoint "Cleanup", Time since last: 1000115382 ns, Reaching safepoint: 78999 ns, Cleanup: 16700 ns, At safepoint: 8700 ns, Total: 104399 ns
[247.134s][info ][safepoint      ] Safepoint "Cleanup", Time since last: 2000190448 ns, Reaching safepoint: 77200 ns, Cleanup: 19599 ns, At safepoint: 5700 ns, Total: 102499 ns
[248.134s][info ][safepoint      ] Safepoint "Cleanup", Time since last: 1000109674 ns, Reaching safepoint: 80900 ns, Cleanup: 13100 ns, At safepoint: 7100 ns, Total: 101100 ns
[249.134s][info ][safepoint      ] Safepoint "Cleanup", Time since last: 1000113173 ns, Reaching safepoint: 74800 ns, Cleanup: 8200 ns, At safepoint: 7000 ns, Total: 90000 ns
[250.134s][info ][safepoint      ] Safepoint "Cleanup", Time since last: 1000102274 ns, Reaching safepoint: 75299 ns, Cleanup: 12700 ns, At safepoint: 6000 ns, Total: 93999 ns
[251.135s][info ][safepoint      ] Safepoint "Cleanup", Time since last: 1000115574 ns, Reaching safepoint: 76599 ns, Cleanup: 16800 ns, At safepoint: 6100 ns, Total: 99499 ns
[253.135s][info ][safepoint      ] Safepoint "Cleanup", Time since last: 2000200549 ns, Reaching safepoint: 78800 ns, Cleanup: 12199 ns, At safepoint: 6800 ns, Total: 97799 ns
[255.135s][info ][safepoint      ] Safepoint "Cleanup", Time since last: 2000189352 ns, Reaching safepoint: 81499 ns, Cleanup: 12100 ns, At safepoint: 7000 ns, Total: 100599 ns
[256.136s][info ][safepoint      ] Safepoint "Cleanup", Time since last: 1000136076 ns, Reaching safepoint: 83499 ns, Cleanup: 13000 ns, At safepoint: 7100 ns, Total: 103599 ns
[257.136s][info ][safepoint      ] Safepoint "Cleanup", Time since last: 1000135176 ns, Reaching safepoint: 81199 ns, Cleanup: 16500 ns, At safepoint: 7200 ns, Total: 104899 ns
[258.136s][info ][safepoint      ] Safepoint "Cleanup", Time since last: 1000145475 ns, Reaching safepoint: 79700 ns, Cleanup: 13100 ns, At safepoint: 7000 ns, Total: 99800 ns
[260.136s][info ][safepoint      ] Safepoint "Cleanup", Time since last: 2000156851 ns, Reaching safepoint: 80800 ns, Cleanup: 13200 ns, At safepoint: 7000 ns, Total: 101000 ns
[261.136s][info ][safepoint      ] Safepoint "Cleanup", Time since last: 1000114703 ns, Reaching safepoint: 78200 ns, Cleanup: 10600 ns, At safepoint: 6900 ns, Total: 95700 ns
[263.137s][info ][safepoint      ] Safepoint "Cleanup", Time since last: 2000194441 ns, Reaching safepoint: 76900 ns, Cleanup: 14099 ns, At safepoint: 6000 ns, Total: 96999 ns
[264.137s][info ][safepoint      ] Safepoint "Cleanup", Time since last: 1000112721 ns, Reaching safepoint: 79600 ns, Cleanup: 7799 ns, At safepoint: 6900 ns, Total: 94299 ns
[265.137s][info ][safepoint      ] Safepoint "Cleanup", Time since last: 1000113321 ns, Reaching safepoint: 77800 ns, Cleanup: 10699 ns, At safepoint: 7000 ns, Total: 95499 ns
[272.138s][info ][safepoint      ] Safepoint "Cleanup", Time since last: 7000561314 ns, Reaching safepoint: 78999 ns, Cleanup: 7800 ns, At safepoint: 6400 ns, Total: 93199 ns
[275.138s][info ][safepoint      ] Safepoint "Cleanup", Time since last: 3000250618 ns, Reaching safepoint: 6500 ns, Cleanup: 10700 ns, At safepoint: 2000 ns, Total: 19200 ns
[276.138s][info ][safepoint      ] Safepoint "Cleanup", Time since last: 1000098239 ns, Reaching safepoint: 6400 ns, Cleanup: 10800 ns, At safepoint: 1700 ns, Total: 18900 ns
[279.138s][info ][safepoint      ] Safepoint "Cleanup", Time since last: 3000239958 ns, Reaching safepoint: 6100 ns, Cleanup: 8200 ns, At safepoint: 1800 ns, Total: 16100 ns
[281.139s][info ][safepoint      ] Safepoint "Cleanup", Time since last: 2000175367 ns, Reaching safepoint: 6300 ns, Cleanup: 12500 ns, At safepoint: 1700 ns, Total: 20500 ns
[282.139s][info ][safepoint      ] Safepoint "Cleanup", Time since last: 1000104801 ns, Reaching safepoint: 75699 ns, Cleanup: 8500 ns, At safepoint: 5700 ns, Total: 89899 ns
[283.139s][info ][safepoint      ] Safepoint "Cleanup", Time since last: 1000108400 ns, Reaching safepoint: 5900 ns, Cleanup: 13500 ns, At safepoint: 1900 ns, Total: 21300 ns
[286.139s][info ][safepoint      ] Safepoint "Cleanup", Time since last: 3000262008 ns, Reaching safepoint: 80299 ns, Cleanup: 6900 ns, At safepoint: 6900 ns, Total: 94099 ns
[287.139s][info ][safepoint      ] Safepoint "Cleanup", Time since last: 1000122041 ns, Reaching safepoint: 6200 ns, Cleanup: 8900 ns, At safepoint: 2100 ns, Total: 17200 ns
[288.140s][info ][safepoint      ] Safepoint "Cleanup", Time since last: 1000109241 ns, Reaching safepoint: 6300 ns, Cleanup: 10700 ns, At safepoint: 1900 ns, Total: 18900 ns
[289.140s][info ][safepoint      ] Safepoint "Cleanup", Time since last: 1000113541 ns, Reaching safepoint: 6200 ns, Cleanup: 9300 ns, At safepoint: 2000 ns, Total: 17500 ns
[290.140s][info ][safepoint      ] Safepoint "Cleanup", Time since last: 1000110141 ns, Reaching safepoint: 6500 ns, Cleanup: 8600 ns, At safepoint: 1800 ns, Total: 16900 ns
[291.140s][info ][safepoint      ] Safepoint "Cleanup", Time since last: 1000102841 ns, Reaching safepoint: 5100 ns, Cleanup: 11700 ns, At safepoint: 1800 ns, Total: 18600 ns
[293.140s][info ][safepoint      ] Safepoint "Cleanup", Time since last: 2000181347 ns, Reaching safepoint: 6600 ns, Cleanup: 10600 ns, At safepoint: 2000 ns, Total: 19200 ns
[294.140s][info ][safepoint      ] Safepoint "Cleanup", Time since last: 1000104951 ns, Reaching safepoint: 7500 ns, Cleanup: 12600 ns, At safepoint: 1900 ns, Total: 22000 ns
[295.140s][info ][safepoint      ] Safepoint "Cleanup", Time since last: 1000115651 ns, Reaching safepoint: 6700 ns, Cleanup: 9000 ns, At safepoint: 2000 ns, Total: 17700 ns
[296.141s][info ][safepoint      ] Safepoint "Cleanup", Time since last: 1000112951 ns, Reaching safepoint: 5900 ns, Cleanup: 11600 ns, At safepoint: 2100 ns, Total: 19600 ns
[297.533s][info ][gc,start       ] GC(17) Pause Young (Allocation Failure)
[297.536s][debug][gc,phases      ] GC(17) Scavenge 3.095ms
[297.536s][debug][gc,ref         ] GC(17) ReferenceProcessor::execute queues: 1, RefProcThreadModel::Single, marks_oops_alive: false
[297.536s][debug][gc,ref         ] GC(17) Skipped KeepAliveFinalRefsPhase of Reference Processing: no references
[297.536s][debug][gc,ref         ] GC(17) ReferenceProcessor::execute queues: 1, RefProcThreadModel::Single, marks_oops_alive: false
[297.536s][debug][gc,phases      ] GC(17) Reference Processing 0.099ms
[297.537s][debug][gc,phases      ] GC(17)   VM Weak                        Min:  0.0, Avg:  0.0, Max:  0.0, Diff:  0.0, Sum:  0.0, Workers: 4
[297.537s][debug][gc,phases      ] GC(17)     Dead                           Min: 0, Avg:  0.0, Max: 0, Diff: 0, Sum: 0, Workers: 4
[297.537s][debug][gc,phases      ] GC(17)     Total                          Min: 0, Avg: 250.8, Max: 576, Diff: 576, Sum: 1003, Workers: 4
[297.537s][debug][gc,phases      ] GC(17)   ObjectSynchronizer Weak        Min:  0.0, Avg:  0.0, Max:  0.0, Diff:  0.0, Sum:  0.0, Workers: 4
[297.537s][debug][gc,phases      ] GC(17)     Dead                           Min: 0, Avg:  0.0, Max: 0, Diff: 0, Sum: 0, Workers: 4
[297.537s][debug][gc,phases      ] GC(17)     Total                          Min: 0, Avg:  1.0, Max: 4, Diff: 4, Sum: 4, Workers: 4
[297.537s][debug][gc,phases      ] GC(17)   JVMTI Tag Weak OopStorage      Min:  0.0, Avg:  0.0, Max:  0.0, Diff:  0.0, Sum:  0.0, Workers: 4
[297.537s][debug][gc,phases      ] GC(17)     Dead                           Min: 0, Avg:  0.0, Max: 0, Diff: 0, Sum: 0, Workers: 4
[297.537s][debug][gc,phases      ] GC(17)     Total                          Min: 0, Avg:  0.0, Max: 0, Diff: 0, Sum: 0, Workers: 4
[297.537s][debug][gc,phases      ] GC(17)   StringTable Weak               Min:  0.1, Avg:  0.1, Max:  0.1, Diff:  0.0, Sum:  0.4, Workers: 4
[297.537s][debug][gc,phases      ] GC(17)     Dead                           Min: 0, Avg:  0.0, Max: 0, Diff: 0, Sum: 0, Workers: 4
[297.537s][debug][gc,phases      ] GC(17)     Total                          Min: 10879, Avg: 11220.5, Max: 11456, Diff: 577, Sum: 44882, Workers: 4
[297.537s][debug][gc,phases      ] GC(17)   ResolvedMethodTable Weak       Min:  0.0, Avg:  0.0, Max:  0.0, Diff:  0.0, Sum:  0.2, Workers: 4
[297.537s][debug][gc,phases      ] GC(17)     Dead                           Min: 0, Avg:  4.5, Max: 17, Diff: 17, Sum: 18, Workers: 4
[297.537s][debug][gc,phases      ] GC(17)     Total                          Min: 3774, Avg: 3851.0, Max: 3952, Diff: 178, Sum: 15404, Workers: 4
[297.537s][debug][gc,phases      ] GC(17)   JNI Weak                       Min:  0.0, Avg:  0.0, Max:  0.0, Diff:  0.0, Sum:  0.0, Workers: 4
[297.537s][debug][gc,phases      ] GC(17)     Dead                           Min: 0, Avg:  0.0, Max: 0, Diff: 0, Sum: 0, Workers: 4
[297.537s][debug][gc,phases      ] GC(17)     Total                          Min: 0, Avg: 12.0, Max: 48, Diff: 48, Sum: 48, Workers: 4
[297.537s][debug][gc,phases      ] GC(17)   StringDedup Table Weak         Min:  0.0, Avg:  0.0, Max:  0.0, Diff:  0.0, Sum:  0.0, Workers: 4
[297.537s][debug][gc,phases      ] GC(17)     Dead                           Min: 0, Avg:  0.0, Max: 0, Diff: 0, Sum: 0, Workers: 4
[297.537s][debug][gc,phases      ] GC(17)     Total                          Min: 0, Avg:  0.0, Max: 0, Diff: 0, Sum: 0, Workers: 4
[297.537s][debug][gc,phases      ] GC(17)   StringDedup Requests0 Weak     Min:  0.0, Avg:  0.0, Max:  0.0, Diff:  0.0, Sum:  0.0, Workers: 4
[297.537s][debug][gc,phases      ] GC(17)     Dead                           Min: 0, Avg:  0.0, Max: 0, Diff: 0, Sum: 0, Workers: 4
[297.537s][debug][gc,phases      ] GC(17)     Total                          Min: 0, Avg:  0.0, Max: 0, Diff: 0, Sum: 0, Workers: 4
[297.537s][debug][gc,phases      ] GC(17)   StringDedup Requests1 Weak     Min:  0.0, Avg:  0.0, Max:  0.0, Diff:  0.0, Sum:  0.0, Workers: 4
[297.537s][debug][gc,phases      ] GC(17)     Dead                           Min: 0, Avg:  0.0, Max: 0, Diff: 0, Sum: 0, Workers: 4
[297.537s][debug][gc,phases      ] GC(17)     Total                          Min: 0, Avg:  0.0, Max: 0, Diff: 0, Sum: 0, Workers: 4
[297.537s][debug][gc,phases      ] GC(17)   Weak JFR Old Object Samples    Min:  0.0, Avg:  0.0, Max:  0.0, Diff:  0.0, Sum:  0.0, Workers: 4
[297.537s][debug][gc,phases      ] GC(17)     Dead                           Min: 0, Avg:  0.0, Max: 0, Diff: 0, Sum: 0, Workers: 4
[297.537s][debug][gc,phases      ] GC(17)     Total                          Min: 0, Avg:  0.0, Max: 0, Diff: 0, Sum: 0, Workers: 4
[297.537s][debug][gc,phases      ] GC(17) Weak Processing 0.397ms
[297.537s][debug][gc,age         ] GC(17) Desired survivor size 243269632 bytes, new threshold 1 (max threshold 15)
[297.537s][info ][gc,heap        ] GC(17) PSYoungGen: 1610272K(1851904K)->2560K(1859584K) Eden: 1607680K(1607680K)->0K(1617920K) From: 2592K(244224K)->2560K(241664K)
[297.537s][info ][gc,heap        ] GC(17) ParOldGen: 261901K(262144K)->262337K(262656K)
[297.537s][info ][gc,metaspace   ] GC(17) Metaspace: 102273K(103616K)->102273K(103616K) NonClass: 86619K(87360K)->86619K(87360K) Class: 15653K(16256K)->15653K(16256K)
[297.537s][info ][gc             ] GC(17) Pause Young (Allocation Failure) 1828M->258M(2072M) 3.721ms
[297.537s][info ][gc,cpu         ] GC(17) User=0.01s Sys=0.00s Real=0.00s
[297.537s][info ][safepoint      ] Safepoint "ParallelGCFailedAllocation", Time since last: 1392417290 ns, Reaching safepoint: 6400 ns, Cleanup: 9500 ns, At safepoint: 3785572 ns, Total: 3801472 ns
[299.537s][info ][safepoint      ] Safepoint "Cleanup", Time since last: 2000177602 ns, Reaching safepoint: 80600 ns, Cleanup: 9000 ns, At safepoint: 7000 ns, Total: 96600 ns
[301.150s][info ][safepoint      ] Safepoint "Cleanup", Time since last: 1612734645 ns, Reaching safepoint: 291098 ns, Cleanup: 104600 ns, At safepoint: 6799 ns, Total: 402497 ns
[302.150s][info ][safepoint      ] Safepoint "Cleanup", Time since last: 1000136083 ns, Reaching safepoint: 6800 ns, Cleanup: 30300 ns, At safepoint: 2500 ns, Total: 39600 ns
[303.151s][info ][safepoint      ] Safepoint "Cleanup", Time since last: 1000123683 ns, Reaching safepoint: 8000 ns, Cleanup: 11300 ns, At safepoint: 2600 ns, Total: 21900 ns
[304.151s][info ][safepoint      ] Safepoint "Cleanup", Time since last: 1000124483 ns, Reaching safepoint: 7100 ns, Cleanup: 27200 ns, At safepoint: 2400 ns, Total: 36700 ns
[305.151s][info ][safepoint      ] Safepoint "Cleanup", Time since last: 1000127582 ns, Reaching safepoint: 7100 ns, Cleanup: 12400 ns, At safepoint: 2100 ns, Total: 21600 ns
[306.151s][info ][safepoint      ] Safepoint "Cleanup", Time since last: 1000124283 ns, Reaching safepoint: 7700 ns, Cleanup: 17600 ns, At safepoint: 2600 ns, Total: 27900 ns
[307.151s][info ][safepoint      ] Safepoint "Cleanup", Time since last: 1000112183 ns, Reaching safepoint: 5600 ns, Cleanup: 16000 ns, At safepoint: 1600 ns, Total: 23200 ns
[308.152s][info ][safepoint      ] Safepoint "Cleanup", Time since last: 1000468380 ns, Reaching safepoint: 7400 ns, Cleanup: 36100 ns, At safepoint: 2400 ns, Total: 45900 ns
[309.152s][info ][safepoint      ] Safepoint "Cleanup", Time since last: 1000119068 ns, Reaching safepoint: 6700 ns, Cleanup: 22400 ns, At safepoint: 3000 ns, Total: 32100 ns
[310.152s][info ][safepoint      ] Safepoint "Cleanup", Time since last: 1000110958 ns, Reaching safepoint: 7400 ns, Cleanup: 54400 ns, At safepoint: 3200 ns, Total: 65000 ns
[311.152s][info ][safepoint      ] Safepoint "Cleanup", Time since last: 1000120658 ns, Reaching safepoint: 7400 ns, Cleanup: 112299 ns, At safepoint: 3700 ns, Total: 123399 ns
[312.152s][info ][safepoint      ] Safepoint "Cleanup", Time since last: 1000114658 ns, Reaching safepoint: 6900 ns, Cleanup: 62099 ns, At safepoint: 2100 ns, Total: 71099 ns
[313.153s][info ][safepoint      ] Safepoint "Cleanup", Time since last: 1000257957 ns, Reaching safepoint: 83400 ns, Cleanup: 30499 ns, At safepoint: 12900 ns, Total: 126799 ns
[313.764s][info ][safepoint      ] Safepoint "ICBufferFull", Time since last: 610615896 ns, Reaching safepoint: 156898 ns, Cleanup: 143399 ns, At safepoint: 21100 ns, Total: 321397 ns
[314.412s][info ][gc,start       ] GC(18) Pause Young (CodeCache GC Threshold)
[314.424s][debug][gc,phases      ] GC(18) Scavenge 12.369ms
[314.424s][debug][gc,ref         ] GC(18) ReferenceProcessor::execute queues: 1, RefProcThreadModel::Single, marks_oops_alive: false
[314.424s][debug][gc,ref         ] GC(18) Skipped KeepAliveFinalRefsPhase of Reference Processing: no references
[314.424s][debug][gc,ref         ] GC(18) ReferenceProcessor::execute queues: 1, RefProcThreadModel::Single, marks_oops_alive: false
[314.424s][debug][gc,phases      ] GC(18) Reference Processing 0.132ms
[314.424s][debug][gc,phases      ] GC(18)   VM Weak                        Min:  0.0, Avg:  0.0, Max:  0.0, Diff:  0.0, Sum:  0.0, Workers: 4
[314.424s][debug][gc,phases      ] GC(18)     Dead                           Min: 0, Avg:  0.0, Max: 0, Diff: 0, Sum: 0, Workers: 4
[314.424s][debug][gc,phases      ] GC(18)     Total                          Min: 0, Avg: 251.0, Max: 556, Diff: 556, Sum: 1004, Workers: 4
[314.424s][debug][gc,phases      ] GC(18)   ObjectSynchronizer Weak        Min:  0.0, Avg:  0.0, Max:  0.0, Diff:  0.0, Sum:  0.0, Workers: 4
[314.425s][debug][gc,phases      ] GC(18)     Dead                           Min: 0, Avg:  1.0, Max: 4, Diff: 4, Sum: 4, Workers: 4
[314.425s][debug][gc,phases      ] GC(18)     Total                          Min: 0, Avg:  2.2, Max: 9, Diff: 9, Sum: 9, Workers: 4
[314.425s][debug][gc,phases      ] GC(18)   JVMTI Tag Weak OopStorage      Min:  0.0, Avg:  0.0, Max:  0.0, Diff:  0.0, Sum:  0.0, Workers: 4
[314.425s][debug][gc,phases      ] GC(18)     Dead                           Min: 0, Avg:  0.0, Max: 0, Diff: 0, Sum: 0, Workers: 4
[314.425s][debug][gc,phases      ] GC(18)     Total                          Min: 0, Avg:  0.0, Max: 0, Diff: 0, Sum: 0, Workers: 4
[314.425s][debug][gc,phases      ] GC(18)   StringTable Weak               Min:  0.0, Avg:  0.1, Max:  0.1, Diff:  0.1, Sum:  0.4, Workers: 4
[314.425s][debug][gc,phases      ] GC(18)     Dead                           Min: 0, Avg:  0.5, Max: 2, Diff: 2, Sum: 2, Workers: 4
[314.425s][debug][gc,phases      ] GC(18)     Total                          Min: 0, Avg: 11287.0, Max: 19648, Diff: 19648, Sum: 45148, Workers: 4
[314.425s][debug][gc,phases      ] GC(18)   ResolvedMethodTable Weak       Min:  0.0, Avg:  0.0, Max:  0.1, Diff:  0.1, Sum:  0.1, Workers: 4
[314.425s][debug][gc,phases      ] GC(18)     Dead                           Min: 0, Avg:  9.5, Max: 22, Diff: 22, Sum: 38, Workers: 4
[314.425s][debug][gc,phases      ] GC(18)     Total                          Min: 0, Avg: 3882.5, Max: 6764, Diff: 6764, Sum: 15530, Workers: 4
[314.425s][debug][gc,phases      ] GC(18)   JNI Weak                       Min:  0.0, Avg:  0.0, Max:  0.0, Diff:  0.0, Sum:  0.0, Workers: 4
[314.425s][debug][gc,phases      ] GC(18)     Dead                           Min: 0, Avg:  0.0, Max: 0, Diff: 0, Sum: 0, Workers: 4
[314.425s][debug][gc,phases      ] GC(18)     Total                          Min: 0, Avg: 12.2, Max: 49, Diff: 49, Sum: 49, Workers: 4
[314.425s][debug][gc,phases      ] GC(18)   StringDedup Table Weak         Min:  0.0, Avg:  0.0, Max:  0.0, Diff:  0.0, Sum:  0.0, Workers: 4
[314.425s][debug][gc,phases      ] GC(18)     Dead                           Min: 0, Avg:  0.0, Max: 0, Diff: 0, Sum: 0, Workers: 4
[314.425s][debug][gc,phases      ] GC(18)     Total                          Min: 0, Avg:  0.0, Max: 0, Diff: 0, Sum: 0, Workers: 4
[314.425s][debug][gc,phases      ] GC(18)   StringDedup Requests0 Weak     Min:  0.0, Avg:  0.0, Max:  0.0, Diff:  0.0, Sum:  0.0, Workers: 4
[314.425s][debug][gc,phases      ] GC(18)     Dead                           Min: 0, Avg:  0.0, Max: 0, Diff: 0, Sum: 0, Workers: 4
[314.425s][debug][gc,phases      ] GC(18)     Total                          Min: 0, Avg:  0.0, Max: 0, Diff: 0, Sum: 0, Workers: 4
[314.425s][debug][gc,phases      ] GC(18)   StringDedup Requests1 Weak     Min:  0.0, Avg:  0.0, Max:  0.0, Diff:  0.0, Sum:  0.0, Workers: 4
[314.425s][debug][gc,phases      ] GC(18)     Dead                           Min: 0, Avg:  0.0, Max: 0, Diff: 0, Sum: 0, Workers: 4
[314.425s][debug][gc,phases      ] GC(18)     Total                          Min: 0, Avg:  0.0, Max: 0, Diff: 0, Sum: 0, Workers: 4
[314.425s][debug][gc,phases      ] GC(18)   Weak JFR Old Object Samples    Min:  0.0, Avg:  0.0, Max:  0.0, Diff:  0.0, Sum:  0.0, Workers: 4
[314.425s][debug][gc,phases      ] GC(18)     Dead                           Min: 0, Avg:  0.0, Max: 0, Diff: 0, Sum: 0, Workers: 4
[314.425s][debug][gc,phases      ] GC(18)     Total                          Min: 0, Avg:  0.0, Max: 0, Diff: 0, Sum: 0, Workers: 4
[314.425s][debug][gc,phases      ] GC(18) Weak Processing 0.403ms
[314.425s][debug][gc,age         ] GC(18) Desired survivor size 233308160 bytes, new threshold 1 (max threshold 15)
[314.425s][info ][gc,heap        ] GC(18) PSYoungGen: 945484K(1859584K)->23552K(1855488K) Eden: 942924K(1617920K)->0K(1617920K) From: 2560K(241664K)->23552K(237568K)
[314.425s][info ][gc,heap        ] GC(18) ParOldGen: 262337K(262656K)->262857K(263168K)
[314.425s][info ][gc,metaspace   ] GC(18) Metaspace: 102815K(104192K)->102815K(104192K) NonClass: 87091K(87872K)->87091K(87872K) Class: 15724K(16320K)->15724K(16320K)
[314.425s][info ][gc             ] GC(18) Pause Young (CodeCache GC Threshold) 1179M->279M(2069M) 13.038ms
[314.425s][info ][gc,cpu         ] GC(18) User=0.05s Sys=0.01s Real=0.02s
[314.425s][debug][gc,phases      ] GC(19) Pre Compact 0.009ms
[314.425s][info ][gc,start       ] GC(19) Pause Full (CodeCache GC Threshold)
[314.425s][info ][gc,phases,start] GC(19) Marking Phase
[314.528s][debug][gc,phases      ] GC(19) Par Mark 103.694ms
[314.529s][debug][gc,ref         ] GC(19) ReferenceProcessor::execute queues: 4, RefProcThreadModel::Multi, marks_oops_alive: false
[314.530s][debug][gc,ref         ] GC(19) ReferenceProcessor::execute queues: 4, RefProcThreadModel::Multi, marks_oops_alive: true
[314.530s][debug][gc,ref         ] GC(19) ReferenceProcessor::execute queues: 1, RefProcThreadModel::Single, marks_oops_alive: false
[314.530s][debug][gc,phases      ] GC(19) Reference Processing 1.441ms
[314.530s][debug][gc,phases      ] GC(19)   VM Weak                        Min:  0.0, Avg:  0.0, Max:  0.0, Diff:  0.0, Sum:  0.0, Workers: 4
[314.530s][debug][gc,phases      ] GC(19)     Dead                           Min: 0, Avg:  0.0, Max: 0, Diff: 0, Sum: 0, Workers: 4
[314.530s][debug][gc,phases      ] GC(19)     Total                          Min: 64, Avg: 251.0, Max: 512, Diff: 448, Sum: 1004, Workers: 4
[314.530s][debug][gc,phases      ] GC(19)   ObjectSynchronizer Weak        Min:  0.0, Avg:  0.0, Max:  0.0, Diff:  0.0, Sum:  0.0, Workers: 4
[314.530s][debug][gc,phases      ] GC(19)     Dead                           Min: 0, Avg:  0.0, Max: 0, Diff: 0, Sum: 0, Workers: 4
[314.530s][debug][gc,phases      ] GC(19)     Total                          Min: 0, Avg:  2.2, Max: 9, Diff: 9, Sum: 9, Workers: 4
[314.530s][debug][gc,phases      ] GC(19)   JVMTI Tag Weak OopStorage      Min:  0.0, Avg:  0.0, Max:  0.0, Diff:  0.0, Sum:  0.0, Workers: 4
[314.530s][debug][gc,phases      ] GC(19)     Dead                           Min: 0, Avg:  0.0, Max: 0, Diff: 0, Sum: 0, Workers: 4
[314.530s][debug][gc,phases      ] GC(19)     Total                          Min: 0, Avg:  0.0, Max: 0, Diff: 0, Sum: 0, Workers: 4
[314.530s][debug][gc,phases      ] GC(19)   StringTable Weak               Min:  0.2, Avg:  0.2, Max:  0.2, Diff:  0.0, Sum:  0.7, Workers: 4
[314.530s][debug][gc,phases      ] GC(19)     Dead                           Min: 0, Avg:  0.0, Max: 0, Diff: 0, Sum: 0, Workers: 4
[314.530s][debug][gc,phases      ] GC(19)     Total                          Min: 10780, Avg: 11287.0, Max: 11584, Diff: 804, Sum: 45148, Workers: 4
[314.530s][debug][gc,phases      ] GC(19)   ResolvedMethodTable Weak       Min:  0.0, Avg:  0.1, Max:  0.1, Diff:  0.0, Sum:  0.2, Workers: 4
[314.530s][debug][gc,phases      ] GC(19)     Dead                           Min: 0, Avg:  0.0, Max: 0, Diff: 0, Sum: 0, Workers: 4
[314.530s][debug][gc,phases      ] GC(19)     Total                          Min: 3774, Avg: 3882.5, Max: 3967, Diff: 193, Sum: 15530, Workers: 4
[314.530s][debug][gc,phases      ] GC(19)   JNI Weak                       Min:  0.0, Avg:  0.0, Max:  0.0, Diff:  0.0, Sum:  0.0, Workers: 4
[314.530s][debug][gc,phases      ] GC(19)     Dead                           Min: 0, Avg:  0.0, Max: 0, Diff: 0, Sum: 0, Workers: 4
[314.530s][debug][gc,phases      ] GC(19)     Total                          Min: 0, Avg: 12.2, Max: 49, Diff: 49, Sum: 49, Workers: 4
[314.530s][debug][gc,phases      ] GC(19)   StringDedup Table Weak         Min:  0.0, Avg:  0.0, Max:  0.0, Diff:  0.0, Sum:  0.0, Workers: 4
[314.530s][debug][gc,phases      ] GC(19)     Dead                           Min: 0, Avg:  0.0, Max: 0, Diff: 0, Sum: 0, Workers: 4
[314.530s][debug][gc,phases      ] GC(19)     Total                          Min: 0, Avg:  0.0, Max: 0, Diff: 0, Sum: 0, Workers: 4
[314.530s][debug][gc,phases      ] GC(19)   StringDedup Requests0 Weak     Min:  0.0, Avg:  0.0, Max:  0.0, Diff:  0.0, Sum:  0.0, Workers: 4
[314.530s][debug][gc,phases      ] GC(19)     Dead                           Min: 0, Avg:  0.0, Max: 0, Diff: 0, Sum: 0, Workers: 4
[314.530s][debug][gc,phases      ] GC(19)     Total                          Min: 0, Avg:  0.0, Max: 0, Diff: 0, Sum: 0, Workers: 4
[314.530s][debug][gc,phases      ] GC(19)   StringDedup Requests1 Weak     Min:  0.0, Avg:  0.0, Max:  0.0, Diff:  0.0, Sum:  0.0, Workers: 4
[314.530s][debug][gc,phases      ] GC(19)     Dead                           Min: 0, Avg:  0.0, Max: 0, Diff: 0, Sum: 0, Workers: 4
[314.530s][debug][gc,phases      ] GC(19)     Total                          Min: 0, Avg:  0.0, Max: 0, Diff: 0, Sum: 0, Workers: 4
[314.530s][debug][gc,phases      ] GC(19)   Weak JFR Old Object Samples    Min:  0.0, Avg:  0.0, Max:  0.0, Diff:  0.0, Sum:  0.0, Workers: 4
[314.530s][debug][gc,phases      ] GC(19)     Dead                           Min: 0, Avg:  0.0, Max: 0, Diff: 0, Sum: 0, Workers: 4
[314.530s][debug][gc,phases      ] GC(19)     Total                          Min: 0, Avg:  0.0, Max: 0, Diff: 0, Sum: 0, Workers: 4
[314.530s][debug][gc,phases      ] GC(19) Weak Processing 0.452ms
[314.531s][debug][gc,phases      ] GC(19) ClassLoaderData 0.126ms
[314.531s][debug][gc,phases      ] GC(19) Trigger cleanups 0.000ms
[314.582s][debug][gc,phases      ] GC(19) Purge Unlinked NMethods 1.847ms
[314.582s][debug][gc,phases      ] GC(19) Unregister NMethods 0.001ms
[314.583s][debug][gc,phases      ] GC(19) Free Code Blobs 0.261ms
[314.583s][debug][gc,phases      ] GC(19) Class Unloading 52.384ms
[314.583s][debug][gc,phases      ] GC(19) Report Object Count 0.001ms
[314.583s][info ][gc,phases      ] GC(19) Marking Phase 158.038ms
[314.583s][info ][gc,phases,start] GC(19) Summary Phase
[314.583s][info ][gc,phases      ] GC(19) Summary Phase 0.009ms
[314.583s][info ][gc,phases,start] GC(19) Adjust Roots
[314.606s][info ][gc,phases      ] GC(19) Adjust Roots 23.544ms
[314.606s][info ][gc,phases,start] GC(19) Compaction Phase
[314.747s][info ][gc,phases      ] GC(19) Compaction Phase 140.127ms
[314.747s][info ][gc,phases,start] GC(19) Post Compact
[314.748s][debug][gc,phases      ] GC(19) Purge Class Loader Data 0.523ms
[314.748s][info ][gc,phases      ] GC(19) Post Compact 1.179ms
[314.748s][info ][gc,heap        ] GC(19) PSYoungGen: 23552K(1855488K)->9951K(1855488K) Eden: 0K(1617920K)->0K(1617920K) From: 23552K(237568K)->9951K(237568K)
[314.748s][info ][gc,heap        ] GC(19) ParOldGen: 262857K(263168K)->262945K(263168K)
[314.748s][info ][gc,metaspace   ] GC(19) Metaspace: 102815K(104192K)->102815K(104192K) NonClass: 87091K(87872K)->87091K(87872K) Class: 15724K(16320K)->15724K(16320K)
[314.748s][info ][gc             ] GC(19) Pause Full (CodeCache GC Threshold) 279M->266M(2069M) 323.023ms
[314.748s][info ][gc,cpu         ] GC(19) User=0.91s Sys=0.01s Real=0.32s
[314.748s][info ][safepoint      ] Safepoint "ParallelGCSystemGC", Time since last: 647840515 ns, Reaching safepoint: 8100 ns, Cleanup: 33800 ns, At safepoint: 336206964 ns, Total: 336248864 ns
[315.748s][info ][safepoint      ] Safepoint "Cleanup", Time since last: 1000103858 ns, Reaching safepoint: 7200 ns, Cleanup: 155899 ns, At safepoint: 4000 ns, Total: 167099 ns
[316.748s][info ][safepoint      ] Safepoint "Cleanup", Time since last: 1000111285 ns, Reaching safepoint: 152299 ns, Cleanup: 21400 ns, At safepoint: 6500 ns, Total: 180199 ns
[317.748s][info ][safepoint      ] Safepoint "Cleanup", Time since last: 1000100120 ns, Reaching safepoint: 6500 ns, Cleanup: 7400 ns, At safepoint: 1700 ns, Total: 15600 ns
[318.749s][info ][safepoint      ] Safepoint "Cleanup", Time since last: 1000106120 ns, Reaching safepoint: 6800 ns, Cleanup: 75099 ns, At safepoint: 1900 ns, Total: 83799 ns
[319.749s][info ][safepoint      ] Safepoint "Cleanup", Time since last: 1000111020 ns, Reaching safepoint: 6400 ns, Cleanup: 56899 ns, At safepoint: 1900 ns, Total: 65199 ns
[320.749s][info ][safepoint      ] Safepoint "Cleanup", Time since last: 1000111420 ns, Reaching safepoint: 7200 ns, Cleanup: 44100 ns, At safepoint: 2200 ns, Total: 53500 ns
[321.749s][info ][safepoint      ] Safepoint "Cleanup", Time since last: 1000102020 ns, Reaching safepoint: 6300 ns, Cleanup: 33099 ns, At safepoint: 1700 ns, Total: 41099 ns
[322.849s][info ][safepoint      ] Safepoint "Cleanup", Time since last: 1099225189 ns, Reaching safepoint: 75499 ns, Cleanup: 45900 ns, At safepoint: 6900 ns, Total: 128299 ns
[323.849s][info ][safepoint      ] Safepoint "Cleanup", Time since last: 1000090220 ns, Reaching safepoint: 6100 ns, Cleanup: 36099 ns, At safepoint: 1900 ns, Total: 44099 ns
[324.849s][info ][safepoint      ] Safepoint "Cleanup", Time since last: 1000104283 ns, Reaching safepoint: 6800 ns, Cleanup: 22600 ns, At safepoint: 1800 ns, Total: 31200 ns
[325.849s][info ][safepoint      ] Safepoint "Cleanup", Time since last: 1000113376 ns, Reaching safepoint: 7300 ns, Cleanup: 28499 ns, At safepoint: 2000 ns, Total: 37799 ns
[326.849s][info ][safepoint      ] Safepoint "Cleanup", Time since last: 1000108476 ns, Reaching safepoint: 6600 ns, Cleanup: 13800 ns, At safepoint: 1800 ns, Total: 22200 ns
[327.849s][info ][safepoint      ] Safepoint "Cleanup", Time since last: 1000107176 ns, Reaching safepoint: 7900 ns, Cleanup: 15200 ns, At safepoint: 2000 ns, Total: 25100 ns
[328.082s][info ][gc,start       ] GC(20) Pause Young (Allocation Failure)
[328.134s][debug][gc,phases      ] GC(20) Scavenge 51.749ms
[328.134s][debug][gc,ref         ] GC(20) ReferenceProcessor::execute queues: 1, RefProcThreadModel::Single, marks_oops_alive: false
[328.134s][debug][gc,ref         ] GC(20) Skipped KeepAliveFinalRefsPhase of Reference Processing: no references
[328.134s][debug][gc,ref         ] GC(20) ReferenceProcessor::execute queues: 1, RefProcThreadModel::Single, marks_oops_alive: false
[328.134s][debug][gc,phases      ] GC(20) Reference Processing 0.106ms
[328.134s][debug][gc,phases      ] GC(20)   VM Weak                        Min:  0.0, Avg:  0.0, Max:  0.0, Diff:  0.0, Sum:  0.0, Workers: 4
[328.134s][debug][gc,phases      ] GC(20)     Dead                           Min: 0, Avg:  0.0, Max: 0, Diff: 0, Sum: 0, Workers: 4
[328.134s][debug][gc,phases      ] GC(20)     Total                          Min: 0, Avg: 251.0, Max: 1004, Diff: 1004, Sum: 1004, Workers: 4
[328.134s][debug][gc,phases      ] GC(20)   ObjectSynchronizer Weak        Min:  0.0, Avg:  0.0, Max:  0.0, Diff:  0.0, Sum:  0.0, Workers: 4
[328.134s][debug][gc,phases      ] GC(20)     Dead                           Min: 0, Avg:  0.0, Max: 0, Diff: 0, Sum: 0, Workers: 4
[328.134s][debug][gc,phases      ] GC(20)     Total                          Min: 0, Avg:  2.2, Max: 9, Diff: 9, Sum: 9, Workers: 4
[328.134s][debug][gc,phases      ] GC(20)   JVMTI Tag Weak OopStorage      Min:  0.0, Avg:  0.0, Max:  0.0, Diff:  0.0, Sum:  0.0, Workers: 4
[328.134s][debug][gc,phases      ] GC(20)     Dead                           Min: 0, Avg:  0.0, Max: 0, Diff: 0, Sum: 0, Workers: 4
[328.134s][debug][gc,phases      ] GC(20)     Total                          Min: 0, Avg:  0.0, Max: 0, Diff: 0, Sum: 0, Workers: 4
[328.134s][debug][gc,phases      ] GC(20)   StringTable Weak               Min:  0.0, Avg:  0.1, Max:  0.1, Diff:  0.1, Sum:  0.4, Workers: 4
[328.134s][debug][gc,phases      ] GC(20)     Dead                           Min: 0, Avg:  0.5, Max: 1, Diff: 1, Sum: 2, Workers: 4
[328.134s][debug][gc,phases      ] GC(20)     Total                          Min: 0, Avg: 11299.0, Max: 19725, Diff: 19725, Sum: 45196, Workers: 4
[328.134s][debug][gc,phases      ] GC(20)   ResolvedMethodTable Weak       Min:  0.0, Avg:  0.0, Max:  0.0, Diff:  0.0, Sum:  0.1, Workers: 4
[328.134s][debug][gc,phases      ] GC(20)     Dead                           Min: 0, Avg:  1.5, Max: 5, Diff: 5, Sum: 6, Workers: 4
[328.134s][debug][gc,phases      ] GC(20)     Total                          Min: 0, Avg: 3887.2, Max: 6462, Diff: 6462, Sum: 15549, Workers: 4
[328.134s][debug][gc,phases      ] GC(20)   JNI Weak                       Min:  0.0, Avg:  0.0, Max:  0.0, Diff:  0.0, Sum:  0.0, Workers: 4
[328.134s][debug][gc,phases      ] GC(20)     Dead                           Min: 0, Avg:  0.0, Max: 0, Diff: 0, Sum: 0, Workers: 4
[328.134s][debug][gc,phases      ] GC(20)     Total                          Min: 0, Avg: 12.0, Max: 48, Diff: 48, Sum: 48, Workers: 4
[328.134s][debug][gc,phases      ] GC(20)   StringDedup Table Weak         Min:  0.0, Avg:  0.0, Max:  0.0, Diff:  0.0, Sum:  0.0, Workers: 4
[328.134s][debug][gc,phases      ] GC(20)     Dead                           Min: 0, Avg:  0.0, Max: 0, Diff: 0, Sum: 0, Workers: 4
[328.135s][debug][gc,phases      ] GC(20)     Total                          Min: 0, Avg:  0.0, Max: 0, Diff: 0, Sum: 0, Workers: 4
[328.135s][debug][gc,phases      ] GC(20)   StringDedup Requests0 Weak     Min:  0.0, Avg:  0.0, Max:  0.0, Diff:  0.0, Sum:  0.0, Workers: 4
[328.135s][debug][gc,phases      ] GC(20)     Dead                           Min: 0, Avg:  0.0, Max: 0, Diff: 0, Sum: 0, Workers: 4
[328.135s][debug][gc,phases      ] GC(20)     Total                          Min: 0, Avg:  0.0, Max: 0, Diff: 0, Sum: 0, Workers: 4
[328.135s][debug][gc,phases      ] GC(20)   StringDedup Requests1 Weak     Min:  0.0, Avg:  0.0, Max:  0.0, Diff:  0.0, Sum:  0.0, Workers: 4
[328.135s][debug][gc,phases      ] GC(20)     Dead                           Min: 0, Avg:  0.0, Max: 0, Diff: 0, Sum: 0, Workers: 4
[328.135s][debug][gc,phases      ] GC(20)     Total                          Min: 0, Avg:  0.0, Max: 0, Diff: 0, Sum: 0, Workers: 4
[328.135s][debug][gc,phases      ] GC(20)   Weak JFR Old Object Samples    Min:  0.0, Avg:  0.0, Max:  0.0, Diff:  0.0, Sum:  0.0, Workers: 4
[328.135s][debug][gc,phases      ] GC(20)     Dead                           Min: 0, Avg:  0.0, Max: 0, Diff: 0, Sum: 0, Workers: 4
[328.135s][debug][gc,phases      ] GC(20)     Total                          Min: 0, Avg:  0.0, Max: 0, Diff: 0, Sum: 0, Workers: 4
[328.135s][debug][gc,phases      ] GC(20) Weak Processing 0.385ms
[328.135s][debug][gc,age         ] GC(20) Desired survivor size 219152384 bytes, new threshold 1 (max threshold 15)
[328.135s][info ][gc,heap        ] GC(20) PSYoungGen: 1627871K(1855488K)->47344K(1883136K) Eden: 1617920K(1617920K)->0K(1655296K) From: 9951K(237568K)->47344K(227840K)
[328.135s][info ][gc,heap        ] GC(20) ParOldGen: 262945K(263168K)->271586K(271872K)
[328.135s][info ][gc,metaspace   ] GC(20) Metaspace: 103041K(104384K)->103041K(104384K) NonClass: 87296K(88064K)->87296K(88064K) Class: 15745K(16320K)->15745K(16320K)
[328.135s][info ][gc             ] GC(20) Pause Young (Allocation Failure) 1846M->311M(2104M) 52.368ms
[328.135s][info ][gc,cpu         ] GC(20) User=0.18s Sys=0.00s Real=0.06s
[328.135s][info ][safepoint      ] Safepoint "ParallelGCFailedAllocation", Time since last: 232981047 ns, Reaching safepoint: 6600 ns, Cleanup: 8000 ns, At safepoint: 52444106 ns, Total: 52458706 ns
[329.135s][info ][safepoint      ] Safepoint "Cleanup", Time since last: 1000103376 ns, Reaching safepoint: 83699 ns, Cleanup: 9600 ns, At safepoint: 7100 ns, Total: 100399 ns
[330.135s][info ][safepoint      ] Safepoint "Cleanup", Time since last: 1000126776 ns, Reaching safepoint: 103399 ns, Cleanup: 43400 ns, At safepoint: 11500 ns, Total: 158299 ns
[331.135s][info ][safepoint      ] Safepoint "Cleanup", Time since last: 1000114576 ns, Reaching safepoint: 79799 ns, Cleanup: 12800 ns, At safepoint: 5300 ns, Total: 97899 ns
[332.136s][info ][safepoint      ] Safepoint "Cleanup", Time since last: 1000113176 ns, Reaching safepoint: 82299 ns, Cleanup: 15900 ns, At safepoint: 6200 ns, Total: 104399 ns
[333.136s][info ][safepoint      ] Safepoint "Cleanup", Time since last: 1000118782 ns, Reaching safepoint: 80299 ns, Cleanup: 7700 ns, At safepoint: 6900 ns, Total: 94899 ns
[334.136s][info ][safepoint      ] Safepoint "Cleanup", Time since last: 1000122287 ns, Reaching safepoint: 81299 ns, Cleanup: 8500 ns, At safepoint: 7400 ns, Total: 97199 ns
[336.136s][info ][safepoint      ] Safepoint "Cleanup", Time since last: 2000221173 ns, Reaching safepoint: 81799 ns, Cleanup: 12700 ns, At safepoint: 7200 ns, Total: 101699 ns
[337.137s][info ][safepoint      ] Safepoint "Cleanup", Time since last: 1000128087 ns, Reaching safepoint: 81099 ns, Cleanup: 14900 ns, At safepoint: 6800 ns, Total: 102799 ns
[338.137s][info ][safepoint      ] Safepoint "Cleanup", Time since last: 1000109187 ns, Reaching safepoint: 6300 ns, Cleanup: 20600 ns, At safepoint: 5699 ns, Total: 32599 ns
[339.137s][info ][safepoint      ] Safepoint "Cleanup", Time since last: 1000104087 ns, Reaching safepoint: 77500 ns, Cleanup: 17299 ns, At safepoint: 5700 ns, Total: 100499 ns
[340.137s][info ][safepoint      ] Safepoint "Cleanup", Time since last: 1000109887 ns, Reaching safepoint: 6200 ns, Cleanup: 23200 ns, At safepoint: 1700 ns, Total: 31100 ns
[341.137s][info ][safepoint      ] Safepoint "Cleanup", Time since last: 1000118388 ns, Reaching safepoint: 80299 ns, Cleanup: 19900 ns, At safepoint: 12100 ns, Total: 112299 ns
[342.137s][info ][safepoint      ] Safepoint "Cleanup", Time since last: 1000111289 ns, Reaching safepoint: 6700 ns, Cleanup: 9800 ns, At safepoint: 2000 ns, Total: 18500 ns
[343.138s][info ][safepoint      ] Safepoint "Cleanup", Time since last: 1000120989 ns, Reaching safepoint: 83999 ns, Cleanup: 8900 ns, At safepoint: 7000 ns, Total: 99899 ns
[345.138s][info ][safepoint      ] Safepoint "Cleanup", Time since last: 2000172478 ns, Reaching safepoint: 6100 ns, Cleanup: 5400 ns, At safepoint: 1600 ns, Total: 13100 ns
[347.138s][info ][safepoint      ] Safepoint "Cleanup", Time since last: 2000175779 ns, Reaching safepoint: 7899 ns, Cleanup: 8000 ns, At safepoint: 2400 ns, Total: 18299 ns
[349.138s][info ][safepoint      ] Safepoint "Cleanup", Time since last: 2000191479 ns, Reaching safepoint: 7200 ns, Cleanup: 9700 ns, At safepoint: 2100 ns, Total: 19000 ns
[352.138s][info ][safepoint      ] Safepoint "Cleanup", Time since last: 3000261268 ns, Reaching safepoint: 7200 ns, Cleanup: 16000 ns, At safepoint: 2000 ns, Total: 25200 ns
[354.139s][info ][safepoint      ] Safepoint "Cleanup", Time since last: 2000187679 ns, Reaching safepoint: 6700 ns, Cleanup: 10900 ns, At safepoint: 2100 ns, Total: 19700 ns
[356.139s][info ][safepoint      ] Safepoint "Cleanup", Time since last: 2000195179 ns, Reaching safepoint: 6700 ns, Cleanup: 11499 ns, At safepoint: 2500 ns, Total: 20699 ns
[357.139s][info ][safepoint      ] Safepoint "Cleanup", Time since last: 1000120564 ns, Reaching safepoint: 6500 ns, Cleanup: 15200 ns, At safepoint: 2200 ns, Total: 23900 ns
[358.139s][info ][safepoint      ] Safepoint "Cleanup", Time since last: 1000117733 ns, Reaching safepoint: 6700 ns, Cleanup: 14600 ns, At safepoint: 1700 ns, Total: 23000 ns
[361.176s][info ][safepoint      ] Safepoint "Cleanup", Time since last: 3036768233 ns, Reaching safepoint: 7300 ns, Cleanup: 17000 ns, At safepoint: 2300 ns, Total: 26600 ns
[362.176s][info ][safepoint      ] Safepoint "Cleanup", Time since last: 1000127533 ns, Reaching safepoint: 7000 ns, Cleanup: 12100 ns, At safepoint: 2100 ns, Total: 21200 ns
[368.177s][info ][safepoint      ] Safepoint "Cleanup", Time since last: 6000453820 ns, Reaching safepoint: 7400 ns, Cleanup: 9300 ns, At safepoint: 2100 ns, Total: 18800 ns
[371.177s][info ][safepoint      ] Safepoint "Cleanup", Time since last: 3000283291 ns, Reaching safepoint: 7300 ns, Cleanup: 10400 ns, At safepoint: 2300 ns, Total: 20000 ns
[372.177s][info ][safepoint      ] Safepoint "Cleanup", Time since last: 1000114797 ns, Reaching safepoint: 7300 ns, Cleanup: 11400 ns, At safepoint: 2000 ns, Total: 20700 ns
[373.177s][info ][safepoint      ] Safepoint "Cleanup", Time since last: 1000106297 ns, Reaching safepoint: 6200 ns, Cleanup: 9700 ns, At safepoint: 2200 ns, Total: 18100 ns
[374.177s][info ][safepoint      ] Safepoint "Cleanup", Time since last: 1000111097 ns, Reaching safepoint: 6900 ns, Cleanup: 9600 ns, At safepoint: 2600 ns, Total: 19100 ns
[376.178s][info ][safepoint      ] Safepoint "Cleanup", Time since last: 2000176894 ns, Reaching safepoint: 6200 ns, Cleanup: 11800 ns, At safepoint: 2000 ns, Total: 20000 ns
[378.178s][info ][safepoint      ] Safepoint "Cleanup", Time since last: 2000212794 ns, Reaching safepoint: 8900 ns, Cleanup: 20000 ns, At safepoint: 2600 ns, Total: 31500 ns
[382.178s][info ][safepoint      ] Safepoint "Cleanup", Time since last: 4000322299 ns, Reaching safepoint: 7000 ns, Cleanup: 10400 ns, At safepoint: 1900 ns, Total: 19300 ns
[384.178s][info ][safepoint      ] Safepoint "Cleanup", Time since last: 2000178907 ns, Reaching safepoint: 6600 ns, Cleanup: 15600 ns, At safepoint: 1900 ns, Total: 24100 ns
[386.178s][info ][safepoint      ] Safepoint "Cleanup", Time since last: 2000174007 ns, Reaching safepoint: 6300 ns, Cleanup: 10500 ns, At safepoint: 2100 ns, Total: 18900 ns
[388.179s][info ][safepoint      ] Safepoint "Cleanup", Time since last: 2000178307 ns, Reaching safepoint: 7300 ns, Cleanup: 9500 ns, At safepoint: 2100 ns, Total: 18900 ns
[389.179s][info ][safepoint      ] Safepoint "Cleanup", Time since last: 1000117802 ns, Reaching safepoint: 7600 ns, Cleanup: 17800 ns, At safepoint: 2500 ns, Total: 27900 ns
[393.179s][info ][safepoint      ] Safepoint "Cleanup", Time since last: 4000315009 ns, Reaching safepoint: 7000 ns, Cleanup: 10000 ns, At safepoint: 2300 ns, Total: 19300 ns
[401.180s][info ][safepoint      ] Safepoint "Cleanup", Time since last: 8000595055 ns, Reaching safepoint: 7900 ns, Cleanup: 24399 ns, At safepoint: 2800 ns, Total: 35099 ns
[402.180s][info ][safepoint      ] Safepoint "Cleanup", Time since last: 1000115777 ns, Reaching safepoint: 7200 ns, Cleanup: 33100 ns, At safepoint: 2600 ns, Total: 42900 ns
[403.180s][info ][safepoint      ] Safepoint "Cleanup", Time since last: 1000111877 ns, Reaching safepoint: 6699 ns, Cleanup: 9700 ns, At safepoint: 2400 ns, Total: 18799 ns
[404.180s][info ][safepoint      ] Safepoint "Cleanup", Time since last: 1000108577 ns, Reaching safepoint: 5900 ns, Cleanup: 12600 ns, At safepoint: 2500 ns, Total: 21000 ns
[406.180s][info ][safepoint      ] Safepoint "Cleanup", Time since last: 2000182667 ns, Reaching safepoint: 7500 ns, Cleanup: 15200 ns, At safepoint: 2300 ns, Total: 25000 ns
[407.181s][info ][safepoint      ] Safepoint "Cleanup", Time since last: 1000109519 ns, Reaching safepoint: 7000 ns, Cleanup: 11500 ns, At safepoint: 2600 ns, Total: 21100 ns
[407.767s][info ][gc,start       ] GC(21) Pause Young (Allocation Failure)
[407.788s][debug][gc,phases      ] GC(21) Scavenge 20.964ms
[407.788s][debug][gc,ref         ] GC(21) ReferenceProcessor::execute queues: 1, RefProcThreadModel::Single, marks_oops_alive: false
[407.788s][debug][gc,ref         ] GC(21) Skipped KeepAliveFinalRefsPhase of Reference Processing: no references
[407.788s][debug][gc,ref         ] GC(21) ReferenceProcessor::execute queues: 1, RefProcThreadModel::Single, marks_oops_alive: false
[407.788s][debug][gc,phases      ] GC(21) Reference Processing 0.111ms
[407.788s][debug][gc,phases      ] GC(21)   VM Weak                        Min:  0.0, Avg:  0.0, Max:  0.0, Diff:  0.0, Sum:  0.0, Workers: 4
[407.788s][debug][gc,phases      ] GC(21)     Dead                           Min: 0, Avg:  0.0, Max: 0, Diff: 0, Sum: 0, Workers: 4
[407.788s][debug][gc,phases      ] GC(21)     Total                          Min: 0, Avg: 253.0, Max: 704, Diff: 704, Sum: 1012, Workers: 4
[407.788s][debug][gc,phases      ] GC(21)   ObjectSynchronizer Weak        Min:  0.0, Avg:  0.0, Max:  0.0, Diff:  0.0, Sum:  0.0, Workers: 4
[407.788s][debug][gc,phases      ] GC(21)     Dead                           Min: 0, Avg:  0.0, Max: 0, Diff: 0, Sum: 0, Workers: 4
[407.788s][debug][gc,phases      ] GC(21)     Total                          Min: 0, Avg:  1.2, Max: 5, Diff: 5, Sum: 5, Workers: 4
[407.788s][debug][gc,phases      ] GC(21)   JVMTI Tag Weak OopStorage      Min:  0.0, Avg:  0.0, Max:  0.0, Diff:  0.0, Sum:  0.0, Workers: 4
[407.788s][debug][gc,phases      ] GC(21)     Dead                           Min: 0, Avg:  0.0, Max: 0, Diff: 0, Sum: 0, Workers: 4
[407.788s][debug][gc,phases      ] GC(21)     Total                          Min: 0, Avg:  0.0, Max: 0, Diff: 0, Sum: 0, Workers: 4
[407.788s][debug][gc,phases      ] GC(21)   StringTable Weak               Min:  0.0, Avg:  0.1, Max:  0.1, Diff:  0.1, Sum:  0.4, Workers: 4
[407.788s][debug][gc,phases      ] GC(21)     Dead                           Min: 0, Avg:  0.2, Max: 1, Diff: 1, Sum: 1, Workers: 4
[407.788s][debug][gc,phases      ] GC(21)     Total                          Min: 0, Avg: 11317.2, Max: 19327, Diff: 19327, Sum: 45269, Workers: 4
[407.788s][debug][gc,phases      ] GC(21)   ResolvedMethodTable Weak       Min:  0.0, Avg:  0.0, Max:  0.0, Diff:  0.0, Sum:  0.1, Workers: 4
[407.788s][debug][gc,phases      ] GC(21)     Dead                           Min: 0, Avg:  7.2, Max: 17, Diff: 17, Sum: 29, Workers: 4
[407.788s][debug][gc,phases      ] GC(21)     Total                          Min: 0, Avg: 3900.8, Max: 6452, Diff: 6452, Sum: 15603, Workers: 4
[407.788s][debug][gc,phases      ] GC(21)   JNI Weak                       Min:  0.0, Avg:  0.0, Max:  0.0, Diff:  0.0, Sum:  0.0, Workers: 4
[407.788s][debug][gc,phases      ] GC(21)     Dead                           Min: 0, Avg:  0.0, Max: 0, Diff: 0, Sum: 0, Workers: 4
[407.788s][debug][gc,phases      ] GC(21)     Total                          Min: 0, Avg: 12.0, Max: 48, Diff: 48, Sum: 48, Workers: 4
[407.788s][debug][gc,phases      ] GC(21)   StringDedup Table Weak         Min:  0.0, Avg:  0.0, Max:  0.0, Diff:  0.0, Sum:  0.0, Workers: 4
[407.788s][debug][gc,phases      ] GC(21)     Dead                           Min: 0, Avg:  0.0, Max: 0, Diff: 0, Sum: 0, Workers: 4
[407.788s][debug][gc,phases      ] GC(21)     Total                          Min: 0, Avg:  0.0, Max: 0, Diff: 0, Sum: 0, Workers: 4
[407.788s][debug][gc,phases      ] GC(21)   StringDedup Requests0 Weak     Min:  0.0, Avg:  0.0, Max:  0.0, Diff:  0.0, Sum:  0.0, Workers: 4
[407.788s][debug][gc,phases      ] GC(21)     Dead                           Min: 0, Avg:  0.0, Max: 0, Diff: 0, Sum: 0, Workers: 4
[407.788s][debug][gc,phases      ] GC(21)     Total                          Min: 0, Avg:  0.0, Max: 0, Diff: 0, Sum: 0, Workers: 4
[407.788s][debug][gc,phases      ] GC(21)   StringDedup Requests1 Weak     Min:  0.0, Avg:  0.0, Max:  0.0, Diff:  0.0, Sum:  0.0, Workers: 4
[407.788s][debug][gc,phases      ] GC(21)     Dead                           Min: 0, Avg:  0.0, Max: 0, Diff: 0, Sum: 0, Workers: 4
[407.788s][debug][gc,phases      ] GC(21)     Total                          Min: 0, Avg:  0.0, Max: 0, Diff: 0, Sum: 0, Workers: 4
[407.788s][debug][gc,phases      ] GC(21)   Weak JFR Old Object Samples    Min:  0.0, Avg:  0.0, Max:  0.0, Diff:  0.0, Sum:  0.0, Workers: 4
[407.788s][debug][gc,phases      ] GC(21)     Dead                           Min: 0, Avg:  0.0, Max: 0, Diff: 0, Sum: 0, Workers: 4
[407.788s][debug][gc,phases      ] GC(21)     Total                          Min: 0, Avg:  0.0, Max: 0, Diff: 0, Sum: 0, Workers: 4
[407.788s][debug][gc,phases      ] GC(21) Weak Processing 0.413ms
[407.788s][debug][gc,age         ] GC(21) Desired survivor size 213385216 bytes, new threshold 1 (max threshold 15)
[407.788s][info ][gc,heap        ] GC(21) PSYoungGen: 1702640K(1883136K)->4560K(1869312K) Eden: 1655296K(1655296K)->0K(1655296K) From: 47344K(227840K)->4560K(214016K)
[407.788s][info ][gc,heap        ] GC(21) ParOldGen: 271586K(271872K)->318611K(318976K)
[407.788s][info ][gc,metaspace   ] GC(21) Metaspace: 103218K(104576K)->103218K(104576K) NonClass: 87454K(88192K)->87454K(88192K) Class: 15763K(16384K)->15763K(16384K)
[407.788s][info ][gc             ] GC(21) Pause Young (Allocation Failure) 1927M->315M(2137M) 21.615ms
[407.788s][info ][gc,cpu         ] GC(21) User=0.04s Sys=0.04s Real=0.02s
[407.788s][info ][safepoint      ] Safepoint "ParallelGCFailedAllocation", Time since last: 585978717 ns, Reaching safepoint: 77799 ns, Cleanup: 3200 ns, At safepoint: 21686538 ns, Total: 21767537 ns
[408.788s][info ][safepoint      ] Safepoint "Cleanup", Time since last: 1000086219 ns, Reaching safepoint: 6100 ns, Cleanup: 12100 ns, At safepoint: 1800 ns, Total: 20000 ns
[409.789s][info ][safepoint      ] Safepoint "Cleanup", Time since last: 1000102819 ns, Reaching safepoint: 5800 ns, Cleanup: 9100 ns, At safepoint: 1700 ns, Total: 16600 ns
[411.789s][info ][safepoint      ] Safepoint "Cleanup", Time since last: 2000175338 ns, Reaching safepoint: 6900 ns, Cleanup: 13000 ns, At safepoint: 28000 ns, Total: 47900 ns
[412.789s][info ][safepoint      ] Safepoint "Cleanup", Time since last: 1000111819 ns, Reaching safepoint: 6800 ns, Cleanup: 13000 ns, At safepoint: 2100 ns, Total: 21900 ns
[413.789s][info ][safepoint      ] Safepoint "Cleanup", Time since last: 1000107819 ns, Reaching safepoint: 6500 ns, Cleanup: 21300 ns, At safepoint: 1700 ns, Total: 29500 ns
[415.789s][info ][safepoint      ] Safepoint "Cleanup", Time since last: 2000169439 ns, Reaching safepoint: 7000 ns, Cleanup: 11200 ns, At safepoint: 2000 ns, Total: 20200 ns
[428.194s][info ][safepoint      ] Safepoint "Cleanup", Time since last: 12404365330 ns, Reaching safepoint: 7199 ns, Cleanup: 11800 ns, At safepoint: 2100 ns, Total: 21099 ns
[430.194s][info ][safepoint      ] Safepoint "Cleanup", Time since last: 2000184709 ns, Reaching safepoint: 6999 ns, Cleanup: 13300 ns, At safepoint: 2100 ns, Total: 22399 ns
[432.194s][info ][safepoint      ] Safepoint "Cleanup", Time since last: 2000180076 ns, Reaching safepoint: 5900 ns, Cleanup: 14700 ns, At safepoint: 1900 ns, Total: 22500 ns
[433.194s][info ][safepoint      ] Safepoint "Cleanup", Time since last: 1000097338 ns, Reaching safepoint: 6600 ns, Cleanup: 11800 ns, At safepoint: 1600 ns, Total: 20000 ns
[438.195s][info ][safepoint      ] Safepoint "Cleanup", Time since last: 5000391727 ns, Reaching safepoint: 78799 ns, Cleanup: 15000 ns, At safepoint: 6800 ns, Total: 100599 ns
[439.195s][info ][safepoint      ] Safepoint "Cleanup", Time since last: 1000117233 ns, Reaching safepoint: 7600 ns, Cleanup: 12700 ns, At safepoint: 2200 ns, Total: 22500 ns
[440.195s][info ][safepoint      ] Safepoint "Cleanup", Time since last: 1000111433 ns, Reaching safepoint: 7500 ns, Cleanup: 11100 ns, At safepoint: 2400 ns, Total: 21000 ns
[441.195s][info ][safepoint      ] Safepoint "Cleanup", Time since last: 1000111933 ns, Reaching safepoint: 7000 ns, Cleanup: 11500 ns, At safepoint: 2100 ns, Total: 20600 ns
[443.146s][info ][safepoint      ] Safepoint "Cleanup", Time since last: 1951300817 ns, Reaching safepoint: 7300 ns, Cleanup: 13800 ns, At safepoint: 2500 ns, Total: 23600 ns
[444.146s][info ][safepoint      ] Safepoint "Cleanup", Time since last: 1000117000 ns, Reaching safepoint: 7300 ns, Cleanup: 8400 ns, At safepoint: 1900 ns, Total: 17600 ns
[445.147s][info ][safepoint      ] Safepoint "Cleanup", Time since last: 1000113022 ns, Reaching safepoint: 12700 ns, Cleanup: 11500 ns, At safepoint: 2100 ns, Total: 26300 ns
[446.147s][info ][safepoint      ] Safepoint "Cleanup", Time since last: 1000104623 ns, Reaching safepoint: 6600 ns, Cleanup: 10500 ns, At safepoint: 1900 ns, Total: 19000 ns
[447.147s][info ][safepoint      ] Safepoint "Cleanup", Time since last: 1000108423 ns, Reaching safepoint: 7300 ns, Cleanup: 14500 ns, At safepoint: 2200 ns, Total: 24000 ns
[448.147s][info ][safepoint      ] Safepoint "Cleanup", Time since last: 1000112023 ns, Reaching safepoint: 6300 ns, Cleanup: 11500 ns, At safepoint: 2000 ns, Total: 19800 ns
[449.147s][info ][safepoint      ] Safepoint "Cleanup", Time since last: 1000119722 ns, Reaching safepoint: 6900 ns, Cleanup: 8700 ns, At safepoint: 2000 ns, Total: 17600 ns
[450.147s][info ][safepoint      ] Safepoint "Cleanup", Time since last: 1000108823 ns, Reaching safepoint: 6600 ns, Cleanup: 9900 ns, At safepoint: 2600 ns, Total: 19100 ns
[451.147s][info ][safepoint      ] Safepoint "Cleanup", Time since last: 1000111323 ns, Reaching safepoint: 6700 ns, Cleanup: 26700 ns, At safepoint: 2200 ns, Total: 35600 ns
[455.148s][info ][safepoint      ] Safepoint "Cleanup", Time since last: 4000315995 ns, Reaching safepoint: 7000 ns, Cleanup: 13700 ns, At safepoint: 2000 ns, Total: 22700 ns
[459.148s][info ][safepoint      ] Safepoint "Cleanup", Time since last: 4000312696 ns, Reaching safepoint: 7300 ns, Cleanup: 9000 ns, At safepoint: 2000 ns, Total: 18300 ns
[462.148s][info ][safepoint      ] Safepoint "Cleanup", Time since last: 3000254895 ns, Reaching safepoint: 6900 ns, Cleanup: 7700 ns, At safepoint: 2000 ns, Total: 16600 ns
[464.149s][info ][safepoint      ] Safepoint "Cleanup", Time since last: 2000185881 ns, Reaching safepoint: 7900 ns, Cleanup: 13300 ns, At safepoint: 2300 ns, Total: 23500 ns
[474.149s][info ][safepoint      ] Safepoint "Cleanup", Time since last: 10000744883 ns, Reaching safepoint: 7300 ns, Cleanup: 13500 ns, At safepoint: 2800 ns, Total: 23600 ns
[477.150s][info ][safepoint      ] Safepoint "Cleanup", Time since last: 3000285391 ns, Reaching safepoint: 7100 ns, Cleanup: 11900 ns, At safepoint: 2300 ns, Total: 21300 ns
[484.211s][info ][safepoint      ] Safepoint "Cleanup", Time since last: 7061677593 ns, Reaching safepoint: 6000 ns, Cleanup: 9900 ns, At safepoint: 2000 ns, Total: 17900 ns
[485.337s][info ][gc,start       ] GC(22) Pause Young (Allocation Failure)
[485.341s][debug][gc,phases      ] GC(22) Scavenge 3.806ms
[485.341s][debug][gc,ref         ] GC(22) ReferenceProcessor::execute queues: 1, RefProcThreadModel::Single, marks_oops_alive: false
[485.341s][debug][gc,ref         ] GC(22) Skipped KeepAliveFinalRefsPhase of Reference Processing: no references
[485.341s][debug][gc,ref         ] GC(22) ReferenceProcessor::execute queues: 1, RefProcThreadModel::Single, marks_oops_alive: false
[485.341s][debug][gc,phases      ] GC(22) Reference Processing 0.105ms
[485.341s][debug][gc,phases      ] GC(22)   VM Weak                        Min:  0.0, Avg:  0.0, Max:  0.0, Diff:  0.0, Sum:  0.0, Workers: 4
[485.341s][debug][gc,phases      ] GC(22)     Dead                           Min: 0, Avg:  0.0, Max: 0, Diff: 0, Sum: 0, Workers: 4
[485.341s][debug][gc,phases      ] GC(22)     Total                          Min: 0, Avg: 253.0, Max: 1012, Diff: 1012, Sum: 1012, Workers: 4
[485.341s][debug][gc,phases      ] GC(22)   ObjectSynchronizer Weak        Min:  0.0, Avg:  0.0, Max:  0.0, Diff:  0.0, Sum:  0.0, Workers: 4
[485.341s][debug][gc,phases      ] GC(22)     Dead                           Min: 0, Avg:  0.0, Max: 0, Diff: 0, Sum: 0, Workers: 4
[485.341s][debug][gc,phases      ] GC(22)     Total                          Min: 0, Avg:  0.8, Max: 3, Diff: 3, Sum: 3, Workers: 4
[485.341s][debug][gc,phases      ] GC(22)   JVMTI Tag Weak OopStorage      Min:  0.0, Avg:  0.0, Max:  0.0, Diff:  0.0, Sum:  0.0, Workers: 4
[485.341s][debug][gc,phases      ] GC(22)     Dead                           Min: 0, Avg:  0.0, Max: 0, Diff: 0, Sum: 0, Workers: 4
[485.341s][debug][gc,phases      ] GC(22)     Total                          Min: 0, Avg:  0.0, Max: 0, Diff: 0, Sum: 0, Workers: 4
[485.341s][debug][gc,phases      ] GC(22)   StringTable Weak               Min:  0.0, Avg:  0.1, Max:  0.1, Diff:  0.1, Sum:  0.4, Workers: 4
[485.341s][debug][gc,phases      ] GC(22)     Dead                           Min: 0, Avg:  0.8, Max: 2, Diff: 2, Sum: 3, Workers: 4
[485.341s][debug][gc,phases      ] GC(22)     Total                          Min: 0, Avg: 11330.5, Max: 19200, Diff: 19200, Sum: 45322, Workers: 4
[485.341s][debug][gc,phases      ] GC(22)   ResolvedMethodTable Weak       Min:  0.0, Avg:  0.0, Max:  0.0, Diff:  0.0, Sum:  0.1, Workers: 4
[485.341s][debug][gc,phases      ] GC(22)     Dead                           Min: 0, Avg:  5.2, Max: 10, Diff: 10, Sum: 21, Workers: 4
[485.341s][debug][gc,phases      ] GC(22)     Total                          Min: 0, Avg: 3910.8, Max: 6752, Diff: 6752, Sum: 15643, Workers: 4
[485.341s][debug][gc,phases      ] GC(22)   JNI Weak                       Min:  0.0, Avg:  0.0, Max:  0.0, Diff:  0.0, Sum:  0.0, Workers: 4
[485.341s][debug][gc,phases      ] GC(22)     Dead                           Min: 0, Avg:  0.0, Max: 0, Diff: 0, Sum: 0, Workers: 4
[485.341s][debug][gc,phases      ] GC(22)     Total                          Min: 0, Avg: 12.0, Max: 48, Diff: 48, Sum: 48, Workers: 4
[485.341s][debug][gc,phases      ] GC(22)   StringDedup Table Weak         Min:  0.0, Avg:  0.0, Max:  0.0, Diff:  0.0, Sum:  0.0, Workers: 4
[485.341s][debug][gc,phases      ] GC(22)     Dead                           Min: 0, Avg:  0.0, Max: 0, Diff: 0, Sum: 0, Workers: 4
[485.341s][debug][gc,phases      ] GC(22)     Total                          Min: 0, Avg:  0.0, Max: 0, Diff: 0, Sum: 0, Workers: 4
[485.341s][debug][gc,phases      ] GC(22)   StringDedup Requests0 Weak     Min:  0.0, Avg:  0.0, Max:  0.0, Diff:  0.0, Sum:  0.0, Workers: 4
[485.341s][debug][gc,phases      ] GC(22)     Dead                           Min: 0, Avg:  0.0, Max: 0, Diff: 0, Sum: 0, Workers: 4
[485.341s][debug][gc,phases      ] GC(22)     Total                          Min: 0, Avg:  0.0, Max: 0, Diff: 0, Sum: 0, Workers: 4
[485.341s][debug][gc,phases      ] GC(22)   StringDedup Requests1 Weak     Min:  0.0, Avg:  0.0, Max:  0.0, Diff:  0.0, Sum:  0.0, Workers: 4
[485.341s][debug][gc,phases      ] GC(22)     Dead                           Min: 0, Avg:  0.0, Max: 0, Diff: 0, Sum: 0, Workers: 4
[485.341s][debug][gc,phases      ] GC(22)     Total                          Min: 0, Avg:  0.0, Max: 0, Diff: 0, Sum: 0, Workers: 4
[485.341s][debug][gc,phases      ] GC(22)   Weak JFR Old Object Samples    Min:  0.0, Avg:  0.0, Max:  0.0, Diff:  0.0, Sum:  0.0, Workers: 4
[485.341s][debug][gc,phases      ] GC(22)     Dead                           Min: 0, Avg:  0.0, Max: 0, Diff: 0, Sum: 0, Workers: 4
[485.341s][debug][gc,phases      ] GC(22)     Total                          Min: 0, Avg:  0.0, Max: 0, Diff: 0, Sum: 0, Workers: 4
[485.341s][debug][gc,phases      ] GC(22) Weak Processing 0.395ms
[485.341s][debug][gc,age         ] GC(22) Desired survivor size 206569472 bytes, new threshold 1 (max threshold 15)
[485.341s][info ][gc,heap        ] GC(22) PSYoungGen: 1659856K(1869312K)->6256K(1895424K) Eden: 1655296K(1655296K)->0K(1687040K) From: 4560K(214016K)->6256K(208384K)
[485.341s][info ][gc,heap        ] GC(22) ParOldGen: 318611K(318976K)->320140K(320512K)
[485.341s][info ][gc,metaspace   ] GC(22) Metaspace: 103442K(104768K)->103442K(104768K) NonClass: 87653K(88384K)->87653K(88384K) Class: 15789K(16384K)->15789K(16384K)
[485.341s][info ][gc             ] GC(22) Pause Young (Allocation Failure) 1932M->318M(2164M) 4.415ms
[485.341s][info ][gc,cpu         ] GC(22) User=0.02s Sys=0.00s Real=0.00s
[485.341s][info ][safepoint      ] Safepoint "ParallelGCFailedAllocation", Time since last: 1125331999 ns, Reaching safepoint: 5800 ns, Cleanup: 6200 ns, At safepoint: 4476567 ns, Total: 4488567 ns
[486.341s][info ][safepoint      ] Safepoint "Cleanup", Time since last: 1000088126 ns, Reaching safepoint: 5900 ns, Cleanup: 15400 ns, At safepoint: 4300 ns, Total: 25600 ns
[491.342s][info ][safepoint      ] Safepoint "Cleanup", Time since last: 5000391830 ns, Reaching safepoint: 6100 ns, Cleanup: 12400 ns, At safepoint: 2500 ns, Total: 21000 ns
[493.342s][info ][safepoint      ] Safepoint "Cleanup", Time since last: 2000202065 ns, Reaching safepoint: 6400 ns, Cleanup: 10399 ns, At safepoint: 2000 ns, Total: 18799 ns
[497.342s][info ][safepoint      ] Safepoint "Cleanup", Time since last: 4000330299 ns, Reaching safepoint: 5800 ns, Cleanup: 16200 ns, At safepoint: 2500 ns, Total: 24500 ns
[499.342s][info ][safepoint      ] Safepoint "Cleanup", Time since last: 2000192898 ns, Reaching safepoint: 5400 ns, Cleanup: 8700 ns, At safepoint: 1600 ns, Total: 15700 ns
[500.343s][info ][safepoint      ] Safepoint "Cleanup", Time since last: 1000106550 ns, Reaching safepoint: 6000 ns, Cleanup: 9300 ns, At safepoint: 2000 ns, Total: 17300 ns
[503.343s][info ][safepoint      ] Safepoint "Cleanup", Time since last: 3000245030 ns, Reaching safepoint: 6500 ns, Cleanup: 32300 ns, At safepoint: 2100 ns, Total: 40900 ns
[504.343s][info ][safepoint      ] Safepoint "Cleanup", Time since last: 1000111916 ns, Reaching safepoint: 5600 ns, Cleanup: 14000 ns, At safepoint: 1900 ns, Total: 21500 ns
[505.343s][info ][safepoint      ] Safepoint "Cleanup", Time since last: 1000102816 ns, Reaching safepoint: 6700 ns, Cleanup: 9900 ns, At safepoint: 1900 ns, Total: 18500 ns
[507.343s][info ][safepoint      ] Safepoint "Cleanup", Time since last: 2000183833 ns, Reaching safepoint: 6100 ns, Cleanup: 10200 ns, At safepoint: 2000 ns, Total: 18300 ns
[508.343s][info ][safepoint      ] Safepoint "Cleanup", Time since last: 1000113716 ns, Reaching safepoint: 5100 ns, Cleanup: 15900 ns, At safepoint: 2000 ns, Total: 23000 ns
[509.344s][info ][safepoint      ] Safepoint "Cleanup", Time since last: 1000104506 ns, Reaching safepoint: 6800 ns, Cleanup: 23199 ns, At safepoint: 2200 ns, Total: 32199 ns
[510.344s][info ][safepoint      ] Safepoint "Cleanup", Time since last: 1000116130 ns, Reaching safepoint: 6600 ns, Cleanup: 10500 ns, At safepoint: 2300 ns, Total: 19400 ns
[512.344s][info ][safepoint      ] Safepoint "Cleanup", Time since last: 2000182660 ns, Reaching safepoint: 6900 ns, Cleanup: 10200 ns, At safepoint: 2200 ns, Total: 19300 ns
[514.344s][info ][safepoint      ] Safepoint "Cleanup", Time since last: 2000179660 ns, Reaching safepoint: 5500 ns, Cleanup: 12500 ns, At safepoint: 2100 ns, Total: 20100 ns
[516.344s][info ][safepoint      ] Safepoint "Cleanup", Time since last: 2000179960 ns, Reaching safepoint: 6700 ns, Cleanup: 9800 ns, At safepoint: 1900 ns, Total: 18400 ns
[518.345s][info ][safepoint      ] Safepoint "Cleanup", Time since last: 2000175343 ns, Reaching safepoint: 5800 ns, Cleanup: 7500 ns, At safepoint: 1700 ns, Total: 15000 ns
[519.345s][info ][safepoint      ] Safepoint "Cleanup", Time since last: 1000112535 ns, Reaching safepoint: 6300 ns, Cleanup: 13200 ns, At safepoint: 2000 ns, Total: 21500 ns
[520.345s][info ][safepoint      ] Safepoint "Cleanup", Time since last: 1000105635 ns, Reaching safepoint: 6600 ns, Cleanup: 10700 ns, At safepoint: 2300 ns, Total: 19600 ns
[526.345s][info ][safepoint      ] Safepoint "Cleanup", Time since last: 6000445264 ns, Reaching safepoint: 5900 ns, Cleanup: 11500 ns, At safepoint: 3700 ns, Total: 21100 ns
[530.346s][info ][safepoint      ] Safepoint "Cleanup", Time since last: 4000323039 ns, Reaching safepoint: 6000 ns, Cleanup: 9700 ns, At safepoint: 1700 ns, Total: 17400 ns
[533.346s][info ][safepoint      ] Safepoint "Cleanup", Time since last: 3000251298 ns, Reaching safepoint: 6800 ns, Cleanup: 10300 ns, At safepoint: 2500 ns, Total: 19600 ns
[534.346s][info ][safepoint      ] Safepoint "Cleanup", Time since last: 1000129895 ns, Reaching safepoint: 5800 ns, Cleanup: 7500 ns, At safepoint: 1500 ns, Total: 14800 ns
[535.346s][info ][safepoint      ] Safepoint "Cleanup", Time since last: 1000105995 ns, Reaching safepoint: 6100 ns, Cleanup: 6600 ns, At safepoint: 1800 ns, Total: 14500 ns
[536.346s][info ][safepoint      ] Safepoint "Cleanup", Time since last: 1000111495 ns, Reaching safepoint: 6500 ns, Cleanup: 10500 ns, At safepoint: 2100 ns, Total: 19100 ns
[537.346s][info ][safepoint      ] Safepoint "Cleanup", Time since last: 1000109495 ns, Reaching safepoint: 5700 ns, Cleanup: 8000 ns, At safepoint: 2100 ns, Total: 15800 ns
[538.347s][info ][safepoint      ] Safepoint "Cleanup", Time since last: 1000103395 ns, Reaching safepoint: 6500 ns, Cleanup: 9500 ns, At safepoint: 1800 ns, Total: 17800 ns
[540.228s][info ][safepoint      ] Safepoint "Cleanup", Time since last: 1881197972 ns, Reaching safepoint: 5100 ns, Cleanup: 13500 ns, At safepoint: 6300 ns, Total: 24900 ns
[541.228s][info ][safepoint      ] Safepoint "Cleanup", Time since last: 1000171257 ns, Reaching safepoint: 6400 ns, Cleanup: 9800 ns, At safepoint: 2400 ns, Total: 18600 ns
[542.228s][info ][safepoint      ] Safepoint "Cleanup", Time since last: 1000122100 ns, Reaching safepoint: 6400 ns, Cleanup: 14600 ns, At safepoint: 2400 ns, Total: 23400 ns
[547.228s][info ][safepoint      ] Safepoint "Cleanup", Time since last: 5000389501 ns, Reaching safepoint: 6700 ns, Cleanup: 11500 ns, At safepoint: 2200 ns, Total: 20400 ns
[548.229s][info ][safepoint      ] Safepoint "Cleanup", Time since last: 1000111900 ns, Reaching safepoint: 6700 ns, Cleanup: 25600 ns, At safepoint: 1900 ns, Total: 34200 ns
[549.229s][info ][safepoint      ] Safepoint "Cleanup", Time since last: 1000105816 ns, Reaching safepoint: 5900 ns, Cleanup: 12300 ns, At safepoint: 2200 ns, Total: 20400 ns
[551.229s][info ][safepoint      ] Safepoint "Cleanup", Time since last: 2000181984 ns, Reaching safepoint: 7500 ns, Cleanup: 10900 ns, At safepoint: 2500 ns, Total: 20900 ns
[552.229s][info ][safepoint      ] Safepoint "Cleanup", Time since last: 1000110242 ns, Reaching safepoint: 7200 ns, Cleanup: 9900 ns, At safepoint: 2100 ns, Total: 19200 ns
[558.230s][info ][safepoint      ] Safepoint "Cleanup", Time since last: 6000446426 ns, Reaching safepoint: 6100 ns, Cleanup: 8800 ns, At safepoint: 2000 ns, Total: 16900 ns
[560.230s][info ][safepoint      ] Safepoint "Cleanup", Time since last: 2000170891 ns, Reaching safepoint: 5700 ns, Cleanup: 8700 ns, At safepoint: 1699 ns, Total: 16099 ns
[562.230s][info ][safepoint      ] Safepoint "Cleanup", Time since last: 2000177491 ns, Reaching safepoint: 6600 ns, Cleanup: 10000 ns, At safepoint: 2000 ns, Total: 18600 ns
[563.983s][info ][gc,start       ] GC(23) Pause Young (Allocation Failure)
[563.987s][debug][gc,phases      ] GC(23) Scavenge 3.828ms
[563.987s][debug][gc,ref         ] GC(23) ReferenceProcessor::execute queues: 1, RefProcThreadModel::Single, marks_oops_alive: false
[563.987s][debug][gc,ref         ] GC(23) Skipped KeepAliveFinalRefsPhase of Reference Processing: no references
[563.987s][debug][gc,ref         ] GC(23) ReferenceProcessor::execute queues: 1, RefProcThreadModel::Single, marks_oops_alive: false
[563.987s][debug][gc,phases      ] GC(23) Reference Processing 0.098ms
[563.987s][debug][gc,phases      ] GC(23)   VM Weak                        Min:  0.0, Avg:  0.0, Max:  0.0, Diff:  0.0, Sum:  0.0, Workers: 4
[563.987s][debug][gc,phases      ] GC(23)     Dead                           Min: 0, Avg:  0.0, Max: 0, Diff: 0, Sum: 0, Workers: 4
[563.987s][debug][gc,phases      ] GC(23)     Total                          Min: 0, Avg: 254.0, Max: 512, Diff: 512, Sum: 1016, Workers: 4
[563.987s][debug][gc,phases      ] GC(23)   ObjectSynchronizer Weak        Min:  0.0, Avg:  0.0, Max:  0.0, Diff:  0.0, Sum:  0.0, Workers: 4
[563.987s][debug][gc,phases      ] GC(23)     Dead                           Min: 0, Avg:  0.0, Max: 0, Diff: 0, Sum: 0, Workers: 4
[563.987s][debug][gc,phases      ] GC(23)     Total                          Min: 0, Avg:  0.8, Max: 3, Diff: 3, Sum: 3, Workers: 4
[563.987s][debug][gc,phases      ] GC(23)   JVMTI Tag Weak OopStorage      Min:  0.0, Avg:  0.0, Max:  0.0, Diff:  0.0, Sum:  0.0, Workers: 4
[563.987s][debug][gc,phases      ] GC(23)     Dead                           Min: 0, Avg:  0.0, Max: 0, Diff: 0, Sum: 0, Workers: 4
[563.987s][debug][gc,phases      ] GC(23)     Total                          Min: 0, Avg:  0.0, Max: 0, Diff: 0, Sum: 0, Workers: 4
[563.987s][debug][gc,phases      ] GC(23)   StringTable Weak               Min:  0.0, Avg:  0.1, Max:  0.1, Diff:  0.1, Sum:  0.4, Workers: 4
[563.987s][debug][gc,phases      ] GC(23)     Dead                           Min: 0, Avg:  0.2, Max: 1, Diff: 1, Sum: 1, Workers: 4
[563.987s][debug][gc,phases      ] GC(23)     Total                          Min: 0, Avg: 11331.2, Max: 19198, Diff: 19198, Sum: 45325, Workers: 4
[563.987s][debug][gc,phases      ] GC(23)   ResolvedMethodTable Weak       Min:  0.0, Avg:  0.0, Max:  0.0, Diff:  0.0, Sum:  0.1, Workers: 4
[563.987s][debug][gc,phases      ] GC(23)     Dead                           Min: 0, Avg:  4.0, Max: 16, Diff: 16, Sum: 16, Workers: 4
[563.988s][debug][gc,phases      ] GC(23)     Total                          Min: 0, Avg: 3913.2, Max: 6454, Diff: 6454, Sum: 15653, Workers: 4
[563.988s][debug][gc,phases      ] GC(23)   JNI Weak                       Min:  0.0, Avg:  0.0, Max:  0.0, Diff:  0.0, Sum:  0.0, Workers: 4
[563.988s][debug][gc,phases      ] GC(23)     Dead                           Min: 0, Avg:  0.0, Max: 0, Diff: 0, Sum: 0, Workers: 4
[563.988s][debug][gc,phases      ] GC(23)     Total                          Min: 0, Avg: 12.0, Max: 48, Diff: 48, Sum: 48, Workers: 4
[563.988s][debug][gc,phases      ] GC(23)   StringDedup Table Weak         Min:  0.0, Avg:  0.0, Max:  0.0, Diff:  0.0, Sum:  0.0, Workers: 4
[563.988s][debug][gc,phases      ] GC(23)     Dead                           Min: 0, Avg:  0.0, Max: 0, Diff: 0, Sum: 0, Workers: 4
[563.988s][debug][gc,phases      ] GC(23)     Total                          Min: 0, Avg:  0.0, Max: 0, Diff: 0, Sum: 0, Workers: 4
[563.988s][debug][gc,phases      ] GC(23)   StringDedup Requests0 Weak     Min:  0.0, Avg:  0.0, Max:  0.0, Diff:  0.0, Sum:  0.0, Workers: 4
[563.988s][debug][gc,phases      ] GC(23)     Dead                           Min: 0, Avg:  0.0, Max: 0, Diff: 0, Sum: 0, Workers: 4
[563.988s][debug][gc,phases      ] GC(23)     Total                          Min: 0, Avg:  0.0, Max: 0, Diff: 0, Sum: 0, Workers: 4
[563.988s][debug][gc,phases      ] GC(23)   StringDedup Requests1 Weak     Min:  0.0, Avg:  0.0, Max:  0.0, Diff:  0.0, Sum:  0.0, Workers: 4
[563.988s][debug][gc,phases      ] GC(23)     Dead                           Min: 0, Avg:  0.0, Max: 0, Diff: 0, Sum: 0, Workers: 4
[563.988s][debug][gc,phases      ] GC(23)     Total                          Min: 0, Avg:  0.0, Max: 0, Diff: 0, Sum: 0, Workers: 4
[563.988s][debug][gc,phases      ] GC(23)   Weak JFR Old Object Samples    Min:  0.0, Avg:  0.0, Max:  0.0, Diff:  0.0, Sum:  0.0, Workers: 4
[563.988s][debug][gc,phases      ] GC(23)     Dead                           Min: 0, Avg:  0.0, Max: 0, Diff: 0, Sum: 0, Workers: 4
[563.988s][debug][gc,phases      ] GC(23)     Total                          Min: 0, Avg:  0.0, Max: 0, Diff: 0, Sum: 0, Workers: 4
[563.988s][debug][gc,phases      ] GC(23) Weak Processing 0.382ms
[563.988s][debug][gc,age         ] GC(23) Desired survivor size 199229440 bytes, new threshold 1 (max threshold 15)
[563.988s][info ][gc,heap        ] GC(23) PSYoungGen: 1693296K(1895424K)->4336K(1888768K) Eden: 1687040K(1687040K)->0K(1687040K) From: 6256K(208384K)->4336K(201728K)
[563.988s][info ][gc,heap        ] GC(23) ParOldGen: 320140K(320512K)->323268K(323584K)
[563.988s][info ][gc,metaspace   ] GC(23) Metaspace: 103521K(104832K)->103521K(104832K) NonClass: 87728K(88448K)->87728K(88448K) Class: 15793K(16384K)->15793K(16384K)
[563.988s][info ][gc             ] GC(23) Pause Young (Allocation Failure) 1966M->319M(2160M) 4.412ms
[563.988s][info ][gc,cpu         ] GC(23) User=0.01s Sys=0.00s Real=0.01s
[563.988s][info ][safepoint      ] Safepoint "ParallelGCFailedAllocation", Time since last: 1753231818 ns, Reaching safepoint: 6100 ns, Cleanup: 3300 ns, At safepoint: 4474767 ns, Total: 4484167 ns
[567.988s][info ][safepoint      ] Safepoint "Cleanup", Time since last: 4000313247 ns, Reaching safepoint: 5500 ns, Cleanup: 10000 ns, At safepoint: 1700 ns, Total: 17200 ns
[568.988s][info ][safepoint      ] Safepoint "Cleanup", Time since last: 1000110952 ns, Reaching safepoint: 6800 ns, Cleanup: 13700 ns, At safepoint: 1700 ns, Total: 22200 ns
[570.988s][info ][safepoint      ] Safepoint "Cleanup", Time since last: 2000178705 ns, Reaching safepoint: 6000 ns, Cleanup: 8300 ns, At safepoint: 2000 ns, Total: 16300 ns
[575.989s][info ][safepoint      ] Safepoint "Cleanup", Time since last: 5000385223 ns, Reaching safepoint: 6200 ns, Cleanup: 8700 ns, At safepoint: 1899 ns, Total: 16799 ns
[577.989s][info ][safepoint      ] Safepoint "Cleanup", Time since last: 2000213344 ns, Reaching safepoint: 6600 ns, Cleanup: 11500 ns, At safepoint: 2300 ns, Total: 20400 ns
[578.989s][info ][safepoint      ] Safepoint "Cleanup", Time since last: 1000113472 ns, Reaching safepoint: 6700 ns, Cleanup: 13899 ns, At safepoint: 2200 ns, Total: 22799 ns
[580.989s][info ][safepoint      ] Safepoint "Cleanup", Time since last: 2000179044 ns, Reaching safepoint: 6600 ns, Cleanup: 14200 ns, At safepoint: 24599 ns, Total: 45399 ns
[581.989s][info ][safepoint      ] Safepoint "Cleanup", Time since last: 1000117369 ns, Reaching safepoint: 6700 ns, Cleanup: 8999 ns, At safepoint: 2100 ns, Total: 17799 ns
[582.990s][info ][safepoint      ] Safepoint "Cleanup", Time since last: 1000114769 ns, Reaching safepoint: 6199 ns, Cleanup: 18900 ns, At safepoint: 2500 ns, Total: 27599 ns
[583.990s][info ][safepoint      ] Safepoint "Cleanup", Time since last: 1000116868 ns, Reaching safepoint: 7100 ns, Cleanup: 10100 ns, At safepoint: 2100 ns, Total: 19300 ns
[587.990s][info ][safepoint      ] Safepoint "Cleanup", Time since last: 4000330173 ns, Reaching safepoint: 6800 ns, Cleanup: 9900 ns, At safepoint: 2200 ns, Total: 18900 ns
[592.991s][info ][safepoint      ] Safepoint "Cleanup", Time since last: 5000421685 ns, Reaching safepoint: 6100 ns, Cleanup: 9000 ns, At safepoint: 2100 ns, Total: 17200 ns
[593.991s][info ][safepoint      ] Safepoint "Cleanup", Time since last: 1000107278 ns, Reaching safepoint: 5900 ns, Cleanup: 15000 ns, At safepoint: 1700 ns, Total: 22600 ns
[594.991s][info ][safepoint      ] Safepoint "Cleanup", Time since last: 1000101979 ns, Reaching safepoint: 6700 ns, Cleanup: 26300 ns, At safepoint: 1800 ns, Total: 34800 ns
[595.991s][info ][safepoint      ] Safepoint "Cleanup", Time since last: 1000107878 ns, Reaching safepoint: 6100 ns, Cleanup: 25600 ns, At safepoint: 1900 ns, Total: 33600 ns
[596.991s][info ][safepoint      ] Safepoint "Cleanup", Time since last: 1000119180 ns, Reaching safepoint: 6600 ns, Cleanup: 12900 ns, At safepoint: 2300 ns, Total: 21800 ns
[598.991s][info ][safepoint      ] Safepoint "Cleanup", Time since last: 2000188784 ns, Reaching safepoint: 6500 ns, Cleanup: 12800 ns, At safepoint: 2000 ns, Total: 21300 ns
[600.991s][info ][safepoint      ] Safepoint "Cleanup", Time since last: 2000184484 ns, Reaching safepoint: 5500 ns, Cleanup: 7000 ns, At safepoint: 2300 ns, Total: 14800 ns
[602.992s][info ][safepoint      ] Safepoint "Cleanup", Time since last: 2000184684 ns, Reaching safepoint: 7500 ns, Cleanup: 11500 ns, At safepoint: 2300 ns, Total: 21300 ns
[603.992s][info ][safepoint      ] Safepoint "Cleanup", Time since last: 1000115792 ns, Reaching safepoint: 6400 ns, Cleanup: 23100 ns, At safepoint: 2300 ns, Total: 31800 ns
[605.992s][info ][safepoint      ] Safepoint "Cleanup", Time since last: 2000183158 ns, Reaching safepoint: 6300 ns, Cleanup: 12200 ns, At safepoint: 2500 ns, Total: 21000 ns
[607.992s][info ][safepoint      ] Safepoint "Cleanup", Time since last: 2000202336 ns, Reaching safepoint: 6800 ns, Cleanup: 9900 ns, At safepoint: 2400 ns, Total: 19100 ns
[613.993s][info ][safepoint      ] Safepoint "Cleanup", Time since last: 6000458125 ns, Reaching safepoint: 7500 ns, Cleanup: 80399 ns, At safepoint: 2500 ns, Total: 90399 ns
[621.993s][info ][safepoint      ] Safepoint "Cleanup", Time since last: 8000601771 ns, Reaching safepoint: 7000 ns, Cleanup: 11300 ns, At safepoint: 1800 ns, Total: 20100 ns
[627.994s][info ][safepoint      ] Safepoint "Cleanup", Time since last: 6000448857 ns, Reaching safepoint: 7900 ns, Cleanup: 11500 ns, At safepoint: 2100 ns, Total: 21500 ns
[631.994s][info ][safepoint      ] Safepoint "Cleanup", Time since last: 4000312252 ns, Reaching safepoint: 6600 ns, Cleanup: 8500 ns, At safepoint: 1700 ns, Total: 16800 ns
[632.994s][info ][safepoint      ] Safepoint "Cleanup", Time since last: 1000109218 ns, Reaching safepoint: 7400 ns, Cleanup: 11100 ns, At safepoint: 2100 ns, Total: 20600 ns
[635.995s][info ][safepoint      ] Safepoint "Cleanup", Time since last: 3000254957 ns, Reaching safepoint: 6700 ns, Cleanup: 12300 ns, At safepoint: 1800 ns, Total: 20800 ns
[636.995s][info ][safepoint      ] Safepoint "Cleanup", Time since last: 1000131332 ns, Reaching safepoint: 7700 ns, Cleanup: 15900 ns, At safepoint: 2000 ns, Total: 25600 ns
[637.995s][info ][safepoint      ] Safepoint "Cleanup", Time since last: 1000112289 ns, Reaching safepoint: 6300 ns, Cleanup: 14300 ns, At safepoint: 2400 ns, Total: 23000 ns
[638.995s][info ][safepoint      ] Safepoint "Cleanup", Time since last: 1000110888 ns, Reaching safepoint: 6900 ns, Cleanup: 12200 ns, At safepoint: 2100 ns, Total: 21200 ns
[644.996s][info ][safepoint      ] Safepoint "Cleanup", Time since last: 6000465644 ns, Reaching safepoint: 6599 ns, Cleanup: 9000 ns, At safepoint: 2000 ns, Total: 17599 ns
[646.883s][info ][gc,start       ] GC(24) Pause Young (Allocation Failure)
[646.886s][debug][gc,phases      ] GC(24) Scavenge 2.529ms
[646.886s][debug][gc,ref         ] GC(24) ReferenceProcessor::execute queues: 1, RefProcThreadModel::Single, marks_oops_alive: false
[646.886s][debug][gc,ref         ] GC(24) Skipped KeepAliveFinalRefsPhase of Reference Processing: no references
[646.886s][debug][gc,ref         ] GC(24) ReferenceProcessor::execute queues: 1, RefProcThreadModel::Single, marks_oops_alive: false
[646.886s][debug][gc,phases      ] GC(24) Reference Processing 0.100ms
[646.886s][debug][gc,phases      ] GC(24)   VM Weak                        Min:  0.0, Avg:  0.0, Max:  0.0, Diff:  0.0, Sum:  0.0, Workers: 4
[646.886s][debug][gc,phases      ] GC(24)     Dead                           Min: 0, Avg:  0.0, Max: 0, Diff: 0, Sum: 0, Workers: 4
[646.886s][debug][gc,phases      ] GC(24)     Total                          Min: 0, Avg: 254.0, Max: 1016, Diff: 1016, Sum: 1016, Workers: 4
[646.886s][debug][gc,phases      ] GC(24)   ObjectSynchronizer Weak        Min:  0.0, Avg:  0.0, Max:  0.0, Diff:  0.0, Sum:  0.0, Workers: 4
[646.886s][debug][gc,phases      ] GC(24)     Dead                           Min: 0, Avg:  0.0, Max: 0, Diff: 0, Sum: 0, Workers: 4
[646.886s][debug][gc,phases      ] GC(24)     Total                          Min: 0, Avg:  0.8, Max: 3, Diff: 3, Sum: 3, Workers: 4
[646.886s][debug][gc,phases      ] GC(24)   JVMTI Tag Weak OopStorage      Min:  0.0, Avg:  0.0, Max:  0.0, Diff:  0.0, Sum:  0.0, Workers: 4
[646.886s][debug][gc,phases      ] GC(24)     Dead                           Min: 0, Avg:  0.0, Max: 0, Diff: 0, Sum: 0, Workers: 4
[646.886s][debug][gc,phases      ] GC(24)     Total                          Min: 0, Avg:  0.0, Max: 0, Diff: 0, Sum: 0, Workers: 4
[646.886s][debug][gc,phases      ] GC(24)   StringTable Weak               Min:  0.0, Avg:  0.1, Max:  0.1, Diff:  0.1, Sum:  0.4, Workers: 4
[646.886s][debug][gc,phases      ] GC(24)     Dead                           Min: 0, Avg:  0.0, Max: 0, Diff: 0, Sum: 0, Workers: 4
[646.886s][debug][gc,phases      ] GC(24)     Total                          Min: 0, Avg: 11334.0, Max: 19647, Diff: 19647, Sum: 45336, Workers: 4
[646.886s][debug][gc,phases      ] GC(24)   ResolvedMethodTable Weak       Min:  0.0, Avg:  0.0, Max:  0.0, Diff:  0.0, Sum:  0.1, Workers: 4
[646.886s][debug][gc,phases      ] GC(24)     Dead                           Min: 0, Avg:  4.2, Max: 17, Diff: 17, Sum: 17, Workers: 4
[646.886s][debug][gc,phases      ] GC(24)     Total                          Min: 0, Avg: 3914.5, Max: 6649, Diff: 6649, Sum: 15658, Workers: 4
[646.886s][debug][gc,phases      ] GC(24)   JNI Weak                       Min:  0.0, Avg:  0.0, Max:  0.0, Diff:  0.0, Sum:  0.0, Workers: 4
[646.886s][debug][gc,phases      ] GC(24)     Dead                           Min: 0, Avg:  0.0, Max: 0, Diff: 0, Sum: 0, Workers: 4
[646.886s][debug][gc,phases      ] GC(24)     Total                          Min: 0, Avg: 12.0, Max: 48, Diff: 48, Sum: 48, Workers: 4
[646.886s][debug][gc,phases      ] GC(24)   StringDedup Table Weak         Min:  0.0, Avg:  0.0, Max:  0.0, Diff:  0.0, Sum:  0.0, Workers: 4
[646.886s][debug][gc,phases      ] GC(24)     Dead                           Min: 0, Avg:  0.0, Max: 0, Diff: 0, Sum: 0, Workers: 4
[646.886s][debug][gc,phases      ] GC(24)     Total                          Min: 0, Avg:  0.0, Max: 0, Diff: 0, Sum: 0, Workers: 4
[646.886s][debug][gc,phases      ] GC(24)   StringDedup Requests0 Weak     Min:  0.0, Avg:  0.0, Max:  0.0, Diff:  0.0, Sum:  0.0, Workers: 4
[646.886s][debug][gc,phases      ] GC(24)     Dead                           Min: 0, Avg:  0.0, Max: 0, Diff: 0, Sum: 0, Workers: 4
[646.886s][debug][gc,phases      ] GC(24)     Total                          Min: 0, Avg:  0.0, Max: 0, Diff: 0, Sum: 0, Workers: 4
[646.886s][debug][gc,phases      ] GC(24)   StringDedup Requests1 Weak     Min:  0.0, Avg:  0.0, Max:  0.0, Diff:  0.0, Sum:  0.0, Workers: 4
[646.886s][debug][gc,phases      ] GC(24)     Dead                           Min: 0, Avg:  0.0, Max: 0, Diff: 0, Sum: 0, Workers: 4
[646.886s][debug][gc,phases      ] GC(24)     Total                          Min: 0, Avg:  0.0, Max: 0, Diff: 0, Sum: 0, Workers: 4
[646.886s][debug][gc,phases      ] GC(24)   Weak JFR Old Object Samples    Min:  0.0, Avg:  0.0, Max:  0.0, Diff:  0.0, Sum:  0.0, Workers: 4
[646.886s][debug][gc,phases      ] GC(24)     Dead                           Min: 0, Avg:  0.0, Max: 0, Diff: 0, Sum: 0, Workers: 4
[646.886s][debug][gc,phases      ] GC(24)     Total                          Min: 0, Avg:  0.0, Max: 0, Diff: 0, Sum: 0, Workers: 4
[646.886s][debug][gc,phases      ] GC(24) Weak Processing 0.386ms
[646.886s][debug][gc,age         ] GC(24) Desired survivor size 191365120 bytes, new threshold 1 (max threshold 15)
[646.886s][info ][gc,heap        ] GC(24) PSYoungGen: 1691376K(1888768K)->3408K(1910272K) Eden: 1687040K(1687040K)->0K(1715712K) From: 4336K(201728K)->3408K(194560K)
[646.886s][info ][gc,heap        ] GC(24) ParOldGen: 323268K(323584K)->324140K(324608K)
[646.886s][info ][gc,metaspace   ] GC(24) Metaspace: 103616K(104960K)->103616K(104960K) NonClass: 87821K(88576K)->87821K(88576K) Class: 15794K(16384K)->15794K(16384K)
[646.886s][info ][gc             ] GC(24) Pause Young (Allocation Failure) 1967M->319M(2182M) 3.123ms
[646.886s][info ][gc,cpu         ] GC(24) User=0.01s Sys=0.00s Real=0.01s
[646.886s][info ][safepoint      ] Safepoint "ParallelGCFailedAllocation", Time since last: 1887368596 ns, Reaching safepoint: 78899 ns, Cleanup: 10300 ns, At safepoint: 3192176 ns, Total: 3281375 ns
[648.886s][info ][safepoint      ] Safepoint "Cleanup", Time since last: 2000160158 ns, Reaching safepoint: 79800 ns, Cleanup: 9800 ns, At safepoint: 7200 ns, Total: 96800 ns
[650.887s][info ][safepoint      ] Safepoint "Cleanup", Time since last: 2000186358 ns, Reaching safepoint: 6900 ns, Cleanup: 9600 ns, At safepoint: 2000 ns, Total: 18500 ns
[651.887s][info ][safepoint      ] Safepoint "Cleanup", Time since last: 1000103278 ns, Reaching safepoint: 7200 ns, Cleanup: 12200 ns, At safepoint: 2100 ns, Total: 21500 ns
[663.888s][info ][safepoint      ] Safepoint "Cleanup", Time since last: 12000905883 ns, Reaching safepoint: 7600 ns, Cleanup: 9400 ns, At safepoint: 2200 ns, Total: 19200 ns
[664.888s][info ][safepoint      ] Safepoint "Cleanup", Time since last: 1000120908 ns, Reaching safepoint: 6600 ns, Cleanup: 12000 ns, At safepoint: 2100 ns, Total: 20700 ns
[666.888s][info ][safepoint      ] Safepoint "Cleanup", Time since last: 2000181316 ns, Reaching safepoint: 7000 ns, Cleanup: 48200 ns, At safepoint: 2800 ns, Total: 58000 ns
[668.888s][info ][safepoint      ] Safepoint "Cleanup", Time since last: 2000182416 ns, Reaching safepoint: 5700 ns, Cleanup: 13500 ns, At safepoint: 1600 ns, Total: 20800 ns
[669.888s][info ][safepoint      ] Safepoint "Cleanup", Time since last: 1000110613 ns, Reaching safepoint: 7100 ns, Cleanup: 11600 ns, At safepoint: 2400 ns, Total: 21100 ns
[670.889s][info ][safepoint      ] Safepoint "Cleanup", Time since last: 1000106713 ns, Reaching safepoint: 7000 ns, Cleanup: 12600 ns, At safepoint: 1900 ns, Total: 21500 ns
[673.889s][info ][safepoint      ] Safepoint "Cleanup", Time since last: 3000257240 ns, Reaching safepoint: 7100 ns, Cleanup: 9600 ns, At safepoint: 1900 ns, Total: 18600 ns
[675.889s][info ][safepoint      ] Safepoint "Cleanup", Time since last: 2000213226 ns, Reaching safepoint: 6500 ns, Cleanup: 11600 ns, At safepoint: 2300 ns, Total: 20400 ns
[678.889s][info ][safepoint      ] Safepoint "Cleanup", Time since last: 3000272728 ns, Reaching safepoint: 6900 ns, Cleanup: 10400 ns, At safepoint: 2200 ns, Total: 19500 ns
[680.890s][info ][safepoint      ] Safepoint "Cleanup", Time since last: 2000186825 ns, Reaching safepoint: 6000 ns, Cleanup: 9999 ns, At safepoint: 1900 ns, Total: 17899 ns
[685.890s][info ][safepoint      ] Safepoint "Cleanup", Time since last: 5000404368 ns, Reaching safepoint: 6800 ns, Cleanup: 7200 ns, At safepoint: 2000 ns, Total: 16000 ns
[686.890s][info ][safepoint      ] Safepoint "Cleanup", Time since last: 1000114706 ns, Reaching safepoint: 6700 ns, Cleanup: 10400 ns, At safepoint: 2500 ns, Total: 19600 ns
[691.891s][info ][safepoint      ] Safepoint "Cleanup", Time since last: 5000398030 ns, Reaching safepoint: 6800 ns, Cleanup: 8600 ns, At safepoint: 2300 ns, Total: 17700 ns
[692.891s][info ][safepoint      ] Safepoint "Cleanup", Time since last: 1000117505 ns, Reaching safepoint: 6700 ns, Cleanup: 20300 ns, At safepoint: 2200 ns, Total: 29200 ns
[693.891s][info ][safepoint      ] Safepoint "Cleanup", Time since last: 1000114909 ns, Reaching safepoint: 6600 ns, Cleanup: 9700 ns, At safepoint: 2300 ns, Total: 18600 ns
[694.891s][info ][safepoint      ] Safepoint "Cleanup", Time since last: 1000110510 ns, Reaching safepoint: 6200 ns, Cleanup: 31100 ns, At safepoint: 2000 ns, Total: 39300 ns
[695.891s][info ][safepoint      ] Safepoint "Cleanup", Time since last: 1000107409 ns, Reaching safepoint: 6500 ns, Cleanup: 14800 ns, At safepoint: 2500 ns, Total: 23800 ns
[697.891s][info ][safepoint      ] Safepoint "Cleanup", Time since last: 2000179520 ns, Reaching safepoint: 6300 ns, Cleanup: 12800 ns, At safepoint: 2399 ns, Total: 21499 ns
[706.892s][info ][safepoint      ] Safepoint "Cleanup", Time since last: 9000703755 ns, Reaching safepoint: 7100 ns, Cleanup: 11700 ns, At safepoint: 2400 ns, Total: 21200 ns
[709.892s][info ][safepoint      ] Safepoint "Cleanup", Time since last: 3000258810 ns, Reaching safepoint: 7500 ns, Cleanup: 10000 ns, At safepoint: 1900 ns, Total: 19400 ns
[710.892s][info ][safepoint      ] Safepoint "Cleanup", Time since last: 1000114702 ns, Reaching safepoint: 6800 ns, Cleanup: 9800 ns, At safepoint: 2100 ns, Total: 18700 ns
[713.893s][info ][safepoint      ] Safepoint "Cleanup", Time since last: 3000260106 ns, Reaching safepoint: 6600 ns, Cleanup: 9900 ns, At safepoint: 2400 ns, Total: 18900 ns
[723.285s][info ][safepoint      ] Safepoint "Cleanup", Time since last: 9391862770 ns, Reaching safepoint: 78900 ns, Cleanup: 7300 ns, At safepoint: 5900 ns, Total: 92100 ns
[728.733s][info ][gc,start       ] GC(25) Pause Young (Allocation Failure)
[728.736s][debug][gc,phases      ] GC(25) Scavenge 2.683ms
[728.736s][debug][gc,ref         ] GC(25) ReferenceProcessor::execute queues: 1, RefProcThreadModel::Single, marks_oops_alive: false
[728.736s][debug][gc,ref         ] GC(25) Skipped KeepAliveFinalRefsPhase of Reference Processing: no references
[728.736s][debug][gc,ref         ] GC(25) ReferenceProcessor::execute queues: 1, RefProcThreadModel::Single, marks_oops_alive: false
[728.736s][debug][gc,phases      ] GC(25) Reference Processing 0.130ms
[728.736s][debug][gc,phases      ] GC(25)   VM Weak                        Min:  0.0, Avg:  0.0, Max:  0.0, Diff:  0.0, Sum:  0.0, Workers: 4
[728.736s][debug][gc,phases      ] GC(25)     Dead                           Min: 0, Avg:  0.0, Max: 0, Diff: 0, Sum: 0, Workers: 4
[728.736s][debug][gc,phases      ] GC(25)     Total                          Min: 0, Avg: 254.0, Max: 952, Diff: 952, Sum: 1016, Workers: 4
[728.736s][debug][gc,phases      ] GC(25)   ObjectSynchronizer Weak        Min:  0.0, Avg:  0.0, Max:  0.0, Diff:  0.0, Sum:  0.0, Workers: 4
[728.736s][debug][gc,phases      ] GC(25)     Dead                           Min: 0, Avg:  0.0, Max: 0, Diff: 0, Sum: 0, Workers: 4
[728.736s][debug][gc,phases      ] GC(25)     Total                          Min: 0, Avg:  0.8, Max: 3, Diff: 3, Sum: 3, Workers: 4
[728.736s][debug][gc,phases      ] GC(25)   JVMTI Tag Weak OopStorage      Min:  0.0, Avg:  0.0, Max:  0.0, Diff:  0.0, Sum:  0.0, Workers: 4
[728.736s][debug][gc,phases      ] GC(25)     Dead                           Min: 0, Avg:  0.0, Max: 0, Diff: 0, Sum: 0, Workers: 4
[728.736s][debug][gc,phases      ] GC(25)     Total                          Min: 0, Avg:  0.0, Max: 0, Diff: 0, Sum: 0, Workers: 4
[728.736s][debug][gc,phases      ] GC(25)   StringTable Weak               Min:  0.0, Avg:  0.1, Max:  0.1, Diff:  0.1, Sum:  0.4, Workers: 4
[728.736s][debug][gc,phases      ] GC(25)     Dead                           Min: 0, Avg:  0.0, Max: 0, Diff: 0, Sum: 0, Workers: 4
[728.736s][debug][gc,phases      ] GC(25)     Total                          Min: 0, Avg: 11336.5, Max: 19939, Diff: 19939, Sum: 45346, Workers: 4
[728.736s][debug][gc,phases      ] GC(25)   ResolvedMethodTable Weak       Min:  0.0, Avg:  0.0, Max:  0.0, Diff:  0.0, Sum:  0.1, Workers: 4
[728.736s][debug][gc,phases      ] GC(25)     Dead                           Min: 0, Avg:  4.0, Max: 11, Diff: 11, Sum: 16, Workers: 4
[728.736s][debug][gc,phases      ] GC(25)     Total                          Min: 0, Avg: 3914.5, Max: 6653, Diff: 6653, Sum: 15658, Workers: 4
[728.736s][debug][gc,phases      ] GC(25)   JNI Weak                       Min:  0.0, Avg:  0.0, Max:  0.0, Diff:  0.0, Sum:  0.0, Workers: 4
[728.736s][debug][gc,phases      ] GC(25)     Dead                           Min: 0, Avg:  0.0, Max: 0, Diff: 0, Sum: 0, Workers: 4
[728.736s][debug][gc,phases      ] GC(25)     Total                          Min: 0, Avg: 12.0, Max: 48, Diff: 48, Sum: 48, Workers: 4
[728.736s][debug][gc,phases      ] GC(25)   StringDedup Table Weak         Min:  0.0, Avg:  0.0, Max:  0.0, Diff:  0.0, Sum:  0.0, Workers: 4
[728.736s][debug][gc,phases      ] GC(25)     Dead                           Min: 0, Avg:  0.0, Max: 0, Diff: 0, Sum: 0, Workers: 4
[728.736s][debug][gc,phases      ] GC(25)     Total                          Min: 0, Avg:  0.0, Max: 0, Diff: 0, Sum: 0, Workers: 4
[728.736s][debug][gc,phases      ] GC(25)   StringDedup Requests0 Weak     Min:  0.0, Avg:  0.0, Max:  0.0, Diff:  0.0, Sum:  0.0, Workers: 4
[728.736s][debug][gc,phases      ] GC(25)     Dead                           Min: 0, Avg:  0.0, Max: 0, Diff: 0, Sum: 0, Workers: 4
[728.736s][debug][gc,phases      ] GC(25)     Total                          Min: 0, Avg:  0.0, Max: 0, Diff: 0, Sum: 0, Workers: 4
[728.736s][debug][gc,phases      ] GC(25)   StringDedup Requests1 Weak     Min:  0.0, Avg:  0.0, Max:  0.0, Diff:  0.0, Sum:  0.0, Workers: 4
[728.736s][debug][gc,phases      ] GC(25)     Dead                           Min: 0, Avg:  0.0, Max: 0, Diff: 0, Sum: 0, Workers: 4
[728.736s][debug][gc,phases      ] GC(25)     Total                          Min: 0, Avg:  0.0, Max: 0, Diff: 0, Sum: 0, Workers: 4
[728.736s][debug][gc,phases      ] GC(25)   Weak JFR Old Object Samples    Min:  0.0, Avg:  0.0, Max:  0.0, Diff:  0.0, Sum:  0.0, Workers: 4
[728.736s][debug][gc,phases      ] GC(25)     Dead                           Min: 0, Avg:  0.0, Max: 0, Diff: 0, Sum: 0, Workers: 4
[728.736s][debug][gc,phases      ] GC(25)     Total                          Min: 0, Avg:  0.0, Max: 0, Diff: 0, Sum: 0, Workers: 4
[728.736s][debug][gc,phases      ] GC(25) Weak Processing 0.385ms
[728.736s][debug][gc,age         ] GC(25) Desired survivor size 182976512 bytes, new threshold 1 (max threshold 15)
[728.737s][info ][gc,heap        ] GC(25) PSYoungGen: 1719120K(1910272K)->3904K(1902592K) Eden: 1715712K(1715712K)->0K(1715712K) From: 3408K(194560K)->3904K(186880K)
[728.737s][info ][gc,heap        ] GC(25) ParOldGen: 324140K(324608K)->324593K(324608K)
[728.737s][info ][gc,metaspace   ] GC(25) Metaspace: 103645K(104960K)->103645K(104960K) NonClass: 87850K(88576K)->87850K(88576K) Class: 15794K(16384K)->15794K(16384K)
[728.737s][info ][gc             ] GC(25) Pause Young (Allocation Failure) 1995M->320M(2175M) 3.299ms
[728.737s][info ][gc,cpu         ] GC(25) User=0.00s Sys=0.00s Real=0.00s
[728.737s][info ][safepoint      ] Safepoint "ParallelGCFailedAllocation", Time since last: 5448539302 ns, Reaching safepoint: 6400 ns, Cleanup: 4200 ns, At safepoint: 3364575 ns, Total: 3375175 ns
[731.737s][info ][safepoint      ] Safepoint "Cleanup", Time since last: 3000228701 ns, Reaching safepoint: 6800 ns, Cleanup: 13900 ns, At safepoint: 2200 ns, Total: 22900 ns
[737.737s][info ][safepoint      ] Safepoint "Cleanup", Time since last: 6000454217 ns, Reaching safepoint: 6600 ns, Cleanup: 9800 ns, At safepoint: 2000 ns, Total: 18400 ns
[738.737s][info ][safepoint      ] Safepoint "Cleanup", Time since last: 1000114003 ns, Reaching safepoint: 7300 ns, Cleanup: 11500 ns, At safepoint: 2000 ns, Total: 20800 ns
[743.738s][info ][safepoint      ] Safepoint "Cleanup", Time since last: 5000390461 ns, Reaching safepoint: 6300 ns, Cleanup: 11500 ns, At safepoint: 1900 ns, Total: 19700 ns
[744.738s][info ][safepoint      ] Safepoint "Cleanup", Time since last: 1000112482 ns, Reaching safepoint: 6600 ns, Cleanup: 12200 ns, At safepoint: 2200 ns, Total: 21000 ns
[745.738s][info ][safepoint      ] Safepoint "Cleanup", Time since last: 1000113582 ns, Reaching safepoint: 6600 ns, Cleanup: 11100 ns, At safepoint: 2200 ns, Total: 19900 ns
[746.738s][info ][safepoint      ] Safepoint "Cleanup", Time since last: 1000112782 ns, Reaching safepoint: 7000 ns, Cleanup: 11200 ns, At safepoint: 2100 ns, Total: 20300 ns
[747.738s][info ][safepoint      ] Safepoint "Cleanup", Time since last: 1000118782 ns, Reaching safepoint: 6900 ns, Cleanup: 12800 ns, At safepoint: 2200 ns, Total: 21900 ns
[749.739s][info ][safepoint      ] Safepoint "Cleanup", Time since last: 2000186372 ns, Reaching safepoint: 7600 ns, Cleanup: 36000 ns, At safepoint: 2300 ns, Total: 45900 ns
[750.739s][info ][safepoint      ] Safepoint "Cleanup", Time since last: 1000111694 ns, Reaching safepoint: 7100 ns, Cleanup: 12600 ns, At safepoint: 2400 ns, Total: 22100 ns
[751.739s][info ][safepoint      ] Safepoint "Cleanup", Time since last: 1000109994 ns, Reaching safepoint: 8500 ns, Cleanup: 11600 ns, At safepoint: 9500 ns, Total: 29600 ns
[752.744s][info ][safepoint      ] Safepoint "Cleanup", Time since last: 1000110794 ns, Reaching safepoint: 5367960 ns, Cleanup: 32500 ns, At safepoint: 14899 ns, Total: 5415359 ns
[753.745s][info ][safepoint      ] Safepoint "Cleanup", Time since last: 1000105394 ns, Reaching safepoint: 7200 ns, Cleanup: 16200 ns, At safepoint: 2500 ns, Total: 25900 ns
[754.745s][info ][safepoint      ] Safepoint "Cleanup", Time since last: 1000103394 ns, Reaching safepoint: 7300 ns, Cleanup: 21700 ns, At safepoint: 2700 ns, Total: 31700 ns
[755.745s][info ][safepoint      ] Safepoint "Cleanup", Time since last: 1000114794 ns, Reaching safepoint: 85799 ns, Cleanup: 13700 ns, At safepoint: 8900 ns, Total: 108399 ns
[757.745s][info ][safepoint      ] Safepoint "Cleanup", Time since last: 2000177797 ns, Reaching safepoint: 8400 ns, Cleanup: 15400 ns, At safepoint: 2800 ns, Total: 26600 ns
[758.745s][info ][safepoint      ] Safepoint "Cleanup", Time since last: 1000110307 ns, Reaching safepoint: 7500 ns, Cleanup: 21800 ns, At safepoint: 2700 ns, Total: 32000 ns
[759.745s][info ][safepoint      ] Safepoint "Cleanup", Time since last: 1000108407 ns, Reaching safepoint: 7800 ns, Cleanup: 12500 ns, At safepoint: 19900 ns, Total: 40200 ns
[760.746s][info ][safepoint      ] Safepoint "Cleanup", Time since last: 1000104907 ns, Reaching safepoint: 7400 ns, Cleanup: 16800 ns, At safepoint: 3000 ns, Total: 27200 ns
[763.746s][info ][safepoint      ] Safepoint "Cleanup", Time since last: 3000245622 ns, Reaching safepoint: 7300 ns, Cleanup: 11000 ns, At safepoint: 2400 ns, Total: 20700 ns
[767.746s][info ][safepoint      ] Safepoint "Cleanup", Time since last: 4000357964 ns, Reaching safepoint: 7100 ns, Cleanup: 10300 ns, At safepoint: 2300 ns, Total: 19700 ns
[772.747s][info ][safepoint      ] Safepoint "Cleanup", Time since last: 5000396213 ns, Reaching safepoint: 6300 ns, Cleanup: 13600 ns, At safepoint: 2000 ns, Total: 21900 ns
[774.747s][info ][safepoint      ] Safepoint "Cleanup", Time since last: 2000202092 ns, Reaching safepoint: 6600 ns, Cleanup: 9200 ns, At safepoint: 1900 ns, Total: 17700 ns
[775.747s][info ][safepoint      ] Safepoint "Cleanup", Time since last: 1000113799 ns, Reaching safepoint: 7000 ns, Cleanup: 18300 ns, At safepoint: 2400 ns, Total: 27700 ns
[778.747s][info ][safepoint      ] Safepoint "Cleanup", Time since last: 3000241898 ns, Reaching safepoint: 6700 ns, Cleanup: 17300 ns, At safepoint: 2000 ns, Total: 26000 ns
[781.302s][info ][safepoint      ] Safepoint "Cleanup", Time since last: 2554742390 ns, Reaching safepoint: 7500 ns, Cleanup: 10000 ns, At safepoint: 2500 ns, Total: 20000 ns
[783.302s][info ][safepoint      ] Safepoint "Cleanup", Time since last: 2000194848 ns, Reaching safepoint: 6500 ns, Cleanup: 13900 ns, At safepoint: 2800 ns, Total: 23200 ns
[784.302s][info ][safepoint      ] Safepoint "Cleanup", Time since last: 1000112474 ns, Reaching safepoint: 6700 ns, Cleanup: 10200 ns, At safepoint: 1900 ns, Total: 18800 ns
[786.303s][info ][safepoint      ] Safepoint "Cleanup", Time since last: 2000191749 ns, Reaching safepoint: 7300 ns, Cleanup: 15500 ns, At safepoint: 2099 ns, Total: 24899 ns
[787.303s][info ][safepoint      ] Safepoint "Cleanup", Time since last: 1000120275 ns, Reaching safepoint: 8100 ns, Cleanup: 14599 ns, At safepoint: 2900 ns, Total: 25599 ns
[790.303s][info ][safepoint      ] Safepoint "Cleanup", Time since last: 3000697842 ns, Reaching safepoint: 6700 ns, Cleanup: 12100 ns, At safepoint: 1800 ns, Total: 20600 ns
[791.304s][info ][safepoint      ] Safepoint "Cleanup", Time since last: 1000111693 ns, Reaching safepoint: 6899 ns, Cleanup: 13500 ns, At safepoint: 2200 ns, Total: 22599 ns
[793.304s][info ][safepoint      ] Safepoint "Cleanup", Time since last: 2000248485 ns, Reaching safepoint: 6400 ns, Cleanup: 10600 ns, At safepoint: 2200 ns, Total: 19200 ns
[795.304s][info ][safepoint      ] Safepoint "Cleanup", Time since last: 2000189986 ns, Reaching safepoint: 7700 ns, Cleanup: 10499 ns, At safepoint: 2600 ns, Total: 20799 ns
[796.304s][info ][safepoint      ] Safepoint "Cleanup", Time since last: 1000149393 ns, Reaching safepoint: 7400 ns, Cleanup: 15500 ns, At safepoint: 2600 ns, Total: 25500 ns
[802.305s][info ][safepoint      ] Safepoint "Cleanup", Time since last: 6000483384 ns, Reaching safepoint: 6800 ns, Cleanup: 13000 ns, At safepoint: 1900 ns, Total: 21700 ns
[802.787s][info ][gc,start       ] GC(26) Pause Young (Allocation Failure)
[802.790s][debug][gc,phases      ] GC(26) Scavenge 3.138ms
[802.790s][debug][gc,ref         ] GC(26) ReferenceProcessor::execute queues: 1, RefProcThreadModel::Single, marks_oops_alive: false
[802.790s][debug][gc,ref         ] GC(26) Skipped KeepAliveFinalRefsPhase of Reference Processing: no references
[802.790s][debug][gc,ref         ] GC(26) ReferenceProcessor::execute queues: 1, RefProcThreadModel::Single, marks_oops_alive: false
[802.790s][debug][gc,phases      ] GC(26) Reference Processing 0.089ms
[802.790s][debug][gc,phases      ] GC(26)   VM Weak                        Min:  0.0, Avg:  0.0, Max:  0.0, Diff:  0.0, Sum:  0.0, Workers: 4
[802.790s][debug][gc,phases      ] GC(26)     Dead                           Min: 0, Avg:  0.0, Max: 0, Diff: 0, Sum: 0, Workers: 4
[802.790s][debug][gc,phases      ] GC(26)     Total                          Min: 0, Avg: 254.0, Max: 568, Diff: 568, Sum: 1016, Workers: 4
[802.790s][debug][gc,phases      ] GC(26)   ObjectSynchronizer Weak        Min:  0.0, Avg:  0.0, Max:  0.0, Diff:  0.0, Sum:  0.0, Workers: 4
[802.790s][debug][gc,phases      ] GC(26)     Dead                           Min: 0, Avg:  0.0, Max: 0, Diff: 0, Sum: 0, Workers: 4
[802.790s][debug][gc,phases      ] GC(26)     Total                          Min: 0, Avg:  1.0, Max: 4, Diff: 4, Sum: 4, Workers: 4
[802.791s][debug][gc,phases      ] GC(26)   JVMTI Tag Weak OopStorage      Min:  0.0, Avg:  0.0, Max:  0.0, Diff:  0.0, Sum:  0.0, Workers: 4
[802.791s][debug][gc,phases      ] GC(26)     Dead                           Min: 0, Avg:  0.0, Max: 0, Diff: 0, Sum: 0, Workers: 4
[802.791s][debug][gc,phases      ] GC(26)     Total                          Min: 0, Avg:  0.0, Max: 0, Diff: 0, Sum: 0, Workers: 4
[802.791s][debug][gc,phases      ] GC(26)   StringTable Weak               Min:  0.0, Avg:  0.1, Max:  0.1, Diff:  0.1, Sum:  0.4, Workers: 4
[802.791s][debug][gc,phases      ] GC(26)     Dead                           Min: 0, Avg:  0.0, Max: 0, Diff: 0, Sum: 0, Workers: 4
[802.791s][debug][gc,phases      ] GC(26)     Total                          Min: 0, Avg: 11350.5, Max: 19712, Diff: 19712, Sum: 45402, Workers: 4
[802.791s][debug][gc,phases      ] GC(26)   ResolvedMethodTable Weak       Min:  0.0, Avg:  0.0, Max:  0.0, Diff:  0.0, Sum:  0.1, Workers: 4
[802.791s][debug][gc,phases      ] GC(26)     Dead                           Min: 0, Avg:  4.0, Max: 11, Diff: 11, Sum: 16, Workers: 4
[802.791s][debug][gc,phases      ] GC(26)     Total                          Min: 0, Avg: 3914.8, Max: 6648, Diff: 6648, Sum: 15659, Workers: 4
[802.791s][debug][gc,phases      ] GC(26)   JNI Weak                       Min:  0.0, Avg:  0.0, Max:  0.0, Diff:  0.0, Sum:  0.0, Workers: 4
[802.791s][debug][gc,phases      ] GC(26)     Dead                           Min: 0, Avg:  0.0, Max: 0, Diff: 0, Sum: 0, Workers: 4
[802.791s][debug][gc,phases      ] GC(26)     Total                          Min: 0, Avg: 12.0, Max: 48, Diff: 48, Sum: 48, Workers: 4
[802.791s][debug][gc,phases      ] GC(26)   StringDedup Table Weak         Min:  0.0, Avg:  0.0, Max:  0.0, Diff:  0.0, Sum:  0.0, Workers: 4
[802.791s][debug][gc,phases      ] GC(26)     Dead                           Min: 0, Avg:  0.0, Max: 0, Diff: 0, Sum: 0, Workers: 4
[802.791s][debug][gc,phases      ] GC(26)     Total                          Min: 0, Avg:  0.0, Max: 0, Diff: 0, Sum: 0, Workers: 4
[802.791s][debug][gc,phases      ] GC(26)   StringDedup Requests0 Weak     Min:  0.0, Avg:  0.0, Max:  0.0, Diff:  0.0, Sum:  0.0, Workers: 4
[802.791s][debug][gc,phases      ] GC(26)     Dead                           Min: 0, Avg:  0.0, Max: 0, Diff: 0, Sum: 0, Workers: 4
[802.791s][debug][gc,phases      ] GC(26)     Total                          Min: 0, Avg:  0.0, Max: 0, Diff: 0, Sum: 0, Workers: 4
[802.791s][debug][gc,phases      ] GC(26)   StringDedup Requests1 Weak     Min:  0.0, Avg:  0.0, Max:  0.0, Diff:  0.0, Sum:  0.0, Workers: 4
[802.791s][debug][gc,phases      ] GC(26)     Dead                           Min: 0, Avg:  0.0, Max: 0, Diff: 0, Sum: 0, Workers: 4
[802.791s][debug][gc,phases      ] GC(26)     Total                          Min: 0, Avg:  0.0, Max: 0, Diff: 0, Sum: 0, Workers: 4
[802.791s][debug][gc,phases      ] GC(26)   Weak JFR Old Object Samples    Min:  0.0, Avg:  0.0, Max:  0.0, Diff:  0.0, Sum:  0.0, Workers: 4
[802.791s][debug][gc,phases      ] GC(26)     Dead                           Min: 0, Avg:  0.0, Max: 0, Diff: 0, Sum: 0, Workers: 4
[802.791s][debug][gc,phases      ] GC(26)     Total                          Min: 0, Avg:  0.0, Max: 0, Diff: 0, Sum: 0, Workers: 4
[802.791s][debug][gc,phases      ] GC(26) Weak Processing 0.388ms
[802.791s][debug][gc,age         ] GC(26) Desired survivor size 174587904 bytes, new threshold 1 (max threshold 15)
[802.791s][info ][gc,heap        ] GC(26) PSYoungGen: 1719210K(1902592K)->4096K(1926656K) Eden: 1715306K(1715712K)->0K(1747968K) From: 3904K(186880K)->4096K(178688K)
[802.791s][info ][gc,heap        ] GC(26) ParOldGen: 324593K(324608K)->324937K(325120K)
[802.791s][info ][gc,metaspace   ] GC(26) Metaspace: 103730K(105088K)->103730K(105088K) NonClass: 87935K(88704K)->87935K(88704K) Class: 15794K(16384K)->15794K(16384K)
[802.791s][info ][gc             ] GC(26) Pause Young (Allocation Failure) 1995M->321M(2199M) 3.715ms
[802.791s][info ][gc,cpu         ] GC(26) User=0.01s Sys=0.00s Real=0.00s
[802.791s][info ][safepoint      ] Safepoint "ParallelGCFailedAllocation", Time since last: 482218231 ns, Reaching safepoint: 5500 ns, Cleanup: 4200 ns, At safepoint: 3781872 ns, Total: 3791572 ns
[805.791s][info ][safepoint      ] Safepoint "Cleanup", Time since last: 3000232164 ns, Reaching safepoint: 6900 ns, Cleanup: 9800 ns, At safepoint: 2200 ns, Total: 18900 ns
[811.791s][info ][safepoint      ] Safepoint "Cleanup", Time since last: 6000459611 ns, Reaching safepoint: 6200 ns, Cleanup: 23500 ns, At safepoint: 2300 ns, Total: 32000 ns
[813.792s][info ][safepoint      ] Safepoint "Cleanup", Time since last: 2000188030 ns, Reaching safepoint: 7200 ns, Cleanup: 16299 ns, At safepoint: 2500 ns, Total: 25999 ns
[816.792s][info ][safepoint      ] Safepoint "Cleanup", Time since last: 3000247577 ns, Reaching safepoint: 6700 ns, Cleanup: 11900 ns, At safepoint: 1900 ns, Total: 20500 ns
[817.792s][info ][safepoint      ] Safepoint "Cleanup", Time since last: 1000119092 ns, Reaching safepoint: 6300 ns, Cleanup: 10600 ns, At safepoint: 1900 ns, Total: 18800 ns
[818.792s][info ][safepoint      ] Safepoint "Cleanup", Time since last: 1000107592 ns, Reaching safepoint: 7300 ns, Cleanup: 11000 ns, At safepoint: 2300 ns, Total: 20600 ns
[819.792s][info ][safepoint      ] Safepoint "Cleanup", Time since last: 1000110792 ns, Reaching safepoint: 5800 ns, Cleanup: 12800 ns, At safepoint: 2100 ns, Total: 20700 ns
[824.793s][info ][safepoint      ] Safepoint "Cleanup", Time since last: 5000383891 ns, Reaching safepoint: 6400 ns, Cleanup: 8900 ns, At safepoint: 2000 ns, Total: 17300 ns
[826.793s][info ][safepoint      ] Safepoint "Cleanup", Time since last: 2000173746 ns, Reaching safepoint: 6100 ns, Cleanup: 10000 ns, At safepoint: 1900 ns, Total: 18000 ns
[832.793s][info ][safepoint      ] Safepoint "Cleanup", Time since last: 6000452626 ns, Reaching safepoint: 6700 ns, Cleanup: 9800 ns, At safepoint: 2200 ns, Total: 18700 ns
[833.794s][info ][safepoint      ] Safepoint "Cleanup", Time since last: 1000109570 ns, Reaching safepoint: 6700 ns, Cleanup: 9900 ns, At safepoint: 2000 ns, Total: 18600 ns
[847.320s][info ][safepoint      ] Safepoint "Cleanup", Time since last: 13526269079 ns, Reaching safepoint: 6700 ns, Cleanup: 16100 ns, At safepoint: 2099 ns, Total: 24899 ns
[848.320s][info ][safepoint      ] Safepoint "Cleanup", Time since last: 1000118483 ns, Reaching safepoint: 7400 ns, Cleanup: 13300 ns, At safepoint: 2199 ns, Total: 22899 ns
[850.320s][info ][safepoint      ] Safepoint "Cleanup", Time since last: 2000204665 ns, Reaching safepoint: 7900 ns, Cleanup: 18100 ns, At safepoint: 2400 ns, Total: 28400 ns
[852.320s][info ][safepoint      ] Safepoint "Cleanup", Time since last: 2000192664 ns, Reaching safepoint: 7400 ns, Cleanup: 11900 ns, At safepoint: 2400 ns, Total: 21700 ns
[858.321s][info ][safepoint      ] Safepoint "Cleanup", Time since last: 6000477968 ns, Reaching safepoint: 6800 ns, Cleanup: 14300 ns, At safepoint: 2600 ns, Total: 23700 ns
[859.321s][info ][safepoint      ] Safepoint "Cleanup", Time since last: 1000113996 ns, Reaching safepoint: 6900 ns, Cleanup: 9800 ns, At safepoint: 2500 ns, Total: 19200 ns
[863.321s][info ][safepoint      ] Safepoint "Cleanup", Time since last: 4000334759 ns, Reaching safepoint: 7100 ns, Cleanup: 12500 ns, At safepoint: 2100 ns, Total: 21700 ns
[864.322s][info ][safepoint      ] Safepoint "Cleanup", Time since last: 1000113683 ns, Reaching safepoint: 7300 ns, Cleanup: 13400 ns, At safepoint: 2300 ns, Total: 23000 ns
[865.322s][info ][safepoint      ] Safepoint "Cleanup", Time since last: 1000115783 ns, Reaching safepoint: 8000 ns, Cleanup: 13000 ns, At safepoint: 2400 ns, Total: 23400 ns
[866.386s][info ][gc,start       ] GC(27) Pause Young (Allocation Failure)
[866.390s][debug][gc,phases      ] GC(27) Scavenge 3.376ms
[866.390s][debug][gc,ref         ] GC(27) ReferenceProcessor::execute queues: 1, RefProcThreadModel::Single, marks_oops_alive: false
[866.390s][debug][gc,ref         ] GC(27) Skipped KeepAliveFinalRefsPhase of Reference Processing: no references
[866.390s][debug][gc,ref         ] GC(27) Skipped PhantomRefsPhase of Reference Processing: no references
[866.390s][debug][gc,phases      ] GC(27) Reference Processing 0.099ms
[866.390s][debug][gc,phases      ] GC(27)   VM Weak                        Min:  0.0, Avg:  0.0, Max:  0.0, Diff:  0.0, Sum:  0.0, Workers: 4
[866.390s][debug][gc,phases      ] GC(27)     Dead                           Min: 0, Avg:  0.0, Max: 0, Diff: 0, Sum: 0, Workers: 4
[866.390s][debug][gc,phases      ] GC(27)     Total                          Min: 0, Avg: 254.0, Max: 640, Diff: 640, Sum: 1016, Workers: 4
[866.390s][debug][gc,phases      ] GC(27)   ObjectSynchronizer Weak        Min:  0.0, Avg:  0.0, Max:  0.0, Diff:  0.0, Sum:  0.0, Workers: 4
[866.390s][debug][gc,phases      ] GC(27)     Dead                           Min: 0, Avg:  0.0, Max: 0, Diff: 0, Sum: 0, Workers: 4
[866.390s][debug][gc,phases      ] GC(27)     Total                          Min: 0, Avg:  1.0, Max: 4, Diff: 4, Sum: 4, Workers: 4
[866.390s][debug][gc,phases      ] GC(27)   JVMTI Tag Weak OopStorage      Min:  0.0, Avg:  0.0, Max:  0.0, Diff:  0.0, Sum:  0.0, Workers: 4
[866.390s][debug][gc,phases      ] GC(27)     Dead                           Min: 0, Avg:  0.0, Max: 0, Diff: 0, Sum: 0, Workers: 4
[866.390s][debug][gc,phases      ] GC(27)     Total                          Min: 0, Avg:  0.0, Max: 0, Diff: 0, Sum: 0, Workers: 4
[866.390s][debug][gc,phases      ] GC(27)   StringTable Weak               Min:  0.0, Avg:  0.1, Max:  0.1, Diff:  0.1, Sum:  0.4, Workers: 4
[866.390s][debug][gc,phases      ] GC(27)     Dead                           Min: 0, Avg:  0.0, Max: 0, Diff: 0, Sum: 0, Workers: 4
[866.390s][debug][gc,phases      ] GC(27)     Total                          Min: 0, Avg: 11352.5, Max: 19968, Diff: 19968, Sum: 45410, Workers: 4
[866.390s][debug][gc,phases      ] GC(27)   ResolvedMethodTable Weak       Min:  0.0, Avg:  0.0, Max:  0.0, Diff:  0.0, Sum:  0.1, Workers: 4
[866.390s][debug][gc,phases      ] GC(27)     Dead                           Min: 0, Avg:  4.0, Max: 16, Diff: 16, Sum: 16, Workers: 4
[866.390s][debug][gc,phases      ] GC(27)     Total                          Min: 0, Avg: 3914.8, Max: 6655, Diff: 6655, Sum: 15659, Workers: 4
[866.390s][debug][gc,phases      ] GC(27)   JNI Weak                       Min:  0.0, Avg:  0.0, Max:  0.0, Diff:  0.0, Sum:  0.0, Workers: 4
[866.390s][debug][gc,phases      ] GC(27)     Dead                           Min: 0, Avg:  0.0, Max: 0, Diff: 0, Sum: 0, Workers: 4
[866.390s][debug][gc,phases      ] GC(27)     Total                          Min: 0, Avg: 12.0, Max: 48, Diff: 48, Sum: 48, Workers: 4
[866.390s][debug][gc,phases      ] GC(27)   StringDedup Table Weak         Min:  0.0, Avg:  0.0, Max:  0.0, Diff:  0.0, Sum:  0.0, Workers: 4
[866.390s][debug][gc,phases      ] GC(27)     Dead                           Min: 0, Avg:  0.0, Max: 0, Diff: 0, Sum: 0, Workers: 4
[866.390s][debug][gc,phases      ] GC(27)     Total                          Min: 0, Avg:  0.0, Max: 0, Diff: 0, Sum: 0, Workers: 4
[866.390s][debug][gc,phases      ] GC(27)   StringDedup Requests0 Weak     Min:  0.0, Avg:  0.0, Max:  0.0, Diff:  0.0, Sum:  0.0, Workers: 4
[866.390s][debug][gc,phases      ] GC(27)     Dead                           Min: 0, Avg:  0.0, Max: 0, Diff: 0, Sum: 0, Workers: 4
[866.390s][debug][gc,phases      ] GC(27)     Total                          Min: 0, Avg:  0.0, Max: 0, Diff: 0, Sum: 0, Workers: 4
[866.390s][debug][gc,phases      ] GC(27)   StringDedup Requests1 Weak     Min:  0.0, Avg:  0.0, Max:  0.0, Diff:  0.0, Sum:  0.0, Workers: 4
[866.390s][debug][gc,phases      ] GC(27)     Dead                           Min: 0, Avg:  0.0, Max: 0, Diff: 0, Sum: 0, Workers: 4
[866.390s][debug][gc,phases      ] GC(27)     Total                          Min: 0, Avg:  0.0, Max: 0, Diff: 0, Sum: 0, Workers: 4
[866.390s][debug][gc,phases      ] GC(27)   Weak JFR Old Object Samples    Min:  0.0, Avg:  0.0, Max:  0.0, Diff:  0.0, Sum:  0.0, Workers: 4
[866.390s][debug][gc,phases      ] GC(27)     Dead                           Min: 0, Avg:  0.0, Max: 0, Diff: 0, Sum: 0, Workers: 4
[866.390s][debug][gc,phases      ] GC(27)     Total                          Min: 0, Avg:  0.0, Max: 0, Diff: 0, Sum: 0, Workers: 4
[866.390s][debug][gc,phases      ] GC(27) Weak Processing 0.379ms
[866.390s][debug][gc,age         ] GC(27) Desired survivor size 166199296 bytes, new threshold 1 (max threshold 15)
[866.390s][info ][gc,heap        ] GC(27) PSYoungGen: 1752064K(1926656K)->3360K(1918464K) Eden: 1747968K(1747968K)->0K(1747968K) From: 4096K(178688K)->3360K(170496K)
[866.390s][info ][gc,heap        ] GC(27) ParOldGen: 324937K(325120K)->325877K(326144K)
[866.390s][info ][gc,metaspace   ] GC(27) Metaspace: 103801K(105152K)->103801K(105152K) NonClass: 88006K(88768K)->88006K(88768K) Class: 15794K(16384K)->15794K(16384K)
[866.390s][info ][gc             ] GC(27) Pause Young (Allocation Failure) 2028M->321M(2192M) 3.969ms
[866.390s][info ][gc,cpu         ] GC(27) User=0.02s Sys=0.00s Real=0.00s
[866.390s][info ][safepoint      ] Safepoint "ParallelGCFailedAllocation", Time since last: 1064668004 ns, Reaching safepoint: 6600 ns, Cleanup: 4000 ns, At safepoint: 4036070 ns, Total: 4046670 ns
[871.391s][info ][safepoint      ] Safepoint "Cleanup", Time since last: 5000372436 ns, Reaching safepoint: 6900 ns, Cleanup: 10000 ns, At safepoint: 2100 ns, Total: 19000 ns
[872.391s][info ][safepoint      ] Safepoint "Cleanup", Time since last: 1000120991 ns, Reaching safepoint: 7200 ns, Cleanup: 11800 ns, At safepoint: 2400 ns, Total: 21400 ns
[873.391s][info ][safepoint      ] Safepoint "Cleanup", Time since last: 1000110892 ns, Reaching safepoint: 7299 ns, Cleanup: 9600 ns, At safepoint: 2300 ns, Total: 19199 ns
[874.391s][info ][safepoint      ] Safepoint "Cleanup", Time since last: 1000114192 ns, Reaching safepoint: 6800 ns, Cleanup: 9300 ns, At safepoint: 2100 ns, Total: 18200 ns
[878.392s][info ][safepoint      ] Safepoint "Cleanup", Time since last: 4000315574 ns, Reaching safepoint: 6800 ns, Cleanup: 10300 ns, At safepoint: 2300 ns, Total: 19400 ns
[880.392s][info ][safepoint      ] Safepoint "Cleanup", Time since last: 2000189396 ns, Reaching safepoint: 6800 ns, Cleanup: 10300 ns, At safepoint: 2000 ns, Total: 19100 ns
[883.392s][info ][safepoint      ] Safepoint "Cleanup", Time since last: 3000253995 ns, Reaching safepoint: 7000 ns, Cleanup: 14699 ns, At safepoint: 2200 ns, Total: 23899 ns
[885.392s][info ][safepoint      ] Safepoint "Cleanup", Time since last: 2000195395 ns, Reaching safepoint: 7600 ns, Cleanup: 9500 ns, At safepoint: 2000 ns, Total: 19100 ns
[889.393s][info ][safepoint      ] Safepoint "Cleanup", Time since last: 4000312451 ns, Reaching safepoint: 6600 ns, Cleanup: 9500 ns, At safepoint: 2400 ns, Total: 18500 ns
[890.393s][info ][safepoint      ] Safepoint "Cleanup", Time since last: 1000112288 ns, Reaching safepoint: 6600 ns, Cleanup: 9700 ns, At safepoint: 2200 ns, Total: 18500 ns
[892.393s][info ][safepoint      ] Safepoint "Cleanup", Time since last: 2000174175 ns, Reaching safepoint: 6300 ns, Cleanup: 14600 ns, At safepoint: 1900 ns, Total: 22800 ns
[898.393s][info ][safepoint      ] Safepoint "Cleanup", Time since last: 6000447767 ns, Reaching safepoint: 6300 ns, Cleanup: 11600 ns, At safepoint: 2200 ns, Total: 20100 ns
[899.393s][info ][safepoint      ] Safepoint "Cleanup", Time since last: 1000114096 ns, Reaching safepoint: 7000 ns, Cleanup: 11799 ns, At safepoint: 1800 ns, Total: 20599 ns
[902.337s][info ][safepoint      ] Safepoint "Cleanup", Time since last: 2943137608 ns, Reaching safepoint: 6700 ns, Cleanup: 25099 ns, At safepoint: 1800 ns, Total: 33599 ns
[903.337s][info ][safepoint      ] Safepoint "Cleanup", Time since last: 1000094194 ns, Reaching safepoint: 6600 ns, Cleanup: 6900 ns, At safepoint: 1800 ns, Total: 15300 ns
[904.337s][info ][safepoint      ] Safepoint "Cleanup", Time since last: 1000106893 ns, Reaching safepoint: 6500 ns, Cleanup: 16000 ns, At safepoint: 2100 ns, Total: 24600 ns
[905.337s][info ][safepoint      ] Safepoint "Cleanup", Time since last: 1000113993 ns, Reaching safepoint: 79999 ns, Cleanup: 9700 ns, At safepoint: 7000 ns, Total: 96699 ns
[906.337s][info ][safepoint      ] Safepoint "Cleanup", Time since last: 1000112093 ns, Reaching safepoint: 6700 ns, Cleanup: 9400 ns, At safepoint: 2400 ns, Total: 18500 ns
[907.337s][info ][safepoint      ] Safepoint "Cleanup", Time since last: 1000103593 ns, Reaching safepoint: 6800 ns, Cleanup: 8700 ns, At safepoint: 2200 ns, Total: 17700 ns
[908.337s][info ][safepoint      ] Safepoint "Cleanup", Time since last: 1000126993 ns, Reaching safepoint: 6600 ns, Cleanup: 8400 ns, At safepoint: 2100 ns, Total: 17100 ns
[911.338s][info ][safepoint      ] Safepoint "Cleanup", Time since last: 3000245085 ns, Reaching safepoint: 7200 ns, Cleanup: 9200 ns, At safepoint: 1900 ns, Total: 18300 ns
[913.338s][info ][safepoint      ] Safepoint "Cleanup", Time since last: 2000180991 ns, Reaching safepoint: 79099 ns, Cleanup: 40300 ns, At safepoint: 9300 ns, Total: 128699 ns
[921.339s][info ][safepoint      ] Safepoint "Cleanup", Time since last: 8000588694 ns, Reaching safepoint: 6700 ns, Cleanup: 13000 ns, At safepoint: 1800 ns, Total: 21500 ns
[922.339s][info ][safepoint      ] Safepoint "Cleanup", Time since last: 1000112202 ns, Reaching safepoint: 8400 ns, Cleanup: 11500 ns, At safepoint: 2800 ns, Total: 22700 ns
[926.339s][info ][safepoint      ] Safepoint "Cleanup", Time since last: 4000327805 ns, Reaching safepoint: 8300 ns, Cleanup: 10500 ns, At safepoint: 2100 ns, Total: 20900 ns
[927.339s][info ][safepoint      ] Safepoint "Cleanup", Time since last: 1000110398 ns, Reaching safepoint: 7800 ns, Cleanup: 10100 ns, At safepoint: 2000 ns, Total: 19900 ns
[934.340s][info ][safepoint      ] Safepoint "Cleanup", Time since last: 7000546487 ns, Reaching safepoint: 8300 ns, Cleanup: 10400 ns, At safepoint: 1900 ns, Total: 20600 ns
[935.233s][info ][gc,start       ] GC(28) Pause Young (Allocation Failure)
[935.237s][debug][gc,phases      ] GC(28) Scavenge 3.873ms
[935.237s][debug][gc,ref         ] GC(28) ReferenceProcessor::execute queues: 1, RefProcThreadModel::Single, marks_oops_alive: false
[935.237s][debug][gc,ref         ] GC(28) Skipped KeepAliveFinalRefsPhase of Reference Processing: no references
[935.237s][debug][gc,ref         ] GC(28) ReferenceProcessor::execute queues: 1, RefProcThreadModel::Single, marks_oops_alive: false
[935.237s][debug][gc,phases      ] GC(28) Reference Processing 0.101ms
[935.237s][debug][gc,phases      ] GC(28)   VM Weak                        Min:  0.0, Avg:  0.0, Max:  0.0, Diff:  0.0, Sum:  0.0, Workers: 4
[935.237s][debug][gc,phases      ] GC(28)     Dead                           Min: 0, Avg:  0.0, Max: 0, Diff: 0, Sum: 0, Workers: 4
[935.237s][debug][gc,phases      ] GC(28)     Total                          Min: 0, Avg: 254.0, Max: 760, Diff: 760, Sum: 1016, Workers: 4
[935.237s][debug][gc,phases      ] GC(28)   ObjectSynchronizer Weak        Min:  0.0, Avg:  0.0, Max:  0.0, Diff:  0.0, Sum:  0.0, Workers: 4
[935.237s][debug][gc,phases      ] GC(28)     Dead                           Min: 0, Avg:  0.0, Max: 0, Diff: 0, Sum: 0, Workers: 4
[935.237s][debug][gc,phases      ] GC(28)     Total                          Min: 0, Avg:  1.0, Max: 4, Diff: 4, Sum: 4, Workers: 4
[935.237s][debug][gc,phases      ] GC(28)   JVMTI Tag Weak OopStorage      Min:  0.0, Avg:  0.0, Max:  0.0, Diff:  0.0, Sum:  0.0, Workers: 4
[935.237s][debug][gc,phases      ] GC(28)     Dead                           Min: 0, Avg:  0.0, Max: 0, Diff: 0, Sum: 0, Workers: 4
[935.237s][debug][gc,phases      ] GC(28)     Total                          Min: 0, Avg:  0.0, Max: 0, Diff: 0, Sum: 0, Workers: 4
[935.237s][debug][gc,phases      ] GC(28)   StringTable Weak               Min:  0.0, Avg:  0.1, Max:  0.1, Diff:  0.1, Sum:  0.4, Workers: 4
[935.237s][debug][gc,phases      ] GC(28)     Dead                           Min: 0, Avg:  0.2, Max: 1, Diff: 1, Sum: 1, Workers: 4
[935.237s][debug][gc,phases      ] GC(28)     Total                          Min: 0, Avg: 11356.2, Max: 19761, Diff: 19761, Sum: 45425, Workers: 4
[935.237s][debug][gc,phases      ] GC(28)   ResolvedMethodTable Weak       Min:  0.0, Avg:  0.0, Max:  0.0, Diff:  0.0, Sum:  0.1, Workers: 4
[935.237s][debug][gc,phases      ] GC(28)     Dead                           Min: 0, Avg:  4.2, Max: 17, Diff: 17, Sum: 17, Workers: 4
[935.237s][debug][gc,phases      ] GC(28)     Total                          Min: 0, Avg: 3916.2, Max: 6585, Diff: 6585, Sum: 15665, Workers: 4
[935.237s][debug][gc,phases      ] GC(28)   JNI Weak                       Min:  0.0, Avg:  0.0, Max:  0.0, Diff:  0.0, Sum:  0.0, Workers: 4
[935.237s][debug][gc,phases      ] GC(28)     Dead                           Min: 0, Avg:  0.0, Max: 0, Diff: 0, Sum: 0, Workers: 4
[935.237s][debug][gc,phases      ] GC(28)     Total                          Min: 0, Avg: 12.0, Max: 48, Diff: 48, Sum: 48, Workers: 4
[935.237s][debug][gc,phases      ] GC(28)   StringDedup Table Weak         Min:  0.0, Avg:  0.0, Max:  0.0, Diff:  0.0, Sum:  0.0, Workers: 4
[935.237s][debug][gc,phases      ] GC(28)     Dead                           Min: 0, Avg:  0.0, Max: 0, Diff: 0, Sum: 0, Workers: 4
[935.237s][debug][gc,phases      ] GC(28)     Total                          Min: 0, Avg:  0.0, Max: 0, Diff: 0, Sum: 0, Workers: 4
[935.237s][debug][gc,phases      ] GC(28)   StringDedup Requests0 Weak     Min:  0.0, Avg:  0.0, Max:  0.0, Diff:  0.0, Sum:  0.0, Workers: 4
[935.237s][debug][gc,phases      ] GC(28)     Dead                           Min: 0, Avg:  0.0, Max: 0, Diff: 0, Sum: 0, Workers: 4
[935.237s][debug][gc,phases      ] GC(28)     Total                          Min: 0, Avg:  0.0, Max: 0, Diff: 0, Sum: 0, Workers: 4
[935.237s][debug][gc,phases      ] GC(28)   StringDedup Requests1 Weak     Min:  0.0, Avg:  0.0, Max:  0.0, Diff:  0.0, Sum:  0.0, Workers: 4
[935.237s][debug][gc,phases      ] GC(28)     Dead                           Min: 0, Avg:  0.0, Max: 0, Diff: 0, Sum: 0, Workers: 4
[935.237s][debug][gc,phases      ] GC(28)     Total                          Min: 0, Avg:  0.0, Max: 0, Diff: 0, Sum: 0, Workers: 4
[935.237s][debug][gc,phases      ] GC(28)   Weak JFR Old Object Samples    Min:  0.0, Avg:  0.0, Max:  0.0, Diff:  0.0, Sum:  0.0, Workers: 4
[935.237s][debug][gc,phases      ] GC(28)     Dead                           Min: 0, Avg:  0.0, Max: 0, Diff: 0, Sum: 0, Workers: 4
[935.237s][debug][gc,phases      ] GC(28)     Total                          Min: 0, Avg:  0.0, Max: 0, Diff: 0, Sum: 0, Workers: 4
[935.237s][debug][gc,phases      ] GC(28) Weak Processing 0.390ms
[935.237s][debug][gc,age         ] GC(28) Desired survivor size 157286400 bytes, new threshold 1 (max threshold 15)
[935.238s][info ][gc,heap        ] GC(28) PSYoungGen: 1751328K(1918464K)->4832K(1943552K) Eden: 1747968K(1747968K)->0K(1781248K) From: 3360K(170496K)->4832K(162304K)
[935.238s][info ][gc,heap        ] GC(28) ParOldGen: 325877K(326144K)->326133K(326144K)
[935.238s][info ][gc,metaspace   ] GC(28) Metaspace: 103848K(105152K)->103848K(105152K) NonClass: 88048K(88768K)->88048K(88768K) Class: 15799K(16384K)->15799K(16384K)
[935.238s][info ][gc             ] GC(28) Pause Young (Allocation Failure) 2028M->323M(2216M) 4.480ms
[935.238s][info ][gc,cpu         ] GC(28) User=0.02s Sys=0.00s Real=0.00s
[935.238s][info ][safepoint      ] Safepoint "ParallelGCFailedAllocation", Time since last: 893060790 ns, Reaching safepoint: 81399 ns, Cleanup: 11600 ns, At safepoint: 4558567 ns, Total: 4651566 ns
[936.238s][info ][safepoint      ] Safepoint "Cleanup", Time since last: 1000081698 ns, Reaching safepoint: 7500 ns, Cleanup: 23900 ns, At safepoint: 2099 ns, Total: 33499 ns
[937.238s][info ][safepoint      ] Safepoint "Cleanup", Time since last: 1000108098 ns, Reaching safepoint: 9000 ns, Cleanup: 21500 ns, At safepoint: 2600 ns, Total: 33100 ns
[939.238s][info ][safepoint      ] Safepoint "Cleanup", Time since last: 2000184496 ns, Reaching safepoint: 8000 ns, Cleanup: 9000 ns, At safepoint: 2100 ns, Total: 19100 ns
[946.239s][info ][safepoint      ] Safepoint "Cleanup", Time since last: 7000556808 ns, Reaching safepoint: 8200 ns, Cleanup: 17200 ns, At safepoint: 2300 ns, Total: 27700 ns
[951.239s][info ][safepoint      ] Safepoint "Cleanup", Time since last: 5000426143 ns, Reaching safepoint: 83700 ns, Cleanup: 11400 ns, At safepoint: 7800 ns, Total: 102900 ns
[952.239s][info ][safepoint      ] Safepoint "Cleanup", Time since last: 1000149198 ns, Reaching safepoint: 7300 ns, Cleanup: 9900 ns, At safepoint: 2000 ns, Total: 19200 ns
[956.240s][info ][safepoint      ] Safepoint "Cleanup", Time since last: 4000339597 ns, Reaching safepoint: 8100 ns, Cleanup: 12400 ns, At safepoint: 2100 ns, Total: 22600 ns
[957.240s][info ][safepoint      ] Safepoint "Cleanup", Time since last: 1000126699 ns, Reaching safepoint: 7700 ns, Cleanup: 12499 ns, At safepoint: 2300 ns, Total: 22499 ns
[958.240s][info ][safepoint      ] Safepoint "Cleanup", Time since last: 1000113698 ns, Reaching safepoint: 8300 ns, Cleanup: 9600 ns, At safepoint: 2700 ns, Total: 20600 ns
[959.240s][info ][safepoint      ] Safepoint "Cleanup", Time since last: 1000122598 ns, Reaching safepoint: 8600 ns, Cleanup: 12900 ns, At safepoint: 2400 ns, Total: 23900 ns
[962.354s][info ][safepoint      ] Safepoint "Cleanup", Time since last: 3114233250 ns, Reaching safepoint: 8200 ns, Cleanup: 13600 ns, At safepoint: 2000 ns, Total: 23800 ns
[963.354s][info ][safepoint      ] Safepoint "Cleanup", Time since last: 1000113397 ns, Reaching safepoint: 8600 ns, Cleanup: 10900 ns, At safepoint: 2300 ns, Total: 21800 ns
[973.355s][info ][safepoint      ] Safepoint "Cleanup", Time since last: 10000782352 ns, Reaching safepoint: 7600 ns, Cleanup: 9400 ns, At safepoint: 2000 ns, Total: 19000 ns
[974.355s][info ][safepoint      ] Safepoint "Cleanup", Time since last: 1000110293 ns, Reaching safepoint: 7100 ns, Cleanup: 11900 ns, At safepoint: 2200 ns, Total: 21200 ns
[975.356s][info ][safepoint      ] Safepoint "Cleanup", Time since last: 1000115194 ns, Reaching safepoint: 7800 ns, Cleanup: 10900 ns, At safepoint: 2500 ns, Total: 21200 ns
[980.356s][info ][safepoint      ] Safepoint "Cleanup", Time since last: 5000416368 ns, Reaching safepoint: 7600 ns, Cleanup: 11500 ns, At safepoint: 2700 ns, Total: 21800 ns
[984.356s][info ][safepoint      ] Safepoint "Cleanup", Time since last: 4000386587 ns, Reaching safepoint: 9100 ns, Cleanup: 14299 ns, At safepoint: 2900 ns, Total: 26299 ns
[987.357s][info ][safepoint      ] Safepoint "Cleanup", Time since last: 3000264794 ns, Reaching safepoint: 7700 ns, Cleanup: 11100 ns, At safepoint: 2600 ns, Total: 21400 ns
[996.357s][info ][safepoint      ] Safepoint "Cleanup", Time since last: 9000714785 ns, Reaching safepoint: 7200 ns, Cleanup: 14200 ns, At safepoint: 2000 ns, Total: 23400 ns
[998.358s][info ][safepoint      ] Safepoint "Cleanup", Time since last: 2000185295 ns, Reaching safepoint: 7300 ns, Cleanup: 31600 ns, At safepoint: 1899 ns, Total: 40799 ns
[999.358s][info ][safepoint      ] Safepoint "Cleanup", Time since last: 1000134297 ns, Reaching safepoint: 7900 ns, Cleanup: 11799 ns, At safepoint: 2100 ns, Total: 21799 ns
[1003.358s][info ][safepoint      ] Safepoint "Cleanup", Time since last: 4000328687 ns, Reaching safepoint: 6700 ns, Cleanup: 11399 ns, At safepoint: 2500 ns, Total: 20599 ns
[1005.358s][info ][safepoint      ] Safepoint "Cleanup", Time since last: 2000199393 ns, Reaching safepoint: 8500 ns, Cleanup: 12400 ns, At safepoint: 2000 ns, Total: 22900 ns
[1009.359s][info ][safepoint      ] Safepoint "Cleanup", Time since last: 4000346444 ns, Reaching safepoint: 7700 ns, Cleanup: 10300 ns, At safepoint: 2700 ns, Total: 20700 ns
[1010.359s][info ][safepoint      ] Safepoint "Cleanup", Time since last: 1000123086 ns, Reaching safepoint: 7200 ns, Cleanup: 9999 ns, At safepoint: 2000 ns, Total: 19199 ns
[1013.359s][info ][safepoint      ] Safepoint "Cleanup", Time since last: 3000274358 ns, Reaching safepoint: 8300 ns, Cleanup: 20800 ns, At safepoint: 2800 ns, Total: 31900 ns
[1018.935s][info ][gc,start       ] GC(29) Pause Young (Allocation Failure)
[1018.938s][debug][gc,phases      ] GC(29) Scavenge 3.393ms
[1018.938s][debug][gc,ref         ] GC(29) ReferenceProcessor::execute queues: 1, RefProcThreadModel::Single, marks_oops_alive: false
[1018.938s][debug][gc,ref         ] GC(29) Skipped KeepAliveFinalRefsPhase of Reference Processing: no references
[1018.938s][debug][gc,ref         ] GC(29) ReferenceProcessor::execute queues: 1, RefProcThreadModel::Single, marks_oops_alive: false
[1018.938s][debug][gc,phases      ] GC(29) Reference Processing 0.129ms
[1018.939s][debug][gc,phases      ] GC(29)   VM Weak                        Min:  0.0, Avg:  0.0, Max:  0.0, Diff:  0.0, Sum:  0.0, Workers: 4
[1018.939s][debug][gc,phases      ] GC(29)     Dead                           Min: 0, Avg:  0.0, Max: 0, Diff: 0, Sum: 0, Workers: 4
[1018.939s][debug][gc,phases      ] GC(29)     Total                          Min: 0, Avg: 254.0, Max: 760, Diff: 760, Sum: 1016, Workers: 4
[1018.939s][debug][gc,phases      ] GC(29)   ObjectSynchronizer Weak        Min:  0.0, Avg:  0.0, Max:  0.0, Diff:  0.0, Sum:  0.0, Workers: 4
[1018.939s][debug][gc,phases      ] GC(29)     Dead                           Min: 0, Avg:  0.0, Max: 0, Diff: 0, Sum: 0, Workers: 4
[1018.939s][debug][gc,phases      ] GC(29)     Total                          Min: 0, Avg:  1.0, Max: 4, Diff: 4, Sum: 4, Workers: 4
[1018.939s][debug][gc,phases      ] GC(29)   JVMTI Tag Weak OopStorage      Min:  0.0, Avg:  0.0, Max:  0.0, Diff:  0.0, Sum:  0.0, Workers: 4
[1018.939s][debug][gc,phases      ] GC(29)     Dead                           Min: 0, Avg:  0.0, Max: 0, Diff: 0, Sum: 0, Workers: 4
[1018.939s][debug][gc,phases      ] GC(29)     Total                          Min: 0, Avg:  0.0, Max: 0, Diff: 0, Sum: 0, Workers: 4
[1018.939s][debug][gc,phases      ] GC(29)   StringTable Weak               Min:  0.1, Avg:  0.1, Max:  0.1, Diff:  0.1, Sum:  0.5, Workers: 4
[1018.939s][debug][gc,phases      ] GC(29)     Dead                           Min: 0, Avg:  0.0, Max: 0, Diff: 0, Sum: 0, Workers: 4
[1018.939s][debug][gc,phases      ] GC(29)     Total                          Min: 6709, Avg: 11357.0, Max: 13951, Diff: 7242, Sum: 45428, Workers: 4
[1018.939s][debug][gc,phases      ] GC(29)   ResolvedMethodTable Weak       Min:  0.0, Avg:  0.0, Max:  0.0, Diff:  0.0, Sum:  0.2, Workers: 4
[1018.939s][debug][gc,phases      ] GC(29)     Dead                           Min: 0, Avg:  4.0, Max: 16, Diff: 16, Sum: 16, Workers: 4
[1018.939s][debug][gc,phases      ] GC(29)     Total                          Min: 3774, Avg: 3916.2, Max: 4092, Diff: 318, Sum: 15665, Workers: 4
[1018.939s][debug][gc,phases      ] GC(29)   JNI Weak                       Min:  0.0, Avg:  0.0, Max:  0.0, Diff:  0.0, Sum:  0.0, Workers: 4
[1018.939s][debug][gc,phases      ] GC(29)     Dead                           Min: 0, Avg:  0.0, Max: 0, Diff: 0, Sum: 0, Workers: 4
[1018.939s][debug][gc,phases      ] GC(29)     Total                          Min: 0, Avg: 12.0, Max: 48, Diff: 48, Sum: 48, Workers: 4
[1018.939s][debug][gc,phases      ] GC(29)   StringDedup Table Weak         Min:  0.0, Avg:  0.0, Max:  0.0, Diff:  0.0, Sum:  0.0, Workers: 4
[1018.939s][debug][gc,phases      ] GC(29)     Dead                           Min: 0, Avg:  0.0, Max: 0, Diff: 0, Sum: 0, Workers: 4
[1018.939s][debug][gc,phases      ] GC(29)     Total                          Min: 0, Avg:  0.0, Max: 0, Diff: 0, Sum: 0, Workers: 4
[1018.939s][debug][gc,phases      ] GC(29)   StringDedup Requests0 Weak     Min:  0.0, Avg:  0.0, Max:  0.0, Diff:  0.0, Sum:  0.0, Workers: 4
[1018.939s][debug][gc,phases      ] GC(29)     Dead                           Min: 0, Avg:  0.0, Max: 0, Diff: 0, Sum: 0, Workers: 4
[1018.939s][debug][gc,phases      ] GC(29)     Total                          Min: 0, Avg:  0.0, Max: 0, Diff: 0, Sum: 0, Workers: 4
[1018.939s][debug][gc,phases      ] GC(29)   StringDedup Requests1 Weak     Min:  0.0, Avg:  0.0, Max:  0.0, Diff:  0.0, Sum:  0.0, Workers: 4
[1018.939s][debug][gc,phases      ] GC(29)     Dead                           Min: 0, Avg:  0.0, Max: 0, Diff: 0, Sum: 0, Workers: 4
[1018.939s][debug][gc,phases      ] GC(29)     Total                          Min: 0, Avg:  0.0, Max: 0, Diff: 0, Sum: 0, Workers: 4
[1018.939s][debug][gc,phases      ] GC(29)   Weak JFR Old Object Samples    Min:  0.0, Avg:  0.0, Max:  0.0, Diff:  0.0, Sum:  0.0, Workers: 4
[1018.939s][debug][gc,phases      ] GC(29)     Dead                           Min: 0, Avg:  0.0, Max: 0, Diff: 0, Sum: 0, Workers: 4
[1018.939s][debug][gc,phases      ] GC(29)     Total                          Min: 0, Avg:  0.0, Max: 0, Diff: 0, Sum: 0, Workers: 4
[1018.939s][debug][gc,phases      ] GC(29) Weak Processing 0.394ms
[1018.939s][debug][gc,age         ] GC(29) Desired survivor size 148897792 bytes, new threshold 1 (max threshold 15)
[1018.939s][info ][gc,heap        ] GC(29) PSYoungGen: 1786080K(1943552K)->3568K(1934848K) Eden: 1781248K(1781248K)->0K(1781248K) From: 4832K(162304K)->3568K(153600K)
[1018.939s][info ][gc,heap        ] GC(29) ParOldGen: 326133K(326144K)->327113K(327168K)
[1018.939s][info ][gc,metaspace   ] GC(29) Metaspace: 103884K(105216K)->103884K(105216K) NonClass: 88084K(88832K)->88084K(88832K) Class: 15799K(16384K)->15799K(16384K)
[1018.939s][info ][gc             ] GC(29) Pause Young (Allocation Failure) 2062M->322M(2209M) 4.038ms
[1018.939s][info ][gc,cpu         ] GC(29) User=0.01s Sys=0.00s Real=0.00s
[1018.939s][info ][safepoint      ] Safepoint "ParallelGCFailedAllocation", Time since last: 5575550332 ns, Reaching safepoint: 6300 ns, Cleanup: 3800 ns, At safepoint: 4103370 ns, Total: 4113470 ns
[1024.372s][info ][safepoint      ] Safepoint "Cleanup", Time since last: 5433272818 ns, Reaching safepoint: 7700 ns, Cleanup: 10800 ns, At safepoint: 2600 ns, Total: 21100 ns
[1039.373s][info ][safepoint      ] Safepoint "Cleanup", Time since last: 15001097828 ns, Reaching safepoint: 8400 ns, Cleanup: 12000 ns, At safepoint: 2600 ns, Total: 23000 ns
[1040.373s][info ][safepoint      ] Safepoint "Cleanup", Time since last: 1000123134 ns, Reaching safepoint: 8300 ns, Cleanup: 12600 ns, At safepoint: 2400 ns, Total: 23300 ns
[1047.374s][info ][safepoint      ] Safepoint "Cleanup", Time since last: 7000537847 ns, Reaching safepoint: 6400 ns, Cleanup: 15700 ns, At safepoint: 2200 ns, Total: 24300 ns
[1048.374s][info ][safepoint      ] Safepoint "Cleanup", Time since last: 1000121636 ns, Reaching safepoint: 6700 ns, Cleanup: 13100 ns, At safepoint: 2300 ns, Total: 22100 ns
[1054.375s][info ][safepoint      ] Safepoint "Cleanup", Time since last: 6000464486 ns, Reaching safepoint: 6700 ns, Cleanup: 10200 ns, At safepoint: 2100 ns, Total: 19000 ns
[1056.375s][info ][safepoint      ] Safepoint "Cleanup", Time since last: 2000186110 ns, Reaching safepoint: 7200 ns, Cleanup: 10500 ns, At safepoint: 2000 ns, Total: 19700 ns
[1063.375s][info ][safepoint      ] Safepoint "Cleanup", Time since last: 7000524745 ns, Reaching safepoint: 7500 ns, Cleanup: 11600 ns, At safepoint: 2300 ns, Total: 21400 ns
[1101.391s][info ][safepoint      ] Safepoint "Cleanup", Time since last: 38015123395 ns, Reaching safepoint: 7700 ns, Cleanup: 10700 ns, At safepoint: 2400 ns, Total: 20800 ns
[1102.391s][info ][safepoint      ] Safepoint "Cleanup", Time since last: 1000121372 ns, Reaching safepoint: 5800 ns, Cleanup: 10500 ns, At safepoint: 1800 ns, Total: 18100 ns
[1104.144s][info ][gc,start       ] GC(30) Pause Young (Allocation Failure)
[1104.146s][debug][gc,phases      ] GC(30) Scavenge 2.351ms
[1104.146s][debug][gc,ref         ] GC(30) ReferenceProcessor::execute queues: 1, RefProcThreadModel::Single, marks_oops_alive: false
[1104.146s][debug][gc,ref         ] GC(30) Skipped KeepAliveFinalRefsPhase of Reference Processing: no references
[1104.146s][debug][gc,ref         ] GC(30) ReferenceProcessor::execute queues: 1, RefProcThreadModel::Single, marks_oops_alive: false
[1104.146s][debug][gc,phases      ] GC(30) Reference Processing 0.087ms
[1104.147s][debug][gc,phases      ] GC(30)   VM Weak                        Min:  0.0, Avg:  0.0, Max:  0.0, Diff:  0.0, Sum:  0.0, Workers: 4
[1104.147s][debug][gc,phases      ] GC(30)     Dead                           Min: 0, Avg:  0.0, Max: 0, Diff: 0, Sum: 0, Workers: 4
[1104.147s][debug][gc,phases      ] GC(30)     Total                          Min: 0, Avg: 254.0, Max: 576, Diff: 576, Sum: 1016, Workers: 4
[1104.147s][debug][gc,phases      ] GC(30)   ObjectSynchronizer Weak        Min:  0.0, Avg:  0.0, Max:  0.0, Diff:  0.0, Sum:  0.0, Workers: 4
[1104.147s][debug][gc,phases      ] GC(30)     Dead                           Min: 0, Avg:  0.0, Max: 0, Diff: 0, Sum: 0, Workers: 4
[1104.147s][debug][gc,phases      ] GC(30)     Total                          Min: 0, Avg:  1.0, Max: 4, Diff: 4, Sum: 4, Workers: 4
[1104.147s][debug][gc,phases      ] GC(30)   JVMTI Tag Weak OopStorage      Min:  0.0, Avg:  0.0, Max:  0.0, Diff:  0.0, Sum:  0.0, Workers: 4
[1104.147s][debug][gc,phases      ] GC(30)     Dead                           Min: 0, Avg:  0.0, Max: 0, Diff: 0, Sum: 0, Workers: 4
[1104.147s][debug][gc,phases      ] GC(30)     Total                          Min: 0, Avg:  0.0, Max: 0, Diff: 0, Sum: 0, Workers: 4
[1104.147s][debug][gc,phases      ] GC(30)   StringTable Weak               Min:  0.0, Avg:  0.1, Max:  0.2, Diff:  0.2, Sum:  0.5, Workers: 4
[1104.147s][debug][gc,phases      ] GC(30)     Dead                           Min: 0, Avg:  0.0, Max: 0, Diff: 0, Sum: 0, Workers: 4
[1104.147s][debug][gc,phases      ] GC(30)     Total                          Min: 0, Avg: 11357.0, Max: 15231, Diff: 15231, Sum: 45428, Workers: 4
[1104.147s][debug][gc,phases      ] GC(30)   ResolvedMethodTable Weak       Min:  0.0, Avg:  0.0, Max:  0.1, Diff:  0.1, Sum:  0.2, Workers: 4
[1104.147s][debug][gc,phases      ] GC(30)     Dead                           Min: 0, Avg:  4.0, Max: 12, Diff: 12, Sum: 16, Workers: 4
[1104.147s][debug][gc,phases      ] GC(30)     Total                          Min: 0, Avg: 3916.2, Max: 5310, Diff: 5310, Sum: 15665, Workers: 4
[1104.147s][debug][gc,phases      ] GC(30)   JNI Weak                       Min:  0.0, Avg:  0.0, Max:  0.0, Diff:  0.0, Sum:  0.0, Workers: 4
[1104.147s][debug][gc,phases      ] GC(30)     Dead                           Min: 0, Avg:  0.0, Max: 0, Diff: 0, Sum: 0, Workers: 4
[1104.147s][debug][gc,phases      ] GC(30)     Total                          Min: 0, Avg: 12.0, Max: 48, Diff: 48, Sum: 48, Workers: 4
[1104.147s][debug][gc,phases      ] GC(30)   StringDedup Table Weak         Min:  0.0, Avg:  0.0, Max:  0.0, Diff:  0.0, Sum:  0.0, Workers: 4
[1104.147s][debug][gc,phases      ] GC(30)     Dead                           Min: 0, Avg:  0.0, Max: 0, Diff: 0, Sum: 0, Workers: 4
[1104.147s][debug][gc,phases      ] GC(30)     Total                          Min: 0, Avg:  0.0, Max: 0, Diff: 0, Sum: 0, Workers: 4
[1104.147s][debug][gc,phases      ] GC(30)   StringDedup Requests0 Weak     Min:  0.0, Avg:  0.0, Max:  0.0, Diff:  0.0, Sum:  0.0, Workers: 4
[1104.147s][debug][gc,phases      ] GC(30)     Dead                           Min: 0, Avg:  0.0, Max: 0, Diff: 0, Sum: 0, Workers: 4
[1104.147s][debug][gc,phases      ] GC(30)     Total                          Min: 0, Avg:  0.0, Max: 0, Diff: 0, Sum: 0, Workers: 4
[1104.147s][debug][gc,phases      ] GC(30)   StringDedup Requests1 Weak     Min:  0.0, Avg:  0.0, Max:  0.0, Diff:  0.0, Sum:  0.0, Workers: 4
[1104.147s][debug][gc,phases      ] GC(30)     Dead                           Min: 0, Avg:  0.0, Max: 0, Diff: 0, Sum: 0, Workers: 4
[1104.147s][debug][gc,phases      ] GC(30)     Total                          Min: 0, Avg:  0.0, Max: 0, Diff: 0, Sum: 0, Workers: 4
[1104.147s][debug][gc,phases      ] GC(30)   Weak JFR Old Object Samples    Min:  0.0, Avg:  0.0, Max:  0.0, Diff:  0.0, Sum:  0.0, Workers: 4
[1104.147s][debug][gc,phases      ] GC(30)     Dead                           Min: 0, Avg:  0.0, Max: 0, Diff: 0, Sum: 0, Workers: 4
[1104.147s][debug][gc,phases      ] GC(30)     Total                          Min: 0, Avg:  0.0, Max: 0, Diff: 0, Sum: 0, Workers: 4
[1104.147s][debug][gc,phases      ] GC(30) Weak Processing 0.441ms
[1104.147s][debug][gc,age         ] GC(30) Desired survivor size 141033472 bytes, new threshold 1 (max threshold 15)
[1104.147s][info ][gc,heap        ] GC(30) PSYoungGen: 1784816K(1934848K)->3040K(1959424K) Eden: 1781248K(1781248K)->0K(1814016K) From: 3568K(153600K)->3040K(145408K)
[1104.147s][info ][gc,heap        ] GC(30) ParOldGen: 327113K(327168K)->328229K(328704K)
[1104.147s][info ][gc,metaspace   ] GC(30) Metaspace: 103900K(105216K)->103900K(105216K) NonClass: 88100K(88832K)->88100K(88832K) Class: 15799K(16384K)->15799K(16384K)
[1104.147s][info ][gc             ] GC(30) Pause Young (Allocation Failure) 2062M->323M(2234M) 2.982ms
[1104.147s][info ][gc,cpu         ] GC(30) User=0.01s Sys=0.00s Real=0.01s
[1104.147s][info ][safepoint      ] Safepoint "ParallelGCFailedAllocation", Time since last: 1753124959 ns, Reaching safepoint: 6500 ns, Cleanup: 3600 ns, At safepoint: 3043278 ns, Total: 3053378 ns
[1109.147s][info ][safepoint      ] Safepoint "Cleanup", Time since last: 5000352073 ns, Reaching safepoint: 6000 ns, Cleanup: 9100 ns, At safepoint: 1600 ns, Total: 16700 ns
[1112.147s][info ][safepoint      ] Safepoint "Cleanup", Time since last: 3000245878 ns, Reaching safepoint: 6300 ns, Cleanup: 13500 ns, At safepoint: 2400 ns, Total: 22200 ns
[1126.148s][info ][safepoint      ] Safepoint "Cleanup", Time since last: 14000980747 ns, Reaching safepoint: 7600 ns, Cleanup: 9900 ns, At safepoint: 2600 ns, Total: 20100 ns
[1127.149s][info ][safepoint      ] Safepoint "Cleanup", Time since last: 1000113766 ns, Reaching safepoint: 7500 ns, Cleanup: 10100 ns, At safepoint: 3300 ns, Total: 20900 ns
[1136.149s][info ][safepoint      ] Safepoint "Cleanup", Time since last: 9000652090 ns, Reaching safepoint: 8200 ns, Cleanup: 11100 ns, At safepoint: 2300 ns, Total: 21600 ns
[1137.149s][info ][safepoint      ] Safepoint "Cleanup", Time since last: 1000129425 ns, Reaching safepoint: 6900 ns, Cleanup: 9900 ns, At safepoint: 2900 ns, Total: 19700 ns
[1138.150s][info ][safepoint      ] Safepoint "Cleanup", Time since last: 1000109025 ns, Reaching safepoint: 6500 ns, Cleanup: 10500 ns, At safepoint: 2300 ns, Total: 19300 ns
[1139.150s][info ][safepoint      ] Safepoint "Cleanup", Time since last: 1000110925 ns, Reaching safepoint: 8500 ns, Cleanup: 15200 ns, At safepoint: 2700 ns, Total: 26400 ns
[1140.150s][info ][safepoint      ] Safepoint "Cleanup", Time since last: 1000119125 ns, Reaching safepoint: 7400 ns, Cleanup: 12100 ns, At safepoint: 2500 ns, Total: 22000 ns
[1142.408s][info ][safepoint      ] Safepoint "Cleanup", Time since last: 2258235945 ns, Reaching safepoint: 7500 ns, Cleanup: 10300 ns, At safepoint: 2600 ns, Total: 20400 ns
[1145.408s][info ][safepoint      ] Safepoint "Cleanup", Time since last: 3000265282 ns, Reaching safepoint: 6500 ns, Cleanup: 12600 ns, At safepoint: 1900 ns, Total: 21000 ns
[1146.409s][info ][safepoint      ] Safepoint "Cleanup", Time since last: 1000114522 ns, Reaching safepoint: 8200 ns, Cleanup: 16700 ns, At safepoint: 3200 ns, Total: 28100 ns
[1147.409s][info ][safepoint      ] Safepoint "Cleanup", Time since last: 1000122022 ns, Reaching safepoint: 8500 ns, Cleanup: 19000 ns, At safepoint: 2700 ns, Total: 30200 ns
[1148.409s][info ][safepoint      ] Safepoint "Cleanup", Time since last: 1000108322 ns, Reaching safepoint: 7300 ns, Cleanup: 15900 ns, At safepoint: 2100 ns, Total: 25300 ns
[1149.409s][info ][safepoint      ] Safepoint "Cleanup", Time since last: 1000114122 ns, Reaching safepoint: 8700 ns, Cleanup: 29800 ns, At safepoint: 3400 ns, Total: 41900 ns
[1151.409s][info ][safepoint      ] Safepoint "Cleanup", Time since last: 2000192957 ns, Reaching safepoint: 5900 ns, Cleanup: 47999 ns, At safepoint: 2100 ns, Total: 55999 ns
[1152.409s][info ][safepoint      ] Safepoint "Cleanup", Time since last: 1000101383 ns, Reaching safepoint: 7500 ns, Cleanup: 27899 ns, At safepoint: 2200 ns, Total: 37599 ns
[1153.409s][info ][safepoint      ] Safepoint "Cleanup", Time since last: 1000110883 ns, Reaching safepoint: 7599 ns, Cleanup: 11500 ns, At safepoint: 2700 ns, Total: 21799 ns
[1154.410s][info ][safepoint      ] Safepoint "Cleanup", Time since last: 1000126182 ns, Reaching safepoint: 8400 ns, Cleanup: 84100 ns, At safepoint: 3600 ns, Total: 96100 ns
[1155.410s][info ][safepoint      ] Safepoint "Cleanup", Time since last: 1000127182 ns, Reaching safepoint: 7000 ns, Cleanup: 27499 ns, At safepoint: 3000 ns, Total: 37499 ns
[1156.410s][info ][safepoint      ] Safepoint "Cleanup", Time since last: 1000118983 ns, Reaching safepoint: 7999 ns, Cleanup: 16100 ns, At safepoint: 2000 ns, Total: 26099 ns
[1157.410s][info ][safepoint      ] Safepoint "Cleanup", Time since last: 1000111283 ns, Reaching safepoint: 7999 ns, Cleanup: 15900 ns, At safepoint: 2100 ns, Total: 25999 ns
[1158.410s][info ][safepoint      ] Safepoint "Cleanup", Time since last: 1000141001 ns, Reaching safepoint: 8500 ns, Cleanup: 11900 ns, At safepoint: 2700 ns, Total: 23100 ns
[1162.411s][info ][safepoint      ] Safepoint "Cleanup", Time since last: 4000360815 ns, Reaching safepoint: 9100 ns, Cleanup: 21700 ns, At safepoint: 3100 ns, Total: 33900 ns
[1163.411s][info ][safepoint      ] Safepoint "Cleanup", Time since last: 1000148503 ns, Reaching safepoint: 160799 ns, Cleanup: 12000 ns, At safepoint: 18500 ns, Total: 191299 ns
[1165.411s][info ][safepoint      ] Safepoint "Cleanup", Time since last: 2000207407 ns, Reaching safepoint: 6900 ns, Cleanup: 14200 ns, At safepoint: 2400 ns, Total: 23500 ns
[1167.412s][info ][safepoint      ] Safepoint "Cleanup", Time since last: 2000208392 ns, Reaching safepoint: 10100 ns, Cleanup: 22799 ns, At safepoint: 3200 ns, Total: 36099 ns
[1168.412s][info ][safepoint      ] Safepoint "Cleanup", Time since last: 1000124696 ns, Reaching safepoint: 6800 ns, Cleanup: 9299 ns, At safepoint: 2000 ns, Total: 18099 ns
[1171.412s][info ][safepoint      ] Safepoint "Cleanup", Time since last: 3000282887 ns, Reaching safepoint: 6700 ns, Cleanup: 23600 ns, At safepoint: 2200 ns, Total: 32500 ns
[1171.435s][info ][gc,start       ] GC(31) Pause Young (Allocation Failure)
[1171.442s][debug][gc,phases      ] GC(31) Scavenge 7.857ms
[1171.443s][debug][gc,ref         ] GC(31) ReferenceProcessor::execute queues: 1, RefProcThreadModel::Single, marks_oops_alive: false
[1171.443s][debug][gc,ref         ] GC(31) Skipped KeepAliveFinalRefsPhase of Reference Processing: no references
[1171.443s][debug][gc,ref         ] GC(31) ReferenceProcessor::execute queues: 1, RefProcThreadModel::Single, marks_oops_alive: false
[1171.443s][debug][gc,phases      ] GC(31) Reference Processing 0.108ms
[1171.443s][debug][gc,phases      ] GC(31)   VM Weak                        Min:  0.0, Avg:  0.0, Max:  0.0, Diff:  0.0, Sum:  0.0, Workers: 4
[1171.443s][debug][gc,phases      ] GC(31)     Dead                           Min: 0, Avg:  0.0, Max: 0, Diff: 0, Sum: 0, Workers: 4
[1171.443s][debug][gc,phases      ] GC(31)     Total                          Min: 0, Avg: 254.5, Max: 704, Diff: 704, Sum: 1018, Workers: 4
[1171.443s][debug][gc,phases      ] GC(31)   ObjectSynchronizer Weak        Min:  0.0, Avg:  0.0, Max:  0.0, Diff:  0.0, Sum:  0.0, Workers: 4
[1171.443s][debug][gc,phases      ] GC(31)     Dead                           Min: 0, Avg:  0.0, Max: 0, Diff: 0, Sum: 0, Workers: 4
[1171.443s][debug][gc,phases      ] GC(31)     Total                          Min: 0, Avg:  1.0, Max: 4, Diff: 4, Sum: 4, Workers: 4
[1171.443s][debug][gc,phases      ] GC(31)   JVMTI Tag Weak OopStorage      Min:  0.0, Avg:  0.0, Max:  0.0, Diff:  0.0, Sum:  0.0, Workers: 4
[1171.443s][debug][gc,phases      ] GC(31)     Dead                           Min: 0, Avg:  0.0, Max: 0, Diff: 0, Sum: 0, Workers: 4
[1171.443s][debug][gc,phases      ] GC(31)     Total                          Min: 0, Avg:  0.0, Max: 0, Diff: 0, Sum: 0, Workers: 4
[1171.443s][debug][gc,phases      ] GC(31)   StringTable Weak               Min:  0.0, Avg:  0.1, Max:  0.1, Diff:  0.1, Sum:  0.4, Workers: 4
[1171.443s][debug][gc,phases      ] GC(31)     Dead                           Min: 0, Avg:  0.2, Max: 1, Diff: 1, Sum: 1, Workers: 4
[1171.443s][debug][gc,phases      ] GC(31)     Total                          Min: 0, Avg: 11365.2, Max: 19349, Diff: 19349, Sum: 45461, Workers: 4
[1171.443s][debug][gc,phases      ] GC(31)   ResolvedMethodTable Weak       Min:  0.0, Avg:  0.0, Max:  0.0, Diff:  0.0, Sum:  0.1, Workers: 4
[1171.443s][debug][gc,phases      ] GC(31)     Dead                           Min: 0, Avg:  7.5, Max: 15, Diff: 15, Sum: 30, Workers: 4
[1171.443s][debug][gc,phases      ] GC(31)     Total                          Min: 0, Avg: 3925.0, Max: 6528, Diff: 6528, Sum: 15700, Workers: 4
[1171.443s][debug][gc,phases      ] GC(31)   JNI Weak                       Min:  0.0, Avg:  0.0, Max:  0.0, Diff:  0.0, Sum:  0.0, Workers: 4
[1171.443s][debug][gc,phases      ] GC(31)     Dead                           Min: 0, Avg:  0.0, Max: 0, Diff: 0, Sum: 0, Workers: 4
[1171.443s][debug][gc,phases      ] GC(31)     Total                          Min: 0, Avg: 12.0, Max: 48, Diff: 48, Sum: 48, Workers: 4
[1171.443s][debug][gc,phases      ] GC(31)   StringDedup Table Weak         Min:  0.0, Avg:  0.0, Max:  0.0, Diff:  0.0, Sum:  0.0, Workers: 4
[1171.443s][debug][gc,phases      ] GC(31)     Dead                           Min: 0, Avg:  0.0, Max: 0, Diff: 0, Sum: 0, Workers: 4
[1171.443s][debug][gc,phases      ] GC(31)     Total                          Min: 0, Avg:  0.0, Max: 0, Diff: 0, Sum: 0, Workers: 4
[1171.443s][debug][gc,phases      ] GC(31)   StringDedup Requests0 Weak     Min:  0.0, Avg:  0.0, Max:  0.0, Diff:  0.0, Sum:  0.0, Workers: 4
[1171.443s][debug][gc,phases      ] GC(31)     Dead                           Min: 0, Avg:  0.0, Max: 0, Diff: 0, Sum: 0, Workers: 4
[1171.443s][debug][gc,phases      ] GC(31)     Total                          Min: 0, Avg:  0.0, Max: 0, Diff: 0, Sum: 0, Workers: 4
[1171.443s][debug][gc,phases      ] GC(31)   StringDedup Requests1 Weak     Min:  0.0, Avg:  0.0, Max:  0.0, Diff:  0.0, Sum:  0.0, Workers: 4
[1171.443s][debug][gc,phases      ] GC(31)     Dead                           Min: 0, Avg:  0.0, Max: 0, Diff: 0, Sum: 0, Workers: 4
[1171.443s][debug][gc,phases      ] GC(31)     Total                          Min: 0, Avg:  0.0, Max: 0, Diff: 0, Sum: 0, Workers: 4
[1171.443s][debug][gc,phases      ] GC(31)   Weak JFR Old Object Samples    Min:  0.0, Avg:  0.0, Max:  0.0, Diff:  0.0, Sum:  0.0, Workers: 4
[1171.443s][debug][gc,phases      ] GC(31)     Dead                           Min: 0, Avg:  0.0, Max: 0, Diff: 0, Sum: 0, Workers: 4
[1171.443s][debug][gc,phases      ] GC(31)     Total                          Min: 0, Avg:  0.0, Max: 0, Diff: 0, Sum: 0, Workers: 4
[1171.443s][debug][gc,phases      ] GC(31) Weak Processing 0.385ms
[1171.443s][debug][gc,age         ] GC(31) Desired survivor size 131596288 bytes, new threshold 1 (max threshold 15)
[1171.443s][info ][gc,heap        ] GC(31) PSYoungGen: 1817056K(1959424K)->9888K(1951744K) Eden: 1814016K(1814016K)->0K(1814016K) From: 3040K(145408K)->9888K(137728K)
[1171.443s][info ][gc,heap        ] GC(31) ParOldGen: 328229K(328704K)->328577K(328704K)
[1171.443s][info ][gc,metaspace   ] GC(31) Metaspace: 104029K(105344K)->104029K(105344K) NonClass: 88213K(88960K)->88213K(88960K) Class: 15815K(16384K)->15815K(16384K)
[1171.443s][info ][gc             ] GC(31) Pause Young (Allocation Failure) 2095M->330M(2227M) 8.470ms
[1171.443s][info ][gc,cpu         ] GC(31) User=0.03s Sys=0.00s Real=0.00s
[1171.443s][info ][safepoint      ] Safepoint "ParallelGCFailedAllocation", Time since last: 22440836 ns, Reaching safepoint: 79299 ns, Cleanup: 3000 ns, At safepoint: 8545238 ns, Total: 8627537 ns
[1172.443s][info ][safepoint      ] Safepoint "Cleanup", Time since last: 1000097595 ns, Reaching safepoint: 8200 ns, Cleanup: 8600 ns, At safepoint: 2500 ns, Total: 19300 ns
[1174.443s][info ][safepoint      ] Safepoint "Cleanup", Time since last: 2000185466 ns, Reaching safepoint: 6800 ns, Cleanup: 12000 ns, At safepoint: 2100 ns, Total: 20900 ns
[1175.444s][info ][safepoint      ] Safepoint "Cleanup", Time since last: 1000115394 ns, Reaching safepoint: 6899 ns, Cleanup: 10700 ns, At safepoint: 2200 ns, Total: 19799 ns
[1176.444s][info ][safepoint      ] Safepoint "Cleanup", Time since last: 1000121694 ns, Reaching safepoint: 6900 ns, Cleanup: 9600 ns, At safepoint: 2200 ns, Total: 18700 ns
[1177.444s][info ][safepoint      ] Safepoint "Cleanup", Time since last: 1000112993 ns, Reaching safepoint: 6600 ns, Cleanup: 10300 ns, At safepoint: 2800 ns, Total: 19700 ns
[1178.444s][info ][safepoint      ] Safepoint "Cleanup", Time since last: 1000113494 ns, Reaching safepoint: 6900 ns, Cleanup: 19300 ns, At safepoint: 2200 ns, Total: 28400 ns
[1179.444s][info ][safepoint      ] Safepoint "Cleanup", Time since last: 1000121493 ns, Reaching safepoint: 8200 ns, Cleanup: 11300 ns, At safepoint: 2500 ns, Total: 22000 ns
[1180.444s][info ][safepoint      ] Safepoint "Cleanup", Time since last: 1000127093 ns, Reaching safepoint: 5500 ns, Cleanup: 16100 ns, At safepoint: 2000 ns, Total: 23600 ns
[1182.444s][info ][safepoint      ] Safepoint "Cleanup", Time since last: 2000146678 ns, Reaching safepoint: 6300 ns, Cleanup: 7900 ns, At safepoint: 1900 ns, Total: 16100 ns
[1183.445s][info ][safepoint      ] Safepoint "Cleanup", Time since last: 1000108554 ns, Reaching safepoint: 6600 ns, Cleanup: 14700 ns, At safepoint: 2400 ns, Total: 23700 ns
[1184.445s][info ][safepoint      ] Safepoint "Cleanup", Time since last: 1000110854 ns, Reaching safepoint: 6900 ns, Cleanup: 14000 ns, At safepoint: 3600 ns, Total: 24500 ns
[1185.445s][info ][safepoint      ] Safepoint "Cleanup", Time since last: 1000110454 ns, Reaching safepoint: 6600 ns, Cleanup: 27600 ns, At safepoint: 2500 ns, Total: 36700 ns
[1186.445s][info ][safepoint      ] Safepoint "Cleanup", Time since last: 1000108054 ns, Reaching safepoint: 6500 ns, Cleanup: 13900 ns, At safepoint: 2100 ns, Total: 22500 ns
[1188.445s][info ][safepoint      ] Safepoint "Cleanup", Time since last: 2000175709 ns, Reaching safepoint: 6100 ns, Cleanup: 10500 ns, At safepoint: 2200 ns, Total: 18800 ns
[1189.445s][info ][safepoint      ] Safepoint "Cleanup", Time since last: 1000108454 ns, Reaching safepoint: 6500 ns, Cleanup: 9100 ns, At safepoint: 1700 ns, Total: 17300 ns
[1190.445s][info ][safepoint      ] Safepoint "Cleanup", Time since last: 1000107877 ns, Reaching safepoint: 5700 ns, Cleanup: 7400 ns, At safepoint: 2100 ns, Total: 15200 ns
[1191.446s][info ][safepoint      ] Safepoint "Cleanup", Time since last: 1000115280 ns, Reaching safepoint: 6700 ns, Cleanup: 11000 ns, At safepoint: 2400 ns, Total: 20100 ns
[1192.446s][info ][safepoint      ] Safepoint "Cleanup", Time since last: 1000116481 ns, Reaching safepoint: 6900 ns, Cleanup: 10100 ns, At safepoint: 2200 ns, Total: 19200 ns
[1194.446s][info ][safepoint      ] Safepoint "Cleanup", Time since last: 2000185361 ns, Reaching safepoint: 6600 ns, Cleanup: 9900 ns, At safepoint: 2200 ns, Total: 18700 ns
[1195.446s][info ][safepoint      ] Safepoint "Cleanup", Time since last: 1000111981 ns, Reaching safepoint: 6900 ns, Cleanup: 9300 ns, At safepoint: 2000 ns, Total: 18200 ns
[1198.446s][info ][safepoint      ] Safepoint "Cleanup", Time since last: 3000251352 ns, Reaching safepoint: 7100 ns, Cleanup: 10600 ns, At safepoint: 2500 ns, Total: 20200 ns
[1199.446s][info ][safepoint      ] Safepoint "Cleanup", Time since last: 1000126792 ns, Reaching safepoint: 6300 ns, Cleanup: 9900 ns, At safepoint: 2200 ns, Total: 18400 ns
[1201.425s][info ][safepoint      ] Safepoint "Cleanup", Time since last: 1978996240 ns, Reaching safepoint: 7000 ns, Cleanup: 10800 ns, At safepoint: 1700 ns, Total: 19500 ns
[1206.426s][info ][safepoint      ] Safepoint "Cleanup", Time since last: 5000394714 ns, Reaching safepoint: 6900 ns, Cleanup: 10200 ns, At safepoint: 2000 ns, Total: 19100 ns
[1208.426s][info ][safepoint      ] Safepoint "Cleanup", Time since last: 2000184468 ns, Reaching safepoint: 6200 ns, Cleanup: 8599 ns, At safepoint: 1800 ns, Total: 16599 ns
[1213.426s][info ][safepoint      ] Safepoint "Cleanup", Time since last: 5000398170 ns, Reaching safepoint: 8600 ns, Cleanup: 24300 ns, At safepoint: 2800 ns, Total: 35700 ns
[1214.427s][info ][safepoint      ] Safepoint "Cleanup", Time since last: 1000120284 ns, Reaching safepoint: 7800 ns, Cleanup: 11200 ns, At safepoint: 2500 ns, Total: 21500 ns
[1217.427s][info ][safepoint      ] Safepoint "Cleanup", Time since last: 3000253488 ns, Reaching safepoint: 8700 ns, Cleanup: 10400 ns, At safepoint: 2300 ns, Total: 21400 ns
[1227.428s][info ][safepoint      ] Safepoint "Cleanup", Time since last: 10000752857 ns, Reaching safepoint: 9500 ns, Cleanup: 14300 ns, At safepoint: 2500 ns, Total: 26300 ns
[1228.428s][info ][safepoint      ] Safepoint "Cleanup", Time since last: 1000128795 ns, Reaching safepoint: 8100 ns, Cleanup: 20600 ns, At safepoint: 2600 ns, Total: 31300 ns
[1232.428s][info ][safepoint      ] Safepoint "Cleanup", Time since last: 4000373782 ns, Reaching safepoint: 8100 ns, Cleanup: 11400 ns, At safepoint: 2000 ns, Total: 21500 ns
[1242.429s][info ][safepoint      ] Safepoint "Cleanup", Time since last: 10000746438 ns, Reaching safepoint: 8500 ns, Cleanup: 10800 ns, At safepoint: 2100 ns, Total: 21400 ns
[1245.633s][info ][gc,start       ] GC(32) Pause Young (Allocation Failure)
[1245.639s][debug][gc,phases      ] GC(32) Scavenge 5.850ms
[1245.639s][debug][gc,ref         ] GC(32) ReferenceProcessor::execute queues: 1, RefProcThreadModel::Single, marks_oops_alive: false
[1245.639s][debug][gc,ref         ] GC(32) Skipped KeepAliveFinalRefsPhase of Reference Processing: no references
[1245.639s][debug][gc,ref         ] GC(32) ReferenceProcessor::execute queues: 1, RefProcThreadModel::Single, marks_oops_alive: false
[1245.639s][debug][gc,phases      ] GC(32) Reference Processing 0.102ms
[1245.640s][debug][gc,phases      ] GC(32)   VM Weak                        Min:  0.0, Avg:  0.0, Max:  0.0, Diff:  0.0, Sum:  0.0, Workers: 4
[1245.640s][debug][gc,phases      ] GC(32)     Dead                           Min: 0, Avg:  0.0, Max: 0, Diff: 0, Sum: 0, Workers: 4
[1245.640s][debug][gc,phases      ] GC(32)     Total                          Min: 0, Avg: 254.8, Max: 955, Diff: 955, Sum: 1019, Workers: 4
[1245.640s][debug][gc,phases      ] GC(32)   ObjectSynchronizer Weak        Min:  0.0, Avg:  0.0, Max:  0.0, Diff:  0.0, Sum:  0.0, Workers: 4
[1245.640s][debug][gc,phases      ] GC(32)     Dead                           Min: 0, Avg:  0.0, Max: 0, Diff: 0, Sum: 0, Workers: 4
[1245.640s][debug][gc,phases      ] GC(32)     Total                          Min: 0, Avg:  1.0, Max: 4, Diff: 4, Sum: 4, Workers: 4
[1245.640s][debug][gc,phases      ] GC(32)   JVMTI Tag Weak OopStorage      Min:  0.0, Avg:  0.0, Max:  0.0, Diff:  0.0, Sum:  0.0, Workers: 4
[1245.640s][debug][gc,phases      ] GC(32)     Dead                           Min: 0, Avg:  0.0, Max: 0, Diff: 0, Sum: 0, Workers: 4
[1245.640s][debug][gc,phases      ] GC(32)     Total                          Min: 0, Avg:  0.0, Max: 0, Diff: 0, Sum: 0, Workers: 4
[1245.640s][debug][gc,phases      ] GC(32)   StringTable Weak               Min:  0.0, Avg:  0.1, Max:  0.1, Diff:  0.1, Sum:  0.4, Workers: 4
[1245.640s][debug][gc,phases      ] GC(32)     Dead                           Min: 0, Avg:  0.2, Max: 1, Diff: 1, Sum: 1, Workers: 4
[1245.640s][debug][gc,phases      ] GC(32)     Total                          Min: 0, Avg: 11372.5, Max: 19455, Diff: 19455, Sum: 45490, Workers: 4
[1245.640s][debug][gc,phases      ] GC(32)   ResolvedMethodTable Weak       Min:  0.0, Avg:  0.0, Max:  0.0, Diff:  0.0, Sum:  0.1, Workers: 4
[1245.640s][debug][gc,phases      ] GC(32)     Dead                           Min: 0, Avg:  4.2, Max: 17, Diff: 17, Sum: 17, Workers: 4
[1245.640s][debug][gc,phases      ] GC(32)     Total                          Min: 0, Avg: 3926.5, Max: 6656, Diff: 6656, Sum: 15706, Workers: 4
[1245.640s][debug][gc,phases      ] GC(32)   JNI Weak                       Min:  0.0, Avg:  0.0, Max:  0.0, Diff:  0.0, Sum:  0.0, Workers: 4
[1245.640s][debug][gc,phases      ] GC(32)     Dead                           Min: 0, Avg:  0.0, Max: 0, Diff: 0, Sum: 0, Workers: 4
[1245.640s][debug][gc,phases      ] GC(32)     Total                          Min: 0, Avg: 12.0, Max: 48, Diff: 48, Sum: 48, Workers: 4
[1245.640s][debug][gc,phases      ] GC(32)   StringDedup Table Weak         Min:  0.0, Avg:  0.0, Max:  0.0, Diff:  0.0, Sum:  0.0, Workers: 4
[1245.640s][debug][gc,phases      ] GC(32)     Dead                           Min: 0, Avg:  0.0, Max: 0, Diff: 0, Sum: 0, Workers: 4
[1245.640s][debug][gc,phases      ] GC(32)     Total                          Min: 0, Avg:  0.0, Max: 0, Diff: 0, Sum: 0, Workers: 4
[1245.640s][debug][gc,phases      ] GC(32)   StringDedup Requests0 Weak     Min:  0.0, Avg:  0.0, Max:  0.0, Diff:  0.0, Sum:  0.0, Workers: 4
[1245.640s][debug][gc,phases      ] GC(32)     Dead                           Min: 0, Avg:  0.0, Max: 0, Diff: 0, Sum: 0, Workers: 4
[1245.640s][debug][gc,phases      ] GC(32)     Total                          Min: 0, Avg:  0.0, Max: 0, Diff: 0, Sum: 0, Workers: 4
[1245.640s][debug][gc,phases      ] GC(32)   StringDedup Requests1 Weak     Min:  0.0, Avg:  0.0, Max:  0.0, Diff:  0.0, Sum:  0.0, Workers: 4
[1245.640s][debug][gc,phases      ] GC(32)     Dead                           Min: 0, Avg:  0.0, Max: 0, Diff: 0, Sum: 0, Workers: 4
[1245.640s][debug][gc,phases      ] GC(32)     Total                          Min: 0, Avg:  0.0, Max: 0, Diff: 0, Sum: 0, Workers: 4
[1245.640s][debug][gc,phases      ] GC(32)   Weak JFR Old Object Samples    Min:  0.0, Avg:  0.0, Max:  0.0, Diff:  0.0, Sum:  0.0, Workers: 4
[1245.640s][debug][gc,phases      ] GC(32)     Dead                           Min: 0, Avg:  0.0, Max: 0, Diff: 0, Sum: 0, Workers: 4
[1245.640s][debug][gc,phases      ] GC(32)     Total                          Min: 0, Avg:  0.0, Max: 0, Diff: 0, Sum: 0, Workers: 4
[1245.640s][debug][gc,phases      ] GC(32) Weak Processing 0.390ms
[1245.640s][debug][gc,age         ] GC(32) Desired survivor size 124256256 bytes, new threshold 1 (max threshold 15)
[1245.640s][info ][gc,heap        ] GC(32) PSYoungGen: 1823904K(1951744K)->3984K(1975808K) Eden: 1814016K(1814016K)->0K(1847296K) From: 9888K(137728K)->3984K(128512K)
[1245.640s][info ][gc,heap        ] GC(32) ParOldGen: 328577K(328704K)->335285K(335360K)
[1245.640s][info ][gc,metaspace   ] GC(32) Metaspace: 104117K(105472K)->104117K(105472K) NonClass: 88295K(89024K)->88295K(89024K) Class: 15822K(16448K)->15822K(16448K)
[1245.640s][info ][gc             ] GC(32) Pause Young (Allocation Failure) 2102M->331M(2257M) 6.457ms
[1245.640s][info ][gc,cpu         ] GC(32) User=0.01s Sys=0.01s Real=0.00s
[1245.640s][info ][safepoint      ] Safepoint "ParallelGCFailedAllocation", Time since last: 3204190885 ns, Reaching safepoint: 80100 ns, Cleanup: 3500 ns, At safepoint: 6532152 ns, Total: 6615752 ns
[1249.640s][info ][safepoint      ] Safepoint "Cleanup", Time since last: 4000301411 ns, Reaching safepoint: 6800 ns, Cleanup: 9900 ns, At safepoint: 2400 ns, Total: 19100 ns
[1251.640s][info ][safepoint      ] Safepoint "Cleanup", Time since last: 2000188555 ns, Reaching safepoint: 6900 ns, Cleanup: 12700 ns, At safepoint: 1700 ns, Total: 21300 ns
[1258.641s][info ][safepoint      ] Safepoint "Cleanup", Time since last: 7000530048 ns, Reaching safepoint: 7300 ns, Cleanup: 10200 ns, At safepoint: 2300 ns, Total: 19800 ns
[1259.641s][info ][safepoint      ] Safepoint "Cleanup", Time since last: 1000118898 ns, Reaching safepoint: 80700 ns, Cleanup: 10700 ns, At safepoint: 7300 ns, Total: 98700 ns
[1263.443s][info ][safepoint      ] Safepoint "Cleanup", Time since last: 3801924934 ns, Reaching safepoint: 7800 ns, Cleanup: 11799 ns, At safepoint: 2100 ns, Total: 21699 ns
[1264.443s][info ][safepoint      ] Safepoint "Cleanup", Time since last: 1000120094 ns, Reaching safepoint: 8400 ns, Cleanup: 11800 ns, At safepoint: 2700 ns, Total: 22900 ns
[1267.443s][info ][safepoint      ] Safepoint "Cleanup", Time since last: 3000259280 ns, Reaching safepoint: 7600 ns, Cleanup: 10100 ns, At safepoint: 2600 ns, Total: 20300 ns
[1268.444s][info ][safepoint      ] Safepoint "Cleanup", Time since last: 1000113893 ns, Reaching safepoint: 7600 ns, Cleanup: 10700 ns, At safepoint: 2300 ns, Total: 20600 ns
[1272.444s][info ][safepoint      ] Safepoint "Cleanup", Time since last: 4000320489 ns, Reaching safepoint: 7500 ns, Cleanup: 11400 ns, At safepoint: 2200 ns, Total: 21100 ns
[1278.444s][info ][safepoint      ] Safepoint "Cleanup", Time since last: 6000464721 ns, Reaching safepoint: 7100 ns, Cleanup: 10700 ns, At safepoint: 2300 ns, Total: 20100 ns
[1279.445s][info ][safepoint      ] Safepoint "Cleanup", Time since last: 1000120136 ns, Reaching safepoint: 6700 ns, Cleanup: 9799 ns, At safepoint: 2400 ns, Total: 18899 ns
[1283.445s][info ][safepoint      ] Safepoint "Cleanup", Time since last: 4000321044 ns, Reaching safepoint: 7700 ns, Cleanup: 9900 ns, At safepoint: 2300 ns, Total: 19900 ns
[1293.446s][info ][safepoint      ] Safepoint "Cleanup", Time since last: 10000744028 ns, Reaching safepoint: 7100 ns, Cleanup: 10700 ns, At safepoint: 2100 ns, Total: 19900 ns
[1295.446s][info ][safepoint      ] Safepoint "Cleanup", Time since last: 2000184420 ns, Reaching safepoint: 7500 ns, Cleanup: 10400 ns, At safepoint: 2700 ns, Total: 20600 ns
[1302.446s][info ][safepoint      ] Safepoint "Cleanup", Time since last: 7000525877 ns, Reaching safepoint: 7400 ns, Cleanup: 10600 ns, At safepoint: 2400 ns, Total: 20400 ns
[1303.447s][info ][safepoint      ] Safepoint "Cleanup", Time since last: 1000113497 ns, Reaching safepoint: 148599 ns, Cleanup: 8100 ns, At safepoint: 6500 ns, Total: 163199 ns
[1304.447s][info ][safepoint      ] Safepoint "Cleanup", Time since last: 1000107397 ns, Reaching safepoint: 6500 ns, Cleanup: 7400 ns, At safepoint: 1900 ns, Total: 15800 ns
[1305.447s][info ][safepoint      ] Safepoint "Cleanup", Time since last: 1000096097 ns, Reaching safepoint: 6000 ns, Cleanup: 8700 ns, At safepoint: 1700 ns, Total: 16400 ns
[1306.447s][info ][safepoint      ] Safepoint "Cleanup", Time since last: 1000100597 ns, Reaching safepoint: 5999 ns, Cleanup: 11200 ns, At safepoint: 1800 ns, Total: 18999 ns
[1307.447s][info ][safepoint      ] Safepoint "Cleanup", Time since last: 1000103497 ns, Reaching safepoint: 5700 ns, Cleanup: 12200 ns, At safepoint: 1900 ns, Total: 19800 ns
[1309.447s][info ][safepoint      ] Safepoint "Cleanup", Time since last: 2000169895 ns, Reaching safepoint: 6699 ns, Cleanup: 33700 ns, At safepoint: 2200 ns, Total: 42599 ns
[1309.485s][info ][gc,start       ] GC(33) Pause Young (Allocation Failure)
[1309.490s][debug][gc,phases      ] GC(33) Scavenge 4.711ms
[1309.490s][debug][gc,ref         ] GC(33) ReferenceProcessor::execute queues: 1, RefProcThreadModel::Single, marks_oops_alive: false
[1309.490s][debug][gc,ref         ] GC(33) Skipped KeepAliveFinalRefsPhase of Reference Processing: no references
[1309.490s][debug][gc,ref         ] GC(33) ReferenceProcessor::execute queues: 1, RefProcThreadModel::Single, marks_oops_alive: false
[1309.490s][debug][gc,phases      ] GC(33) Reference Processing 0.097ms
[1309.491s][debug][gc,phases      ] GC(33)   VM Weak                        Min:  0.0, Avg:  0.0, Max:  0.0, Diff:  0.0, Sum:  0.0, Workers: 4
[1309.491s][debug][gc,phases      ] GC(33)     Dead                           Min: 0, Avg:  0.0, Max: 0, Diff: 0, Sum: 0, Workers: 4
[1309.491s][debug][gc,phases      ] GC(33)     Total                          Min: 0, Avg: 254.8, Max: 763, Diff: 763, Sum: 1019, Workers: 4
[1309.491s][debug][gc,phases      ] GC(33)   ObjectSynchronizer Weak        Min:  0.0, Avg:  0.0, Max:  0.0, Diff:  0.0, Sum:  0.0, Workers: 4
[1309.491s][debug][gc,phases      ] GC(33)     Dead                           Min: 0, Avg:  0.0, Max: 0, Diff: 0, Sum: 0, Workers: 4
[1309.491s][debug][gc,phases      ] GC(33)     Total                          Min: 0, Avg:  1.0, Max: 4, Diff: 4, Sum: 4, Workers: 4
[1309.491s][debug][gc,phases      ] GC(33)   JVMTI Tag Weak OopStorage      Min:  0.0, Avg:  0.0, Max:  0.0, Diff:  0.0, Sum:  0.0, Workers: 4
[1309.491s][debug][gc,phases      ] GC(33)     Dead                           Min: 0, Avg:  0.0, Max: 0, Diff: 0, Sum: 0, Workers: 4
[1309.491s][debug][gc,phases      ] GC(33)     Total                          Min: 0, Avg:  0.0, Max: 0, Diff: 0, Sum: 0, Workers: 4
[1309.491s][debug][gc,phases      ] GC(33)   StringTable Weak               Min:  0.0, Avg:  0.1, Max:  0.1, Diff:  0.1, Sum:  0.4, Workers: 4
[1309.491s][debug][gc,phases      ] GC(33)     Dead                           Min: 0, Avg:  0.0, Max: 0, Diff: 0, Sum: 0, Workers: 4
[1309.491s][debug][gc,phases      ] GC(33)     Total                          Min: 0, Avg: 11372.8, Max: 19519, Diff: 19519, Sum: 45491, Workers: 4
[1309.491s][debug][gc,phases      ] GC(33)   ResolvedMethodTable Weak       Min:  0.0, Avg:  0.0, Max:  0.0, Diff:  0.0, Sum:  0.1, Workers: 4
[1309.491s][debug][gc,phases      ] GC(33)     Dead                           Min: 0, Avg:  4.0, Max: 16, Diff: 16, Sum: 16, Workers: 4
[1309.491s][debug][gc,phases      ] GC(33)     Total                          Min: 0, Avg: 3926.5, Max: 6635, Diff: 6635, Sum: 15706, Workers: 4
[1309.491s][debug][gc,phases      ] GC(33)   JNI Weak                       Min:  0.0, Avg:  0.0, Max:  0.0, Diff:  0.0, Sum:  0.0, Workers: 4
[1309.491s][debug][gc,phases      ] GC(33)     Dead                           Min: 0, Avg:  0.0, Max: 0, Diff: 0, Sum: 0, Workers: 4
[1309.491s][debug][gc,phases      ] GC(33)     Total                          Min: 0, Avg: 12.0, Max: 48, Diff: 48, Sum: 48, Workers: 4
[1309.491s][debug][gc,phases      ] GC(33)   StringDedup Table Weak         Min:  0.0, Avg:  0.0, Max:  0.0, Diff:  0.0, Sum:  0.0, Workers: 4
[1309.491s][debug][gc,phases      ] GC(33)     Dead                           Min: 0, Avg:  0.0, Max: 0, Diff: 0, Sum: 0, Workers: 4
[1309.491s][debug][gc,phases      ] GC(33)     Total                          Min: 0, Avg:  0.0, Max: 0, Diff: 0, Sum: 0, Workers: 4
[1309.491s][debug][gc,phases      ] GC(33)   StringDedup Requests0 Weak     Min:  0.0, Avg:  0.0, Max:  0.0, Diff:  0.0, Sum:  0.0, Workers: 4
[1309.491s][debug][gc,phases      ] GC(33)     Dead                           Min: 0, Avg:  0.0, Max: 0, Diff: 0, Sum: 0, Workers: 4
[1309.491s][debug][gc,phases      ] GC(33)     Total                          Min: 0, Avg:  0.0, Max: 0, Diff: 0, Sum: 0, Workers: 4
[1309.491s][debug][gc,phases      ] GC(33)   StringDedup Requests1 Weak     Min:  0.0, Avg:  0.0, Max:  0.0, Diff:  0.0, Sum:  0.0, Workers: 4
[1309.491s][debug][gc,phases      ] GC(33)     Dead                           Min: 0, Avg:  0.0, Max: 0, Diff: 0, Sum: 0, Workers: 4
[1309.491s][debug][gc,phases      ] GC(33)     Total                          Min: 0, Avg:  0.0, Max: 0, Diff: 0, Sum: 0, Workers: 4
[1309.491s][debug][gc,phases      ] GC(33)   Weak JFR Old Object Samples    Min:  0.0, Avg:  0.0, Max:  0.0, Diff:  0.0, Sum:  0.0, Workers: 4
[1309.491s][debug][gc,phases      ] GC(33)     Dead                           Min: 0, Avg:  0.0, Max: 0, Diff: 0, Sum: 0, Workers: 4
[1309.491s][debug][gc,phases      ] GC(33)     Total                          Min: 0, Avg:  0.0, Max: 0, Diff: 0, Sum: 0, Workers: 4
[1309.491s][debug][gc,phases      ] GC(33) Weak Processing 0.380ms
[1309.491s][debug][gc,age         ] GC(33) Desired survivor size 116391936 bytes, new threshold 1 (max threshold 15)
[1309.491s][info ][gc,heap        ] GC(33) PSYoungGen: 1851280K(1975808K)->5632K(1968640K) Eden: 1847296K(1847296K)->0K(1847296K) From: 3984K(128512K)->5632K(121344K)
[1309.491s][info ][gc,heap        ] GC(33) ParOldGen: 335285K(335360K)->335753K(335872K)
[1309.491s][info ][gc,metaspace   ] GC(33) Metaspace: 104162K(105536K)->104162K(105536K) NonClass: 88340K(89088K)->88340K(89088K) Class: 15822K(16448K)->15822K(16448K)
[1309.491s][info ][gc             ] GC(33) Pause Young (Allocation Failure) 2135M->333M(2250M) 5.294ms
[1309.491s][info ][gc,cpu         ] GC(33) User=0.02s Sys=0.00s Real=0.00s
[1309.491s][info ][safepoint      ] Safepoint "ParallelGCFailedAllocation", Time since last: 38008923 ns, Reaching safepoint: 6300 ns, Cleanup: 9800 ns, At safepoint: 5358960 ns, Total: 5375060 ns
[1310.491s][info ][safepoint      ] Safepoint "Cleanup", Time since last: 1000089097 ns, Reaching safepoint: 6600 ns, Cleanup: 45200 ns, At safepoint: 2300 ns, Total: 54100 ns
[1311.491s][info ][safepoint      ] Safepoint "Cleanup", Time since last: 1000110497 ns, Reaching safepoint: 7700 ns, Cleanup: 44599 ns, At safepoint: 2800 ns, Total: 55099 ns
[1312.491s][info ][safepoint      ] Safepoint "Cleanup", Time since last: 1000121897 ns, Reaching safepoint: 6600 ns, Cleanup: 20400 ns, At safepoint: 4500 ns, Total: 31500 ns
[1313.491s][info ][safepoint      ] Safepoint "Cleanup", Time since last: 1000096997 ns, Reaching safepoint: 6700 ns, Cleanup: 9700 ns, At safepoint: 2300 ns, Total: 18700 ns
[1314.491s][info ][safepoint      ] Safepoint "Cleanup", Time since last: 1000111696 ns, Reaching safepoint: 7100 ns, Cleanup: 17500 ns, At safepoint: 2200 ns, Total: 26800 ns
[1315.492s][info ][safepoint      ] Safepoint "Cleanup", Time since last: 1000128297 ns, Reaching safepoint: 7000 ns, Cleanup: 28200 ns, At safepoint: 1999 ns, Total: 37199 ns
[1316.492s][info ][safepoint      ] Safepoint "Cleanup", Time since last: 1000106997 ns, Reaching safepoint: 7700 ns, Cleanup: 10400 ns, At safepoint: 2200 ns, Total: 20300 ns
[1317.492s][info ][safepoint      ] Safepoint "Cleanup", Time since last: 1000112297 ns, Reaching safepoint: 6800 ns, Cleanup: 10300 ns, At safepoint: 2400 ns, Total: 19500 ns
[1318.492s][info ][safepoint      ] Safepoint "Cleanup", Time since last: 1000112089 ns, Reaching safepoint: 6800 ns, Cleanup: 28600 ns, At safepoint: 2600 ns, Total: 38000 ns
[1319.492s][info ][safepoint      ] Safepoint "Cleanup", Time since last: 1000109988 ns, Reaching safepoint: 6900 ns, Cleanup: 9200 ns, At safepoint: 2200 ns, Total: 18300 ns
[1321.461s][info ][safepoint      ] Safepoint "Cleanup", Time since last: 1969288801 ns, Reaching safepoint: 7500 ns, Cleanup: 10600 ns, At safepoint: 2000 ns, Total: 20100 ns
[1322.462s][info ][safepoint      ] Safepoint "Cleanup", Time since last: 1000122587 ns, Reaching safepoint: 8000 ns, Cleanup: 13700 ns, At safepoint: 2900 ns, Total: 24600 ns
[1323.462s][info ][safepoint      ] Safepoint "Cleanup", Time since last: 1000128688 ns, Reaching safepoint: 8200 ns, Cleanup: 10300 ns, At safepoint: 2800 ns, Total: 21300 ns
[1324.462s][info ][safepoint      ] Safepoint "Cleanup", Time since last: 1000119587 ns, Reaching safepoint: 7000 ns, Cleanup: 28900 ns, At safepoint: 2500 ns, Total: 38400 ns
[1325.462s][info ][safepoint      ] Safepoint "Cleanup", Time since last: 1000111288 ns, Reaching safepoint: 6999 ns, Cleanup: 17500 ns, At safepoint: 2000 ns, Total: 26499 ns
[1326.462s][info ][safepoint      ] Safepoint "Cleanup", Time since last: 1000119091 ns, Reaching safepoint: 8400 ns, Cleanup: 15600 ns, At safepoint: 2500 ns, Total: 26500 ns
[1330.463s][info ][safepoint      ] Safepoint "Cleanup", Time since last: 4000325170 ns, Reaching safepoint: 6900 ns, Cleanup: 12100 ns, At safepoint: 2000 ns, Total: 21000 ns
[1331.463s][info ][safepoint      ] Safepoint "Cleanup", Time since last: 1000117792 ns, Reaching safepoint: 8000 ns, Cleanup: 14800 ns, At safepoint: 2300 ns, Total: 25100 ns
[1332.463s][info ][safepoint      ] Safepoint "Cleanup", Time since last: 1000113292 ns, Reaching safepoint: 89099 ns, Cleanup: 59600 ns, At safepoint: 12300 ns, Total: 160999 ns
[1333.463s][info ][safepoint      ] Safepoint "Cleanup", Time since last: 1000111192 ns, Reaching safepoint: 8300 ns, Cleanup: 68600 ns, At safepoint: 4000 ns, Total: 80900 ns
[1334.463s][info ][safepoint      ] Safepoint "Cleanup", Time since last: 1000126898 ns, Reaching safepoint: 9000 ns, Cleanup: 63600 ns, At safepoint: 2900 ns, Total: 75500 ns
[1335.464s][info ][safepoint      ] Safepoint "Cleanup", Time since last: 1000114501 ns, Reaching safepoint: 7400 ns, Cleanup: 14100 ns, At safepoint: 1900 ns, Total: 23400 ns
[1335.980s][info ][gc,start       ] GC(34) Pause Young (Allocation Failure)
[1335.998s][debug][gc,phases      ] GC(34) Scavenge 17.272ms
[1335.998s][debug][gc,ref         ] GC(34) ReferenceProcessor::execute queues: 1, RefProcThreadModel::Single, marks_oops_alive: false
[1335.998s][debug][gc,ref         ] GC(34) Skipped KeepAliveFinalRefsPhase of Reference Processing: no references
[1335.998s][debug][gc,ref         ] GC(34) ReferenceProcessor::execute queues: 1, RefProcThreadModel::Single, marks_oops_alive: false
[1335.998s][debug][gc,phases      ] GC(34) Reference Processing 0.109ms
[1335.998s][debug][gc,phases      ] GC(34)   VM Weak                        Min:  0.0, Avg:  0.0, Max:  0.0, Diff:  0.0, Sum:  0.0, Workers: 4
[1335.998s][debug][gc,phases      ] GC(34)     Dead                           Min: 0, Avg:  0.0, Max: 0, Diff: 0, Sum: 0, Workers: 4
[1335.998s][debug][gc,phases      ] GC(34)     Total                          Min: 0, Avg: 257.2, Max: 645, Diff: 645, Sum: 1029, Workers: 4
[1335.998s][debug][gc,phases      ] GC(34)   ObjectSynchronizer Weak        Min:  0.0, Avg:  0.0, Max:  0.0, Diff:  0.0, Sum:  0.0, Workers: 4
[1335.998s][debug][gc,phases      ] GC(34)     Dead                           Min: 0, Avg:  0.0, Max: 0, Diff: 0, Sum: 0, Workers: 4
[1335.998s][debug][gc,phases      ] GC(34)     Total                          Min: 0, Avg:  1.5, Max: 6, Diff: 6, Sum: 6, Workers: 4
[1335.998s][debug][gc,phases      ] GC(34)   JVMTI Tag Weak OopStorage      Min:  0.0, Avg:  0.0, Max:  0.0, Diff:  0.0, Sum:  0.0, Workers: 4
[1335.998s][debug][gc,phases      ] GC(34)     Dead                           Min: 0, Avg:  0.0, Max: 0, Diff: 0, Sum: 0, Workers: 4
[1335.998s][debug][gc,phases      ] GC(34)     Total                          Min: 0, Avg:  0.0, Max: 0, Diff: 0, Sum: 0, Workers: 4
[1335.998s][debug][gc,phases      ] GC(34)   StringTable Weak               Min:  0.0, Avg:  0.1, Max:  0.1, Diff:  0.1, Sum:  0.4, Workers: 4
[1335.998s][debug][gc,phases      ] GC(34)     Dead                           Min: 0, Avg:  1.0, Max: 4, Diff: 4, Sum: 4, Workers: 4
[1335.998s][debug][gc,phases      ] GC(34)     Total                          Min: 0, Avg: 11381.5, Max: 19034, Diff: 19034, Sum: 45526, Workers: 4
[1335.998s][debug][gc,phases      ] GC(34)   ResolvedMethodTable Weak       Min:  0.0, Avg:  0.0, Max:  0.0, Diff:  0.0, Sum:  0.1, Workers: 4
[1335.998s][debug][gc,phases      ] GC(34)     Dead                           Min: 0, Avg:  5.5, Max: 19, Diff: 19, Sum: 22, Workers: 4
[1335.998s][debug][gc,phases      ] GC(34)     Total                          Min: 0, Avg: 3939.5, Max: 6622, Diff: 6622, Sum: 15758, Workers: 4
[1335.998s][debug][gc,phases      ] GC(34)   JNI Weak                       Min:  0.0, Avg:  0.0, Max:  0.0, Diff:  0.0, Sum:  0.0, Workers: 4
[1335.998s][debug][gc,phases      ] GC(34)     Dead                           Min: 0, Avg:  0.0, Max: 0, Diff: 0, Sum: 0, Workers: 4
[1335.998s][debug][gc,phases      ] GC(34)     Total                          Min: 0, Avg: 12.5, Max: 50, Diff: 50, Sum: 50, Workers: 4
[1335.998s][debug][gc,phases      ] GC(34)   StringDedup Table Weak         Min:  0.0, Avg:  0.0, Max:  0.0, Diff:  0.0, Sum:  0.0, Workers: 4
[1335.998s][debug][gc,phases      ] GC(34)     Dead                           Min: 0, Avg:  0.0, Max: 0, Diff: 0, Sum: 0, Workers: 4
[1335.998s][debug][gc,phases      ] GC(34)     Total                          Min: 0, Avg:  0.0, Max: 0, Diff: 0, Sum: 0, Workers: 4
[1335.998s][debug][gc,phases      ] GC(34)   StringDedup Requests0 Weak     Min:  0.0, Avg:  0.0, Max:  0.0, Diff:  0.0, Sum:  0.0, Workers: 4
[1335.998s][debug][gc,phases      ] GC(34)     Dead                           Min: 0, Avg:  0.0, Max: 0, Diff: 0, Sum: 0, Workers: 4
[1335.998s][debug][gc,phases      ] GC(34)     Total                          Min: 0, Avg:  0.0, Max: 0, Diff: 0, Sum: 0, Workers: 4
[1335.998s][debug][gc,phases      ] GC(34)   StringDedup Requests1 Weak     Min:  0.0, Avg:  0.0, Max:  0.0, Diff:  0.0, Sum:  0.0, Workers: 4
[1335.998s][debug][gc,phases      ] GC(34)     Dead                           Min: 0, Avg:  0.0, Max: 0, Diff: 0, Sum: 0, Workers: 4
[1335.998s][debug][gc,phases      ] GC(34)     Total                          Min: 0, Avg:  0.0, Max: 0, Diff: 0, Sum: 0, Workers: 4
[1335.998s][debug][gc,phases      ] GC(34)   Weak JFR Old Object Samples    Min:  0.0, Avg:  0.0, Max:  0.0, Diff:  0.0, Sum:  0.0, Workers: 4
[1335.998s][debug][gc,phases      ] GC(34)     Dead                           Min: 0, Avg:  0.0, Max: 0, Diff: 0, Sum: 0, Workers: 4
[1335.998s][debug][gc,phases      ] GC(34)     Total                          Min: 0, Avg:  0.0, Max: 0, Diff: 0, Sum: 0, Workers: 4
[1335.998s][debug][gc,phases      ] GC(34) Weak Processing 0.413ms
[1335.998s][debug][gc,age         ] GC(34) Desired survivor size 115343360 bytes, new threshold 1 (max threshold 15)
[1335.998s][info ][gc,heap        ] GC(34) PSYoungGen: 1852652K(1968640K)->41664K(1984512K) Eden: 1847020K(1847296K)->0K(1870848K) From: 5632K(121344K)->41664K(113664K)
[1335.998s][info ][gc,heap        ] GC(34) ParOldGen: 335753K(335872K)->337742K(337920K)
[1335.998s][info ][gc,metaspace   ] GC(34) Metaspace: 104334K(105664K)->104334K(105664K) NonClass: 88495K(89216K)->88495K(89216K) Class: 15838K(16448K)->15838K(16448K)
[1335.998s][info ][gc             ] GC(34) Pause Young (Allocation Failure) 2137M->370M(2268M) 17.939ms
[1335.998s][info ][gc,cpu         ] GC(34) User=0.06s Sys=0.00s Real=0.02s
[1335.998s][info ][safepoint      ] Safepoint "ParallelGCFailedAllocation", Time since last: 516783329 ns, Reaching safepoint: 86499 ns, Cleanup: 14100 ns, At safepoint: 18021868 ns, Total: 18122467 ns
[1336.999s][info ][safepoint      ] Safepoint "Cleanup", Time since last: 1000091302 ns, Reaching safepoint: 7800 ns, Cleanup: 46000 ns, At safepoint: 2200 ns, Total: 56000 ns
[1337.999s][info ][safepoint      ] Safepoint "Cleanup", Time since last: 1000108101 ns, Reaching safepoint: 6700 ns, Cleanup: 27400 ns, At safepoint: 2100 ns, Total: 36200 ns
[1338.999s][info ][safepoint      ] Safepoint "Cleanup", Time since last: 1000097501 ns, Reaching safepoint: 7500 ns, Cleanup: 14800 ns, At safepoint: 2100 ns, Total: 24400 ns
[1339.999s][info ][safepoint      ] Safepoint "Cleanup", Time since last: 1000109402 ns, Reaching safepoint: 7599 ns, Cleanup: 25100 ns, At safepoint: 2300 ns, Total: 34999 ns
[1340.999s][info ][safepoint      ] Safepoint "Cleanup", Time since last: 1000104502 ns, Reaching safepoint: 6300 ns, Cleanup: 21600 ns, At safepoint: 2100 ns, Total: 30000 ns
[1341.999s][info ][safepoint      ] Safepoint "Cleanup", Time since last: 1000106500 ns, Reaching safepoint: 8500 ns, Cleanup: 29900 ns, At safepoint: 2500 ns, Total: 40900 ns
[1342.999s][info ][safepoint      ] Safepoint "Cleanup", Time since last: 1000118296 ns, Reaching safepoint: 7400 ns, Cleanup: 82199 ns, At safepoint: 2600 ns, Total: 92199 ns
[1344.000s][info ][safepoint      ] Safepoint "Cleanup", Time since last: 1000108697 ns, Reaching safepoint: 154699 ns, Cleanup: 21700 ns, At safepoint: 17200 ns, Total: 193599 ns
[1345.000s][info ][safepoint      ] Safepoint "Cleanup", Time since last: 1000120096 ns, Reaching safepoint: 8100 ns, Cleanup: 41700 ns, At safepoint: 3100 ns, Total: 52900 ns
[1346.000s][info ][safepoint      ] Safepoint "Cleanup", Time since last: 1000117296 ns, Reaching safepoint: 7500 ns, Cleanup: 44600 ns, At safepoint: 2500 ns, Total: 54600 ns
[1346.263s][info ][gc,start       ] GC(35) Pause Young (Allocation Failure)
[1346.297s][debug][gc,phases      ] GC(35) Scavenge 34.031ms
[1346.297s][debug][gc,ref         ] GC(35) ReferenceProcessor::execute queues: 1, RefProcThreadModel::Single, marks_oops_alive: false
[1346.297s][debug][gc,ref         ] GC(35) Skipped KeepAliveFinalRefsPhase of Reference Processing: no references
[1346.297s][debug][gc,ref         ] GC(35) ReferenceProcessor::execute queues: 1, RefProcThreadModel::Single, marks_oops_alive: false
[1346.297s][debug][gc,phases      ] GC(35) Reference Processing 0.106ms
[1346.298s][debug][gc,phases      ] GC(35)   VM Weak                        Min:  0.0, Avg:  0.0, Max:  0.0, Diff:  0.0, Sum:  0.0, Workers: 4
[1346.298s][debug][gc,phases      ] GC(35)     Dead                           Min: 0, Avg:  0.0, Max: 0, Diff: 0, Sum: 0, Workers: 4
[1346.298s][debug][gc,phases      ] GC(35)     Total                          Min: 0, Avg: 257.5, Max: 646, Diff: 646, Sum: 1030, Workers: 4
[1346.298s][debug][gc,phases      ] GC(35)   ObjectSynchronizer Weak        Min:  0.0, Avg:  0.0, Max:  0.0, Diff:  0.0, Sum:  0.0, Workers: 4
[1346.298s][debug][gc,phases      ] GC(35)     Dead                           Min: 0, Avg:  0.0, Max: 0, Diff: 0, Sum: 0, Workers: 4
[1346.298s][debug][gc,phases      ] GC(35)     Total                          Min: 0, Avg:  1.5, Max: 6, Diff: 6, Sum: 6, Workers: 4
[1346.298s][debug][gc,phases      ] GC(35)   JVMTI Tag Weak OopStorage      Min:  0.0, Avg:  0.0, Max:  0.0, Diff:  0.0, Sum:  0.0, Workers: 4
[1346.298s][debug][gc,phases      ] GC(35)     Dead                           Min: 0, Avg:  0.0, Max: 0, Diff: 0, Sum: 0, Workers: 4
[1346.298s][debug][gc,phases      ] GC(35)     Total                          Min: 0, Avg:  0.0, Max: 0, Diff: 0, Sum: 0, Workers: 4
[1346.298s][debug][gc,phases      ] GC(35)   StringTable Weak               Min:  0.0, Avg:  0.1, Max:  0.1, Diff:  0.1, Sum:  0.4, Workers: 4
[1346.298s][debug][gc,phases      ] GC(35)     Dead                           Min: 0, Avg:  0.5, Max: 1, Diff: 1, Sum: 2, Workers: 4
[1346.298s][debug][gc,phases      ] GC(35)     Total                          Min: 0, Avg: 11391.2, Max: 19968, Diff: 19968, Sum: 45565, Workers: 4
[1346.298s][debug][gc,phases      ] GC(35)   ResolvedMethodTable Weak       Min:  0.0, Avg:  0.0, Max:  0.0, Diff:  0.0, Sum:  0.1, Workers: 4
[1346.298s][debug][gc,phases      ] GC(35)     Dead                           Min: 0, Avg:  1.5, Max: 5, Diff: 5, Sum: 6, Workers: 4
[1346.298s][debug][gc,phases      ] GC(35)     Total                          Min: 0, Avg: 3944.0, Max: 6719, Diff: 6719, Sum: 15776, Workers: 4
[1346.298s][debug][gc,phases      ] GC(35)   JNI Weak                       Min:  0.0, Avg:  0.0, Max:  0.0, Diff:  0.0, Sum:  0.0, Workers: 4
[1346.298s][debug][gc,phases      ] GC(35)     Dead                           Min: 0, Avg:  0.0, Max: 0, Diff: 0, Sum: 0, Workers: 4
[1346.298s][debug][gc,phases      ] GC(35)     Total                          Min: 0, Avg: 12.0, Max: 48, Diff: 48, Sum: 48, Workers: 4
[1346.298s][debug][gc,phases      ] GC(35)   StringDedup Table Weak         Min:  0.0, Avg:  0.0, Max:  0.0, Diff:  0.0, Sum:  0.0, Workers: 4
[1346.298s][debug][gc,phases      ] GC(35)     Dead                           Min: 0, Avg:  0.0, Max: 0, Diff: 0, Sum: 0, Workers: 4
[1346.298s][debug][gc,phases      ] GC(35)     Total                          Min: 0, Avg:  0.0, Max: 0, Diff: 0, Sum: 0, Workers: 4
[1346.298s][debug][gc,phases      ] GC(35)   StringDedup Requests0 Weak     Min:  0.0, Avg:  0.0, Max:  0.0, Diff:  0.0, Sum:  0.0, Workers: 4
[1346.298s][debug][gc,phases      ] GC(35)     Dead                           Min: 0, Avg:  0.0, Max: 0, Diff: 0, Sum: 0, Workers: 4
[1346.298s][debug][gc,phases      ] GC(35)     Total                          Min: 0, Avg:  0.0, Max: 0, Diff: 0, Sum: 0, Workers: 4
[1346.298s][debug][gc,phases      ] GC(35)   StringDedup Requests1 Weak     Min:  0.0, Avg:  0.0, Max:  0.0, Diff:  0.0, Sum:  0.0, Workers: 4
[1346.298s][debug][gc,phases      ] GC(35)     Dead                           Min: 0, Avg:  0.0, Max: 0, Diff: 0, Sum: 0, Workers: 4
[1346.298s][debug][gc,phases      ] GC(35)     Total                          Min: 0, Avg:  0.0, Max: 0, Diff: 0, Sum: 0, Workers: 4
[1346.298s][debug][gc,phases      ] GC(35)   Weak JFR Old Object Samples    Min:  0.0, Avg:  0.0, Max:  0.0, Diff:  0.0, Sum:  0.0, Workers: 4
[1346.298s][debug][gc,phases      ] GC(35)     Dead                           Min: 0, Avg:  0.0, Max: 0, Diff: 0, Sum: 0, Workers: 4
[1346.298s][debug][gc,phases      ] GC(35)     Total                          Min: 0, Avg:  0.0, Max: 0, Diff: 0, Sum: 0, Workers: 4
[1346.298s][debug][gc,phases      ] GC(35) Weak Processing 0.384ms
[1346.298s][debug][gc,age         ] GC(35) Desired survivor size 115343360 bytes, new threshold 1 (max threshold 15)
[1346.298s][info ][gc,heap        ] GC(35) PSYoungGen: 1912512K(1984512K)->45655K(1983488K) Eden: 1870848K(1870848K)->0K(1870848K) From: 41664K(113664K)->45655K(112640K)
[1346.298s][info ][gc,heap        ] GC(35) ParOldGen: 337742K(337920K)->377714K(377856K)
[1346.298s][info ][gc,metaspace   ] GC(35) Metaspace: 104454K(105792K)->104454K(105792K) NonClass: 88609K(89344K)->88609K(89344K) Class: 15845K(16448K)->15845K(16448K)
[1346.298s][info ][gc             ] GC(35) Pause Young (Allocation Failure) 2197M->413M(2306M) 34.645ms
[1346.298s][info ][gc,cpu         ] GC(35) User=0.11s Sys=0.02s Real=0.04s
[1346.298s][info ][safepoint      ] Safepoint "ParallelGCFailedAllocation", Time since last: 262921580 ns, Reaching safepoint: 82599 ns, Cleanup: 9300 ns, At safepoint: 34727947 ns, Total: 34819846 ns
[1347.298s][info ][safepoint      ] Safepoint "Cleanup", Time since last: 1000108196 ns, Reaching safepoint: 9400 ns, Cleanup: 50200 ns, At safepoint: 2700 ns, Total: 62300 ns
[1348.298s][info ][safepoint      ] Safepoint "Cleanup", Time since last: 1000141296 ns, Reaching safepoint: 6800 ns, Cleanup: 30100 ns, At safepoint: 7300 ns, Total: 44200 ns
[1349.298s][info ][safepoint      ] Safepoint "Cleanup", Time since last: 1000117597 ns, Reaching safepoint: 8600 ns, Cleanup: 21199 ns, At safepoint: 2500 ns, Total: 32299 ns
[1350.299s][info ][safepoint      ] Safepoint "Cleanup", Time since last: 1000114597 ns, Reaching safepoint: 7400 ns, Cleanup: 25000 ns, At safepoint: 2300 ns, Total: 34700 ns
[1351.299s][info ][safepoint      ] Safepoint "Cleanup", Time since last: 1000106496 ns, Reaching safepoint: 7100 ns, Cleanup: 15100 ns, At safepoint: 2100 ns, Total: 24300 ns
[1352.299s][info ][safepoint      ] Safepoint "Cleanup", Time since last: 1000101697 ns, Reaching safepoint: 214098 ns, Cleanup: 31000 ns, At safepoint: 9300 ns, Total: 254398 ns
[1353.299s][info ][safepoint      ] Safepoint "Cleanup", Time since last: 1000098897 ns, Reaching safepoint: 6600 ns, Cleanup: 7800 ns, At safepoint: 2200 ns, Total: 16600 ns
[1354.299s][info ][safepoint      ] Safepoint "Cleanup", Time since last: 1000122196 ns, Reaching safepoint: 9300 ns, Cleanup: 19000 ns, At safepoint: 3100 ns, Total: 31400 ns
[1355.299s][info ][safepoint      ] Safepoint "Cleanup", Time since last: 1000136396 ns, Reaching safepoint: 7200 ns, Cleanup: 24000 ns, At safepoint: 2300 ns, Total: 33500 ns
[1357.300s][info ][safepoint      ] Safepoint "Cleanup", Time since last: 2000182494 ns, Reaching safepoint: 9400 ns, Cleanup: 14500 ns, At safepoint: 2500 ns, Total: 26400 ns
[1358.300s][info ][safepoint      ] Safepoint "Cleanup", Time since last: 1000132798 ns, Reaching safepoint: 9100 ns, Cleanup: 10400 ns, At safepoint: 2700 ns, Total: 22200 ns
[1359.300s][info ][safepoint      ] Safepoint "Cleanup", Time since last: 1000133801 ns, Reaching safepoint: 8099 ns, Cleanup: 13500 ns, At safepoint: 2600 ns, Total: 24199 ns
[1365.300s][info ][safepoint      ] Safepoint "Cleanup", Time since last: 6000454706 ns, Reaching safepoint: 7400 ns, Cleanup: 12300 ns, At safepoint: 2100 ns, Total: 21800 ns
[1367.301s][info ][safepoint      ] Safepoint "Cleanup", Time since last: 2000190496 ns, Reaching safepoint: 7800 ns, Cleanup: 11200 ns, At safepoint: 2200 ns, Total: 21200 ns
[1368.301s][info ][safepoint      ] Safepoint "Cleanup", Time since last: 1000127296 ns, Reaching safepoint: 9100 ns, Cleanup: 9900 ns, At safepoint: 2800 ns, Total: 21800 ns
[1370.301s][info ][safepoint      ] Safepoint "Cleanup", Time since last: 2000191594 ns, Reaching safepoint: 7300 ns, Cleanup: 9300 ns, At safepoint: 2000 ns, Total: 18600 ns
[1371.301s][info ][safepoint      ] Safepoint "Cleanup", Time since last: 1000114997 ns, Reaching safepoint: 7600 ns, Cleanup: 10600 ns, At safepoint: 2300 ns, Total: 20500 ns
[1372.301s][info ][safepoint      ] Safepoint "Cleanup", Time since last: 1000111797 ns, Reaching safepoint: 8199 ns, Cleanup: 11900 ns, At safepoint: 1800 ns, Total: 21899 ns
[1374.302s][info ][safepoint      ] Safepoint "Cleanup", Time since last: 2000597791 ns, Reaching safepoint: 8600 ns, Cleanup: 9000 ns, At safepoint: 2500 ns, Total: 20100 ns
[1375.205s][info ][gc,start       ] GC(36) Pause Young (Allocation Failure)
[1375.235s][debug][gc,phases      ] GC(36) Scavenge 30.413ms
[1375.235s][debug][gc,ref         ] GC(36) ReferenceProcessor::execute queues: 1, RefProcThreadModel::Single, marks_oops_alive: false
[1375.235s][debug][gc,ref         ] GC(36) Skipped KeepAliveFinalRefsPhase of Reference Processing: no references
[1375.235s][debug][gc,ref         ] GC(36) ReferenceProcessor::execute queues: 1, RefProcThreadModel::Single, marks_oops_alive: false
[1375.235s][debug][gc,phases      ] GC(36) Reference Processing 0.100ms
[1375.235s][debug][gc,phases      ] GC(36)   VM Weak                        Min:  0.0, Avg:  0.0, Max:  0.0, Diff:  0.0, Sum:  0.0, Workers: 4
[1375.235s][debug][gc,phases      ] GC(36)     Dead                           Min: 0, Avg:  0.0, Max: 0, Diff: 0, Sum: 0, Workers: 4
[1375.235s][debug][gc,phases      ] GC(36)     Total                          Min: 0, Avg: 257.5, Max: 774, Diff: 774, Sum: 1030, Workers: 4
[1375.235s][debug][gc,phases      ] GC(36)   ObjectSynchronizer Weak        Min:  0.0, Avg:  0.0, Max:  0.0, Diff:  0.0, Sum:  0.0, Workers: 4
[1375.235s][debug][gc,phases      ] GC(36)     Dead                           Min: 0, Avg:  0.0, Max: 0, Diff: 0, Sum: 0, Workers: 4
[1375.235s][debug][gc,phases      ] GC(36)     Total                          Min: 0, Avg:  1.5, Max: 6, Diff: 6, Sum: 6, Workers: 4
[1375.235s][debug][gc,phases      ] GC(36)   JVMTI Tag Weak OopStorage      Min:  0.0, Avg:  0.0, Max:  0.0, Diff:  0.0, Sum:  0.0, Workers: 4
[1375.235s][debug][gc,phases      ] GC(36)     Dead                           Min: 0, Avg:  0.0, Max: 0, Diff: 0, Sum: 0, Workers: 4
[1375.236s][debug][gc,phases      ] GC(36)     Total                          Min: 0, Avg:  0.0, Max: 0, Diff: 0, Sum: 0, Workers: 4
[1375.236s][debug][gc,phases      ] GC(36)   StringTable Weak               Min:  0.0, Avg:  0.1, Max:  0.1, Diff:  0.1, Sum:  0.4, Workers: 4
[1375.236s][debug][gc,phases      ] GC(36)     Dead                           Min: 0, Avg:  0.0, Max: 0, Diff: 0, Sum: 0, Workers: 4
[1375.236s][debug][gc,phases      ] GC(36)     Total                          Min: 0, Avg: 11393.0, Max: 19396, Diff: 19396, Sum: 45572, Workers: 4
[1375.236s][debug][gc,phases      ] GC(36)   ResolvedMethodTable Weak       Min:  0.0, Avg:  0.0, Max:  0.0, Diff:  0.0, Sum:  0.1, Workers: 4
[1375.236s][debug][gc,phases      ] GC(36)     Dead                           Min: 0, Avg:  4.0, Max: 16, Diff: 16, Sum: 16, Workers: 4
[1375.236s][debug][gc,phases      ] GC(36)     Total                          Min: 0, Avg: 3944.0, Max: 6719, Diff: 6719, Sum: 15776, Workers: 4
[1375.236s][debug][gc,phases      ] GC(36)   JNI Weak                       Min:  0.0, Avg:  0.0, Max:  0.0, Diff:  0.0, Sum:  0.0, Workers: 4
[1375.236s][debug][gc,phases      ] GC(36)     Dead                           Min: 0, Avg:  0.0, Max: 0, Diff: 0, Sum: 0, Workers: 4
[1375.236s][debug][gc,phases      ] GC(36)     Total                          Min: 0, Avg: 12.0, Max: 48, Diff: 48, Sum: 48, Workers: 4
[1375.236s][debug][gc,phases      ] GC(36)   StringDedup Table Weak         Min:  0.0, Avg:  0.0, Max:  0.0, Diff:  0.0, Sum:  0.0, Workers: 4
[1375.236s][debug][gc,phases      ] GC(36)     Dead                           Min: 0, Avg:  0.0, Max: 0, Diff: 0, Sum: 0, Workers: 4
[1375.236s][debug][gc,phases      ] GC(36)     Total                          Min: 0, Avg:  0.0, Max: 0, Diff: 0, Sum: 0, Workers: 4
[1375.236s][debug][gc,phases      ] GC(36)   StringDedup Requests0 Weak     Min:  0.0, Avg:  0.0, Max:  0.0, Diff:  0.0, Sum:  0.0, Workers: 4
[1375.236s][debug][gc,phases      ] GC(36)     Dead                           Min: 0, Avg:  0.0, Max: 0, Diff: 0, Sum: 0, Workers: 4
[1375.236s][debug][gc,phases      ] GC(36)     Total                          Min: 0, Avg:  0.0, Max: 0, Diff: 0, Sum: 0, Workers: 4
[1375.236s][debug][gc,phases      ] GC(36)   StringDedup Requests1 Weak     Min:  0.0, Avg:  0.0, Max:  0.0, Diff:  0.0, Sum:  0.0, Workers: 4
[1375.236s][debug][gc,phases      ] GC(36)     Dead                           Min: 0, Avg:  0.0, Max: 0, Diff: 0, Sum: 0, Workers: 4
[1375.236s][debug][gc,phases      ] GC(36)     Total                          Min: 0, Avg:  0.0, Max: 0, Diff: 0, Sum: 0, Workers: 4
[1375.236s][debug][gc,phases      ] GC(36)   Weak JFR Old Object Samples    Min:  0.0, Avg:  0.0, Max:  0.0, Diff:  0.0, Sum:  0.0, Workers: 4
[1375.236s][debug][gc,phases      ] GC(36)     Dead                           Min: 0, Avg:  0.0, Max: 0, Diff: 0, Sum: 0, Workers: 4
[1375.236s][debug][gc,phases      ] GC(36)     Total                          Min: 0, Avg:  0.0, Max: 0, Diff: 0, Sum: 0, Workers: 4
[1375.236s][debug][gc,phases      ] GC(36) Weak Processing 0.395ms
[1375.236s][debug][gc,age         ] GC(36) Desired survivor size 106430464 bytes, new threshold 1 (max threshold 15)
[1375.236s][info ][gc,heap        ] GC(36) PSYoungGen: 1916503K(1983488K)->24736K(1993216K) Eden: 1870848K(1870848K)->0K(1880576K) From: 45655K(112640K)->24736K(112640K)
[1375.236s][info ][gc,heap        ] GC(36) ParOldGen: 377714K(377856K)->422418K(422912K)
[1375.236s][info ][gc,metaspace   ] GC(36) Metaspace: 104554K(105920K)->104554K(105920K) NonClass: 88706K(89472K)->88706K(89472K) Class: 15847K(16448K)->15847K(16448K)
[1375.236s][info ][gc             ] GC(36) Pause Young (Allocation Failure) 2240M->436M(2359M) 31.033ms
[1375.236s][info ][gc,cpu         ] GC(36) User=0.08s Sys=0.02s Real=0.03s
[1375.236s][info ][safepoint      ] Safepoint "ParallelGCFailedAllocation", Time since last: 902672708 ns, Reaching safepoint: 7300 ns, Cleanup: 3700 ns, At safepoint: 31110472 ns, Total: 31121472 ns
[1383.485s][info ][safepoint      ] Safepoint "Cleanup", Time since last: 8248903548 ns, Reaching safepoint: 76599 ns, Cleanup: 8900 ns, At safepoint: 5500 ns, Total: 90999 ns
[1385.485s][info ][safepoint      ] Safepoint "Cleanup", Time since last: 2000178079 ns, Reaching safepoint: 76900 ns, Cleanup: 8800 ns, At safepoint: 5600 ns, Total: 91300 ns
[1391.486s][info ][safepoint      ] Safepoint "Cleanup", Time since last: 6000460741 ns, Reaching safepoint: 82299 ns, Cleanup: 9100 ns, At safepoint: 6300 ns, Total: 97699 ns
[1394.486s][info ][safepoint      ] Safepoint "Cleanup", Time since last: 3000281475 ns, Reaching safepoint: 81599 ns, Cleanup: 11100 ns, At safepoint: 6300 ns, Total: 98999 ns
[1395.486s][info ][safepoint      ] Safepoint "Cleanup", Time since last: 1000124691 ns, Reaching safepoint: 79600 ns, Cleanup: 10000 ns, At safepoint: 6600 ns, Total: 96200 ns
[1401.487s][info ][safepoint      ] Safepoint "Cleanup", Time since last: 6000476174 ns, Reaching safepoint: 87000 ns, Cleanup: 11899 ns, At safepoint: 5800 ns, Total: 104699 ns
[1402.487s][info ][safepoint      ] Safepoint "Cleanup", Time since last: 1000115199 ns, Reaching safepoint: 80599 ns, Cleanup: 11100 ns, At safepoint: 6000 ns, Total: 97699 ns
[1407.487s][info ][safepoint      ] Safepoint "Cleanup", Time since last: 5000438273 ns, Reaching safepoint: 7400 ns, Cleanup: 11300 ns, At safepoint: 1900 ns, Total: 20600 ns
[1408.488s][info ][safepoint      ] Safepoint "Cleanup", Time since last: 1000113587 ns, Reaching safepoint: 8100 ns, Cleanup: 9600 ns, At safepoint: 2200 ns, Total: 19900 ns
[1410.488s][info ][safepoint      ] Safepoint "Cleanup", Time since last: 2000183775 ns, Reaching safepoint: 78299 ns, Cleanup: 11700 ns, At safepoint: 5700 ns, Total: 95699 ns
[1411.488s][info ][safepoint      ] Safepoint "Cleanup", Time since last: 1000107187 ns, Reaching safepoint: 6600 ns, Cleanup: 10200 ns, At safepoint: 2100 ns, Total: 18900 ns
[1412.708s][info ][safepoint      ] Safepoint "Cleanup", Time since last: 1219733981 ns, Reaching safepoint: 8800 ns, Cleanup: 7900 ns, At safepoint: 1400 ns, Total: 18100 ns
[1413.708s][info ][safepoint      ] Safepoint "Cleanup", Time since last: 1000118187 ns, Reaching safepoint: 8700 ns, Cleanup: 27700 ns, At safepoint: 2700 ns, Total: 39100 ns
[1419.708s][info ][safepoint      ] Safepoint "Cleanup", Time since last: 6000473722 ns, Reaching safepoint: 7400 ns, Cleanup: 17300 ns, At safepoint: 2100 ns, Total: 26800 ns
[1420.708s][info ][safepoint      ] Safepoint "Cleanup", Time since last: 1000126004 ns, Reaching safepoint: 7400 ns, Cleanup: 9500 ns, At safepoint: 2200 ns, Total: 19100 ns
[1421.709s][info ][safepoint      ] Safepoint "Cleanup", Time since last: 1000117003 ns, Reaching safepoint: 7500 ns, Cleanup: 61800 ns, At safepoint: 3700 ns, Total: 73000 ns
[1426.709s][info ][safepoint      ] Safepoint "Cleanup", Time since last: 5000412174 ns, Reaching safepoint: 8100 ns, Cleanup: 14800 ns, At safepoint: 2100 ns, Total: 25000 ns
[1427.709s][info ][safepoint      ] Safepoint "Cleanup", Time since last: 1000104895 ns, Reaching safepoint: 6700 ns, Cleanup: 11700 ns, At safepoint: 2000 ns, Total: 20400 ns
[1428.431s][info ][gc,start       ] GC(37) Pause Young (Allocation Failure)
[1428.447s][debug][gc,phases      ] GC(37) Scavenge 15.810ms
[1428.447s][debug][gc,ref         ] GC(37) ReferenceProcessor::execute queues: 1, RefProcThreadModel::Single, marks_oops_alive: false
[1428.447s][debug][gc,ref         ] GC(37) Skipped KeepAliveFinalRefsPhase of Reference Processing: no references
[1428.447s][debug][gc,ref         ] GC(37) ReferenceProcessor::execute queues: 1, RefProcThreadModel::Single, marks_oops_alive: false
[1428.447s][debug][gc,phases      ] GC(37) Reference Processing 0.120ms
[1428.447s][debug][gc,phases      ] GC(37)   VM Weak                        Min:  0.0, Avg:  0.0, Max:  0.0, Diff:  0.0, Sum:  0.0, Workers: 4
[1428.447s][debug][gc,phases      ] GC(37)     Dead                           Min: 0, Avg:  0.0, Max: 0, Diff: 0, Sum: 0, Workers: 4
[1428.447s][debug][gc,phases      ] GC(37)     Total                          Min: 0, Avg: 265.5, Max: 448, Diff: 448, Sum: 1062, Workers: 4
[1428.447s][debug][gc,phases      ] GC(37)   ObjectSynchronizer Weak        Min:  0.0, Avg:  0.0, Max:  0.0, Diff:  0.0, Sum:  0.0, Workers: 4
[1428.447s][debug][gc,phases      ] GC(37)     Dead                           Min: 0, Avg:  0.0, Max: 0, Diff: 0, Sum: 0, Workers: 4
[1428.447s][debug][gc,phases      ] GC(37)     Total                          Min: 0, Avg:  1.0, Max: 4, Diff: 4, Sum: 4, Workers: 4
[1428.447s][debug][gc,phases      ] GC(37)   JVMTI Tag Weak OopStorage      Min:  0.0, Avg:  0.0, Max:  0.0, Diff:  0.0, Sum:  0.0, Workers: 4
[1428.447s][debug][gc,phases      ] GC(37)     Dead                           Min: 0, Avg:  0.0, Max: 0, Diff: 0, Sum: 0, Workers: 4
[1428.447s][debug][gc,phases      ] GC(37)     Total                          Min: 0, Avg:  0.0, Max: 0, Diff: 0, Sum: 0, Workers: 4
[1428.447s][debug][gc,phases      ] GC(37)   StringTable Weak               Min:  0.0, Avg:  0.1, Max:  0.1, Diff:  0.1, Sum:  0.4, Workers: 4
[1428.447s][debug][gc,phases      ] GC(37)     Dead                           Min: 0, Avg:  0.8, Max: 3, Diff: 3, Sum: 3, Workers: 4
[1428.447s][debug][gc,phases      ] GC(37)     Total                          Min: 0, Avg: 11398.8, Max: 19611, Diff: 19611, Sum: 45595, Workers: 4
[1428.447s][debug][gc,phases      ] GC(37)   ResolvedMethodTable Weak       Min:  0.0, Avg:  0.0, Max:  0.0, Diff:  0.0, Sum:  0.1, Workers: 4
[1428.447s][debug][gc,phases      ] GC(37)     Dead                           Min: 0, Avg:  5.0, Max: 16, Diff: 16, Sum: 20, Workers: 4
[1428.447s][debug][gc,phases      ] GC(37)     Total                          Min: 0, Avg: 3960.5, Max: 6628, Diff: 6628, Sum: 15842, Workers: 4
[1428.447s][debug][gc,phases      ] GC(37)   JNI Weak                       Min:  0.0, Avg:  0.0, Max:  0.0, Diff:  0.0, Sum:  0.0, Workers: 4
[1428.447s][debug][gc,phases      ] GC(37)     Dead                           Min: 0, Avg:  0.0, Max: 0, Diff: 0, Sum: 0, Workers: 4
[1428.447s][debug][gc,phases      ] GC(37)     Total                          Min: 0, Avg: 12.0, Max: 48, Diff: 48, Sum: 48, Workers: 4
[1428.447s][debug][gc,phases      ] GC(37)   StringDedup Table Weak         Min:  0.0, Avg:  0.0, Max:  0.0, Diff:  0.0, Sum:  0.0, Workers: 4
[1428.447s][debug][gc,phases      ] GC(37)     Dead                           Min: 0, Avg:  0.0, Max: 0, Diff: 0, Sum: 0, Workers: 4
[1428.447s][debug][gc,phases      ] GC(37)     Total                          Min: 0, Avg:  0.0, Max: 0, Diff: 0, Sum: 0, Workers: 4
[1428.447s][debug][gc,phases      ] GC(37)   StringDedup Requests0 Weak     Min:  0.0, Avg:  0.0, Max:  0.0, Diff:  0.0, Sum:  0.0, Workers: 4
[1428.447s][debug][gc,phases      ] GC(37)     Dead                           Min: 0, Avg:  0.0, Max: 0, Diff: 0, Sum: 0, Workers: 4
[1428.447s][debug][gc,phases      ] GC(37)     Total                          Min: 0, Avg:  0.0, Max: 0, Diff: 0, Sum: 0, Workers: 4
[1428.447s][debug][gc,phases      ] GC(37)   StringDedup Requests1 Weak     Min:  0.0, Avg:  0.0, Max:  0.0, Diff:  0.0, Sum:  0.0, Workers: 4
[1428.447s][debug][gc,phases      ] GC(37)     Dead                           Min: 0, Avg:  0.0, Max: 0, Diff: 0, Sum: 0, Workers: 4
[1428.447s][debug][gc,phases      ] GC(37)     Total                          Min: 0, Avg:  0.0, Max: 0, Diff: 0, Sum: 0, Workers: 4
[1428.447s][debug][gc,phases      ] GC(37)   Weak JFR Old Object Samples    Min:  0.0, Avg:  0.0, Max:  0.0, Diff:  0.0, Sum:  0.0, Workers: 4
[1428.447s][debug][gc,phases      ] GC(37)     Dead                           Min: 0, Avg:  0.0, Max: 0, Diff: 0, Sum: 0, Workers: 4
[1428.447s][debug][gc,phases      ] GC(37)     Total                          Min: 0, Avg:  0.0, Max: 0, Diff: 0, Sum: 0, Workers: 4
[1428.447s][debug][gc,phases      ] GC(37) Weak Processing 0.387ms
[1428.447s][debug][gc,age         ] GC(37) Desired survivor size 100139008 bytes, new threshold 1 (max threshold 15)
[1428.447s][info ][gc,heap        ] GC(37) PSYoungGen: 1905312K(1993216K)->14304K(1984512K) Eden: 1880576K(1880576K)->0K(1880576K) From: 24736K(112640K)->14304K(103936K)
[1428.447s][info ][gc,heap        ] GC(37) ParOldGen: 422418K(422912K)->444034K(444416K)
[1428.447s][info ][gc,metaspace   ] GC(37) Metaspace: 104705K(106112K)->104705K(106112K) NonClass: 88829K(89600K)->88829K(89600K) Class: 15875K(16512K)->15875K(16512K)
[1428.447s][info ][gc             ] GC(37) Pause Young (Allocation Failure) 2273M->447M(2372M) 16.445ms
[1428.447s][info ][gc,cpu         ] GC(37) User=0.03s Sys=0.02s Real=0.02s
[1428.447s][info ][safepoint      ] Safepoint "ParallelGCFailedAllocation", Time since last: 721455730 ns, Reaching safepoint: 5299 ns, Cleanup: 13300 ns, At safepoint: 16520180 ns, Total: 16538779 ns
[1429.447s][info ][safepoint      ] Safepoint "Cleanup", Time since last: 1000091894 ns, Reaching safepoint: 7100 ns, Cleanup: 12300 ns, At safepoint: 2200 ns, Total: 21600 ns
[1431.448s][info ][safepoint      ] Safepoint "Cleanup", Time since last: 2000177389 ns, Reaching safepoint: 7400 ns, Cleanup: 38300 ns, At safepoint: 2500 ns, Total: 48200 ns
[1432.448s][info ][safepoint      ] Safepoint "Cleanup", Time since last: 1000119494 ns, Reaching safepoint: 7300 ns, Cleanup: 20000 ns, At safepoint: 2300 ns, Total: 29600 ns
[1434.448s][info ][safepoint      ] Safepoint "Cleanup", Time since last: 2000190189 ns, Reaching safepoint: 158699 ns, Cleanup: 11600 ns, At safepoint: 7000 ns, Total: 177299 ns
[1435.448s][info ][safepoint      ] Safepoint "Cleanup", Time since last: 1000106194 ns, Reaching safepoint: 7000 ns, Cleanup: 11500 ns, At safepoint: 2400 ns, Total: 20900 ns
[1436.448s][info ][safepoint      ] Safepoint "Cleanup", Time since last: 1000111594 ns, Reaching safepoint: 7000 ns, Cleanup: 8200 ns, At safepoint: 1600 ns, Total: 16800 ns
[1437.448s][info ][safepoint      ] Safepoint "Cleanup", Time since last: 1000108695 ns, Reaching safepoint: 7400 ns, Cleanup: 10300 ns, At safepoint: 2300 ns, Total: 20000 ns
[1438.449s][info ][safepoint      ] Safepoint "Cleanup", Time since last: 1000111590 ns, Reaching safepoint: 7700 ns, Cleanup: 19800 ns, At safepoint: 2300 ns, Total: 29800 ns
[1439.449s][info ][safepoint      ] Safepoint "Cleanup", Time since last: 1000105587 ns, Reaching safepoint: 7400 ns, Cleanup: 8600 ns, At safepoint: 2300 ns, Total: 18300 ns
[1441.502s][info ][safepoint      ] Safepoint "Cleanup", Time since last: 2053717583 ns, Reaching safepoint: 7900 ns, Cleanup: 9700 ns, At safepoint: 2500 ns, Total: 20100 ns
[1443.503s][info ][safepoint      ] Safepoint "Cleanup", Time since last: 2000201874 ns, Reaching safepoint: 11000 ns, Cleanup: 16900 ns, At safepoint: 2600 ns, Total: 30500 ns
[1453.504s][info ][safepoint      ] Safepoint "Cleanup", Time since last: 10000796771 ns, Reaching safepoint: 7400 ns, Cleanup: 9800 ns, At safepoint: 2000 ns, Total: 19200 ns
[1457.504s][info ][safepoint      ] Safepoint "Cleanup", Time since last: 4000343911 ns, Reaching safepoint: 8000 ns, Cleanup: 9300 ns, At safepoint: 2000 ns, Total: 19300 ns
[1474.505s][info ][safepoint      ] Safepoint "Cleanup", Time since last: 17001266720 ns, Reaching safepoint: 7700 ns, Cleanup: 11200 ns, At safepoint: 2400 ns, Total: 21300 ns
[1475.505s][info ][safepoint      ] Safepoint "Cleanup", Time since last: 1000140282 ns, Reaching safepoint: 10600 ns, Cleanup: 21800 ns, At safepoint: 3100 ns, Total: 35500 ns
[1478.506s][info ][safepoint      ] Safepoint "Cleanup", Time since last: 3000273151 ns, Reaching safepoint: 8100 ns, Cleanup: 20400 ns, At safepoint: 2600 ns, Total: 31100 ns
[1479.506s][info ][safepoint      ] Safepoint "Cleanup", Time since last: 1000168187 ns, Reaching safepoint: 9300 ns, Cleanup: 24100 ns, At safepoint: 2800 ns, Total: 36200 ns
[1480.506s][info ][safepoint      ] Safepoint "Cleanup", Time since last: 1000126288 ns, Reaching safepoint: 8200 ns, Cleanup: 19000 ns, At safepoint: 2800 ns, Total: 30000 ns
[1484.506s][info ][safepoint      ] Safepoint "Cleanup", Time since last: 4000352652 ns, Reaching safepoint: 7500 ns, Cleanup: 11600 ns, At safepoint: 2100 ns, Total: 21200 ns
[1485.507s][info ][safepoint      ] Safepoint "Cleanup", Time since last: 1000117588 ns, Reaching safepoint: 7800 ns, Cleanup: 13500 ns, At safepoint: 2000 ns, Total: 23300 ns
[1486.507s][info ][safepoint      ] Safepoint "Cleanup", Time since last: 1000114378 ns, Reaching safepoint: 8300 ns, Cleanup: 10400 ns, At safepoint: 2000 ns, Total: 20700 ns
[1489.032s][info ][gc,start       ] GC(38) Pause Young (Allocation Failure)
[1489.045s][debug][gc,phases      ] GC(38) Scavenge 12.526ms
[1489.045s][debug][gc,ref         ] GC(38) ReferenceProcessor::execute queues: 1, RefProcThreadModel::Single, marks_oops_alive: false
[1489.045s][debug][gc,ref         ] GC(38) Skipped KeepAliveFinalRefsPhase of Reference Processing: no references
[1489.045s][debug][gc,ref         ] GC(38) ReferenceProcessor::execute queues: 1, RefProcThreadModel::Single, marks_oops_alive: false
[1489.045s][debug][gc,phases      ] GC(38) Reference Processing 0.104ms
[1489.045s][debug][gc,phases      ] GC(38)   VM Weak                        Min:  0.0, Avg:  0.0, Max:  0.0, Diff:  0.0, Sum:  0.0, Workers: 4
[1489.045s][debug][gc,phases      ] GC(38)     Dead                           Min: 0, Avg:  0.0, Max: 0, Diff: 0, Sum: 0, Workers: 4
[1489.045s][debug][gc,phases      ] GC(38)     Total                          Min: 0, Avg: 265.5, Max: 614, Diff: 614, Sum: 1062, Workers: 4
[1489.045s][debug][gc,phases      ] GC(38)   ObjectSynchronizer Weak        Min:  0.0, Avg:  0.0, Max:  0.0, Diff:  0.0, Sum:  0.0, Workers: 4
[1489.045s][debug][gc,phases      ] GC(38)     Dead                           Min: 0, Avg:  0.0, Max: 0, Diff: 0, Sum: 0, Workers: 4
[1489.045s][debug][gc,phases      ] GC(38)     Total                          Min: 0, Avg:  1.0, Max: 4, Diff: 4, Sum: 4, Workers: 4
[1489.045s][debug][gc,phases      ] GC(38)   JVMTI Tag Weak OopStorage      Min:  0.0, Avg:  0.0, Max:  0.0, Diff:  0.0, Sum:  0.0, Workers: 4
[1489.045s][debug][gc,phases      ] GC(38)     Dead                           Min: 0, Avg:  0.0, Max: 0, Diff: 0, Sum: 0, Workers: 4
[1489.045s][debug][gc,phases      ] GC(38)     Total                          Min: 0, Avg:  0.0, Max: 0, Diff: 0, Sum: 0, Workers: 4
[1489.045s][debug][gc,phases      ] GC(38)   StringTable Weak               Min:  0.0, Avg:  0.1, Max:  0.1, Diff:  0.1, Sum:  0.4, Workers: 4
[1489.045s][debug][gc,phases      ] GC(38)     Dead                           Min: 0, Avg:  0.0, Max: 0, Diff: 0, Sum: 0, Workers: 4
[1489.045s][debug][gc,phases      ] GC(38)     Total                          Min: 0, Avg: 11399.5, Max: 19904, Diff: 19904, Sum: 45598, Workers: 4
[1489.045s][debug][gc,phases      ] GC(38)   ResolvedMethodTable Weak       Min:  0.0, Avg:  0.0, Max:  0.0, Diff:  0.0, Sum:  0.1, Workers: 4
[1489.045s][debug][gc,phases      ] GC(38)     Dead                           Min: 0, Avg:  4.0, Max: 14, Diff: 14, Sum: 16, Workers: 4
[1489.045s][debug][gc,phases      ] GC(38)     Total                          Min: 0, Avg: 3960.8, Max: 6708, Diff: 6708, Sum: 15843, Workers: 4
[1489.045s][debug][gc,phases      ] GC(38)   JNI Weak                       Min:  0.0, Avg:  0.0, Max:  0.0, Diff:  0.0, Sum:  0.0, Workers: 4
[1489.045s][debug][gc,phases      ] GC(38)     Dead                           Min: 0, Avg:  0.0, Max: 0, Diff: 0, Sum: 0, Workers: 4
[1489.045s][debug][gc,phases      ] GC(38)     Total                          Min: 0, Avg: 12.0, Max: 48, Diff: 48, Sum: 48, Workers: 4
[1489.046s][debug][gc,phases      ] GC(38)   StringDedup Table Weak         Min:  0.0, Avg:  0.0, Max:  0.0, Diff:  0.0, Sum:  0.0, Workers: 4
[1489.046s][debug][gc,phases      ] GC(38)     Dead                           Min: 0, Avg:  0.0, Max: 0, Diff: 0, Sum: 0, Workers: 4
[1489.046s][debug][gc,phases      ] GC(38)     Total                          Min: 0, Avg:  0.0, Max: 0, Diff: 0, Sum: 0, Workers: 4
[1489.046s][debug][gc,phases      ] GC(38)   StringDedup Requests0 Weak     Min:  0.0, Avg:  0.0, Max:  0.0, Diff:  0.0, Sum:  0.0, Workers: 4
[1489.046s][debug][gc,phases      ] GC(38)     Dead                           Min: 0, Avg:  0.0, Max: 0, Diff: 0, Sum: 0, Workers: 4
[1489.046s][debug][gc,phases      ] GC(38)     Total                          Min: 0, Avg:  0.0, Max: 0, Diff: 0, Sum: 0, Workers: 4
[1489.046s][debug][gc,phases      ] GC(38)   StringDedup Requests1 Weak     Min:  0.0, Avg:  0.0, Max:  0.0, Diff:  0.0, Sum:  0.0, Workers: 4
[1489.046s][debug][gc,phases      ] GC(38)     Dead                           Min: 0, Avg:  0.0, Max: 0, Diff: 0, Sum: 0, Workers: 4
[1489.046s][debug][gc,phases      ] GC(38)     Total                          Min: 0, Avg:  0.0, Max: 0, Diff: 0, Sum: 0, Workers: 4
[1489.046s][debug][gc,phases      ] GC(38)   Weak JFR Old Object Samples    Min:  0.0, Avg:  0.0, Max:  0.0, Diff:  0.0, Sum:  0.0, Workers: 4
[1489.046s][debug][gc,phases      ] GC(38)     Dead                           Min: 0, Avg:  0.0, Max: 0, Diff: 0, Sum: 0, Workers: 4
[1489.046s][debug][gc,phases      ] GC(38)     Total                          Min: 0, Avg:  0.0, Max: 0, Diff: 0, Sum: 0, Workers: 4
[1489.046s][debug][gc,phases      ] GC(38) Weak Processing 0.397ms
[1489.046s][debug][gc,age         ] GC(38) Desired survivor size 93323264 bytes, new threshold 1 (max threshold 15)
[1489.046s][info ][gc,heap        ] GC(38) PSYoungGen: 1894880K(1984512K)->17856K(2006016K) Eden: 1880576K(1880576K)->0K(1908224K) From: 14304K(103936K)->17856K(97792K)
[1489.046s][info ][gc,heap        ] GC(38) ParOldGen: 444034K(444416K)->453783K(454144K)
[1489.046s][info ][gc,metaspace   ] GC(38) Metaspace: 104768K(106112K)->104768K(106112K) NonClass: 88890K(89600K)->88890K(89600K) Class: 15878K(16512K)->15878K(16512K)
[1489.046s][info ][gc             ] GC(38) Pause Young (Allocation Failure) 2284M->460M(2402M) 13.167ms
[1489.046s][info ][gc,cpu         ] GC(38) User=0.04s Sys=0.00s Real=0.01s
[1489.046s][info ][safepoint      ] Safepoint "ParallelGCFailedAllocation", Time since last: 2525750891 ns, Reaching safepoint: 6700 ns, Cleanup: 3900 ns, At safepoint: 13236503 ns, Total: 13247103 ns
[1492.046s][info ][safepoint      ] Safepoint "Cleanup", Time since last: 3000225713 ns, Reaching safepoint: 6600 ns, Cleanup: 9500 ns, At safepoint: 2500 ns, Total: 18600 ns
[1502.520s][info ][safepoint      ] Safepoint "Cleanup", Time since last: 10474038420 ns, Reaching safepoint: 7600 ns, Cleanup: 15900 ns, At safepoint: 2500 ns, Total: 26000 ns
[1504.520s][info ][safepoint      ] Safepoint "Cleanup", Time since last: 2000179071 ns, Reaching safepoint: 5800 ns, Cleanup: 18300 ns, At safepoint: 1700 ns, Total: 25800 ns
[1506.520s][info ][safepoint      ] Safepoint "Cleanup", Time since last: 2000162971 ns, Reaching safepoint: 6500 ns, Cleanup: 9800 ns, At safepoint: 2200 ns, Total: 18500 ns
[1508.521s][info ][safepoint      ] Safepoint "Cleanup", Time since last: 2000182971 ns, Reaching safepoint: 7300 ns, Cleanup: 10400 ns, At safepoint: 2700 ns, Total: 20400 ns
[1511.521s][info ][safepoint      ] Safepoint "Cleanup", Time since last: 3000257266 ns, Reaching safepoint: 6100 ns, Cleanup: 10000 ns, At safepoint: 2000 ns, Total: 18100 ns
[1512.521s][info ][safepoint      ] Safepoint "Cleanup", Time since last: 1000110491 ns, Reaching safepoint: 6400 ns, Cleanup: 9600 ns, At safepoint: 2000 ns, Total: 18000 ns
[1513.521s][info ][safepoint      ] Safepoint "Cleanup", Time since last: 1000112092 ns, Reaching safepoint: 7700 ns, Cleanup: 29300 ns, At safepoint: 2400 ns, Total: 39400 ns
[1514.521s][info ][safepoint      ] Safepoint "Cleanup", Time since last: 1000114091 ns, Reaching safepoint: 7400 ns, Cleanup: 11800 ns, At safepoint: 2100 ns, Total: 21300 ns
[1515.521s][info ][safepoint      ] Safepoint "Cleanup", Time since last: 1000127691 ns, Reaching safepoint: 7900 ns, Cleanup: 11400 ns, At safepoint: 2600 ns, Total: 21900 ns
[1522.522s][info ][safepoint      ] Safepoint "Cleanup", Time since last: 7000519038 ns, Reaching safepoint: 7100 ns, Cleanup: 13800 ns, At safepoint: 2100 ns, Total: 23000 ns
[1527.522s][info ][safepoint      ] Safepoint "Cleanup", Time since last: 5000387130 ns, Reaching safepoint: 7799 ns, Cleanup: 10100 ns, At safepoint: 1700 ns, Total: 19599 ns
[1528.522s][info ][safepoint      ] Safepoint "Cleanup", Time since last: 1000115575 ns, Reaching safepoint: 7800 ns, Cleanup: 11700 ns, At safepoint: 2300 ns, Total: 21800 ns
[1529.523s][info ][safepoint      ] Safepoint "Cleanup", Time since last: 1000118175 ns, Reaching safepoint: 7300 ns, Cleanup: 13500 ns, At safepoint: 2700 ns, Total: 23500 ns
[1533.523s][info ][safepoint      ] Safepoint "Cleanup", Time since last: 4000319900 ns, Reaching safepoint: 7500 ns, Cleanup: 8900 ns, At safepoint: 2000 ns, Total: 18400 ns
[1535.523s][info ][safepoint      ] Safepoint "Cleanup", Time since last: 2000185841 ns, Reaching safepoint: 7900 ns, Cleanup: 13100 ns, At safepoint: 2700 ns, Total: 23700 ns
[1536.523s][info ][safepoint      ] Safepoint "Cleanup", Time since last: 1000119170 ns, Reaching safepoint: 6700 ns, Cleanup: 9900 ns, At safepoint: 2900 ns, Total: 19500 ns
[1538.524s][info ][safepoint      ] Safepoint "Cleanup", Time since last: 2000184239 ns, Reaching safepoint: 7800 ns, Cleanup: 15100 ns, At safepoint: 2600 ns, Total: 25500 ns
[1539.524s][info ][safepoint      ] Safepoint "Cleanup", Time since last: 1000122569 ns, Reaching safepoint: 7900 ns, Cleanup: 15500 ns, At safepoint: 2600 ns, Total: 26000 ns
[1541.524s][info ][safepoint      ] Safepoint "Cleanup", Time since last: 2000188140 ns, Reaching safepoint: 6699 ns, Cleanup: 10800 ns, At safepoint: 2200 ns, Total: 19699 ns
[1542.524s][info ][safepoint      ] Safepoint "Cleanup", Time since last: 1000110650 ns, Reaching safepoint: 8400 ns, Cleanup: 10800 ns, At safepoint: 2400 ns, Total: 21600 ns
[1543.524s][info ][safepoint      ] Safepoint "Cleanup", Time since last: 1000126233 ns, Reaching safepoint: 7400 ns, Cleanup: 13399 ns, At safepoint: 2700 ns, Total: 23499 ns
[1544.524s][info ][safepoint      ] Safepoint "Cleanup", Time since last: 1000112933 ns, Reaching safepoint: 8300 ns, Cleanup: 49100 ns, At safepoint: 2100 ns, Total: 59500 ns
[1545.524s][info ][safepoint      ] Safepoint "Cleanup", Time since last: 1000112333 ns, Reaching safepoint: 8000 ns, Cleanup: 17500 ns, At safepoint: 2600 ns, Total: 28100 ns
[1546.525s][info ][safepoint      ] Safepoint "Cleanup", Time since last: 1000115332 ns, Reaching safepoint: 8500 ns, Cleanup: 18900 ns, At safepoint: 2600 ns, Total: 30000 ns
[1546.607s][info ][gc,start       ] GC(39) Pause Young (Allocation Failure)
[1546.625s][debug][gc,phases      ] GC(39) Scavenge 17.595ms
[1546.625s][debug][gc,ref         ] GC(39) ReferenceProcessor::execute queues: 1, RefProcThreadModel::Single, marks_oops_alive: false
[1546.625s][debug][gc,ref         ] GC(39) Skipped KeepAliveFinalRefsPhase of Reference Processing: no references
[1546.625s][debug][gc,ref         ] GC(39) ReferenceProcessor::execute queues: 1, RefProcThreadModel::Single, marks_oops_alive: false
[1546.625s][debug][gc,phases      ] GC(39) Reference Processing 0.101ms
[1546.625s][debug][gc,phases      ] GC(39)   VM Weak                        Min:  0.0, Avg:  0.0, Max:  0.0, Diff:  0.0, Sum:  0.0, Workers: 4
[1546.625s][debug][gc,phases      ] GC(39)     Dead                           Min: 0, Avg:  0.0, Max: 0, Diff: 0, Sum: 0, Workers: 4
[1546.625s][debug][gc,phases      ] GC(39)     Total                          Min: 0, Avg: 265.5, Max: 640, Diff: 640, Sum: 1062, Workers: 4
[1546.625s][debug][gc,phases      ] GC(39)   ObjectSynchronizer Weak        Min:  0.0, Avg:  0.0, Max:  0.0, Diff:  0.0, Sum:  0.0, Workers: 4
[1546.625s][debug][gc,phases      ] GC(39)     Dead                           Min: 0, Avg:  0.0, Max: 0, Diff: 0, Sum: 0, Workers: 4
[1546.625s][debug][gc,phases      ] GC(39)     Total                          Min: 0, Avg:  1.2, Max: 5, Diff: 5, Sum: 5, Workers: 4
[1546.625s][debug][gc,phases      ] GC(39)   JVMTI Tag Weak OopStorage      Min:  0.0, Avg:  0.0, Max:  0.0, Diff:  0.0, Sum:  0.0, Workers: 4
[1546.625s][debug][gc,phases      ] GC(39)     Dead                           Min: 0, Avg:  0.0, Max: 0, Diff: 0, Sum: 0, Workers: 4
[1546.625s][debug][gc,phases      ] GC(39)     Total                          Min: 0, Avg:  0.0, Max: 0, Diff: 0, Sum: 0, Workers: 4
[1546.625s][debug][gc,phases      ] GC(39)   StringTable Weak               Min:  0.0, Avg:  0.1, Max:  0.1, Diff:  0.1, Sum:  0.4, Workers: 4
[1546.625s][debug][gc,phases      ] GC(39)     Dead                           Min: 0, Avg:  0.2, Max: 1, Diff: 1, Sum: 1, Workers: 4
[1546.625s][debug][gc,phases      ] GC(39)     Total                          Min: 0, Avg: 11401.5, Max: 19814, Diff: 19814, Sum: 45606, Workers: 4
[1546.625s][debug][gc,phases      ] GC(39)   ResolvedMethodTable Weak       Min:  0.0, Avg:  0.0, Max:  0.0, Diff:  0.0, Sum:  0.1, Workers: 4
[1546.625s][debug][gc,phases      ] GC(39)     Dead                           Min: 0, Avg:  4.5, Max: 18, Diff: 18, Sum: 18, Workers: 4
[1546.625s][debug][gc,phases      ] GC(39)     Total                          Min: 0, Avg: 3961.2, Max: 6647, Diff: 6647, Sum: 15845, Workers: 4
[1546.625s][debug][gc,phases      ] GC(39)   JNI Weak                       Min:  0.0, Avg:  0.0, Max:  0.0, Diff:  0.0, Sum:  0.0, Workers: 4
[1546.625s][debug][gc,phases      ] GC(39)     Dead                           Min: 0, Avg:  0.0, Max: 0, Diff: 0, Sum: 0, Workers: 4
[1546.625s][debug][gc,phases      ] GC(39)     Total                          Min: 0, Avg: 12.0, Max: 48, Diff: 48, Sum: 48, Workers: 4
[1546.625s][debug][gc,phases      ] GC(39)   StringDedup Table Weak         Min:  0.0, Avg:  0.0, Max:  0.0, Diff:  0.0, Sum:  0.0, Workers: 4
[1546.625s][debug][gc,phases      ] GC(39)     Dead                           Min: 0, Avg:  0.0, Max: 0, Diff: 0, Sum: 0, Workers: 4
[1546.625s][debug][gc,phases      ] GC(39)     Total                          Min: 0, Avg:  0.0, Max: 0, Diff: 0, Sum: 0, Workers: 4
[1546.625s][debug][gc,phases      ] GC(39)   StringDedup Requests0 Weak     Min:  0.0, Avg:  0.0, Max:  0.0, Diff:  0.0, Sum:  0.0, Workers: 4
[1546.625s][debug][gc,phases      ] GC(39)     Dead                           Min: 0, Avg:  0.0, Max: 0, Diff: 0, Sum: 0, Workers: 4
[1546.625s][debug][gc,phases      ] GC(39)     Total                          Min: 0, Avg:  0.0, Max: 0, Diff: 0, Sum: 0, Workers: 4
[1546.625s][debug][gc,phases      ] GC(39)   StringDedup Requests1 Weak     Min:  0.0, Avg:  0.0, Max:  0.0, Diff:  0.0, Sum:  0.0, Workers: 4
[1546.625s][debug][gc,phases      ] GC(39)     Dead                           Min: 0, Avg:  0.0, Max: 0, Diff: 0, Sum: 0, Workers: 4
[1546.625s][debug][gc,phases      ] GC(39)     Total                          Min: 0, Avg:  0.0, Max: 0, Diff: 0, Sum: 0, Workers: 4
[1546.625s][debug][gc,phases      ] GC(39)   Weak JFR Old Object Samples    Min:  0.0, Avg:  0.0, Max:  0.0, Diff:  0.0, Sum:  0.0, Workers: 4
[1546.625s][debug][gc,phases      ] GC(39)     Dead                           Min: 0, Avg:  0.0, Max: 0, Diff: 0, Sum: 0, Workers: 4
[1546.625s][debug][gc,phases      ] GC(39)     Total                          Min: 0, Avg:  0.0, Max: 0, Diff: 0, Sum: 0, Workers: 4
[1546.625s][debug][gc,phases      ] GC(39) Weak Processing 0.395ms
[1546.625s][debug][gc,age         ] GC(39) Desired survivor size 87031808 bytes, new threshold 1 (max threshold 15)
[1546.625s][info ][gc,heap        ] GC(39) PSYoungGen: 1926080K(2006016K)->18032K(1999360K) Eden: 1908224K(1908224K)->0K(1908224K) From: 17856K(97792K)->18032K(91136K)
[1546.626s][info ][gc,heap        ] GC(39) ParOldGen: 453783K(454144K)->467692K(467968K)
[1546.626s][info ][gc,metaspace   ] GC(39) Metaspace: 104820K(106240K)->104820K(106240K) NonClass: 88941K(89728K)->88941K(89728K) Class: 15879K(16512K)->15879K(16512K)
[1546.626s][info ][gc             ] GC(39) Pause Young (Allocation Failure) 2324M->474M(2409M) 18.233ms
[1546.626s][info ][gc,cpu         ] GC(39) User=0.04s Sys=0.01s Real=0.02s
[1546.626s][info ][safepoint      ] Safepoint "ParallelGCFailedAllocation", Time since last: 82543392 ns, Reaching safepoint: 88599 ns, Cleanup: 12700 ns, At safepoint: 18324165 ns, Total: 18425464 ns
[1547.626s][info ][safepoint      ] Safepoint "Cleanup", Time since last: 1000091733 ns, Reaching safepoint: 6800 ns, Cleanup: 11000 ns, At safepoint: 1900 ns, Total: 19700 ns
[1548.626s][info ][safepoint      ] Safepoint "Cleanup", Time since last: 1000105533 ns, Reaching safepoint: 7100 ns, Cleanup: 13600 ns, At safepoint: 2100 ns, Total: 22800 ns
[1549.626s][info ][safepoint      ] Safepoint "Cleanup", Time since last: 1000109933 ns, Reaching safepoint: 7100 ns, Cleanup: 20400 ns, At safepoint: 2000 ns, Total: 29500 ns
[1550.626s][info ][safepoint      ] Safepoint "Cleanup", Time since last: 1000107941 ns, Reaching safepoint: 7200 ns, Cleanup: 19600 ns, At safepoint: 2500 ns, Total: 29300 ns
[1551.626s][info ][safepoint      ] Safepoint "Cleanup", Time since last: 1000108346 ns, Reaching safepoint: 6900 ns, Cleanup: 27500 ns, At safepoint: 2000 ns, Total: 36400 ns
[1552.626s][info ][safepoint      ] Safepoint "Cleanup", Time since last: 1000104646 ns, Reaching safepoint: 6700 ns, Cleanup: 13700 ns, At safepoint: 2100 ns, Total: 22500 ns
[1555.627s][info ][safepoint      ] Safepoint "Cleanup", Time since last: 3000244339 ns, Reaching safepoint: 8300 ns, Cleanup: 30599 ns, At safepoint: 2500 ns, Total: 41399 ns
[1556.627s][info ][safepoint      ] Safepoint "Cleanup", Time since last: 1000109647 ns, Reaching safepoint: 8400 ns, Cleanup: 11599 ns, At safepoint: 2800 ns, Total: 22799 ns
[1557.627s][info ][safepoint      ] Safepoint "Cleanup", Time since last: 1000113647 ns, Reaching safepoint: 7000 ns, Cleanup: 14999 ns, At safepoint: 2100 ns, Total: 24099 ns
[1558.627s][info ][safepoint      ] Safepoint "Cleanup", Time since last: 1000107773 ns, Reaching safepoint: 7700 ns, Cleanup: 9900 ns, At safepoint: 2600 ns, Total: 20200 ns
[1559.627s][info ][safepoint      ] Safepoint "Cleanup", Time since last: 1000107089 ns, Reaching safepoint: 7000 ns, Cleanup: 10900 ns, At safepoint: 2400 ns, Total: 20300 ns
[1561.537s][info ][safepoint      ] Safepoint "Cleanup", Time since last: 1909735739 ns, Reaching safepoint: 7799 ns, Cleanup: 11500 ns, At safepoint: 6500 ns, Total: 25799 ns
[1562.537s][info ][safepoint      ] Safepoint "Cleanup", Time since last: 1000110689 ns, Reaching safepoint: 8200 ns, Cleanup: 11800 ns, At safepoint: 2000 ns, Total: 22000 ns
[1569.538s][info ][safepoint      ] Safepoint "Cleanup", Time since last: 7000545035 ns, Reaching safepoint: 6399 ns, Cleanup: 39600 ns, At safepoint: 1900 ns, Total: 47899 ns
[1570.538s][info ][safepoint      ] Safepoint "Cleanup", Time since last: 1000108964 ns, Reaching safepoint: 6900 ns, Cleanup: 10200 ns, At safepoint: 2300 ns, Total: 19400 ns
[1571.538s][info ][safepoint      ] Safepoint "Cleanup", Time since last: 1000110864 ns, Reaching safepoint: 7200 ns, Cleanup: 14800 ns, At safepoint: 2200 ns, Total: 24200 ns
[1572.538s][info ][safepoint      ] Safepoint "Cleanup", Time since last: 1000112563 ns, Reaching safepoint: 7200 ns, Cleanup: 34100 ns, At safepoint: 2500 ns, Total: 43800 ns
[1573.538s][info ][safepoint      ] Safepoint "Cleanup", Time since last: 1000110664 ns, Reaching safepoint: 78899 ns, Cleanup: 22800 ns, At safepoint: 6000 ns, Total: 107699 ns
[1574.538s][info ][safepoint      ] Safepoint "Cleanup", Time since last: 1000111273 ns, Reaching safepoint: 6500 ns, Cleanup: 9200 ns, At safepoint: 1900 ns, Total: 17600 ns
[1576.539s][info ][safepoint      ] Safepoint "Cleanup", Time since last: 2000178264 ns, Reaching safepoint: 6700 ns, Cleanup: 28200 ns, At safepoint: 2000 ns, Total: 36900 ns
[1577.539s][info ][safepoint      ] Safepoint "Cleanup", Time since last: 1000109382 ns, Reaching safepoint: 6300 ns, Cleanup: 22100 ns, At safepoint: 2000 ns, Total: 30400 ns
[1578.539s][info ][safepoint      ] Safepoint "Cleanup", Time since last: 1000137881 ns, Reaching safepoint: 6000 ns, Cleanup: 34100 ns, At safepoint: 2600 ns, Total: 42700 ns
[1580.539s][info ][safepoint      ] Safepoint "Cleanup", Time since last: 2000183564 ns, Reaching safepoint: 6400 ns, Cleanup: 9000 ns, At safepoint: 1900 ns, Total: 17300 ns
[1582.539s][info ][safepoint      ] Safepoint "Cleanup", Time since last: 2000176454 ns, Reaching safepoint: 7200 ns, Cleanup: 9800 ns, At safepoint: 2500 ns, Total: 19500 ns
[1584.540s][info ][safepoint      ] Safepoint "Cleanup", Time since last: 2000183723 ns, Reaching safepoint: 6200 ns, Cleanup: 10600 ns, At safepoint: 2000 ns, Total: 18800 ns
[1585.540s][info ][safepoint      ] Safepoint "Cleanup", Time since last: 1000108362 ns, Reaching safepoint: 6300 ns, Cleanup: 14300 ns, At safepoint: 1900 ns, Total: 22500 ns
[1586.540s][info ][safepoint      ] Safepoint "Cleanup", Time since last: 1000098362 ns, Reaching safepoint: 6700 ns, Cleanup: 11699 ns, At safepoint: 2200 ns, Total: 20599 ns
[1587.540s][info ][safepoint      ] Safepoint "Cleanup", Time since last: 1000118062 ns, Reaching safepoint: 78300 ns, Cleanup: 8799 ns, At safepoint: 6600 ns, Total: 93699 ns
[1587.834s][info ][gc,start       ] GC(40) Pause Young (Allocation Failure)
[1587.853s][debug][gc,phases      ] GC(40) Scavenge 18.118ms
[1587.853s][debug][gc,ref         ] GC(40) ReferenceProcessor::execute queues: 1, RefProcThreadModel::Single, marks_oops_alive: false
[1587.853s][debug][gc,ref         ] GC(40) Skipped KeepAliveFinalRefsPhase of Reference Processing: no references
[1587.853s][debug][gc,ref         ] GC(40) ReferenceProcessor::execute queues: 1, RefProcThreadModel::Single, marks_oops_alive: false
[1587.853s][debug][gc,phases      ] GC(40) Reference Processing 0.100ms
[1587.853s][debug][gc,phases      ] GC(40)   VM Weak                        Min:  0.0, Avg:  0.0, Max:  0.0, Diff:  0.0, Sum:  0.0, Workers: 4
[1587.853s][debug][gc,phases      ] GC(40)     Dead                           Min: 0, Avg:  0.0, Max: 0, Diff: 0, Sum: 0, Workers: 4
[1587.853s][debug][gc,phases      ] GC(40)     Total                          Min: 0, Avg: 265.5, Max: 640, Diff: 640, Sum: 1062, Workers: 4
[1587.853s][debug][gc,phases      ] GC(40)   ObjectSynchronizer Weak        Min:  0.0, Avg:  0.0, Max:  0.0, Diff:  0.0, Sum:  0.0, Workers: 4
[1587.853s][debug][gc,phases      ] GC(40)     Dead                           Min: 0, Avg:  0.0, Max: 0, Diff: 0, Sum: 0, Workers: 4
[1587.853s][debug][gc,phases      ] GC(40)     Total                          Min: 0, Avg:  1.0, Max: 4, Diff: 4, Sum: 4, Workers: 4
[1587.853s][debug][gc,phases      ] GC(40)   JVMTI Tag Weak OopStorage      Min:  0.0, Avg:  0.0, Max:  0.0, Diff:  0.0, Sum:  0.0, Workers: 4
[1587.853s][debug][gc,phases      ] GC(40)     Dead                           Min: 0, Avg:  0.0, Max: 0, Diff: 0, Sum: 0, Workers: 4
[1587.853s][debug][gc,phases      ] GC(40)     Total                          Min: 0, Avg:  0.0, Max: 0, Diff: 0, Sum: 0, Workers: 4
[1587.853s][debug][gc,phases      ] GC(40)   StringTable Weak               Min:  0.0, Avg:  0.1, Max:  0.2, Diff:  0.2, Sum:  0.5, Workers: 4
[1587.853s][debug][gc,phases      ] GC(40)     Dead                           Min: 0, Avg:  0.0, Max: 0, Diff: 0, Sum: 0, Workers: 4
[1587.853s][debug][gc,phases      ] GC(40)     Total                          Min: 0, Avg: 11404.5, Max: 20352, Diff: 20352, Sum: 45618, Workers: 4
[1587.853s][debug][gc,phases      ] GC(40)   ResolvedMethodTable Weak       Min:  0.0, Avg:  0.0, Max:  0.1, Diff:  0.1, Sum:  0.2, Workers: 4
[1587.853s][debug][gc,phases      ] GC(40)     Dead                           Min: 0, Avg:  4.0, Max: 16, Diff: 16, Sum: 16, Workers: 4
[1587.853s][debug][gc,phases      ] GC(40)     Total                          Min: 0, Avg: 3962.2, Max: 5549, Diff: 5549, Sum: 15849, Workers: 4
[1587.853s][debug][gc,phases      ] GC(40)   JNI Weak                       Min:  0.0, Avg:  0.0, Max:  0.0, Diff:  0.0, Sum:  0.0, Workers: 4
[1587.853s][debug][gc,phases      ] GC(40)     Dead                           Min: 0, Avg:  0.0, Max: 0, Diff: 0, Sum: 0, Workers: 4
[1587.853s][debug][gc,phases      ] GC(40)     Total                          Min: 0, Avg: 12.0, Max: 48, Diff: 48, Sum: 48, Workers: 4
[1587.853s][debug][gc,phases      ] GC(40)   StringDedup Table Weak         Min:  0.0, Avg:  0.0, Max:  0.0, Diff:  0.0, Sum:  0.0, Workers: 4
[1587.853s][debug][gc,phases      ] GC(40)     Dead                           Min: 0, Avg:  0.0, Max: 0, Diff: 0, Sum: 0, Workers: 4
[1587.853s][debug][gc,phases      ] GC(40)     Total                          Min: 0, Avg:  0.0, Max: 0, Diff: 0, Sum: 0, Workers: 4
[1587.853s][debug][gc,phases      ] GC(40)   StringDedup Requests0 Weak     Min:  0.0, Avg:  0.0, Max:  0.0, Diff:  0.0, Sum:  0.0, Workers: 4
[1587.853s][debug][gc,phases      ] GC(40)     Dead                           Min: 0, Avg:  0.0, Max: 0, Diff: 0, Sum: 0, Workers: 4
[1587.853s][debug][gc,phases      ] GC(40)     Total                          Min: 0, Avg:  0.0, Max: 0, Diff: 0, Sum: 0, Workers: 4
[1587.853s][debug][gc,phases      ] GC(40)   StringDedup Requests1 Weak     Min:  0.0, Avg:  0.0, Max:  0.0, Diff:  0.0, Sum:  0.0, Workers: 4
[1587.853s][debug][gc,phases      ] GC(40)     Dead                           Min: 0, Avg:  0.0, Max: 0, Diff: 0, Sum: 0, Workers: 4
[1587.853s][debug][gc,phases      ] GC(40)     Total                          Min: 0, Avg:  0.0, Max: 0, Diff: 0, Sum: 0, Workers: 4
[1587.853s][debug][gc,phases      ] GC(40)   Weak JFR Old Object Samples    Min:  0.0, Avg:  0.0, Max:  0.0, Diff:  0.0, Sum:  0.0, Workers: 4
[1587.853s][debug][gc,phases      ] GC(40)     Dead                           Min: 0, Avg:  0.0, Max: 0, Diff: 0, Sum: 0, Workers: 4
[1587.853s][debug][gc,phases      ] GC(40)     Total                          Min: 0, Avg:  0.0, Max: 0, Diff: 0, Sum: 0, Workers: 4
[1587.853s][debug][gc,phases      ] GC(40) Weak Processing 0.471ms
[1587.853s][debug][gc,age         ] GC(40) Desired survivor size 82313216 bytes, new threshold 1 (max threshold 15)
[1587.853s][info ][gc,heap        ] GC(40) PSYoungGen: 1926256K(1999360K)->26272K(2016768K) Eden: 1908224K(1908224K)->0K(1931776K) From: 18032K(91136K)->26272K(84992K)
[1587.853s][info ][gc,heap        ] GC(40) ParOldGen: 467692K(467968K)->483684K(483840K)
[1587.853s][info ][gc,metaspace   ] GC(40) Metaspace: 104886K(106304K)->104886K(106304K) NonClass: 89005K(89792K)->89005K(89792K) Class: 15881K(16512K)->15881K(16512K)
[1587.853s][info ][gc             ] GC(40) Pause Young (Allocation Failure) 2337M->498M(2442M) 18.812ms
[1587.853s][info ][gc,cpu         ] GC(40) User=0.07s Sys=0.00s Real=0.02s
[1587.853s][info ][safepoint      ] Safepoint "ParallelGCFailedAllocation", Time since last: 294378740 ns, Reaching safepoint: 6200 ns, Cleanup: 3100 ns, At safepoint: 18895462 ns, Total: 18904762 ns
[1588.853s][info ][safepoint      ] Safepoint "Cleanup", Time since last: 1000085062 ns, Reaching safepoint: 7700 ns, Cleanup: 11899 ns, At safepoint: 1900 ns, Total: 21499 ns
[1591.854s][info ][safepoint      ] Safepoint "Cleanup", Time since last: 3000246311 ns, Reaching safepoint: 6800 ns, Cleanup: 13099 ns, At safepoint: 2500 ns, Total: 22399 ns
[1592.854s][info ][safepoint      ] Safepoint "Cleanup", Time since last: 1000098476 ns, Reaching safepoint: 6200 ns, Cleanup: 7400 ns, At safepoint: 1800 ns, Total: 15400 ns
[1593.854s][info ][safepoint      ] Safepoint "Cleanup", Time since last: 1000099875 ns, Reaching safepoint: 6000 ns, Cleanup: 9400 ns, At safepoint: 1600 ns, Total: 17000 ns
[1597.854s][info ][safepoint      ] Safepoint "Cleanup", Time since last: 4000335601 ns, Reaching safepoint: 6800 ns, Cleanup: 13200 ns, At safepoint: 2100 ns, Total: 22100 ns
[1599.854s][info ][safepoint      ] Safepoint "Cleanup", Time since last: 2000190660 ns, Reaching safepoint: 7300 ns, Cleanup: 11599 ns, At safepoint: 2200 ns, Total: 21099 ns
[1601.855s][info ][safepoint      ] Safepoint "Cleanup", Time since last: 2000198361 ns, Reaching safepoint: 7000 ns, Cleanup: 10600 ns, At safepoint: 2600 ns, Total: 20200 ns
[1602.855s][info ][safepoint      ] Safepoint "Cleanup", Time since last: 1000137880 ns, Reaching safepoint: 8000 ns, Cleanup: 11400 ns, At safepoint: 2500 ns, Total: 21900 ns
[1610.856s][info ][safepoint      ] Safepoint "Cleanup", Time since last: 8000647321 ns, Reaching safepoint: 7300 ns, Cleanup: 12200 ns, At safepoint: 2300 ns, Total: 21800 ns
[1614.856s][info ][safepoint      ] Safepoint "Cleanup", Time since last: 4000331143 ns, Reaching safepoint: 7000 ns, Cleanup: 9500 ns, At safepoint: 2100 ns, Total: 18600 ns
[1617.856s][info ][safepoint      ] Safepoint "Cleanup", Time since last: 3000256555 ns, Reaching safepoint: 7600 ns, Cleanup: 9800 ns, At safepoint: 2800 ns, Total: 20200 ns
[1619.856s][info ][safepoint      ] Safepoint "Cleanup", Time since last: 2000180170 ns, Reaching safepoint: 6800 ns, Cleanup: 12000 ns, At safepoint: 2300 ns, Total: 21100 ns
[1621.556s][info ][safepoint      ] Safepoint "Cleanup", Time since last: 1699407970 ns, Reaching safepoint: 6000 ns, Cleanup: 12800 ns, At safepoint: 2000 ns, Total: 20800 ns
[1622.556s][info ][safepoint      ] Safepoint "Cleanup", Time since last: 1000114782 ns, Reaching safepoint: 7000 ns, Cleanup: 10000 ns, At safepoint: 6000 ns, Total: 23000 ns
[1628.556s][info ][safepoint      ] Safepoint "Cleanup", Time since last: 6000495683 ns, Reaching safepoint: 5900 ns, Cleanup: 7500 ns, At safepoint: 1700 ns, Total: 15100 ns
[1629.557s][info ][safepoint      ] Safepoint "Cleanup", Time since last: 1000103080 ns, Reaching safepoint: 7500 ns, Cleanup: 11200 ns, At safepoint: 2000 ns, Total: 20700 ns
[1632.557s][info ][safepoint      ] Safepoint "Cleanup", Time since last: 3000246345 ns, Reaching safepoint: 7000 ns, Cleanup: 10700 ns, At safepoint: 1800 ns, Total: 19500 ns
[1637.557s][info ][safepoint      ] Safepoint "Cleanup", Time since last: 5000413511 ns, Reaching safepoint: 6500 ns, Cleanup: 9300 ns, At safepoint: 3000 ns, Total: 18800 ns
[1638.557s][info ][safepoint      ] Safepoint "Cleanup", Time since last: 1000115227 ns, Reaching safepoint: 7599 ns, Cleanup: 11300 ns, At safepoint: 2900 ns, Total: 21799 ns
[1646.558s][info ][safepoint      ] Safepoint "Cleanup", Time since last: 8000645757 ns, Reaching safepoint: 7400 ns, Cleanup: 8100 ns, At safepoint: 2500 ns, Total: 18000 ns
[1647.558s][info ][safepoint      ] Safepoint "Cleanup", Time since last: 1000122475 ns, Reaching safepoint: 7300 ns, Cleanup: 17000 ns, At safepoint: 2600 ns, Total: 26900 ns
[1650.558s][info ][safepoint      ] Safepoint "Cleanup", Time since last: 3000235728 ns, Reaching safepoint: 7200 ns, Cleanup: 14400 ns, At safepoint: 2300 ns, Total: 23900 ns
[1651.559s][info ][safepoint      ] Safepoint "Cleanup", Time since last: 1000109676 ns, Reaching safepoint: 5800 ns, Cleanup: 8900 ns, At safepoint: 1700 ns, Total: 16400 ns
[1652.559s][info ][safepoint      ] Safepoint "Cleanup", Time since last: 1000108775 ns, Reaching safepoint: 5900 ns, Cleanup: 9300 ns, At safepoint: 1800 ns, Total: 17000 ns
[1657.559s][info ][safepoint      ] Safepoint "Cleanup", Time since last: 5000402601 ns, Reaching safepoint: 6200 ns, Cleanup: 22100 ns, At safepoint: 2500 ns, Total: 30800 ns
[1658.559s][info ][safepoint      ] Safepoint "Cleanup", Time since last: 1000112182 ns, Reaching safepoint: 5300 ns, Cleanup: 7800 ns, At safepoint: 2000 ns, Total: 15100 ns
[1659.559s][info ][safepoint      ] Safepoint "Cleanup", Time since last: 1000128082 ns, Reaching safepoint: 7299 ns, Cleanup: 19600 ns, At safepoint: 2400 ns, Total: 29299 ns
[1673.388s][info ][gc,start       ] GC(41) Pause Young (Allocation Failure)
[1673.408s][debug][gc,phases      ] GC(41) Scavenge 20.432ms
[1673.409s][debug][gc,ref         ] GC(41) ReferenceProcessor::execute queues: 1, RefProcThreadModel::Single, marks_oops_alive: false
[1673.409s][debug][gc,ref         ] GC(41) Skipped KeepAliveFinalRefsPhase of Reference Processing: no references
[1673.409s][debug][gc,ref         ] GC(41) ReferenceProcessor::execute queues: 1, RefProcThreadModel::Single, marks_oops_alive: false
[1673.409s][debug][gc,phases      ] GC(41) Reference Processing 0.101ms
[1673.409s][debug][gc,phases      ] GC(41)   VM Weak                        Min:  0.0, Avg:  0.0, Max:  0.0, Diff:  0.0, Sum:  0.0, Workers: 4
[1673.409s][debug][gc,phases      ] GC(41)     Dead                           Min: 0, Avg:  0.0, Max: 0, Diff: 0, Sum: 0, Workers: 4
[1673.409s][debug][gc,phases      ] GC(41)     Total                          Min: 0, Avg: 265.5, Max: 870, Diff: 870, Sum: 1062, Workers: 4
[1673.409s][debug][gc,phases      ] GC(41)   ObjectSynchronizer Weak        Min:  0.0, Avg:  0.0, Max:  0.0, Diff:  0.0, Sum:  0.0, Workers: 4
[1673.409s][debug][gc,phases      ] GC(41)     Dead                           Min: 0, Avg:  0.0, Max: 0, Diff: 0, Sum: 0, Workers: 4
[1673.409s][debug][gc,phases      ] GC(41)     Total                          Min: 0, Avg:  1.0, Max: 4, Diff: 4, Sum: 4, Workers: 4
[1673.409s][debug][gc,phases      ] GC(41)   JVMTI Tag Weak OopStorage      Min:  0.0, Avg:  0.0, Max:  0.0, Diff:  0.0, Sum:  0.0, Workers: 4
[1673.409s][debug][gc,phases      ] GC(41)     Dead                           Min: 0, Avg:  0.0, Max: 0, Diff: 0, Sum: 0, Workers: 4
[1673.409s][debug][gc,phases      ] GC(41)     Total                          Min: 0, Avg:  0.0, Max: 0, Diff: 0, Sum: 0, Workers: 4
[1673.409s][debug][gc,phases      ] GC(41)   StringTable Weak               Min:  0.0, Avg:  0.1, Max:  0.2, Diff:  0.2, Sum:  0.3, Workers: 4
[1673.409s][debug][gc,phases      ] GC(41)     Dead                           Min: 0, Avg:  0.0, Max: 0, Diff: 0, Sum: 0, Workers: 4
[1673.409s][debug][gc,phases      ] GC(41)     Total                          Min: 0, Avg: 11405.2, Max: 26624, Diff: 26624, Sum: 45621, Workers: 4
[1673.409s][debug][gc,phases      ] GC(41)   ResolvedMethodTable Weak       Min:  0.0, Avg:  0.0, Max:  0.1, Diff:  0.1, Sum:  0.1, Workers: 4
[1673.409s][debug][gc,phases      ] GC(41)     Dead                           Min: 0, Avg:  4.0, Max: 16, Diff: 16, Sum: 16, Workers: 4
[1673.409s][debug][gc,phases      ] GC(41)     Total                          Min: 0, Avg: 3962.2, Max: 9274, Diff: 9274, Sum: 15849, Workers: 4
[1673.409s][debug][gc,phases      ] GC(41)   JNI Weak                       Min:  0.0, Avg:  0.0, Max:  0.0, Diff:  0.0, Sum:  0.0, Workers: 4
[1673.409s][debug][gc,phases      ] GC(41)     Dead                           Min: 0, Avg:  0.0, Max: 0, Diff: 0, Sum: 0, Workers: 4
[1673.409s][debug][gc,phases      ] GC(41)     Total                          Min: 0, Avg: 12.0, Max: 48, Diff: 48, Sum: 48, Workers: 4
[1673.409s][debug][gc,phases      ] GC(41)   StringDedup Table Weak         Min:  0.0, Avg:  0.0, Max:  0.0, Diff:  0.0, Sum:  0.0, Workers: 4
[1673.409s][debug][gc,phases      ] GC(41)     Dead                           Min: 0, Avg:  0.0, Max: 0, Diff: 0, Sum: 0, Workers: 4
[1673.409s][debug][gc,phases      ] GC(41)     Total                          Min: 0, Avg:  0.0, Max: 0, Diff: 0, Sum: 0, Workers: 4
[1673.409s][debug][gc,phases      ] GC(41)   StringDedup Requests0 Weak     Min:  0.0, Avg:  0.0, Max:  0.0, Diff:  0.0, Sum:  0.0, Workers: 4
[1673.409s][debug][gc,phases      ] GC(41)     Dead                           Min: 0, Avg:  0.0, Max: 0, Diff: 0, Sum: 0, Workers: 4
[1673.409s][debug][gc,phases      ] GC(41)     Total                          Min: 0, Avg:  0.0, Max: 0, Diff: 0, Sum: 0, Workers: 4
[1673.409s][debug][gc,phases      ] GC(41)   StringDedup Requests1 Weak     Min:  0.0, Avg:  0.0, Max:  0.0, Diff:  0.0, Sum:  0.0, Workers: 4
[1673.409s][debug][gc,phases      ] GC(41)     Dead                           Min: 0, Avg:  0.0, Max: 0, Diff: 0, Sum: 0, Workers: 4
[1673.409s][debug][gc,phases      ] GC(41)     Total                          Min: 0, Avg:  0.0, Max: 0, Diff: 0, Sum: 0, Workers: 4
[1673.409s][debug][gc,phases      ] GC(41)   Weak JFR Old Object Samples    Min:  0.0, Avg:  0.0, Max:  0.0, Diff:  0.0, Sum:  0.0, Workers: 4
[1673.409s][debug][gc,phases      ] GC(41)     Dead                           Min: 0, Avg:  0.0, Max: 0, Diff: 0, Sum: 0, Workers: 4
[1673.409s][debug][gc,phases      ] GC(41)     Total                          Min: 0, Avg:  0.0, Max: 0, Diff: 0, Sum: 0, Workers: 4
[1673.409s][debug][gc,phases      ] GC(41) Weak Processing 0.450ms
[1673.409s][debug][gc,age         ] GC(41) Desired survivor size 79167488 bytes, new threshold 1 (max threshold 15)
[1673.409s][info ][gc,heap        ] GC(41) PSYoungGen: 1958048K(2016768K)->6368K(2012160K) Eden: 1931776K(1931776K)->0K(1931776K) From: 26272K(84992K)->6368K(80384K)
[1673.409s][info ][gc,heap        ] GC(41) ParOldGen: 483684K(483840K)->507993K(508416K)
[1673.409s][info ][gc,metaspace   ] GC(41) Metaspace: 104917K(106368K)->104917K(106368K) NonClass: 89036K(89856K)->89036K(89856K) Class: 15881K(16512K)->15881K(16512K)
[1673.409s][info ][gc             ] GC(41) Pause Young (Allocation Failure) 2384M->502M(2461M) 21.119ms
[1673.409s][info ][gc,cpu         ] GC(41) User=0.05s Sys=0.01s Real=0.02s
[1673.409s][info ][safepoint      ] Safepoint "ParallelGCFailedAllocation", Time since last: 13828451813 ns, Reaching safepoint: 5400 ns, Cleanup: 2800 ns, At safepoint: 21192245 ns, Total: 21200445 ns
[1680.410s][info ][safepoint      ] Safepoint "Cleanup", Time since last: 7000530077 ns, Reaching safepoint: 6700 ns, Cleanup: 8999 ns, At safepoint: 2100 ns, Total: 17799 ns
[1685.573s][info ][safepoint      ] Safepoint "Cleanup", Time since last: 5163653622 ns, Reaching safepoint: 7100 ns, Cleanup: 9600 ns, At safepoint: 1900 ns, Total: 18600 ns
[1686.573s][info ][safepoint      ] Safepoint "Cleanup", Time since last: 1000107682 ns, Reaching safepoint: 6600 ns, Cleanup: 11100 ns, At safepoint: 2300 ns, Total: 20000 ns
[1689.574s][info ][safepoint      ] Safepoint "Cleanup", Time since last: 3000240947 ns, Reaching safepoint: 5700 ns, Cleanup: 9700 ns, At safepoint: 2300 ns, Total: 17700 ns
[1691.574s][info ][safepoint      ] Safepoint "Cleanup", Time since last: 2000176165 ns, Reaching safepoint: 7500 ns, Cleanup: 12000 ns, At safepoint: 2800 ns, Total: 22300 ns
[1693.574s][info ][safepoint      ] Safepoint "Cleanup", Time since last: 2000182764 ns, Reaching safepoint: 6900 ns, Cleanup: 16300 ns, At safepoint: 2300 ns, Total: 25500 ns
[1696.574s][info ][safepoint      ] Safepoint "Cleanup", Time since last: 3000256956 ns, Reaching safepoint: 6500 ns, Cleanup: 10500 ns, At safepoint: 2400 ns, Total: 19400 ns
[1706.575s][info ][safepoint      ] Safepoint "Cleanup", Time since last: 10000739781 ns, Reaching safepoint: 6800 ns, Cleanup: 10000 ns, At safepoint: 2800 ns, Total: 19600 ns
[1710.575s][info ][safepoint      ] Safepoint "Cleanup", Time since last: 4000312759 ns, Reaching safepoint: 6000 ns, Cleanup: 9700 ns, At safepoint: 1900 ns, Total: 17600 ns
[1715.576s][info ][safepoint      ] Safepoint "Cleanup", Time since last: 5000392729 ns, Reaching safepoint: 6900 ns, Cleanup: 11000 ns, At safepoint: 2300 ns, Total: 20200 ns
[1719.576s][info ][safepoint      ] Safepoint "Cleanup", Time since last: 4000317540 ns, Reaching safepoint: 6000 ns, Cleanup: 9500 ns, At safepoint: 1900 ns, Total: 17400 ns
[1721.576s][info ][safepoint      ] Safepoint "Cleanup", Time since last: 2000176568 ns, Reaching safepoint: 5400 ns, Cleanup: 13500 ns, At safepoint: 2200 ns, Total: 21100 ns
[1727.577s][info ][safepoint      ] Safepoint "Cleanup", Time since last: 6000453404 ns, Reaching safepoint: 6400 ns, Cleanup: 9300 ns, At safepoint: 2200 ns, Total: 17900 ns
[1728.577s][info ][safepoint      ] Safepoint "Cleanup", Time since last: 1000115583 ns, Reaching safepoint: 7900 ns, Cleanup: 12900 ns, At safepoint: 2600 ns, Total: 23400 ns
[1733.577s][info ][safepoint      ] Safepoint "Cleanup", Time since last: 5000385719 ns, Reaching safepoint: 6700 ns, Cleanup: 10000 ns, At safepoint: 2000 ns, Total: 18700 ns
[1738.578s][info ][safepoint      ] Safepoint "Cleanup", Time since last: 5000398387 ns, Reaching safepoint: 6000 ns, Cleanup: 15200 ns, At safepoint: 2000 ns, Total: 23200 ns
[1739.578s][info ][safepoint      ] Safepoint "Cleanup", Time since last: 1000108799 ns, Reaching safepoint: 6100 ns, Cleanup: 9200 ns, At safepoint: 2100 ns, Total: 17400 ns
[1740.578s][info ][safepoint      ] Safepoint "Cleanup", Time since last: 1000104299 ns, Reaching safepoint: 6300 ns, Cleanup: 8300 ns, At safepoint: 1800 ns, Total: 16400 ns
[1750.287s][info ][gc,start       ] GC(42) Pause Young (Allocation Failure)
[1750.291s][debug][gc,phases      ] GC(42) Scavenge 3.719ms
[1750.291s][debug][gc,ref         ] GC(42) ReferenceProcessor::execute queues: 1, RefProcThreadModel::Single, marks_oops_alive: false
[1750.291s][debug][gc,ref         ] GC(42) Skipped KeepAliveFinalRefsPhase of Reference Processing: no references
[1750.291s][debug][gc,ref         ] GC(42) Skipped PhantomRefsPhase of Reference Processing: no references
[1750.291s][debug][gc,phases      ] GC(42) Reference Processing 0.096ms
[1750.291s][debug][gc,phases      ] GC(42)   VM Weak                        Min:  0.0, Avg:  0.0, Max:  0.0, Diff:  0.0, Sum:  0.0, Workers: 4
[1750.291s][debug][gc,phases      ] GC(42)     Dead                           Min: 0, Avg:  0.0, Max: 0, Diff: 0, Sum: 0, Workers: 4
[1750.291s][debug][gc,phases      ] GC(42)     Total                          Min: 0, Avg: 265.5, Max: 742, Diff: 742, Sum: 1062, Workers: 4
[1750.291s][debug][gc,phases      ] GC(42)   ObjectSynchronizer Weak        Min:  0.0, Avg:  0.0, Max:  0.0, Diff:  0.0, Sum:  0.0, Workers: 4
[1750.291s][debug][gc,phases      ] GC(42)     Dead                           Min: 0, Avg:  0.0, Max: 0, Diff: 0, Sum: 0, Workers: 4
[1750.291s][debug][gc,phases      ] GC(42)     Total                          Min: 0, Avg:  0.8, Max: 3, Diff: 3, Sum: 3, Workers: 4
[1750.291s][debug][gc,phases      ] GC(42)   JVMTI Tag Weak OopStorage      Min:  0.0, Avg:  0.0, Max:  0.0, Diff:  0.0, Sum:  0.0, Workers: 4
[1750.291s][debug][gc,phases      ] GC(42)     Dead                           Min: 0, Avg:  0.0, Max: 0, Diff: 0, Sum: 0, Workers: 4
[1750.291s][debug][gc,phases      ] GC(42)     Total                          Min: 0, Avg:  0.0, Max: 0, Diff: 0, Sum: 0, Workers: 4
[1750.291s][debug][gc,phases      ] GC(42)   StringTable Weak               Min:  0.0, Avg:  0.1, Max:  0.1, Diff:  0.1, Sum:  0.4, Workers: 4
[1750.291s][debug][gc,phases      ] GC(42)     Dead                           Min: 0, Avg:  0.0, Max: 0, Diff: 0, Sum: 0, Workers: 4
[1750.291s][debug][gc,phases      ] GC(42)     Total                          Min: 0, Avg: 11406.0, Max: 20216, Diff: 20216, Sum: 45624, Workers: 4
[1750.291s][debug][gc,phases      ] GC(42)   ResolvedMethodTable Weak       Min:  0.0, Avg:  0.0, Max:  0.0, Diff:  0.0, Sum:  0.1, Workers: 4
[1750.291s][debug][gc,phases      ] GC(42)     Dead                           Min: 0, Avg:  4.0, Max: 16, Diff: 16, Sum: 16, Workers: 4
[1750.291s][debug][gc,phases      ] GC(42)     Total                          Min: 0, Avg: 3962.2, Max: 6845, Diff: 6845, Sum: 15849, Workers: 4
[1750.291s][debug][gc,phases      ] GC(42)   JNI Weak                       Min:  0.0, Avg:  0.0, Max:  0.0, Diff:  0.0, Sum:  0.0, Workers: 4
[1750.291s][debug][gc,phases      ] GC(42)     Dead                           Min: 0, Avg:  0.0, Max: 0, Diff: 0, Sum: 0, Workers: 4
[1750.291s][debug][gc,phases      ] GC(42)     Total                          Min: 0, Avg: 12.0, Max: 48, Diff: 48, Sum: 48, Workers: 4
[1750.291s][debug][gc,phases      ] GC(42)   StringDedup Table Weak         Min:  0.0, Avg:  0.0, Max:  0.0, Diff:  0.0, Sum:  0.0, Workers: 4
[1750.291s][debug][gc,phases      ] GC(42)     Dead                           Min: 0, Avg:  0.0, Max: 0, Diff: 0, Sum: 0, Workers: 4
[1750.291s][debug][gc,phases      ] GC(42)     Total                          Min: 0, Avg:  0.0, Max: 0, Diff: 0, Sum: 0, Workers: 4
[1750.291s][debug][gc,phases      ] GC(42)   StringDedup Requests0 Weak     Min:  0.0, Avg:  0.0, Max:  0.0, Diff:  0.0, Sum:  0.0, Workers: 4
[1750.291s][debug][gc,phases      ] GC(42)     Dead                           Min: 0, Avg:  0.0, Max: 0, Diff: 0, Sum: 0, Workers: 4
[1750.291s][debug][gc,phases      ] GC(42)     Total                          Min: 0, Avg:  0.0, Max: 0, Diff: 0, Sum: 0, Workers: 4
[1750.291s][debug][gc,phases      ] GC(42)   StringDedup Requests1 Weak     Min:  0.0, Avg:  0.0, Max:  0.0, Diff:  0.0, Sum:  0.0, Workers: 4
[1750.291s][debug][gc,phases      ] GC(42)     Dead                           Min: 0, Avg:  0.0, Max: 0, Diff: 0, Sum: 0, Workers: 4
[1750.291s][debug][gc,phases      ] GC(42)     Total                          Min: 0, Avg:  0.0, Max: 0, Diff: 0, Sum: 0, Workers: 4
[1750.291s][debug][gc,phases      ] GC(42)   Weak JFR Old Object Samples    Min:  0.0, Avg:  0.0, Max:  0.0, Diff:  0.0, Sum:  0.0, Workers: 4
[1750.291s][debug][gc,phases      ] GC(42)     Dead                           Min: 0, Avg:  0.0, Max: 0, Diff: 0, Sum: 0, Workers: 4
[1750.291s][debug][gc,phases      ] GC(42)     Total                          Min: 0, Avg:  0.0, Max: 0, Diff: 0, Sum: 0, Workers: 4
[1750.291s][debug][gc,phases      ] GC(42) Weak Processing 0.403ms
[1750.291s][debug][gc,age         ] GC(42) Desired survivor size 76546048 bytes, new threshold 1 (max threshold 15)
[1750.291s][info ][gc,heap        ] GC(42) PSYoungGen: 1938144K(2012160K)->4192K(2022400K) Eden: 1931776K(1931776K)->0K(1945088K) From: 6368K(80384K)->4192K(77312K)
[1750.291s][info ][gc,heap        ] GC(42) ParOldGen: 507993K(508416K)->510542K(510976K)
[1750.291s][info ][gc,metaspace   ] GC(42) Metaspace: 104948K(106368K)->104948K(106368K) NonClass: 89066K(89856K)->89066K(89856K) Class: 15881K(16512K)->15881K(16512K)
[1750.291s][info ][gc             ] GC(42) Pause Young (Allocation Failure) 2388M->502M(2474M) 4.332ms
[1750.291s][info ][gc,cpu         ] GC(42) User=0.02s Sys=0.00s Real=0.00s
[1750.291s][info ][safepoint      ] Safepoint "ParallelGCFailedAllocation", Time since last: 9708601368 ns, Reaching safepoint: 7800 ns, Cleanup: 3700 ns, At safepoint: 4407768 ns, Total: 4419268 ns
[1754.291s][info ][safepoint      ] Safepoint "Cleanup", Time since last: 4000300179 ns, Reaching safepoint: 5500 ns, Cleanup: 8900 ns, At safepoint: 1700 ns, Total: 16100 ns
[1755.292s][info ][safepoint      ] Safepoint "Cleanup", Time since last: 1000099294 ns, Reaching safepoint: 5100 ns, Cleanup: 8300 ns, At safepoint: 1800 ns, Total: 15200 ns
[1767.292s][info ][safepoint      ] Safepoint "Cleanup", Time since last: 12000871384 ns, Reaching safepoint: 5900 ns, Cleanup: 9800 ns, At safepoint: 2200 ns, Total: 17900 ns
[1768.293s][info ][safepoint      ] Safepoint "Cleanup", Time since last: 1000107852 ns, Reaching safepoint: 6200 ns, Cleanup: 12500 ns, At safepoint: 2000 ns, Total: 20700 ns
[1769.293s][info ][safepoint      ] Safepoint "Cleanup", Time since last: 1000102152 ns, Reaching safepoint: 6699 ns, Cleanup: 9800 ns, At safepoint: 2200 ns, Total: 18699 ns
[1772.293s][info ][safepoint      ] Safepoint "Cleanup", Time since last: 3000244756 ns, Reaching safepoint: 5700 ns, Cleanup: 11700 ns, At safepoint: 1700 ns, Total: 19100 ns
[1773.293s][info ][safepoint      ] Safepoint "Cleanup", Time since last: 1000101052 ns, Reaching safepoint: 5600 ns, Cleanup: 9800 ns, At safepoint: 1700 ns, Total: 17100 ns
[1774.293s][info ][safepoint      ] Safepoint "Cleanup", Time since last: 1000095052 ns, Reaching safepoint: 6100 ns, Cleanup: 9300 ns, At safepoint: 1800 ns, Total: 17200 ns
[1780.294s][info ][safepoint      ] Safepoint "Cleanup", Time since last: 6000400339 ns, Reaching safepoint: 6000 ns, Cleanup: 9000 ns, At safepoint: 2100 ns, Total: 17100 ns
[1783.294s][info ][safepoint      ] Safepoint "Cleanup", Time since last: 3000239122 ns, Reaching safepoint: 5800 ns, Cleanup: 10500 ns, At safepoint: 2000 ns, Total: 18300 ns
[1790.294s][info ][safepoint      ] Safepoint "Cleanup", Time since last: 7000541132 ns, Reaching safepoint: 6100 ns, Cleanup: 9099 ns, At safepoint: 1900 ns, Total: 17099 ns
[1793.295s][info ][safepoint      ] Safepoint "Cleanup", Time since last: 3000243733 ns, Reaching safepoint: 5300 ns, Cleanup: 8600 ns, At safepoint: 1900 ns, Total: 15800 ns
[1799.295s][info ][safepoint      ] Safepoint "Cleanup", Time since last: 6000446196 ns, Reaching safepoint: 5799 ns, Cleanup: 9400 ns, At safepoint: 2000 ns, Total: 17199 ns
[1800.609s][info ][safepoint      ] Safepoint "Cleanup", Time since last: 1313335524 ns, Reaching safepoint: 4600 ns, Cleanup: 23399 ns, At safepoint: 2300 ns, Total: 30299 ns
[1802.609s][info ][safepoint      ] Safepoint "Cleanup", Time since last: 2000200115 ns, Reaching safepoint: 7600 ns, Cleanup: 12000 ns, At safepoint: 2200 ns, Total: 21800 ns
[1804.609s][info ][safepoint      ] Safepoint "Cleanup", Time since last: 2000307813 ns, Reaching safepoint: 9200 ns, Cleanup: 14900 ns, At safepoint: 2600 ns, Total: 26700 ns
[1808.614s][info ][safepoint      ] Safepoint "Cleanup", Time since last: 4005377137 ns, Reaching safepoint: 7400 ns, Cleanup: 9300 ns, At safepoint: 2400 ns, Total: 19100 ns
[1809.615s][info ][safepoint      ] Safepoint "Cleanup", Time since last: 1000106883 ns, Reaching safepoint: 7400 ns, Cleanup: 18700 ns, At safepoint: 2400 ns, Total: 28500 ns
[1811.616s][info ][safepoint      ] Safepoint "Cleanup", Time since last: 2001530557 ns, Reaching safepoint: 7700 ns, Cleanup: 10700 ns, At safepoint: 25299 ns, Total: 43699 ns
[1816.620s][info ][safepoint      ] Safepoint "Cleanup", Time since last: 5004284497 ns, Reaching safepoint: 7500 ns, Cleanup: 10900 ns, At safepoint: 2400 ns, Total: 20800 ns
[1818.621s][info ][safepoint      ] Safepoint "Cleanup", Time since last: 2000173374 ns, Reaching safepoint: 7700 ns, Cleanup: 12700 ns, At safepoint: 2600 ns, Total: 23000 ns
[1819.621s][info ][safepoint      ] Safepoint "Cleanup", Time since last: 1000107887 ns, Reaching safepoint: 7500 ns, Cleanup: 10600 ns, At safepoint: 2600 ns, Total: 20700 ns
[1820.621s][info ][safepoint      ] Safepoint "Cleanup", Time since last: 1000105987 ns, Reaching safepoint: 7300 ns, Cleanup: 9900 ns, At safepoint: 2600 ns, Total: 19800 ns
[1821.621s][info ][safepoint      ] Safepoint "Cleanup", Time since last: 1000108087 ns, Reaching safepoint: 7400 ns, Cleanup: 9800 ns, At safepoint: 2699 ns, Total: 19899 ns
[1822.621s][info ][safepoint      ] Safepoint "Cleanup", Time since last: 1000326090 ns, Reaching safepoint: 6300 ns, Cleanup: 9600 ns, At safepoint: 2300 ns, Total: 18200 ns
[1822.904s][info ][gc,start       ] GC(43) Pause Young (Allocation Failure)
[1822.911s][debug][gc,phases      ] GC(43) Scavenge 6.253ms
[1822.911s][debug][gc,ref         ] GC(43) ReferenceProcessor::execute queues: 1, RefProcThreadModel::Single, marks_oops_alive: false
[1822.911s][debug][gc,ref         ] GC(43) Skipped KeepAliveFinalRefsPhase of Reference Processing: no references
[1822.911s][debug][gc,ref         ] GC(43) ReferenceProcessor::execute queues: 1, RefProcThreadModel::Single, marks_oops_alive: false
[1822.911s][debug][gc,phases      ] GC(43) Reference Processing 0.099ms
[1822.911s][debug][gc,phases      ] GC(43)   VM Weak                        Min:  0.0, Avg:  0.0, Max:  0.0, Diff:  0.0, Sum:  0.0, Workers: 4
[1822.911s][debug][gc,phases      ] GC(43)     Dead                           Min: 0, Avg:  0.0, Max: 0, Diff: 0, Sum: 0, Workers: 4
[1822.911s][debug][gc,phases      ] GC(43)     Total                          Min: 0, Avg: 265.5, Max: 486, Diff: 486, Sum: 1062, Workers: 4
[1822.911s][debug][gc,phases      ] GC(43)   ObjectSynchronizer Weak        Min:  0.0, Avg:  0.0, Max:  0.0, Diff:  0.0, Sum:  0.0, Workers: 4
[1822.911s][debug][gc,phases      ] GC(43)     Dead                           Min: 0, Avg:  0.0, Max: 0, Diff: 0, Sum: 0, Workers: 4
[1822.911s][debug][gc,phases      ] GC(43)     Total                          Min: 0, Avg:  1.0, Max: 4, Diff: 4, Sum: 4, Workers: 4
[1822.911s][debug][gc,phases      ] GC(43)   JVMTI Tag Weak OopStorage      Min:  0.0, Avg:  0.0, Max:  0.0, Diff:  0.0, Sum:  0.0, Workers: 4
[1822.911s][debug][gc,phases      ] GC(43)     Dead                           Min: 0, Avg:  0.0, Max: 0, Diff: 0, Sum: 0, Workers: 4
[1822.911s][debug][gc,phases      ] GC(43)     Total                          Min: 0, Avg:  0.0, Max: 0, Diff: 0, Sum: 0, Workers: 4
[1822.911s][debug][gc,phases      ] GC(43)   StringTable Weak               Min:  0.0, Avg:  0.1, Max:  0.1, Diff:  0.1, Sum:  0.4, Workers: 4
[1822.911s][debug][gc,phases      ] GC(43)     Dead                           Min: 0, Avg:  0.5, Max: 2, Diff: 2, Sum: 2, Workers: 4
[1822.911s][debug][gc,phases      ] GC(43)     Total                          Min: 0, Avg: 11423.5, Max: 15998, Diff: 15998, Sum: 45694, Workers: 4
[1822.911s][debug][gc,phases      ] GC(43)   ResolvedMethodTable Weak       Min:  0.0, Avg:  0.0, Max:  0.1, Diff:  0.1, Sum:  0.2, Workers: 4
[1822.911s][debug][gc,phases      ] GC(43)     Dead                           Min: 0, Avg:  8.8, Max: 20, Diff: 20, Sum: 35, Workers: 4
[1822.911s][debug][gc,phases      ] GC(43)     Total                          Min: 0, Avg: 3972.8, Max: 5440, Diff: 5440, Sum: 15891, Workers: 4
[1822.911s][debug][gc,phases      ] GC(43)   JNI Weak                       Min:  0.0, Avg:  0.0, Max:  0.0, Diff:  0.0, Sum:  0.0, Workers: 4
[1822.911s][debug][gc,phases      ] GC(43)     Dead                           Min: 0, Avg:  0.0, Max: 0, Diff: 0, Sum: 0, Workers: 4
[1822.911s][debug][gc,phases      ] GC(43)     Total                          Min: 0, Avg: 12.0, Max: 48, Diff: 48, Sum: 48, Workers: 4
[1822.911s][debug][gc,phases      ] GC(43)   StringDedup Table Weak         Min:  0.0, Avg:  0.0, Max:  0.0, Diff:  0.0, Sum:  0.0, Workers: 4
[1822.911s][debug][gc,phases      ] GC(43)     Dead                           Min: 0, Avg:  0.0, Max: 0, Diff: 0, Sum: 0, Workers: 4
[1822.911s][debug][gc,phases      ] GC(43)     Total                          Min: 0, Avg:  0.0, Max: 0, Diff: 0, Sum: 0, Workers: 4
[1822.911s][debug][gc,phases      ] GC(43)   StringDedup Requests0 Weak     Min:  0.0, Avg:  0.0, Max:  0.0, Diff:  0.0, Sum:  0.0, Workers: 4
[1822.911s][debug][gc,phases      ] GC(43)     Dead                           Min: 0, Avg:  0.0, Max: 0, Diff: 0, Sum: 0, Workers: 4
[1822.911s][debug][gc,phases      ] GC(43)     Total                          Min: 0, Avg:  0.0, Max: 0, Diff: 0, Sum: 0, Workers: 4
[1822.911s][debug][gc,phases      ] GC(43)   StringDedup Requests1 Weak     Min:  0.0, Avg:  0.0, Max:  0.0, Diff:  0.0, Sum:  0.0, Workers: 4
[1822.911s][debug][gc,phases      ] GC(43)     Dead                           Min: 0, Avg:  0.0, Max: 0, Diff: 0, Sum: 0, Workers: 4
[1822.911s][debug][gc,phases      ] GC(43)     Total                          Min: 0, Avg:  0.0, Max: 0, Diff: 0, Sum: 0, Workers: 4
[1822.911s][debug][gc,phases      ] GC(43)   Weak JFR Old Object Samples    Min:  0.0, Avg:  0.0, Max:  0.0, Diff:  0.0, Sum:  0.0, Workers: 4
[1822.911s][debug][gc,phases      ] GC(43)     Dead                           Min: 0, Avg:  0.0, Max: 0, Diff: 0, Sum: 0, Workers: 4
[1822.911s][debug][gc,phases      ] GC(43)     Total                          Min: 0, Avg:  0.0, Max: 0, Diff: 0, Sum: 0, Workers: 4
[1822.911s][debug][gc,phases      ] GC(43) Weak Processing 0.410ms
[1822.911s][debug][gc,age         ] GC(43) Desired survivor size 72876032 bytes, new threshold 1 (max threshold 15)
[1822.911s][info ][gc,heap        ] GC(43) PSYoungGen: 1949280K(2022400K)->5472K(2019840K) Eden: 1945088K(1945088K)->0K(1945088K) From: 4192K(77312K)->5472K(74752K)
[1822.911s][info ][gc,heap        ] GC(43) ParOldGen: 510542K(510976K)->511290K(511488K)
[1822.911s][info ][gc,metaspace   ] GC(43) Metaspace: 105036K(106432K)->105036K(106432K) NonClass: 89139K(89920K)->89139K(89920K) Class: 15896K(16512K)->15896K(16512K)
[1822.911s][info ][gc             ] GC(43) Pause Young (Allocation Failure) 2402M->504M(2472M) 6.866ms
[1822.911s][info ][gc,cpu         ] GC(43) User=0.01s Sys=0.00s Real=0.00s
[1822.911s][info ][safepoint      ] Safepoint "ParallelGCFailedAllocation", Time since last: 283008235 ns, Reaching safepoint: 5400 ns, Cleanup: 3000 ns, At safepoint: 6923949 ns, Total: 6932349 ns
[1823.911s][info ][safepoint      ] Safepoint "Cleanup", Time since last: 1000088101 ns, Reaching safepoint: 6500 ns, Cleanup: 8800 ns, At safepoint: 2100 ns, Total: 17400 ns
[1824.917s][info ][safepoint      ] Safepoint "Cleanup", Time since last: 1005215363 ns, Reaching safepoint: 8500 ns, Cleanup: 18100 ns, At safepoint: 2500 ns, Total: 29100 ns
[1826.917s][info ][safepoint      ] Safepoint "Cleanup", Time since last: 2000540699 ns, Reaching safepoint: 7100 ns, Cleanup: 24000 ns, At safepoint: 17800 ns, Total: 48900 ns
[1827.917s][info ][safepoint      ] Safepoint "Cleanup", Time since last: 1000104801 ns, Reaching safepoint: 7500 ns, Cleanup: 14000 ns, At safepoint: 2300 ns, Total: 23800 ns
[1828.918s][info ][safepoint      ] Safepoint "Cleanup", Time since last: 1000120300 ns, Reaching safepoint: 7400 ns, Cleanup: 12000 ns, At safepoint: 2500 ns, Total: 21900 ns
[1829.918s][info ][safepoint      ] Safepoint "Cleanup", Time since last: 1000111601 ns, Reaching safepoint: 7300 ns, Cleanup: 11700 ns, At safepoint: 2400 ns, Total: 21400 ns
[1830.920s][info ][safepoint      ] Safepoint "Cleanup", Time since last: 1001966100 ns, Reaching safepoint: 7000 ns, Cleanup: 17699 ns, At safepoint: 2800 ns, Total: 27499 ns
[1831.920s][info ][safepoint      ] Safepoint "Cleanup", Time since last: 1000128321 ns, Reaching safepoint: 7000 ns, Cleanup: 10500 ns, At safepoint: 2500 ns, Total: 20000 ns
[1832.920s][info ][safepoint      ] Safepoint "Cleanup", Time since last: 1000104021 ns, Reaching safepoint: 7400 ns, Cleanup: 11300 ns, At safepoint: 2400 ns, Total: 21100 ns
[1834.928s][info ][safepoint      ] Safepoint "Cleanup", Time since last: 2007723487 ns, Reaching safepoint: 7800 ns, Cleanup: 10800 ns, At safepoint: 2700 ns, Total: 21300 ns
[1836.928s][info ][safepoint      ] Safepoint "Cleanup", Time since last: 2000173643 ns, Reaching safepoint: 6700 ns, Cleanup: 11700 ns, At safepoint: 21499 ns, Total: 39899 ns
[1839.928s][info ][safepoint      ] Safepoint "Cleanup", Time since last: 3000215590 ns, Reaching safepoint: 7400 ns, Cleanup: 12700 ns, At safepoint: 2800 ns, Total: 22900 ns
[1843.928s][info ][safepoint      ] Safepoint "Cleanup", Time since last: 4000304097 ns, Reaching safepoint: 7699 ns, Cleanup: 14800 ns, At safepoint: 2500 ns, Total: 24999 ns
[1845.929s][info ][safepoint      ] Safepoint "Cleanup", Time since last: 2000225198 ns, Reaching safepoint: 7200 ns, Cleanup: 23700 ns, At safepoint: 4000 ns, Total: 34900 ns
[1846.929s][info ][safepoint      ] Safepoint "Cleanup", Time since last: 1000102140 ns, Reaching safepoint: 6500 ns, Cleanup: 11400 ns, At safepoint: 2400 ns, Total: 20300 ns
[1847.929s][info ][safepoint      ] Safepoint "Cleanup", Time since last: 1000100100 ns, Reaching safepoint: 7300 ns, Cleanup: 17000 ns, At safepoint: 2500 ns, Total: 26800 ns
[1848.929s][info ][safepoint      ] Safepoint "Cleanup", Time since last: 1000103200 ns, Reaching safepoint: 6900 ns, Cleanup: 14600 ns, At safepoint: 2500 ns, Total: 24000 ns
[1851.929s][info ][safepoint      ] Safepoint "Cleanup", Time since last: 3000237501 ns, Reaching safepoint: 6600 ns, Cleanup: 9600 ns, At safepoint: 18000 ns, Total: 34200 ns
[1853.930s][info ][safepoint      ] Safepoint "Cleanup", Time since last: 2000485898 ns, Reaching safepoint: 79399 ns, Cleanup: 10300 ns, At safepoint: 8500 ns, Total: 98199 ns
[1859.936s][info ][safepoint      ] Safepoint "Cleanup", Time since last: 6002091863 ns, Reaching safepoint: 3990671 ns, Cleanup: 15200 ns, At safepoint: 8800 ns, Total: 4014671 ns
[1862.740s][info ][safepoint      ] Safepoint "Cleanup", Time since last: 2799785452 ns, Reaching safepoint: 4186969 ns, Cleanup: 13900 ns, At safepoint: 14200 ns, Total: 4215069 ns
[1863.747s][info ][safepoint      ] Safepoint "Cleanup", Time since last: 1006843549 ns, Reaching safepoint: 7200 ns, Cleanup: 13700 ns, At safepoint: 2800 ns, Total: 23700 ns
[1864.747s][info ][safepoint      ] Safepoint "Cleanup", Time since last: 1000103298 ns, Reaching safepoint: 7600 ns, Cleanup: 17000 ns, At safepoint: 2700 ns, Total: 27300 ns
[1866.748s][info ][safepoint      ] Safepoint "Cleanup", Time since last: 2000462695 ns, Reaching safepoint: 79199 ns, Cleanup: 16500 ns, At safepoint: 5300 ns, Total: 100999 ns
[1872.748s][info ][safepoint      ] Safepoint "Cleanup", Time since last: 6000627182 ns, Reaching safepoint: 7700 ns, Cleanup: 12600 ns, At safepoint: 2500 ns, Total: 22800 ns
[1874.748s][info ][safepoint      ] Safepoint "Cleanup", Time since last: 2000173791 ns, Reaching safepoint: 8400 ns, Cleanup: 18199 ns, At safepoint: 2900 ns, Total: 29499 ns
[1877.622s][info ][gc,start       ] GC(44) Pause Young (Allocation Failure)
[1877.648s][debug][gc,phases      ] GC(44) Scavenge 26.181ms
[1877.648s][debug][gc,ref         ] GC(44) ReferenceProcessor::execute queues: 1, RefProcThreadModel::Single, marks_oops_alive: false
[1877.648s][debug][gc,ref         ] GC(44) Skipped KeepAliveFinalRefsPhase of Reference Processing: no references
[1877.648s][debug][gc,ref         ] GC(44) ReferenceProcessor::execute queues: 1, RefProcThreadModel::Single, marks_oops_alive: false
[1877.648s][debug][gc,phases      ] GC(44) Reference Processing 0.138ms
[1877.648s][debug][gc,phases      ] GC(44)   VM Weak                        Min:  0.0, Avg:  0.0, Max:  0.0, Diff:  0.0, Sum:  0.0, Workers: 4
[1877.648s][debug][gc,phases      ] GC(44)     Dead                           Min: 0, Avg:  0.0, Max: 0, Diff: 0, Sum: 0, Workers: 4
[1877.649s][debug][gc,phases      ] GC(44)     Total                          Min: 0, Avg: 265.5, Max: 704, Diff: 704, Sum: 1062, Workers: 4
[1877.649s][debug][gc,phases      ] GC(44)   ObjectSynchronizer Weak        Min:  0.0, Avg:  0.0, Max:  0.0, Diff:  0.0, Sum:  0.0, Workers: 4
[1877.649s][debug][gc,phases      ] GC(44)     Dead                           Min: 0, Avg:  0.0, Max: 0, Diff: 0, Sum: 0, Workers: 4
[1877.649s][debug][gc,phases      ] GC(44)     Total                          Min: 0, Avg:  1.0, Max: 4, Diff: 4, Sum: 4, Workers: 4
[1877.649s][debug][gc,phases      ] GC(44)   JVMTI Tag Weak OopStorage      Min:  0.0, Avg:  0.0, Max:  0.0, Diff:  0.0, Sum:  0.0, Workers: 4
[1877.649s][debug][gc,phases      ] GC(44)     Dead                           Min: 0, Avg:  0.0, Max: 0, Diff: 0, Sum: 0, Workers: 4
[1877.649s][debug][gc,phases      ] GC(44)     Total                          Min: 0, Avg:  0.0, Max: 0, Diff: 0, Sum: 0, Workers: 4
[1877.649s][debug][gc,phases      ] GC(44)   StringTable Weak               Min:  0.0, Avg:  0.1, Max:  0.2, Diff:  0.2, Sum:  0.4, Workers: 4
[1877.649s][debug][gc,phases      ] GC(44)     Dead                           Min: 0, Avg:  0.0, Max: 0, Diff: 0, Sum: 0, Workers: 4
[1877.649s][debug][gc,phases      ] GC(44)     Total                          Min: 0, Avg: 11423.8, Max: 22912, Diff: 22912, Sum: 45695, Workers: 4
[1877.649s][debug][gc,phases      ] GC(44)   ResolvedMethodTable Weak       Min:  0.0, Avg:  0.0, Max:  0.1, Diff:  0.1, Sum:  0.2, Workers: 4
[1877.649s][debug][gc,phases      ] GC(44)     Dead                           Min: 0, Avg:  4.0, Max: 16, Diff: 16, Sum: 16, Workers: 4
[1877.649s][debug][gc,phases      ] GC(44)     Total                          Min: 0, Avg: 3972.8, Max: 8099, Diff: 8099, Sum: 15891, Workers: 4
[1877.649s][debug][gc,phases      ] GC(44)   JNI Weak                       Min:  0.0, Avg:  0.0, Max:  0.0, Diff:  0.0, Sum:  0.0, Workers: 4
[1877.649s][debug][gc,phases      ] GC(44)     Dead                           Min: 0, Avg:  0.0, Max: 0, Diff: 0, Sum: 0, Workers: 4
[1877.649s][debug][gc,phases      ] GC(44)     Total                          Min: 0, Avg: 12.0, Max: 48, Diff: 48, Sum: 48, Workers: 4
[1877.649s][debug][gc,phases      ] GC(44)   StringDedup Table Weak         Min:  0.0, Avg:  0.0, Max:  0.0, Diff:  0.0, Sum:  0.0, Workers: 4
[1877.649s][debug][gc,phases      ] GC(44)     Dead                           Min: 0, Avg:  0.0, Max: 0, Diff: 0, Sum: 0, Workers: 4
[1877.649s][debug][gc,phases      ] GC(44)     Total                          Min: 0, Avg:  0.0, Max: 0, Diff: 0, Sum: 0, Workers: 4
[1877.649s][debug][gc,phases      ] GC(44)   StringDedup Requests0 Weak     Min:  0.0, Avg:  0.0, Max:  0.0, Diff:  0.0, Sum:  0.0, Workers: 4
[1877.649s][debug][gc,phases      ] GC(44)     Dead                           Min: 0, Avg:  0.0, Max: 0, Diff: 0, Sum: 0, Workers: 4
[1877.649s][debug][gc,phases      ] GC(44)     Total                          Min: 0, Avg:  0.0, Max: 0, Diff: 0, Sum: 0, Workers: 4
[1877.649s][debug][gc,phases      ] GC(44)   StringDedup Requests1 Weak     Min:  0.0, Avg:  0.0, Max:  0.0, Diff:  0.0, Sum:  0.0, Workers: 4
[1877.649s][debug][gc,phases      ] GC(44)     Dead                           Min: 0, Avg:  0.0, Max: 0, Diff: 0, Sum: 0, Workers: 4
[1877.649s][debug][gc,phases      ] GC(44)     Total                          Min: 0, Avg:  0.0, Max: 0, Diff: 0, Sum: 0, Workers: 4
[1877.649s][debug][gc,phases      ] GC(44)   Weak JFR Old Object Samples    Min:  0.0, Avg:  0.0, Max:  0.0, Diff:  0.0, Sum:  0.0, Workers: 4
[1877.649s][debug][gc,phases      ] GC(44)     Dead                           Min: 0, Avg:  0.0, Max: 0, Diff: 0, Sum: 0, Workers: 4
[1877.649s][debug][gc,phases      ] GC(44)     Total                          Min: 0, Avg:  0.0, Max: 0, Diff: 0, Sum: 0, Workers: 4
[1877.649s][debug][gc,phases      ] GC(44) Weak Processing 0.565ms
[1877.649s][debug][gc,age         ] GC(44) Desired survivor size 69206016 bytes, new threshold 1 (max threshold 15)
[1877.649s][info ][gc,heap        ] GC(44) PSYoungGen: 1950560K(2019840K)->22144K(2029568K) Eden: 1945088K(1945088K)->0K(1958400K) From: 5472K(74752K)->22144K(71168K)
[1877.649s][info ][gc,heap        ] GC(44) ParOldGen: 511290K(511488K)->513206K(513536K)
[1877.649s][info ][gc,metaspace   ] GC(44) Metaspace: 105080K(106496K)->105080K(106496K) NonClass: 89183K(89984K)->89183K(89984K) Class: 15896K(16512K)->15896K(16512K)
[1877.649s][info ][gc             ] GC(44) Pause Young (Allocation Failure) 2404M->522M(2483M) 27.026ms
[1877.649s][info ][gc,cpu         ] GC(44) User=0.04s Sys=0.01s Real=0.03s
[1877.649s][info ][safepoint      ] Safepoint "ParallelGCFailedAllocation", Time since last: 2873199514 ns, Reaching safepoint: 6400 ns, Cleanup: 7900 ns, At safepoint: 27118402 ns, Total: 27132702 ns
[1885.649s][info ][safepoint      ] Safepoint "Cleanup", Time since last: 8000567445 ns, Reaching safepoint: 7200 ns, Cleanup: 9700 ns, At safepoint: 2800 ns, Total: 19700 ns
[1888.650s][info ][safepoint      ] Safepoint "Cleanup", Time since last: 3000242104 ns, Reaching safepoint: 8400 ns, Cleanup: 12500 ns, At safepoint: 19900 ns, Total: 40800 ns
[1898.663s][info ][safepoint      ] Safepoint "Cleanup", Time since last: 10013705035 ns, Reaching safepoint: 8500 ns, Cleanup: 13400 ns, At safepoint: 21200 ns, Total: 43100 ns
[1900.664s][info ][safepoint      ] Safepoint "Cleanup", Time since last: 2000180826 ns, Reaching safepoint: 8300 ns, Cleanup: 12300 ns, At safepoint: 2900 ns, Total: 23500 ns
[1903.664s][info ][safepoint      ] Safepoint "Cleanup", Time since last: 3000563159 ns, Reaching safepoint: 6200 ns, Cleanup: 12600 ns, At safepoint: 23300 ns, Total: 42100 ns
[1904.664s][info ][safepoint      ] Safepoint "Cleanup", Time since last: 1000109331 ns, Reaching safepoint: 7500 ns, Cleanup: 11000 ns, At safepoint: 3200 ns, Total: 21700 ns
[1907.668s][info ][safepoint      ] Safepoint "Cleanup", Time since last: 3003680967 ns, Reaching safepoint: 7600 ns, Cleanup: 10600 ns, At safepoint: 2300 ns, Total: 20500 ns
[1920.680s][info ][safepoint      ] Safepoint "Cleanup", Time since last: 13012052623 ns, Reaching safepoint: 8000 ns, Cleanup: 11200 ns, At safepoint: 2700 ns, Total: 21900 ns
[1930.892s][info ][safepoint      ] Safepoint "Cleanup", Time since last: 10211573838 ns, Reaching safepoint: 7300 ns, Cleanup: 12000 ns, At safepoint: 2300 ns, Total: 21600 ns
[1938.892s][info ][safepoint      ] Safepoint "Cleanup", Time since last: 8000557921 ns, Reaching safepoint: 7199 ns, Cleanup: 20400 ns, At safepoint: 2500 ns, Total: 30099 ns
[1955.894s][info ][safepoint      ] Safepoint "Cleanup", Time since last: 17001220670 ns, Reaching safepoint: 6100 ns, Cleanup: 8900 ns, At safepoint: 2500 ns, Total: 17500 ns
[1961.894s][info ][safepoint      ] Safepoint "Cleanup", Time since last: 6000618614 ns, Reaching safepoint: 6900 ns, Cleanup: 10300 ns, At safepoint: 2200 ns, Total: 19400 ns
[1962.894s][info ][safepoint      ] Safepoint "Cleanup", Time since last: 1000117704 ns, Reaching safepoint: 6700 ns, Cleanup: 9300 ns, At safepoint: 2100 ns, Total: 18100 ns
[1970.082s][info ][gc,start       ] GC(45) Pause Young (Allocation Failure)
[1970.097s][debug][gc,phases      ] GC(45) Scavenge 14.769ms
[1970.097s][debug][gc,ref         ] GC(45) ReferenceProcessor::execute queues: 1, RefProcThreadModel::Single, marks_oops_alive: false
[1970.097s][debug][gc,ref         ] GC(45) Skipped KeepAliveFinalRefsPhase of Reference Processing: no references
[1970.097s][debug][gc,ref         ] GC(45) Skipped PhantomRefsPhase of Reference Processing: no references
[1970.097s][debug][gc,phases      ] GC(45) Reference Processing 0.125ms
[1970.098s][debug][gc,phases      ] GC(45)   VM Weak                        Min:  0.0, Avg:  0.0, Max:  0.0, Diff:  0.0, Sum:  0.0, Workers: 4
[1970.098s][debug][gc,phases      ] GC(45)     Dead                           Min: 0, Avg:  0.0, Max: 0, Diff: 0, Sum: 0, Workers: 4
[1970.098s][debug][gc,phases      ] GC(45)     Total                          Min: 0, Avg: 265.5, Max: 832, Diff: 832, Sum: 1062, Workers: 4
[1970.098s][debug][gc,phases      ] GC(45)   ObjectSynchronizer Weak        Min:  0.0, Avg:  0.0, Max:  0.0, Diff:  0.0, Sum:  0.0, Workers: 4
[1970.098s][debug][gc,phases      ] GC(45)     Dead                           Min: 0, Avg:  0.0, Max: 0, Diff: 0, Sum: 0, Workers: 4
[1970.098s][debug][gc,phases      ] GC(45)     Total                          Min: 0, Avg:  1.0, Max: 4, Diff: 4, Sum: 4, Workers: 4
[1970.098s][debug][gc,phases      ] GC(45)   JVMTI Tag Weak OopStorage      Min:  0.0, Avg:  0.0, Max:  0.0, Diff:  0.0, Sum:  0.0, Workers: 4
[1970.098s][debug][gc,phases      ] GC(45)     Dead                           Min: 0, Avg:  0.0, Max: 0, Diff: 0, Sum: 0, Workers: 4
[1970.098s][debug][gc,phases      ] GC(45)     Total                          Min: 0, Avg:  0.0, Max: 0, Diff: 0, Sum: 0, Workers: 4
[1970.098s][debug][gc,phases      ] GC(45)   StringTable Weak               Min:  0.0, Avg:  0.1, Max:  0.2, Diff:  0.2, Sum:  0.5, Workers: 4
[1970.098s][debug][gc,phases      ] GC(45)     Dead                           Min: 0, Avg:  0.0, Max: 0, Diff: 0, Sum: 0, Workers: 4
[1970.098s][debug][gc,phases      ] GC(45)     Total                          Min: 0, Avg: 11424.2, Max: 15617, Diff: 15617, Sum: 45697, Workers: 4
[1970.098s][debug][gc,phases      ] GC(45)   ResolvedMethodTable Weak       Min:  0.0, Avg:  0.0, Max:  0.1, Diff:  0.1, Sum:  0.1, Workers: 4
[1970.098s][debug][gc,phases      ] GC(45)     Dead                           Min: 0, Avg:  4.0, Max: 16, Diff: 16, Sum: 16, Workers: 4
[1970.098s][debug][gc,phases      ] GC(45)     Total                          Min: 0, Avg: 3972.8, Max: 6435, Diff: 6435, Sum: 15891, Workers: 4
[1970.098s][debug][gc,phases      ] GC(45)   JNI Weak                       Min:  0.0, Avg:  0.0, Max:  0.0, Diff:  0.0, Sum:  0.0, Workers: 4
[1970.098s][debug][gc,phases      ] GC(45)     Dead                           Min: 0, Avg:  0.0, Max: 0, Diff: 0, Sum: 0, Workers: 4
[1970.098s][debug][gc,phases      ] GC(45)     Total                          Min: 0, Avg: 12.0, Max: 48, Diff: 48, Sum: 48, Workers: 4
[1970.098s][debug][gc,phases      ] GC(45)   StringDedup Table Weak         Min:  0.0, Avg:  0.0, Max:  0.0, Diff:  0.0, Sum:  0.0, Workers: 4
[1970.098s][debug][gc,phases      ] GC(45)     Dead                           Min: 0, Avg:  0.0, Max: 0, Diff: 0, Sum: 0, Workers: 4
[1970.098s][debug][gc,phases      ] GC(45)     Total                          Min: 0, Avg:  0.0, Max: 0, Diff: 0, Sum: 0, Workers: 4
[1970.098s][debug][gc,phases      ] GC(45)   StringDedup Requests0 Weak     Min:  0.0, Avg:  0.0, Max:  0.0, Diff:  0.0, Sum:  0.0, Workers: 4
[1970.098s][debug][gc,phases      ] GC(45)     Dead                           Min: 0, Avg:  0.0, Max: 0, Diff: 0, Sum: 0, Workers: 4
[1970.098s][debug][gc,phases      ] GC(45)     Total                          Min: 0, Avg:  0.0, Max: 0, Diff: 0, Sum: 0, Workers: 4
[1970.098s][debug][gc,phases      ] GC(45)   StringDedup Requests1 Weak     Min:  0.0, Avg:  0.0, Max:  0.0, Diff:  0.0, Sum:  0.0, Workers: 4
[1970.098s][debug][gc,phases      ] GC(45)     Dead                           Min: 0, Avg:  0.0, Max: 0, Diff: 0, Sum: 0, Workers: 4
[1970.098s][debug][gc,phases      ] GC(45)     Total                          Min: 0, Avg:  0.0, Max: 0, Diff: 0, Sum: 0, Workers: 4
[1970.098s][debug][gc,phases      ] GC(45)   Weak JFR Old Object Samples    Min:  0.0, Avg:  0.0, Max:  0.0, Diff:  0.0, Sum:  0.0, Workers: 4
[1970.098s][debug][gc,phases      ] GC(45)     Dead                           Min: 0, Avg:  0.0, Max: 0, Diff: 0, Sum: 0, Workers: 4
[1970.098s][debug][gc,phases      ] GC(45)     Total                          Min: 0, Avg:  0.0, Max: 0, Diff: 0, Sum: 0, Workers: 4
[1970.098s][debug][gc,phases      ] GC(45) Weak Processing 0.474ms
[1970.098s][debug][gc,age         ] GC(45) Desired survivor size 66584576 bytes, new threshold 1 (max threshold 15)
[1970.098s][info ][gc,heap        ] GC(45) PSYoungGen: 1980544K(2029568K)->3088K(2025984K) Eden: 1958400K(1958400K)->0K(1958400K) From: 22144K(71168K)->3088K(67584K)
[1970.098s][info ][gc,heap        ] GC(45) ParOldGen: 513206K(513536K)->534471K(534528K)
[1970.098s][info ][gc,metaspace   ] GC(45) Metaspace: 105105K(106496K)->105105K(106496K) NonClass: 89208K(89984K)->89208K(89984K) Class: 15896K(16512K)->15896K(16512K)
[1970.098s][info ][gc             ] GC(45) Pause Young (Allocation Failure) 2435M->524M(2500M) 15.497ms
[1970.098s][info ][gc,cpu         ] GC(45) User=0.04s Sys=0.01s Real=0.02s
[1970.098s][info ][safepoint      ] Safepoint "ParallelGCFailedAllocation", Time since last: 7187999749 ns, Reaching safepoint: 6300 ns, Cleanup: 4100 ns, At safepoint: 15574986 ns, Total: 15585386 ns
[1973.098s][info ][safepoint      ] Safepoint "Cleanup", Time since last: 3000233301 ns, Reaching safepoint: 5800 ns, Cleanup: 7200 ns, At safepoint: 6900 ns, Total: 19900 ns
[1974.098s][info ][safepoint      ] Safepoint "Cleanup", Time since last: 1000119300 ns, Reaching safepoint: 8300 ns, Cleanup: 11999 ns, At safepoint: 28900 ns, Total: 49199 ns
[1976.099s][info ][safepoint      ] Safepoint "Cleanup", Time since last: 2000170019 ns, Reaching safepoint: 6499 ns, Cleanup: 16400 ns, At safepoint: 2200 ns, Total: 25099 ns
[1988.925s][info ][safepoint      ] Safepoint "Cleanup", Time since last: 12826286104 ns, Reaching safepoint: 8600 ns, Cleanup: 10800 ns, At safepoint: 2500 ns, Total: 21900 ns
[1990.925s][info ][safepoint      ] Safepoint "Cleanup", Time since last: 2000568937 ns, Reaching safepoint: 8900 ns, Cleanup: 12300 ns, At safepoint: 2900 ns, Total: 24100 ns
[1991.926s][info ][safepoint      ] Safepoint "Cleanup", Time since last: 1000145881 ns, Reaching safepoint: 8800 ns, Cleanup: 12300 ns, At safepoint: 3100 ns, Total: 24200 ns
[2000.926s][info ][safepoint      ] Safepoint "Cleanup", Time since last: 9000711035 ns, Reaching safepoint: 9000 ns, Cleanup: 11900 ns, At safepoint: 16800 ns, Total: 37700 ns
[2002.927s][info ][safepoint      ] Safepoint "Cleanup", Time since last: 2000173931 ns, Reaching safepoint: 6800 ns, Cleanup: 14500 ns, At safepoint: 1900 ns, Total: 23200 ns
[2012.927s][info ][safepoint      ] Safepoint "Cleanup", Time since last: 10000755488 ns, Reaching safepoint: 8500 ns, Cleanup: 12100 ns, At safepoint: 2300 ns, Total: 22900 ns
[2018.928s][info ][safepoint      ] Safepoint "Cleanup", Time since last: 6000698077 ns, Reaching safepoint: 7400 ns, Cleanup: 14200 ns, At safepoint: 2200 ns, Total: 23800 ns
[2023.928s][info ][safepoint      ] Safepoint "Cleanup", Time since last: 5000397257 ns, Reaching safepoint: 6300 ns, Cleanup: 9100 ns, At safepoint: 1900 ns, Total: 17300 ns
[2024.929s][info ][safepoint      ] Safepoint "Cleanup", Time since last: 1000121677 ns, Reaching safepoint: 7600 ns, Cleanup: 9700 ns, At safepoint: 2300 ns, Total: 19600 ns
[2026.929s][info ][safepoint      ] Safepoint "Cleanup", Time since last: 2000184255 ns, Reaching safepoint: 8100 ns, Cleanup: 10600 ns, At safepoint: 2300 ns, Total: 21000 ns
[2028.929s][info ][safepoint      ] Safepoint "Cleanup", Time since last: 2000172355 ns, Reaching safepoint: 6900 ns, Cleanup: 14000 ns, At safepoint: 1900 ns, Total: 22800 ns
[2031.929s][info ][safepoint      ] Safepoint "Cleanup", Time since last: 3000257907 ns, Reaching safepoint: 8499 ns, Cleanup: 13200 ns, At safepoint: 3200 ns, Total: 24899 ns
[2033.930s][info ][safepoint      ] Safepoint "Cleanup", Time since last: 2000190628 ns, Reaching safepoint: 7500 ns, Cleanup: 10700 ns, At safepoint: 2400 ns, Total: 20600 ns
[2035.930s][info ][safepoint      ] Safepoint "Cleanup", Time since last: 2000206128 ns, Reaching safepoint: 7800 ns, Cleanup: 15000 ns, At safepoint: 2100 ns, Total: 24900 ns
[2036.588s][info ][gc,start       ] GC(46) Pause Young (Allocation Failure)
[2036.593s][debug][gc,phases      ] GC(46) Scavenge 5.812ms
[2036.594s][debug][gc,ref         ] GC(46) ReferenceProcessor::execute queues: 1, RefProcThreadModel::Single, marks_oops_alive: false
[2036.594s][debug][gc,ref         ] GC(46) Skipped KeepAliveFinalRefsPhase of Reference Processing: no references
[2036.594s][debug][gc,ref         ] GC(46) ReferenceProcessor::execute queues: 1, RefProcThreadModel::Single, marks_oops_alive: false
[2036.594s][debug][gc,phases      ] GC(46) Reference Processing 0.105ms
[2036.594s][debug][gc,phases      ] GC(46)   VM Weak                        Min:  0.0, Avg:  0.0, Max:  0.0, Diff:  0.0, Sum:  0.0, Workers: 4
[2036.594s][debug][gc,phases      ] GC(46)     Dead                           Min: 0, Avg:  0.0, Max: 0, Diff: 0, Sum: 0, Workers: 4
[2036.594s][debug][gc,phases      ] GC(46)     Total                          Min: 0, Avg: 265.5, Max: 550, Diff: 550, Sum: 1062, Workers: 4
[2036.594s][debug][gc,phases      ] GC(46)   ObjectSynchronizer Weak        Min:  0.0, Avg:  0.0, Max:  0.0, Diff:  0.0, Sum:  0.0, Workers: 4
[2036.594s][debug][gc,phases      ] GC(46)     Dead                           Min: 0, Avg:  0.0, Max: 0, Diff: 0, Sum: 0, Workers: 4
[2036.594s][debug][gc,phases      ] GC(46)     Total                          Min: 0, Avg:  1.0, Max: 4, Diff: 4, Sum: 4, Workers: 4
[2036.594s][debug][gc,phases      ] GC(46)   JVMTI Tag Weak OopStorage      Min:  0.0, Avg:  0.0, Max:  0.0, Diff:  0.0, Sum:  0.0, Workers: 4
[2036.594s][debug][gc,phases      ] GC(46)     Dead                           Min: 0, Avg:  0.0, Max: 0, Diff: 0, Sum: 0, Workers: 4
[2036.594s][debug][gc,phases      ] GC(46)     Total                          Min: 0, Avg:  0.0, Max: 0, Diff: 0, Sum: 0, Workers: 4
[2036.594s][debug][gc,phases      ] GC(46)   StringTable Weak               Min:  0.0, Avg:  0.1, Max:  0.1, Diff:  0.1, Sum:  0.4, Workers: 4
[2036.594s][debug][gc,phases      ] GC(46)     Dead                           Min: 0, Avg:  0.0, Max: 0, Diff: 0, Sum: 0, Workers: 4
[2036.594s][debug][gc,phases      ] GC(46)     Total                          Min: 0, Avg: 11425.0, Max: 19268, Diff: 19268, Sum: 45700, Workers: 4
[2036.594s][debug][gc,phases      ] GC(46)   ResolvedMethodTable Weak       Min:  0.0, Avg:  0.0, Max:  0.0, Diff:  0.0, Sum:  0.1, Workers: 4
[2036.594s][debug][gc,phases      ] GC(46)     Dead                           Min: 0, Avg:  4.8, Max: 19, Diff: 19, Sum: 19, Workers: 4
[2036.594s][debug][gc,phases      ] GC(46)     Total                          Min: 0, Avg: 3973.8, Max: 6463, Diff: 6463, Sum: 15895, Workers: 4
[2036.594s][debug][gc,phases      ] GC(46)   JNI Weak                       Min:  0.0, Avg:  0.0, Max:  0.0, Diff:  0.0, Sum:  0.0, Workers: 4
[2036.594s][debug][gc,phases      ] GC(46)     Dead                           Min: 0, Avg:  0.0, Max: 0, Diff: 0, Sum: 0, Workers: 4
[2036.594s][debug][gc,phases      ] GC(46)     Total                          Min: 0, Avg: 12.0, Max: 48, Diff: 48, Sum: 48, Workers: 4
[2036.594s][debug][gc,phases      ] GC(46)   StringDedup Table Weak         Min:  0.0, Avg:  0.0, Max:  0.0, Diff:  0.0, Sum:  0.0, Workers: 4
[2036.594s][debug][gc,phases      ] GC(46)     Dead                           Min: 0, Avg:  0.0, Max: 0, Diff: 0, Sum: 0, Workers: 4
[2036.594s][debug][gc,phases      ] GC(46)     Total                          Min: 0, Avg:  0.0, Max: 0, Diff: 0, Sum: 0, Workers: 4
[2036.594s][debug][gc,phases      ] GC(46)   StringDedup Requests0 Weak     Min:  0.0, Avg:  0.0, Max:  0.0, Diff:  0.0, Sum:  0.0, Workers: 4
[2036.594s][debug][gc,phases      ] GC(46)     Dead                           Min: 0, Avg:  0.0, Max: 0, Diff: 0, Sum: 0, Workers: 4
[2036.594s][debug][gc,phases      ] GC(46)     Total                          Min: 0, Avg:  0.0, Max: 0, Diff: 0, Sum: 0, Workers: 4
[2036.594s][debug][gc,phases      ] GC(46)   StringDedup Requests1 Weak     Min:  0.0, Avg:  0.0, Max:  0.0, Diff:  0.0, Sum:  0.0, Workers: 4
[2036.594s][debug][gc,phases      ] GC(46)     Dead                           Min: 0, Avg:  0.0, Max: 0, Diff: 0, Sum: 0, Workers: 4
[2036.594s][debug][gc,phases      ] GC(46)     Total                          Min: 0, Avg:  0.0, Max: 0, Diff: 0, Sum: 0, Workers: 4
[2036.594s][debug][gc,phases      ] GC(46)   Weak JFR Old Object Samples    Min:  0.0, Avg:  0.0, Max:  0.0, Diff:  0.0, Sum:  0.0, Workers: 4
[2036.594s][debug][gc,phases      ] GC(46)     Dead                           Min: 0, Avg:  0.0, Max: 0, Diff: 0, Sum: 0, Workers: 4
[2036.594s][debug][gc,phases      ] GC(46)     Total                          Min: 0, Avg:  0.0, Max: 0, Diff: 0, Sum: 0, Workers: 4
[2036.594s][debug][gc,phases      ] GC(46) Weak Processing 0.391ms
[2036.594s][debug][gc,age         ] GC(46) Desired survivor size 62914560 bytes, new threshold 1 (max threshold 15)
[2036.594s][info ][gc,heap        ] GC(46) PSYoungGen: 1961488K(2025984K)->9616K(2035712K) Eden: 1958400K(1958400K)->0K(1970688K) From: 3088K(67584K)->9616K(65024K)
[2036.594s][info ][gc,heap        ] GC(46) ParOldGen: 534471K(534528K)->534975K(535040K)
[2036.594s][info ][gc,metaspace   ] GC(46) Metaspace: 105122K(106496K)->105122K(106496K) NonClass: 89224K(89984K)->89224K(89984K) Class: 15898K(16512K)->15898K(16512K)
[2036.594s][info ][gc             ] GC(46) Pause Young (Allocation Failure) 2437M->531M(2510M) 6.433ms
[2036.594s][info ][gc,cpu         ] GC(46) User=0.02s Sys=0.00s Real=0.01s
[2036.594s][info ][safepoint      ] Safepoint "ParallelGCFailedAllocation", Time since last: 657745913 ns, Reaching safepoint: 6800 ns, Cleanup: 3600 ns, At safepoint: 6503849 ns, Total: 6514249 ns
[2042.952s][info ][safepoint      ] Safepoint "Cleanup", Time since last: 6357757501 ns, Reaching safepoint: 7699 ns, Cleanup: 10600 ns, At safepoint: 2800 ns, Total: 21099 ns
[2043.952s][info ][safepoint      ] Safepoint "Cleanup", Time since last: 1000186221 ns, Reaching safepoint: 9000 ns, Cleanup: 9500 ns, At safepoint: 2700 ns, Total: 21200 ns
[2047.952s][info ][safepoint      ] Safepoint "Cleanup", Time since last: 4000356562 ns, Reaching safepoint: 9600 ns, Cleanup: 14000 ns, At safepoint: 2699 ns, Total: 26299 ns
[2048.953s][info ][safepoint      ] Safepoint "Cleanup", Time since last: 1000125704 ns, Reaching safepoint: 6800 ns, Cleanup: 13300 ns, At safepoint: 2400 ns, Total: 22500 ns
[2053.953s][info ][safepoint      ] Safepoint "Cleanup", Time since last: 5000396520 ns, Reaching safepoint: 7100 ns, Cleanup: 12500 ns, At safepoint: 2400 ns, Total: 22000 ns
[2056.953s][info ][safepoint      ] Safepoint "Cleanup", Time since last: 3000272755 ns, Reaching safepoint: 8500 ns, Cleanup: 21500 ns, At safepoint: 2700 ns, Total: 32700 ns
[2059.954s][info ][safepoint      ] Safepoint "Cleanup", Time since last: 3000251123 ns, Reaching safepoint: 8400 ns, Cleanup: 12300 ns, At safepoint: 2300 ns, Total: 23000 ns
[2060.954s][info ][safepoint      ] Safepoint "Cleanup", Time since last: 1000118774 ns, Reaching safepoint: 7900 ns, Cleanup: 10100 ns, At safepoint: 2500 ns, Total: 20500 ns
[2063.954s][info ][safepoint      ] Safepoint "Cleanup", Time since last: 3000263467 ns, Reaching safepoint: 7900 ns, Cleanup: 10600 ns, At safepoint: 2700 ns, Total: 21200 ns
[2065.954s][info ][safepoint      ] Safepoint "Cleanup", Time since last: 2000196841 ns, Reaching safepoint: 8300 ns, Cleanup: 18200 ns, At safepoint: 2600 ns, Total: 29100 ns
[2067.954s][info ][safepoint      ] Safepoint "Cleanup", Time since last: 2000186642 ns, Reaching safepoint: 82200 ns, Cleanup: 19099 ns, At safepoint: 5900 ns, Total: 107199 ns
[2068.955s][info ][safepoint      ] Safepoint "Cleanup", Time since last: 1000112571 ns, Reaching safepoint: 7600 ns, Cleanup: 10700 ns, At safepoint: 2200 ns, Total: 20500 ns
[2075.955s][info ][safepoint      ] Safepoint "Cleanup", Time since last: 7000568043 ns, Reaching safepoint: 6800 ns, Cleanup: 10500 ns, At safepoint: 27999 ns, Total: 45299 ns
[2078.956s][info ][safepoint      ] Safepoint "Cleanup", Time since last: 3000275865 ns, Reaching safepoint: 82799 ns, Cleanup: 9600 ns, At safepoint: 5800 ns, Total: 98199 ns
[2080.956s][info ][safepoint      ] Safepoint "Cleanup", Time since last: 2000192640 ns, Reaching safepoint: 6400 ns, Cleanup: 9100 ns, At safepoint: 2200 ns, Total: 17700 ns
[2084.956s][info ][safepoint      ] Safepoint "Cleanup", Time since last: 4000345081 ns, Reaching safepoint: 8099 ns, Cleanup: 10000 ns, At safepoint: 3100 ns, Total: 21199 ns
[2088.957s][info ][safepoint      ] Safepoint "Cleanup", Time since last: 4000333181 ns, Reaching safepoint: 6600 ns, Cleanup: 13200 ns, At safepoint: 2300 ns, Total: 22100 ns
[2089.957s][info ][safepoint      ] Safepoint "Cleanup", Time since last: 1000124620 ns, Reaching safepoint: 7900 ns, Cleanup: 15099 ns, At safepoint: 3200 ns, Total: 26199 ns
[2090.418s][info ][gc,start       ] GC(47) Pause Young (Allocation Failure)
[2090.427s][debug][gc,phases      ] GC(47) Scavenge 8.612ms
[2090.427s][debug][gc,ref         ] GC(47) ReferenceProcessor::execute queues: 1, RefProcThreadModel::Single, marks_oops_alive: false
[2090.427s][debug][gc,ref         ] GC(47) Skipped KeepAliveFinalRefsPhase of Reference Processing: no references
[2090.427s][debug][gc,ref         ] GC(47) ReferenceProcessor::execute queues: 1, RefProcThreadModel::Single, marks_oops_alive: false
[2090.427s][debug][gc,phases      ] GC(47) Reference Processing 0.101ms
[2090.427s][debug][gc,phases      ] GC(47)   VM Weak                        Min:  0.0, Avg:  0.0, Max:  0.0, Diff:  0.0, Sum:  0.0, Workers: 4
[2090.427s][debug][gc,phases      ] GC(47)     Dead                           Min: 0, Avg:  0.0, Max: 0, Diff: 0, Sum: 0, Workers: 4
[2090.427s][debug][gc,phases      ] GC(47)     Total                          Min: 0, Avg: 265.5, Max: 870, Diff: 870, Sum: 1062, Workers: 4
[2090.427s][debug][gc,phases      ] GC(47)   ObjectSynchronizer Weak        Min:  0.0, Avg:  0.0, Max:  0.0, Diff:  0.0, Sum:  0.0, Workers: 4
[2090.427s][debug][gc,phases      ] GC(47)     Dead                           Min: 0, Avg:  0.0, Max: 0, Diff: 0, Sum: 0, Workers: 4
[2090.427s][debug][gc,phases      ] GC(47)     Total                          Min: 0, Avg:  1.0, Max: 4, Diff: 4, Sum: 4, Workers: 4
[2090.427s][debug][gc,phases      ] GC(47)   JVMTI Tag Weak OopStorage      Min:  0.0, Avg:  0.0, Max:  0.0, Diff:  0.0, Sum:  0.0, Workers: 4
[2090.427s][debug][gc,phases      ] GC(47)     Dead                           Min: 0, Avg:  0.0, Max: 0, Diff: 0, Sum: 0, Workers: 4
[2090.427s][debug][gc,phases      ] GC(47)     Total                          Min: 0, Avg:  0.0, Max: 0, Diff: 0, Sum: 0, Workers: 4
[2090.427s][debug][gc,phases      ] GC(47)   StringTable Weak               Min:  0.0, Avg:  0.1, Max:  0.1, Diff:  0.1, Sum:  0.4, Workers: 4
[2090.427s][debug][gc,phases      ] GC(47)     Dead                           Min: 0, Avg:  0.0, Max: 0, Diff: 0, Sum: 0, Workers: 4
[2090.427s][debug][gc,phases      ] GC(47)     Total                          Min: 0, Avg: 11430.5, Max: 19776, Diff: 19776, Sum: 45722, Workers: 4
[2090.427s][debug][gc,phases      ] GC(47)   ResolvedMethodTable Weak       Min:  0.0, Avg:  0.0, Max:  0.0, Diff:  0.0, Sum:  0.1, Workers: 4
[2090.427s][debug][gc,phases      ] GC(47)     Dead                           Min: 0, Avg:  4.2, Max: 17, Diff: 17, Sum: 17, Workers: 4
[2090.427s][debug][gc,phases      ] GC(47)     Total                          Min: 0, Avg: 3974.2, Max: 6745, Diff: 6745, Sum: 15897, Workers: 4
[2090.427s][debug][gc,phases      ] GC(47)   JNI Weak                       Min:  0.0, Avg:  0.0, Max:  0.0, Diff:  0.0, Sum:  0.0, Workers: 4
[2090.427s][debug][gc,phases      ] GC(47)     Dead                           Min: 0, Avg:  0.0, Max: 0, Diff: 0, Sum: 0, Workers: 4
[2090.427s][debug][gc,phases      ] GC(47)     Total                          Min: 0, Avg: 12.0, Max: 48, Diff: 48, Sum: 48, Workers: 4
[2090.427s][debug][gc,phases      ] GC(47)   StringDedup Table Weak         Min:  0.0, Avg:  0.0, Max:  0.0, Diff:  0.0, Sum:  0.0, Workers: 4
[2090.427s][debug][gc,phases      ] GC(47)     Dead                           Min: 0, Avg:  0.0, Max: 0, Diff: 0, Sum: 0, Workers: 4
[2090.427s][debug][gc,phases      ] GC(47)     Total                          Min: 0, Avg:  0.0, Max: 0, Diff: 0, Sum: 0, Workers: 4
[2090.427s][debug][gc,phases      ] GC(47)   StringDedup Requests0 Weak     Min:  0.0, Avg:  0.0, Max:  0.0, Diff:  0.0, Sum:  0.0, Workers: 4
[2090.427s][debug][gc,phases      ] GC(47)     Dead                           Min: 0, Avg:  0.0, Max: 0, Diff: 0, Sum: 0, Workers: 4
[2090.427s][debug][gc,phases      ] GC(47)     Total                          Min: 0, Avg:  0.0, Max: 0, Diff: 0, Sum: 0, Workers: 4
[2090.427s][debug][gc,phases      ] GC(47)   StringDedup Requests1 Weak     Min:  0.0, Avg:  0.0, Max:  0.0, Diff:  0.0, Sum:  0.0, Workers: 4
[2090.428s][debug][gc,phases      ] GC(47)     Dead                           Min: 0, Avg:  0.0, Max: 0, Diff: 0, Sum: 0, Workers: 4
[2090.428s][debug][gc,phases      ] GC(47)     Total                          Min: 0, Avg:  0.0, Max: 0, Diff: 0, Sum: 0, Workers: 4
[2090.428s][debug][gc,phases      ] GC(47)   Weak JFR Old Object Samples    Min:  0.0, Avg:  0.0, Max:  0.0, Diff:  0.0, Sum:  0.0, Workers: 4
[2090.428s][debug][gc,phases      ] GC(47)     Dead                           Min: 0, Avg:  0.0, Max: 0, Diff: 0, Sum: 0, Workers: 4
[2090.428s][debug][gc,phases      ] GC(47)     Total                          Min: 0, Avg:  0.0, Max: 0, Diff: 0, Sum: 0, Workers: 4
[2090.428s][debug][gc,phases      ] GC(47) Weak Processing 0.394ms
[2090.428s][debug][gc,age         ] GC(47) Desired survivor size 59244544 bytes, new threshold 1 (max threshold 15)
[2090.428s][info ][gc,heap        ] GC(47) PSYoungGen: 1980304K(2035712K)->12256K(2032128K) Eden: 1970688K(1970688K)->0K(1970688K) From: 9616K(65024K)->12256K(61440K)
[2090.428s][info ][gc,heap        ] GC(47) ParOldGen: 534975K(535040K)->540145K(540160K)
[2090.428s][info ][gc,metaspace   ] GC(47) Metaspace: 105142K(106560K)->105142K(106560K) NonClass: 89243K(90048K)->89243K(90048K) Class: 15899K(16512K)->15899K(16512K)
[2090.428s][info ][gc             ] GC(47) Pause Young (Allocation Failure) 2456M->539M(2512M) 9.230ms
[2090.428s][info ][gc,cpu         ] GC(47) User=0.03s Sys=0.00s Real=0.01s
[2090.428s][info ][safepoint      ] Safepoint "ParallelGCFailedAllocation", Time since last: 461606556 ns, Reaching safepoint: 8000 ns, Cleanup: 4200 ns, At safepoint: 9309628 ns, Total: 9321828 ns
[2091.428s][info ][safepoint      ] Safepoint "Cleanup", Time since last: 1000082320 ns, Reaching safepoint: 6600 ns, Cleanup: 11500 ns, At safepoint: 1900 ns, Total: 20000 ns
[2093.428s][info ][safepoint      ] Safepoint "Cleanup", Time since last: 2000172540 ns, Reaching safepoint: 6700 ns, Cleanup: 12600 ns, At safepoint: 2200 ns, Total: 21500 ns
[2101.969s][info ][safepoint      ] Safepoint "Cleanup", Time since last: 8541006102 ns, Reaching safepoint: 7300 ns, Cleanup: 22900 ns, At safepoint: 2099 ns, Total: 32299 ns
[2103.969s][info ][safepoint      ] Safepoint "Cleanup", Time since last: 2000174480 ns, Reaching safepoint: 7100 ns, Cleanup: 10600 ns, At safepoint: 2400 ns, Total: 20100 ns
[2106.969s][info ][safepoint      ] Safepoint "Cleanup", Time since last: 3000244799 ns, Reaching safepoint: 7500 ns, Cleanup: 10900 ns, At safepoint: 2700 ns, Total: 21100 ns
[2110.970s][info ][safepoint      ] Safepoint "Cleanup", Time since last: 4000318072 ns, Reaching safepoint: 6800 ns, Cleanup: 10500 ns, At safepoint: 1900 ns, Total: 19200 ns
[2111.970s][info ][safepoint      ] Safepoint "Cleanup", Time since last: 1000107954 ns, Reaching safepoint: 7300 ns, Cleanup: 10699 ns, At safepoint: 2800 ns, Total: 20799 ns
[2113.970s][info ][safepoint      ] Safepoint "Cleanup", Time since last: 2000178208 ns, Reaching safepoint: 6700 ns, Cleanup: 10300 ns, At safepoint: 2200 ns, Total: 19200 ns
[2119.971s][info ][safepoint      ] Safepoint "Cleanup", Time since last: 6000440255 ns, Reaching safepoint: 9700 ns, Cleanup: 17800 ns, At safepoint: 3300 ns, Total: 30800 ns
[2121.134s][info ][gc,start       ] GC(48) Pause Young (CodeCache GC Threshold)
[2121.140s][debug][gc,phases      ] GC(48) Scavenge 6.214ms
[2121.140s][debug][gc,ref         ] GC(48) ReferenceProcessor::execute queues: 1, RefProcThreadModel::Single, marks_oops_alive: false
[2121.140s][debug][gc,ref         ] GC(48) Skipped KeepAliveFinalRefsPhase of Reference Processing: no references
[2121.140s][debug][gc,ref         ] GC(48) ReferenceProcessor::execute queues: 1, RefProcThreadModel::Single, marks_oops_alive: false
[2121.140s][debug][gc,phases      ] GC(48) Reference Processing 0.085ms
[2121.140s][debug][gc,phases      ] GC(48)   VM Weak                        Min:  0.0, Avg:  0.0, Max:  0.0, Diff:  0.0, Sum:  0.0, Workers: 4
[2121.140s][debug][gc,phases      ] GC(48)     Dead                           Min: 0, Avg:  0.0, Max: 0, Diff: 0, Sum: 0, Workers: 4
[2121.140s][debug][gc,phases      ] GC(48)     Total                          Min: 0, Avg: 265.5, Max: 934, Diff: 934, Sum: 1062, Workers: 4
[2121.140s][debug][gc,phases      ] GC(48)   ObjectSynchronizer Weak        Min:  0.0, Avg:  0.0, Max:  0.0, Diff:  0.0, Sum:  0.0, Workers: 4
[2121.140s][debug][gc,phases      ] GC(48)     Dead                           Min: 0, Avg:  0.0, Max: 0, Diff: 0, Sum: 0, Workers: 4
[2121.140s][debug][gc,phases      ] GC(48)     Total                          Min: 0, Avg:  1.0, Max: 4, Diff: 4, Sum: 4, Workers: 4
[2121.140s][debug][gc,phases      ] GC(48)   JVMTI Tag Weak OopStorage      Min:  0.0, Avg:  0.0, Max:  0.0, Diff:  0.0, Sum:  0.0, Workers: 4
[2121.140s][debug][gc,phases      ] GC(48)     Dead                           Min: 0, Avg:  0.0, Max: 0, Diff: 0, Sum: 0, Workers: 4
[2121.140s][debug][gc,phases      ] GC(48)     Total                          Min: 0, Avg:  0.0, Max: 0, Diff: 0, Sum: 0, Workers: 4
[2121.140s][debug][gc,phases      ] GC(48)   StringTable Weak               Min:  0.0, Avg:  0.1, Max:  0.1, Diff:  0.1, Sum:  0.4, Workers: 4
[2121.140s][debug][gc,phases      ] GC(48)     Dead                           Min: 0, Avg:  0.0, Max: 0, Diff: 0, Sum: 0, Workers: 4
[2121.140s][debug][gc,phases      ] GC(48)     Total                          Min: 0, Avg: 11431.5, Max: 19584, Diff: 19584, Sum: 45726, Workers: 4
[2121.140s][debug][gc,phases      ] GC(48)   ResolvedMethodTable Weak       Min:  0.0, Avg:  0.0, Max:  0.0, Diff:  0.0, Sum:  0.1, Workers: 4
[2121.140s][debug][gc,phases      ] GC(48)     Dead                           Min: 0, Avg:  4.0, Max: 16, Diff: 16, Sum: 16, Workers: 4
[2121.140s][debug][gc,phases      ] GC(48)     Total                          Min: 0, Avg: 3974.2, Max: 6701, Diff: 6701, Sum: 15897, Workers: 4
[2121.140s][debug][gc,phases      ] GC(48)   JNI Weak                       Min:  0.0, Avg:  0.0, Max:  0.0, Diff:  0.0, Sum:  0.0, Workers: 4
[2121.140s][debug][gc,phases      ] GC(48)     Dead                           Min: 0, Avg:  0.0, Max: 0, Diff: 0, Sum: 0, Workers: 4
[2121.140s][debug][gc,phases      ] GC(48)     Total                          Min: 0, Avg: 12.2, Max: 49, Diff: 49, Sum: 49, Workers: 4
[2121.140s][debug][gc,phases      ] GC(48)   StringDedup Table Weak         Min:  0.0, Avg:  0.0, Max:  0.0, Diff:  0.0, Sum:  0.0, Workers: 4
[2121.140s][debug][gc,phases      ] GC(48)     Dead                           Min: 0, Avg:  0.0, Max: 0, Diff: 0, Sum: 0, Workers: 4
[2121.140s][debug][gc,phases      ] GC(48)     Total                          Min: 0, Avg:  0.0, Max: 0, Diff: 0, Sum: 0, Workers: 4
[2121.140s][debug][gc,phases      ] GC(48)   StringDedup Requests0 Weak     Min:  0.0, Avg:  0.0, Max:  0.0, Diff:  0.0, Sum:  0.0, Workers: 4
[2121.140s][debug][gc,phases      ] GC(48)     Dead                           Min: 0, Avg:  0.0, Max: 0, Diff: 0, Sum: 0, Workers: 4
[2121.140s][debug][gc,phases      ] GC(48)     Total                          Min: 0, Avg:  0.0, Max: 0, Diff: 0, Sum: 0, Workers: 4
[2121.140s][debug][gc,phases      ] GC(48)   StringDedup Requests1 Weak     Min:  0.0, Avg:  0.0, Max:  0.0, Diff:  0.0, Sum:  0.0, Workers: 4
[2121.140s][debug][gc,phases      ] GC(48)     Dead                           Min: 0, Avg:  0.0, Max: 0, Diff: 0, Sum: 0, Workers: 4
[2121.141s][debug][gc,phases      ] GC(48)     Total                          Min: 0, Avg:  0.0, Max: 0, Diff: 0, Sum: 0, Workers: 4
[2121.141s][debug][gc,phases      ] GC(48)   Weak JFR Old Object Samples    Min:  0.0, Avg:  0.0, Max:  0.0, Diff:  0.0, Sum:  0.0, Workers: 4
[2121.141s][debug][gc,phases      ] GC(48)     Dead                           Min: 0, Avg:  0.0, Max: 0, Diff: 0, Sum: 0, Workers: 4
[2121.141s][debug][gc,phases      ] GC(48)     Total                          Min: 0, Avg:  0.0, Max: 0, Diff: 0, Sum: 0, Workers: 4
[2121.141s][debug][gc,phases      ] GC(48) Weak Processing 0.375ms
[2121.141s][debug][gc,age         ] GC(48) Desired survivor size 57147392 bytes, new threshold 1 (max threshold 15)
[2121.141s][info ][gc,heap        ] GC(48) PSYoungGen: 862485K(2032128K)->3968K(2041344K) Eden: 850229K(1970688K)->0K(1983488K) From: 12256K(61440K)->3968K(57856K)
[2121.141s][info ][gc,heap        ] GC(48) ParOldGen: 540145K(540160K)->549666K(549888K)
[2121.141s][info ][gc,metaspace   ] GC(48) Metaspace: 105162K(106560K)->105162K(106560K) NonClass: 89263K(90048K)->89263K(90048K) Class: 15899K(16512K)->15899K(16512K)
[2121.141s][info ][gc             ] GC(48) Pause Young (CodeCache GC Threshold) 1369M->540M(2530M) 6.788ms
[2121.141s][info ][gc,cpu         ] GC(48) User=0.02s Sys=0.00s Real=0.00s
[2121.141s][debug][gc,phases      ] GC(49) Pre Compact 0.007ms
[2121.141s][info ][gc,start       ] GC(49) Pause Full (CodeCache GC Threshold)
[2121.141s][info ][gc,phases,start] GC(49) Marking Phase
[2121.270s][debug][gc,phases      ] GC(49) Par Mark 129.402ms
[2121.271s][debug][gc,ref         ] GC(49) ReferenceProcessor::execute queues: 4, RefProcThreadModel::Multi, marks_oops_alive: false
[2121.272s][debug][gc,ref         ] GC(49) Skipped KeepAliveFinalRefsPhase of Reference Processing: no references
[2121.272s][debug][gc,ref         ] GC(49) ReferenceProcessor::execute queues: 1, RefProcThreadModel::Single, marks_oops_alive: false
[2121.272s][debug][gc,phases      ] GC(49) Reference Processing 2.279ms
[2121.273s][debug][gc,phases      ] GC(49)   VM Weak                        Min:  0.0, Avg:  0.0, Max:  0.0, Diff:  0.0, Sum:  0.0, Workers: 4
[2121.273s][debug][gc,phases      ] GC(49)     Dead                           Min: 0, Avg:  0.0, Max: 0, Diff: 0, Sum: 0, Workers: 4
[2121.273s][debug][gc,phases      ] GC(49)     Total                          Min: 0, Avg: 265.5, Max: 640, Diff: 640, Sum: 1062, Workers: 4
[2121.273s][debug][gc,phases      ] GC(49)   ObjectSynchronizer Weak        Min:  0.0, Avg:  0.0, Max:  0.0, Diff:  0.0, Sum:  0.0, Workers: 4
[2121.273s][debug][gc,phases      ] GC(49)     Dead                           Min: 0, Avg:  0.0, Max: 0, Diff: 0, Sum: 0, Workers: 4
[2121.273s][debug][gc,phases      ] GC(49)     Total                          Min: 0, Avg:  1.0, Max: 4, Diff: 4, Sum: 4, Workers: 4
[2121.273s][debug][gc,phases      ] GC(49)   JVMTI Tag Weak OopStorage      Min:  0.0, Avg:  0.0, Max:  0.0, Diff:  0.0, Sum:  0.0, Workers: 4
[2121.273s][debug][gc,phases      ] GC(49)     Dead                           Min: 0, Avg:  0.0, Max: 0, Diff: 0, Sum: 0, Workers: 4
[2121.273s][debug][gc,phases      ] GC(49)     Total                          Min: 0, Avg:  0.0, Max: 0, Diff: 0, Sum: 0, Workers: 4
[2121.273s][debug][gc,phases      ] GC(49)   StringTable Weak               Min:  0.0, Avg:  0.3, Max:  0.5, Diff:  0.5, Sum:  1.1, Workers: 4
[2121.273s][debug][gc,phases      ] GC(49)     Dead                           Min: 0, Avg:  0.0, Max: 0, Diff: 0, Sum: 0, Workers: 4
[2121.273s][debug][gc,phases      ] GC(49)     Total                          Min: 0, Avg: 11431.5, Max: 24960, Diff: 24960, Sum: 45726, Workers: 4
[2121.273s][debug][gc,phases      ] GC(49)   ResolvedMethodTable Weak       Min:  0.0, Avg:  0.0, Max:  0.1, Diff:  0.1, Sum:  0.2, Workers: 4
[2121.273s][debug][gc,phases      ] GC(49)     Dead                           Min: 0, Avg:  0.0, Max: 0, Diff: 0, Sum: 0, Workers: 4
[2121.273s][debug][gc,phases      ] GC(49)     Total                          Min: 0, Avg: 3974.2, Max: 8045, Diff: 8045, Sum: 15897, Workers: 4
[2121.273s][debug][gc,phases      ] GC(49)   JNI Weak                       Min:  0.0, Avg:  0.0, Max:  0.0, Diff:  0.0, Sum:  0.0, Workers: 4
[2121.273s][debug][gc,phases      ] GC(49)     Dead                           Min: 0, Avg:  0.0, Max: 0, Diff: 0, Sum: 0, Workers: 4
[2121.273s][debug][gc,phases      ] GC(49)     Total                          Min: 0, Avg: 12.2, Max: 49, Diff: 49, Sum: 49, Workers: 4
[2121.273s][debug][gc,phases      ] GC(49)   StringDedup Table Weak         Min:  0.0, Avg:  0.0, Max:  0.0, Diff:  0.0, Sum:  0.0, Workers: 4
[2121.273s][debug][gc,phases      ] GC(49)     Dead                           Min: 0, Avg:  0.0, Max: 0, Diff: 0, Sum: 0, Workers: 4
[2121.273s][debug][gc,phases      ] GC(49)     Total                          Min: 0, Avg:  0.0, Max: 0, Diff: 0, Sum: 0, Workers: 4
[2121.273s][debug][gc,phases      ] GC(49)   StringDedup Requests0 Weak     Min:  0.0, Avg:  0.0, Max:  0.0, Diff:  0.0, Sum:  0.0, Workers: 4
[2121.273s][debug][gc,phases      ] GC(49)     Dead                           Min: 0, Avg:  0.0, Max: 0, Diff: 0, Sum: 0, Workers: 4
[2121.273s][debug][gc,phases      ] GC(49)     Total                          Min: 0, Avg:  0.0, Max: 0, Diff: 0, Sum: 0, Workers: 4
[2121.273s][debug][gc,phases      ] GC(49)   StringDedup Requests1 Weak     Min:  0.0, Avg:  0.0, Max:  0.0, Diff:  0.0, Sum:  0.0, Workers: 4
[2121.273s][debug][gc,phases      ] GC(49)     Dead                           Min: 0, Avg:  0.0, Max: 0, Diff: 0, Sum: 0, Workers: 4
[2121.273s][debug][gc,phases      ] GC(49)     Total                          Min: 0, Avg:  0.0, Max: 0, Diff: 0, Sum: 0, Workers: 4
[2121.273s][debug][gc,phases      ] GC(49)   Weak JFR Old Object Samples    Min:  0.0, Avg:  0.0, Max:  0.0, Diff:  0.0, Sum:  0.0, Workers: 4
[2121.273s][debug][gc,phases      ] GC(49)     Dead                           Min: 0, Avg:  0.0, Max: 0, Diff: 0, Sum: 0, Workers: 4
[2121.273s][debug][gc,phases      ] GC(49)     Total                          Min: 0, Avg:  0.0, Max: 0, Diff: 0, Sum: 0, Workers: 4
[2121.273s][debug][gc,phases      ] GC(49) Weak Processing 0.716ms
[2121.273s][debug][gc,phases      ] GC(49) ClassLoaderData 0.138ms
[2121.273s][debug][gc,phases      ] GC(49) Trigger cleanups 0.000ms
[2121.334s][debug][gc,phases      ] GC(49) Purge Unlinked NMethods 1.860ms
[2121.334s][debug][gc,phases      ] GC(49) Unregister NMethods 0.001ms
[2121.334s][debug][gc,phases      ] GC(49) Free Code Blobs 0.247ms
[2121.334s][debug][gc,phases      ] GC(49) Class Unloading 60.751ms
[2121.334s][debug][gc,phases      ] GC(49) Report Object Count 0.001ms
[2121.334s][info ][gc,phases      ] GC(49) Marking Phase 193.218ms
[2121.334s][info ][gc,phases,start] GC(49) Summary Phase
[2121.334s][info ][gc,phases      ] GC(49) Summary Phase 0.019ms
[2121.334s][info ][gc,phases,start] GC(49) Adjust Roots
[2121.355s][info ][gc,phases      ] GC(49) Adjust Roots 20.844ms
[2121.355s][info ][gc,phases,start] GC(49) Compaction Phase
[2121.471s][info ][gc,phases      ] GC(49) Compaction Phase 116.570ms
[2121.471s][info ][gc,phases,start] GC(49) Post Compact
[2121.476s][debug][gc,phases      ] GC(49) Purge Class Loader Data 1.102ms
[2121.476s][info ][gc,phases      ] GC(49) Post Compact 4.507ms
[2121.476s][info ][gc,heap        ] GC(49) PSYoungGen: 3968K(2041344K)->0K(2041344K) Eden: 0K(1983488K)->0K(1983488K) From: 3968K(57856K)->0K(57856K)
[2121.476s][info ][gc,heap        ] GC(49) ParOldGen: 549666K(549888K)->335204K(549888K)
[2121.476s][info ][gc,metaspace   ] GC(49) Metaspace: 105162K(106560K)->105162K(106560K) NonClass: 89263K(90048K)->89263K(90048K) Class: 15899K(16512K)->15899K(16512K)
[2121.476s][info ][gc             ] GC(49) Pause Full (CodeCache GC Threshold) 540M->327M(2530M) 335.303ms
[2121.476s][info ][gc,cpu         ] GC(49) User=0.83s Sys=0.08s Real=0.34s
[2121.477s][info ][safepoint      ] Safepoint "ParallelGCSystemGC", Time since last: 1163131808 ns, Reaching safepoint: 80799 ns, Cleanup: 6500 ns, At safepoint: 342936878 ns, Total: 343024177 ns
[2122.477s][info ][safepoint      ] Safepoint "Cleanup", Time since last: 1000125954 ns, Reaching safepoint: 7999 ns, Cleanup: 153599 ns, At safepoint: 4600 ns, Total: 166198 ns
[2123.477s][info ][safepoint      ] Safepoint "Cleanup", Time since last: 1000114754 ns, Reaching safepoint: 8500 ns, Cleanup: 30300 ns, At safepoint: 2900 ns, Total: 41700 ns
[2125.477s][info ][safepoint      ] Safepoint "Cleanup", Time since last: 2000180207 ns, Reaching safepoint: 78100 ns, Cleanup: 10900 ns, At safepoint: 6299 ns, Total: 95299 ns
[2135.478s][info ][safepoint      ] Safepoint "Cleanup", Time since last: 10000700223 ns, Reaching safepoint: 7700 ns, Cleanup: 10900 ns, At safepoint: 2800 ns, Total: 21400 ns
[2137.478s][info ][safepoint      ] Safepoint "Cleanup", Time since last: 2000204700 ns, Reaching safepoint: 10100 ns, Cleanup: 11500 ns, At safepoint: 2700 ns, Total: 24300 ns
[2149.479s][info ][safepoint      ] Safepoint "Cleanup", Time since last: 12000891960 ns, Reaching safepoint: 7500 ns, Cleanup: 11400 ns, At safepoint: 2100 ns, Total: 21000 ns
[2153.480s][info ][safepoint      ] Safepoint "Cleanup", Time since last: 4000310618 ns, Reaching safepoint: 9600 ns, Cleanup: 22600 ns, At safepoint: 2600 ns, Total: 34800 ns
[2155.480s][info ][safepoint      ] Safepoint "Cleanup", Time since last: 2000192207 ns, Reaching safepoint: 8300 ns, Cleanup: 17000 ns, At safepoint: 2400 ns, Total: 27700 ns
[2156.480s][info ][safepoint      ] Safepoint "Cleanup", Time since last: 1000114403 ns, Reaching safepoint: 8400 ns, Cleanup: 11800 ns, At safepoint: 2300 ns, Total: 22500 ns
[2157.480s][info ][safepoint      ] Safepoint "Cleanup", Time since last: 1000117403 ns, Reaching safepoint: 8500 ns, Cleanup: 13000 ns, At safepoint: 2000 ns, Total: 23500 ns
[2164.987s][info ][safepoint      ] Safepoint "Cleanup", Time since last: 7506983060 ns, Reaching safepoint: 82300 ns, Cleanup: 10100 ns, At safepoint: 7200 ns, Total: 99600 ns
[2171.988s][info ][safepoint      ] Safepoint "Cleanup", Time since last: 7000546982 ns, Reaching safepoint: 7700 ns, Cleanup: 10299 ns, At safepoint: 28800 ns, Total: 46799 ns
[2176.988s][info ][safepoint      ] Safepoint "Cleanup", Time since last: 5000421721 ns, Reaching safepoint: 6200 ns, Cleanup: 18700 ns, At safepoint: 1800 ns, Total: 26700 ns
[2177.988s][info ][safepoint      ] Safepoint "Cleanup", Time since last: 1000093538 ns, Reaching safepoint: 5200 ns, Cleanup: 10000 ns, At safepoint: 15600 ns, Total: 30800 ns
[2179.989s][info ][safepoint      ] Safepoint "Cleanup", Time since last: 2000175876 ns, Reaching safepoint: 80800 ns, Cleanup: 8600 ns, At safepoint: 6200 ns, Total: 95600 ns
[2181.989s][info ][safepoint      ] Safepoint "Cleanup", Time since last: 2000187776 ns, Reaching safepoint: 6200 ns, Cleanup: 10100 ns, At safepoint: 1700 ns, Total: 18000 ns
[2184.989s][info ][safepoint      ] Safepoint "Cleanup", Time since last: 3000261416 ns, Reaching safepoint: 6100 ns, Cleanup: 11000 ns, At safepoint: 1800 ns, Total: 18900 ns
[2186.989s][info ][safepoint      ] Safepoint "Cleanup", Time since last: 2000173053 ns, Reaching safepoint: 5300 ns, Cleanup: 7900 ns, At safepoint: 1600 ns, Total: 14800 ns
[2192.990s][info ][safepoint      ] Safepoint "Cleanup", Time since last: 6000451381 ns, Reaching safepoint: 6000 ns, Cleanup: 10300 ns, At safepoint: 1800 ns, Total: 18100 ns
[2193.990s][info ][safepoint      ] Safepoint "Cleanup", Time since last: 1000107146 ns, Reaching safepoint: 6900 ns, Cleanup: 10700 ns, At safepoint: 2100 ns, Total: 19700 ns
[2194.990s][info ][safepoint      ] Safepoint "Cleanup", Time since last: 1000109646 ns, Reaching safepoint: 6200 ns, Cleanup: 10400 ns, At safepoint: 2200 ns, Total: 18800 ns
[2199.493s][info ][gc,start       ] GC(50) Pause Young (Allocation Failure)
[2199.496s][debug][gc,phases      ] GC(50) Scavenge 3.038ms
[2199.496s][debug][gc,ref         ] GC(50) ReferenceProcessor::execute queues: 1, RefProcThreadModel::Single, marks_oops_alive: false
[2199.496s][debug][gc,ref         ] GC(50) Skipped KeepAliveFinalRefsPhase of Reference Processing: no references
[2199.496s][debug][gc,ref         ] GC(50) ReferenceProcessor::execute queues: 1, RefProcThreadModel::Single, marks_oops_alive: false
[2199.496s][debug][gc,phases      ] GC(50) Reference Processing 0.131ms
[2199.496s][debug][gc,phases      ] GC(50)   VM Weak                        Min:  0.0, Avg:  0.0, Max:  0.0, Diff:  0.0, Sum:  0.0, Workers: 4
[2199.496s][debug][gc,phases      ] GC(50)     Dead                           Min: 0, Avg:  0.0, Max: 0, Diff: 0, Sum: 0, Workers: 4
[2199.496s][debug][gc,phases      ] GC(50)     Total                          Min: 0, Avg: 265.5, Max: 640, Diff: 640, Sum: 1062, Workers: 4
[2199.496s][debug][gc,phases      ] GC(50)   ObjectSynchronizer Weak        Min:  0.0, Avg:  0.0, Max:  0.0, Diff:  0.0, Sum:  0.0, Workers: 4
[2199.496s][debug][gc,phases      ] GC(50)     Dead                           Min: 0, Avg:  0.0, Max: 0, Diff: 0, Sum: 0, Workers: 4
[2199.496s][debug][gc,phases      ] GC(50)     Total                          Min: 0, Avg:  1.0, Max: 4, Diff: 4, Sum: 4, Workers: 4
[2199.496s][debug][gc,phases      ] GC(50)   JVMTI Tag Weak OopStorage      Min:  0.0, Avg:  0.0, Max:  0.0, Diff:  0.0, Sum:  0.0, Workers: 4
[2199.496s][debug][gc,phases      ] GC(50)     Dead                           Min: 0, Avg:  0.0, Max: 0, Diff: 0, Sum: 0, Workers: 4
[2199.496s][debug][gc,phases      ] GC(50)     Total                          Min: 0, Avg:  0.0, Max: 0, Diff: 0, Sum: 0, Workers: 4
[2199.496s][debug][gc,phases      ] GC(50)   StringTable Weak               Min:  0.1, Avg:  0.1, Max:  0.1, Diff:  0.0, Sum:  0.5, Workers: 4
[2199.496s][debug][gc,phases      ] GC(50)     Dead                           Min: 0, Avg:  0.0, Max: 0, Diff: 0, Sum: 0, Workers: 4
[2199.496s][debug][gc,phases      ] GC(50)     Total                          Min: 8640, Avg: 11433.2, Max: 12864, Diff: 4224, Sum: 45733, Workers: 4
[2199.496s][debug][gc,phases      ] GC(50)   ResolvedMethodTable Weak       Min:  0.0, Avg:  0.0, Max:  0.0, Diff:  0.0, Sum:  0.2, Workers: 4
[2199.496s][debug][gc,phases      ] GC(50)     Dead                           Min: 0, Avg:  4.5, Max: 18, Diff: 18, Sum: 18, Workers: 4
[2199.496s][debug][gc,phases      ] GC(50)     Total                          Min: 3891, Avg: 3975.8, Max: 4159, Diff: 268, Sum: 15903, Workers: 4
[2199.496s][debug][gc,phases      ] GC(50)   JNI Weak                       Min:  0.0, Avg:  0.0, Max:  0.0, Diff:  0.0, Sum:  0.0, Workers: 4
[2199.496s][debug][gc,phases      ] GC(50)     Dead                           Min: 0, Avg:  0.0, Max: 0, Diff: 0, Sum: 0, Workers: 4
[2199.496s][debug][gc,phases      ] GC(50)     Total                          Min: 0, Avg: 12.0, Max: 48, Diff: 48, Sum: 48, Workers: 4
[2199.496s][debug][gc,phases      ] GC(50)   StringDedup Table Weak         Min:  0.0, Avg:  0.0, Max:  0.0, Diff:  0.0, Sum:  0.0, Workers: 4
[2199.496s][debug][gc,phases      ] GC(50)     Dead                           Min: 0, Avg:  0.0, Max: 0, Diff: 0, Sum: 0, Workers: 4
[2199.496s][debug][gc,phases      ] GC(50)     Total                          Min: 0, Avg:  0.0, Max: 0, Diff: 0, Sum: 0, Workers: 4
[2199.496s][debug][gc,phases      ] GC(50)   StringDedup Requests0 Weak     Min:  0.0, Avg:  0.0, Max:  0.0, Diff:  0.0, Sum:  0.0, Workers: 4
[2199.496s][debug][gc,phases      ] GC(50)     Dead                           Min: 0, Avg:  0.0, Max: 0, Diff: 0, Sum: 0, Workers: 4
[2199.496s][debug][gc,phases      ] GC(50)     Total                          Min: 0, Avg:  0.0, Max: 0, Diff: 0, Sum: 0, Workers: 4
[2199.496s][debug][gc,phases      ] GC(50)   StringDedup Requests1 Weak     Min:  0.0, Avg:  0.0, Max:  0.0, Diff:  0.0, Sum:  0.0, Workers: 4
[2199.496s][debug][gc,phases      ] GC(50)     Dead                           Min: 0, Avg:  0.0, Max: 0, Diff: 0, Sum: 0, Workers: 4
[2199.496s][debug][gc,phases      ] GC(50)     Total                          Min: 0, Avg:  0.0, Max: 0, Diff: 0, Sum: 0, Workers: 4
[2199.496s][debug][gc,phases      ] GC(50)   Weak JFR Old Object Samples    Min:  0.0, Avg:  0.0, Max:  0.0, Diff:  0.0, Sum:  0.0, Workers: 4
[2199.496s][debug][gc,phases      ] GC(50)     Dead                           Min: 0, Avg:  0.0, Max: 0, Diff: 0, Sum: 0, Workers: 4
[2199.496s][debug][gc,phases      ] GC(50)     Total                          Min: 0, Avg:  0.0, Max: 0, Diff: 0, Sum: 0, Workers: 4
[2199.496s][debug][gc,phases      ] GC(50) Weak Processing 0.382ms
[2199.497s][debug][gc,age         ] GC(50) Desired survivor size 54525952 bytes, new threshold 1 (max threshold 15)
[2199.497s][info ][gc,heap        ] GC(50) PSYoungGen: 1983488K(2041344K)->4464K(2039296K) Eden: 1983488K(1983488K)->0K(1983488K) From: 0K(57856K)->4464K(55808K)
[2199.497s][info ][gc,heap        ] GC(50) ParOldGen: 335204K(549888K)->335204K(549888K)
[2199.497s][info ][gc,metaspace   ] GC(50) Metaspace: 105198K(106624K)->105198K(106624K) NonClass: 89295K(90112K)->89295K(90112K) Class: 15902K(16512K)->15902K(16512K)
[2199.497s][info ][gc             ] GC(50) Pause Young (Allocation Failure) 2264M->331M(2528M) 3.654ms
[2199.497s][info ][gc,cpu         ] GC(50) User=0.01s Sys=0.00s Real=0.00s
[2199.497s][info ][safepoint      ] Safepoint "ParallelGCFailedAllocation", Time since last: 4502796335 ns, Reaching safepoint: 6000 ns, Cleanup: 7900 ns, At safepoint: 3716772 ns, Total: 3730672 ns
[2201.497s][info ][safepoint      ] Safepoint "Cleanup", Time since last: 2000145605 ns, Reaching safepoint: 6000 ns, Cleanup: 9900 ns, At safepoint: 2100 ns, Total: 18000 ns
[2203.497s][info ][safepoint      ] Safepoint "Cleanup", Time since last: 2000173004 ns, Reaching safepoint: 6100 ns, Cleanup: 11500 ns, At safepoint: 2200 ns, Total: 19800 ns
[2208.497s][info ][safepoint      ] Safepoint "Cleanup", Time since last: 5000374753 ns, Reaching safepoint: 5900 ns, Cleanup: 10000 ns, At safepoint: 2100 ns, Total: 18000 ns
[2210.498s][info ][safepoint      ] Safepoint "Cleanup", Time since last: 2000173282 ns, Reaching safepoint: 7000 ns, Cleanup: 9900 ns, At safepoint: 2700 ns, Total: 19600 ns
[2218.498s][info ][safepoint      ] Safepoint "Cleanup", Time since last: 8000579782 ns, Reaching safepoint: 5800 ns, Cleanup: 9900 ns, At safepoint: 2000 ns, Total: 17700 ns
[2219.498s][info ][safepoint      ] Safepoint "Cleanup", Time since last: 1000102962 ns, Reaching safepoint: 6300 ns, Cleanup: 10800 ns, At safepoint: 1700 ns, Total: 18800 ns
[2220.498s][info ][safepoint      ] Safepoint "Cleanup", Time since last: 1000102062 ns, Reaching safepoint: 6100 ns, Cleanup: 9300 ns, At safepoint: 1800 ns, Total: 17200 ns
[2225.004s][info ][safepoint      ] Safepoint "Cleanup", Time since last: 4505649923 ns, Reaching safepoint: 7700 ns, Cleanup: 10500 ns, At safepoint: 2800 ns, Total: 21000 ns
[2232.005s][info ][safepoint      ] Safepoint "Cleanup", Time since last: 7000560189 ns, Reaching safepoint: 6900 ns, Cleanup: 8500 ns, At safepoint: 2300 ns, Total: 17700 ns
[2233.005s][info ][safepoint      ] Safepoint "Cleanup", Time since last: 1000100073 ns, Reaching safepoint: 7100 ns, Cleanup: 11900 ns, At safepoint: 1800 ns, Total: 20800 ns
[2234.005s][info ][safepoint      ] Safepoint "Cleanup", Time since last: 1000096774 ns, Reaching safepoint: 7200 ns, Cleanup: 9600 ns, At safepoint: 2200 ns, Total: 19000 ns
[2235.005s][info ][safepoint      ] Safepoint "Cleanup", Time since last: 1000130374 ns, Reaching safepoint: 7499 ns, Cleanup: 13100 ns, At safepoint: 2900 ns, Total: 23499 ns
[2239.005s][info ][safepoint      ] Safepoint "Cleanup", Time since last: 4000325228 ns, Reaching safepoint: 6700 ns, Cleanup: 14600 ns, At safepoint: 1800 ns, Total: 23100 ns
[2240.005s][info ][safepoint      ] Safepoint "Cleanup", Time since last: 1000099316 ns, Reaching safepoint: 6600 ns, Cleanup: 8500 ns, At safepoint: 2100 ns, Total: 17200 ns
[2241.006s][info ][safepoint      ] Safepoint "Cleanup", Time since last: 1000111716 ns, Reaching safepoint: 8300 ns, Cleanup: 11300 ns, At safepoint: 2600 ns, Total: 22200 ns
[2242.006s][info ][safepoint      ] Safepoint "Cleanup", Time since last: 1000108916 ns, Reaching safepoint: 6600 ns, Cleanup: 11100 ns, At safepoint: 2600 ns, Total: 20300 ns
[2243.006s][info ][safepoint      ] Safepoint "Cleanup", Time since last: 1000120416 ns, Reaching safepoint: 6700 ns, Cleanup: 10300 ns, At safepoint: 1800 ns, Total: 18800 ns
[2246.006s][info ][safepoint      ] Safepoint "Cleanup", Time since last: 3000251349 ns, Reaching safepoint: 6400 ns, Cleanup: 10300 ns, At safepoint: 2400 ns, Total: 19100 ns
[2248.006s][info ][safepoint      ] Safepoint "Cleanup", Time since last: 2000182984 ns, Reaching safepoint: 7600 ns, Cleanup: 11400 ns, At safepoint: 2600 ns, Total: 21600 ns
[2249.006s][info ][safepoint      ] Safepoint "Cleanup", Time since last: 1000118612 ns, Reaching safepoint: 7300 ns, Cleanup: 10200 ns, At safepoint: 2600 ns, Total: 20100 ns
[2257.007s][info ][safepoint      ] Safepoint "Cleanup", Time since last: 8000610547 ns, Reaching safepoint: 8000 ns, Cleanup: 11500 ns, At safepoint: 3200 ns, Total: 22700 ns
[2258.007s][info ][safepoint      ] Safepoint "Cleanup", Time since last: 1000128170 ns, Reaching safepoint: 7700 ns, Cleanup: 10800 ns, At safepoint: 3000 ns, Total: 21500 ns
[2259.007s][info ][safepoint      ] Safepoint "Cleanup", Time since last: 1000123570 ns, Reaching safepoint: 7900 ns, Cleanup: 11300 ns, At safepoint: 3300 ns, Total: 22500 ns
[2263.008s][info ][safepoint      ] Safepoint "Cleanup", Time since last: 4000355247 ns, Reaching safepoint: 6900 ns, Cleanup: 15300 ns, At safepoint: 2100 ns, Total: 24300 ns
[2270.396s][info ][gc,start       ] GC(51) Pause Young (Allocation Failure)
[2270.399s][debug][gc,phases      ] GC(51) Scavenge 3.394ms
[2270.399s][debug][gc,ref         ] GC(51) ReferenceProcessor::execute queues: 1, RefProcThreadModel::Single, marks_oops_alive: false
[2270.399s][debug][gc,ref         ] GC(51) Skipped KeepAliveFinalRefsPhase of Reference Processing: no references
[2270.399s][debug][gc,ref         ] GC(51) ReferenceProcessor::execute queues: 1, RefProcThreadModel::Single, marks_oops_alive: false
[2270.399s][debug][gc,phases      ] GC(51) Reference Processing 0.118ms
[2270.400s][debug][gc,phases      ] GC(51)   VM Weak                        Min:  0.0, Avg:  0.0, Max:  0.0, Diff:  0.0, Sum:  0.0, Workers: 4
[2270.400s][debug][gc,phases      ] GC(51)     Dead                           Min: 0, Avg:  0.0, Max: 0, Diff: 0, Sum: 0, Workers: 4
[2270.400s][debug][gc,phases      ] GC(51)     Total                          Min: 0, Avg: 265.5, Max: 614, Diff: 614, Sum: 1062, Workers: 4
[2270.400s][debug][gc,phases      ] GC(51)   ObjectSynchronizer Weak        Min:  0.0, Avg:  0.0, Max:  0.0, Diff:  0.0, Sum:  0.0, Workers: 4
[2270.400s][debug][gc,phases      ] GC(51)     Dead                           Min: 0, Avg:  0.0, Max: 0, Diff: 0, Sum: 0, Workers: 4
[2270.400s][debug][gc,phases      ] GC(51)     Total                          Min: 0, Avg:  1.0, Max: 4, Diff: 4, Sum: 4, Workers: 4
[2270.400s][debug][gc,phases      ] GC(51)   JVMTI Tag Weak OopStorage      Min:  0.0, Avg:  0.0, Max:  0.0, Diff:  0.0, Sum:  0.0, Workers: 4
[2270.400s][debug][gc,phases      ] GC(51)     Dead                           Min: 0, Avg:  0.0, Max: 0, Diff: 0, Sum: 0, Workers: 4
[2270.400s][debug][gc,phases      ] GC(51)     Total                          Min: 0, Avg:  0.0, Max: 0, Diff: 0, Sum: 0, Workers: 4
[2270.400s][debug][gc,phases      ] GC(51)   StringTable Weak               Min:  0.0, Avg:  0.1, Max:  0.1, Diff:  0.1, Sum:  0.4, Workers: 4
[2270.400s][debug][gc,phases      ] GC(51)     Dead                           Min: 0, Avg:  0.0, Max: 0, Diff: 0, Sum: 0, Workers: 4
[2270.400s][debug][gc,phases      ] GC(51)     Total                          Min: 0, Avg: 11434.0, Max: 15336, Diff: 15336, Sum: 45736, Workers: 4
[2270.400s][debug][gc,phases      ] GC(51)   ResolvedMethodTable Weak       Min:  0.0, Avg:  0.0, Max:  0.1, Diff:  0.1, Sum:  0.2, Workers: 4
[2270.400s][debug][gc,phases      ] GC(51)     Dead                           Min: 0, Avg:  4.0, Max: 16, Diff: 16, Sum: 16, Workers: 4
[2270.400s][debug][gc,phases      ] GC(51)     Total                          Min: 0, Avg: 3975.8, Max: 5440, Diff: 5440, Sum: 15903, Workers: 4
[2270.400s][debug][gc,phases      ] GC(51)   JNI Weak                       Min:  0.0, Avg:  0.0, Max:  0.0, Diff:  0.0, Sum:  0.0, Workers: 4
[2270.400s][debug][gc,phases      ] GC(51)     Dead                           Min: 0, Avg:  0.0, Max: 0, Diff: 0, Sum: 0, Workers: 4
[2270.400s][debug][gc,phases      ] GC(51)     Total                          Min: 0, Avg: 12.0, Max: 48, Diff: 48, Sum: 48, Workers: 4
[2270.400s][debug][gc,phases      ] GC(51)   StringDedup Table Weak         Min:  0.0, Avg:  0.0, Max:  0.0, Diff:  0.0, Sum:  0.0, Workers: 4
[2270.400s][debug][gc,phases      ] GC(51)     Dead                           Min: 0, Avg:  0.0, Max: 0, Diff: 0, Sum: 0, Workers: 4
[2270.400s][debug][gc,phases      ] GC(51)     Total                          Min: 0, Avg:  0.0, Max: 0, Diff: 0, Sum: 0, Workers: 4
[2270.400s][debug][gc,phases      ] GC(51)   StringDedup Requests0 Weak     Min:  0.0, Avg:  0.0, Max:  0.0, Diff:  0.0, Sum:  0.0, Workers: 4
[2270.400s][debug][gc,phases      ] GC(51)     Dead                           Min: 0, Avg:  0.0, Max: 0, Diff: 0, Sum: 0, Workers: 4
[2270.400s][debug][gc,phases      ] GC(51)     Total                          Min: 0, Avg:  0.0, Max: 0, Diff: 0, Sum: 0, Workers: 4
[2270.400s][debug][gc,phases      ] GC(51)   StringDedup Requests1 Weak     Min:  0.0, Avg:  0.0, Max:  0.0, Diff:  0.0, Sum:  0.0, Workers: 4
[2270.400s][debug][gc,phases      ] GC(51)     Dead                           Min: 0, Avg:  0.0, Max: 0, Diff: 0, Sum: 0, Workers: 4
[2270.400s][debug][gc,phases      ] GC(51)     Total                          Min: 0, Avg:  0.0, Max: 0, Diff: 0, Sum: 0, Workers: 4
[2270.400s][debug][gc,phases      ] GC(51)   Weak JFR Old Object Samples    Min:  0.0, Avg:  0.0, Max:  0.0, Diff:  0.0, Sum:  0.0, Workers: 4
[2270.400s][debug][gc,phases      ] GC(51)     Dead                           Min: 0, Avg:  0.0, Max: 0, Diff: 0, Sum: 0, Workers: 4
[2270.400s][debug][gc,phases      ] GC(51)     Total                          Min: 0, Avg:  0.0, Max: 0, Diff: 0, Sum: 0, Workers: 4
[2270.400s][debug][gc,phases      ] GC(51) Weak Processing 0.473ms
[2270.400s][debug][gc,age         ] GC(51) Desired survivor size 51904512 bytes, new threshold 1 (max threshold 15)
[2270.400s][info ][gc,heap        ] GC(51) PSYoungGen: 1987952K(2039296K)->5905K(2046464K) Eden: 1983488K(1983488K)->0K(1993216K) From: 4464K(55808K)->5905K(53248K)
[2270.400s][info ][gc,heap        ] GC(51) ParOldGen: 335204K(549888K)->335789K(549888K)
[2270.400s][info ][gc,metaspace   ] GC(51) Metaspace: 105233K(106624K)->105233K(106624K) NonClass: 89330K(90112K)->89330K(90112K) Class: 15902K(16512K)->15902K(16512K)
[2270.400s][info ][gc             ] GC(51) Pause Young (Allocation Failure) 2268M->333M(2535M) 4.100ms
[2270.400s][info ][gc,cpu         ] GC(51) User=0.02s Sys=0.00s Real=0.00s
[2270.400s][info ][safepoint      ] Safepoint "ParallelGCFailedAllocation", Time since last: 7387921558 ns, Reaching safepoint: 6000 ns, Cleanup: 3600 ns, At safepoint: 4164368 ns, Total: 4173968 ns
[2280.401s][info ][safepoint      ] Safepoint "Cleanup", Time since last: 10000770258 ns, Reaching safepoint: 6800 ns, Cleanup: 13100 ns, At safepoint: 24200 ns, Total: 44100 ns
[2282.021s][info ][safepoint      ] Safepoint "Cleanup", Time since last: 1620211040 ns, Reaching safepoint: 8100 ns, Cleanup: 47099 ns, At safepoint: 2800 ns, Total: 57999 ns
[2285.021s][info ][safepoint      ] Safepoint "Cleanup", Time since last: 3000242783 ns, Reaching safepoint: 7200 ns, Cleanup: 13999 ns, At safepoint: 2200 ns, Total: 23399 ns
[2295.022s][info ][safepoint      ] Safepoint "Cleanup", Time since last: 10000733203 ns, Reaching safepoint: 7000 ns, Cleanup: 12599 ns, At safepoint: 1900 ns, Total: 21499 ns
[2304.023s][info ][safepoint      ] Safepoint "Cleanup", Time since last: 9000685264 ns, Reaching safepoint: 8900 ns, Cleanup: 12400 ns, At safepoint: 2400 ns, Total: 23700 ns
[2313.023s][info ][safepoint      ] Safepoint "Cleanup", Time since last: 9000635687 ns, Reaching safepoint: 9000 ns, Cleanup: 13600 ns, At safepoint: 3400 ns, Total: 26000 ns
[2315.024s][info ][safepoint      ] Safepoint "Cleanup", Time since last: 2000178574 ns, Reaching safepoint: 7100 ns, Cleanup: 8800 ns, At safepoint: 2500 ns, Total: 18400 ns
[2317.024s][info ][safepoint      ] Safepoint "Cleanup", Time since last: 2000200274 ns, Reaching safepoint: 8800 ns, Cleanup: 10900 ns, At safepoint: 3600 ns, Total: 23300 ns
[2319.024s][info ][safepoint      ] Safepoint "Cleanup", Time since last: 2000176503 ns, Reaching safepoint: 7100 ns, Cleanup: 23000 ns, At safepoint: 2800 ns, Total: 32900 ns
[2322.024s][info ][safepoint      ] Safepoint "Cleanup", Time since last: 3000244510 ns, Reaching safepoint: 7500 ns, Cleanup: 11000 ns, At safepoint: 2300 ns, Total: 20800 ns
[2324.024s][info ][safepoint      ] Safepoint "Cleanup", Time since last: 2000178673 ns, Reaching safepoint: 7500 ns, Cleanup: 10800 ns, At safepoint: 2500 ns, Total: 20800 ns
[2326.451s][info ][gc,start       ] GC(52) Pause Young (Allocation Failure)
[2326.464s][debug][gc,phases      ] GC(52) Scavenge 13.263ms
[2326.464s][debug][gc,ref         ] GC(52) ReferenceProcessor::execute queues: 1, RefProcThreadModel::Single, marks_oops_alive: false
[2326.464s][debug][gc,ref         ] GC(52) Skipped KeepAliveFinalRefsPhase of Reference Processing: no references
[2326.464s][debug][gc,ref         ] GC(52) ReferenceProcessor::execute queues: 1, RefProcThreadModel::Single, marks_oops_alive: false
[2326.464s][debug][gc,phases      ] GC(52) Reference Processing 0.134ms
[2326.465s][debug][gc,phases      ] GC(52)   VM Weak                        Min:  0.0, Avg:  0.0, Max:  0.0, Diff:  0.0, Sum:  0.0, Workers: 4
[2326.465s][debug][gc,phases      ] GC(52)     Dead                           Min: 0, Avg:  0.0, Max: 0, Diff: 0, Sum: 0, Workers: 4
[2326.465s][debug][gc,phases      ] GC(52)     Total                          Min: 0, Avg: 265.5, Max: 870, Diff: 870, Sum: 1062, Workers: 4
[2326.465s][debug][gc,phases      ] GC(52)   ObjectSynchronizer Weak        Min:  0.0, Avg:  0.0, Max:  0.0, Diff:  0.0, Sum:  0.0, Workers: 4
[2326.465s][debug][gc,phases      ] GC(52)     Dead                           Min: 0, Avg:  0.0, Max: 0, Diff: 0, Sum: 0, Workers: 4
[2326.465s][debug][gc,phases      ] GC(52)     Total                          Min: 0, Avg:  1.0, Max: 4, Diff: 4, Sum: 4, Workers: 4
[2326.465s][debug][gc,phases      ] GC(52)   JVMTI Tag Weak OopStorage      Min:  0.0, Avg:  0.0, Max:  0.0, Diff:  0.0, Sum:  0.0, Workers: 4
[2326.465s][debug][gc,phases      ] GC(52)     Dead                           Min: 0, Avg:  0.0, Max: 0, Diff: 0, Sum: 0, Workers: 4
[2326.465s][debug][gc,phases      ] GC(52)     Total                          Min: 0, Avg:  0.0, Max: 0, Diff: 0, Sum: 0, Workers: 4
[2326.465s][debug][gc,phases      ] GC(52)   StringTable Weak               Min:  0.0, Avg:  0.1, Max:  0.2, Diff:  0.2, Sum:  0.5, Workers: 4
[2326.465s][debug][gc,phases      ] GC(52)     Dead                           Min: 0, Avg:  0.0, Max: 0, Diff: 0, Sum: 0, Workers: 4
[2326.465s][debug][gc,phases      ] GC(52)     Total                          Min: 0, Avg: 11434.2, Max: 15977, Diff: 15977, Sum: 45737, Workers: 4
[2326.465s][debug][gc,phases      ] GC(52)   ResolvedMethodTable Weak       Min:  0.0, Avg:  0.0, Max:  0.1, Diff:  0.1, Sum:  0.2, Workers: 4
[2326.465s][debug][gc,phases      ] GC(52)     Dead                           Min: 0, Avg:  4.0, Max: 16, Diff: 16, Sum: 16, Workers: 4
[2326.465s][debug][gc,phases      ] GC(52)     Total                          Min: 0, Avg: 3975.8, Max: 5490, Diff: 5490, Sum: 15903, Workers: 4
[2326.465s][debug][gc,phases      ] GC(52)   JNI Weak                       Min:  0.0, Avg:  0.0, Max:  0.0, Diff:  0.0, Sum:  0.0, Workers: 4
[2326.465s][debug][gc,phases      ] GC(52)     Dead                           Min: 0, Avg:  0.0, Max: 0, Diff: 0, Sum: 0, Workers: 4
[2326.465s][debug][gc,phases      ] GC(52)     Total                          Min: 0, Avg: 12.0, Max: 48, Diff: 48, Sum: 48, Workers: 4
[2326.465s][debug][gc,phases      ] GC(52)   StringDedup Table Weak         Min:  0.0, Avg:  0.0, Max:  0.0, Diff:  0.0, Sum:  0.0, Workers: 4
[2326.465s][debug][gc,phases      ] GC(52)     Dead                           Min: 0, Avg:  0.0, Max: 0, Diff: 0, Sum: 0, Workers: 4
[2326.465s][debug][gc,phases      ] GC(52)     Total                          Min: 0, Avg:  0.0, Max: 0, Diff: 0, Sum: 0, Workers: 4
[2326.465s][debug][gc,phases      ] GC(52)   StringDedup Requests0 Weak     Min:  0.0, Avg:  0.0, Max:  0.0, Diff:  0.0, Sum:  0.0, Workers: 4
[2326.465s][debug][gc,phases      ] GC(52)     Dead                           Min: 0, Avg:  0.0, Max: 0, Diff: 0, Sum: 0, Workers: 4
[2326.465s][debug][gc,phases      ] GC(52)     Total                          Min: 0, Avg:  0.0, Max: 0, Diff: 0, Sum: 0, Workers: 4
[2326.465s][debug][gc,phases      ] GC(52)   StringDedup Requests1 Weak     Min:  0.0, Avg:  0.0, Max:  0.0, Diff:  0.0, Sum:  0.0, Workers: 4
[2326.465s][debug][gc,phases      ] GC(52)     Dead                           Min: 0, Avg:  0.0, Max: 0, Diff: 0, Sum: 0, Workers: 4
[2326.465s][debug][gc,phases      ] GC(52)     Total                          Min: 0, Avg:  0.0, Max: 0, Diff: 0, Sum: 0, Workers: 4
[2326.465s][debug][gc,phases      ] GC(52)   Weak JFR Old Object Samples    Min:  0.0, Avg:  0.0, Max:  0.0, Diff:  0.0, Sum:  0.0, Workers: 4
[2326.465s][debug][gc,phases      ] GC(52)     Dead                           Min: 0, Avg:  0.0, Max: 0, Diff: 0, Sum: 0, Workers: 4
[2326.465s][debug][gc,phases      ] GC(52)     Total                          Min: 0, Avg:  0.0, Max: 0, Diff: 0, Sum: 0, Workers: 4
[2326.465s][debug][gc,phases      ] GC(52) Weak Processing 0.529ms
[2326.465s][debug][gc,age         ] GC(52) Desired survivor size 49807360 bytes, new threshold 1 (max threshold 15)
[2326.465s][info ][gc,heap        ] GC(52) PSYoungGen: 1999121K(2046464K)->17122K(2043904K) Eden: 1993216K(1993216K)->0K(1993216K) From: 5905K(53248K)->17122K(50688K)
[2326.465s][info ][gc,heap        ] GC(52) ParOldGen: 335789K(549888K)->336973K(549888K)
[2326.465s][info ][gc,metaspace   ] GC(52) Metaspace: 105239K(106624K)->105239K(106624K) NonClass: 89336K(90112K)->89336K(90112K) Class: 15902K(16512K)->15902K(16512K)
[2326.465s][info ][gc             ] GC(52) Pause Young (Allocation Failure) 2280M->345M(2533M) 14.083ms
[2326.465s][info ][gc,cpu         ] GC(52) User=0.04s Sys=0.00s Real=0.02s
[2326.465s][info ][safepoint      ] Safepoint "ParallelGCFailedAllocation", Time since last: 2426427235 ns, Reaching safepoint: 82999 ns, Cleanup: 3400 ns, At safepoint: 14174096 ns, Total: 14260495 ns
[2370.040s][info ][safepoint      ] Safepoint "Cleanup", Time since last: 43575272309 ns, Reaching safepoint: 6900 ns, Cleanup: 15900 ns, At safepoint: 2600 ns, Total: 25400 ns
[2371.041s][info ][safepoint      ] Safepoint "Cleanup", Time since last: 1000111938 ns, Reaching safepoint: 6200 ns, Cleanup: 9800 ns, At safepoint: 2200 ns, Total: 18200 ns
[2376.041s][info ][safepoint      ] Safepoint "Cleanup", Time since last: 5000374834 ns, Reaching safepoint: 7600 ns, Cleanup: 12200 ns, At safepoint: 2199 ns, Total: 21999 ns
[2377.041s][info ][safepoint      ] Safepoint "Cleanup", Time since last: 1000105475 ns, Reaching safepoint: 6599 ns, Cleanup: 8700 ns, At safepoint: 2300 ns, Total: 17599 ns
[2378.041s][info ][safepoint      ] Safepoint "Cleanup", Time since last: 1000113974 ns, Reaching safepoint: 9700 ns, Cleanup: 13500 ns, At safepoint: 3100 ns, Total: 26300 ns
[2379.041s][info ][safepoint      ] Safepoint "Cleanup", Time since last: 1000119774 ns, Reaching safepoint: 7800 ns, Cleanup: 11700 ns, At safepoint: 2200 ns, Total: 21700 ns
[2380.041s][info ][safepoint      ] Safepoint "Cleanup", Time since last: 1000102174 ns, Reaching safepoint: 7200 ns, Cleanup: 12500 ns, At safepoint: 2200 ns, Total: 21900 ns
[2382.042s][info ][safepoint      ] Safepoint "Cleanup", Time since last: 2000172648 ns, Reaching safepoint: 7000 ns, Cleanup: 13200 ns, At safepoint: 1800 ns, Total: 22000 ns
[2384.042s][info ][safepoint      ] Safepoint "Cleanup", Time since last: 2000169643 ns, Reaching safepoint: 6200 ns, Cleanup: 12300 ns, At safepoint: 2000 ns, Total: 20500 ns
[2385.042s][info ][safepoint      ] Safepoint "Cleanup", Time since last: 1000098660 ns, Reaching safepoint: 6300 ns, Cleanup: 15300 ns, At safepoint: 2400 ns, Total: 24000 ns
[2386.042s][info ][safepoint      ] Safepoint "Cleanup", Time since last: 1000115760 ns, Reaching safepoint: 6700 ns, Cleanup: 10500 ns, At safepoint: 2300 ns, Total: 19500 ns
[2387.042s][info ][safepoint      ] Safepoint "Cleanup", Time since last: 1000103360 ns, Reaching safepoint: 7000 ns, Cleanup: 11900 ns, At safepoint: 2100 ns, Total: 21000 ns
[2388.042s][info ][safepoint      ] Safepoint "Cleanup", Time since last: 1000100760 ns, Reaching safepoint: 6300 ns, Cleanup: 14000 ns, At safepoint: 2100 ns, Total: 22400 ns
[2390.043s][info ][safepoint      ] Safepoint "Cleanup", Time since last: 2000181121 ns, Reaching safepoint: 7000 ns, Cleanup: 14700 ns, At safepoint: 2300 ns, Total: 24000 ns
[2392.043s][info ][safepoint      ] Safepoint "Cleanup", Time since last: 2000177128 ns, Reaching safepoint: 6800 ns, Cleanup: 10300 ns, At safepoint: 2200 ns, Total: 19300 ns
[2393.043s][info ][safepoint      ] Safepoint "Cleanup", Time since last: 1000102652 ns, Reaching safepoint: 6199 ns, Cleanup: 17000 ns, At safepoint: 2400 ns, Total: 25599 ns
[2403.055s][info ][safepoint      ] Safepoint "Cleanup", Time since last: 10012468745 ns, Reaching safepoint: 6900 ns, Cleanup: 10700 ns, At safepoint: 21199 ns, Total: 38799 ns
[2408.056s][info ][safepoint      ] Safepoint "Cleanup", Time since last: 5000401241 ns, Reaching safepoint: 6900 ns, Cleanup: 9700 ns, At safepoint: 2600 ns, Total: 19200 ns
[2413.056s][info ][safepoint      ] Safepoint "Cleanup", Time since last: 5000404523 ns, Reaching safepoint: 6600 ns, Cleanup: 13500 ns, At safepoint: 1900 ns, Total: 22000 ns
[2413.167s][info ][gc,start       ] GC(53) Pause Young (Allocation Failure)
[2413.178s][debug][gc,phases      ] GC(53) Scavenge 10.517ms
[2413.178s][debug][gc,ref         ] GC(53) ReferenceProcessor::execute queues: 1, RefProcThreadModel::Single, marks_oops_alive: false
[2413.178s][debug][gc,ref         ] GC(53) Skipped KeepAliveFinalRefsPhase of Reference Processing: no references
[2413.178s][debug][gc,ref         ] GC(53) ReferenceProcessor::execute queues: 1, RefProcThreadModel::Single, marks_oops_alive: false
[2413.178s][debug][gc,phases      ] GC(53) Reference Processing 0.129ms
[2413.178s][debug][gc,phases      ] GC(53)   VM Weak                        Min:  0.0, Avg:  0.0, Max:  0.0, Diff:  0.0, Sum:  0.0, Workers: 4
[2413.178s][debug][gc,phases      ] GC(53)     Dead                           Min: 0, Avg:  0.0, Max: 0, Diff: 0, Sum: 0, Workers: 4
[2413.178s][debug][gc,phases      ] GC(53)     Total                          Min: 0, Avg: 265.5, Max: 1062, Diff: 1062, Sum: 1062, Workers: 4
[2413.178s][debug][gc,phases      ] GC(53)   ObjectSynchronizer Weak        Min:  0.0, Avg:  0.0, Max:  0.0, Diff:  0.0, Sum:  0.0, Workers: 4
[2413.178s][debug][gc,phases      ] GC(53)     Dead                           Min: 0, Avg:  0.0, Max: 0, Diff: 0, Sum: 0, Workers: 4
[2413.179s][debug][gc,phases      ] GC(53)     Total                          Min: 0, Avg:  1.0, Max: 4, Diff: 4, Sum: 4, Workers: 4
[2413.179s][debug][gc,phases      ] GC(53)   JVMTI Tag Weak OopStorage      Min:  0.0, Avg:  0.0, Max:  0.0, Diff:  0.0, Sum:  0.0, Workers: 4
[2413.179s][debug][gc,phases      ] GC(53)     Dead                           Min: 0, Avg:  0.0, Max: 0, Diff: 0, Sum: 0, Workers: 4
[2413.179s][debug][gc,phases      ] GC(53)     Total                          Min: 0, Avg:  0.0, Max: 0, Diff: 0, Sum: 0, Workers: 4
[2413.179s][debug][gc,phases      ] GC(53)   StringTable Weak               Min:  0.0, Avg:  0.1, Max:  0.2, Diff:  0.2, Sum:  0.5, Workers: 4
[2413.179s][debug][gc,phases      ] GC(53)     Dead                           Min: 0, Avg:  0.0, Max: 0, Diff: 0, Sum: 0, Workers: 4
[2413.179s][debug][gc,phases      ] GC(53)     Total                          Min: 0, Avg: 11436.2, Max: 20017, Diff: 20017, Sum: 45745, Workers: 4
[2413.179s][debug][gc,phases      ] GC(53)   ResolvedMethodTable Weak       Min:  0.0, Avg:  0.1, Max:  0.4, Diff:  0.4, Sum:  0.5, Workers: 4
[2413.179s][debug][gc,phases      ] GC(53)     Dead                           Min: 0, Avg:  4.0, Max: 16, Diff: 16, Sum: 16, Workers: 4
[2413.179s][debug][gc,phases      ] GC(53)     Total                          Min: 0, Avg: 3976.2, Max: 7410, Diff: 7410, Sum: 15905, Workers: 4
[2413.179s][debug][gc,phases      ] GC(53)   JNI Weak                       Min:  0.0, Avg:  0.0, Max:  0.0, Diff:  0.0, Sum:  0.0, Workers: 4
[2413.179s][debug][gc,phases      ] GC(53)     Dead                           Min: 0, Avg:  0.0, Max: 0, Diff: 0, Sum: 0, Workers: 4
[2413.179s][debug][gc,phases      ] GC(53)     Total                          Min: 0, Avg: 12.2, Max: 49, Diff: 49, Sum: 49, Workers: 4
[2413.179s][debug][gc,phases      ] GC(53)   StringDedup Table Weak         Min:  0.0, Avg:  0.0, Max:  0.0, Diff:  0.0, Sum:  0.0, Workers: 4
[2413.179s][debug][gc,phases      ] GC(53)     Dead                           Min: 0, Avg:  0.0, Max: 0, Diff: 0, Sum: 0, Workers: 4
[2413.179s][debug][gc,phases      ] GC(53)     Total                          Min: 0, Avg:  0.0, Max: 0, Diff: 0, Sum: 0, Workers: 4
[2413.179s][debug][gc,phases      ] GC(53)   StringDedup Requests0 Weak     Min:  0.0, Avg:  0.0, Max:  0.0, Diff:  0.0, Sum:  0.0, Workers: 4
[2413.179s][debug][gc,phases      ] GC(53)     Dead                           Min: 0, Avg:  0.0, Max: 0, Diff: 0, Sum: 0, Workers: 4
[2413.179s][debug][gc,phases      ] GC(53)     Total                          Min: 0, Avg:  0.0, Max: 0, Diff: 0, Sum: 0, Workers: 4
[2413.179s][debug][gc,phases      ] GC(53)   StringDedup Requests1 Weak     Min:  0.0, Avg:  0.0, Max:  0.0, Diff:  0.0, Sum:  0.0, Workers: 4
[2413.179s][debug][gc,phases      ] GC(53)     Dead                           Min: 0, Avg:  0.0, Max: 0, Diff: 0, Sum: 0, Workers: 4
[2413.179s][debug][gc,phases      ] GC(53)     Total                          Min: 0, Avg:  0.0, Max: 0, Diff: 0, Sum: 0, Workers: 4
[2413.179s][debug][gc,phases      ] GC(53)   Weak JFR Old Object Samples    Min:  0.0, Avg:  0.0, Max:  0.0, Diff:  0.0, Sum:  0.0, Workers: 4
[2413.179s][debug][gc,phases      ] GC(53)     Dead                           Min: 0, Avg:  0.0, Max: 0, Diff: 0, Sum: 0, Workers: 4
[2413.179s][debug][gc,phases      ] GC(53)     Total                          Min: 0, Avg:  0.0, Max: 0, Diff: 0, Sum: 0, Workers: 4
[2413.179s][debug][gc,phases      ] GC(53) Weak Processing 0.913ms
[2413.179s][debug][gc,age         ] GC(53) Desired survivor size 47185920 bytes, new threshold 1 (max threshold 15)
[2413.179s][info ][gc,heap        ] GC(53) PSYoungGen: 2010338K(2043904K)->6400K(2051072K) Eden: 1993216K(1993216K)->0K(2002432K) From: 17122K(50688K)->6400K(48640K)
[2413.179s][info ][gc,heap        ] GC(53) ParOldGen: 336973K(549888K)->350458K(549888K)
[2413.179s][info ][gc,metaspace   ] GC(53) Metaspace: 105273K(106624K)->105273K(106624K) NonClass: 89370K(90112K)->89370K(90112K) Class: 15903K(16512K)->15903K(16512K)
[2413.179s][info ][gc             ] GC(53) Pause Young (Allocation Failure) 2292M->348M(2540M) 11.708ms
[2413.179s][info ][gc,cpu         ] GC(53) User=0.02s Sys=0.00s Real=0.01s
[2413.179s][info ][safepoint      ] Safepoint "ParallelGCFailedAllocation", Time since last: 100355847 ns, Reaching safepoint: 10392822 ns, Cleanup: 16099 ns, At safepoint: 11825112 ns, Total: 22234033 ns
[2414.179s][info ][safepoint      ] Safepoint "Cleanup", Time since last: 1000095390 ns, Reaching safepoint: 9300 ns, Cleanup: 19000 ns, At safepoint: 2600 ns, Total: 30900 ns
[2421.180s][info ][safepoint      ] Safepoint "Cleanup", Time since last: 7000549480 ns, Reaching safepoint: 8200 ns, Cleanup: 11700 ns, At safepoint: 2200 ns, Total: 22100 ns
[2444.181s][info ][safepoint      ] Safepoint "Cleanup", Time since last: 23001707295 ns, Reaching safepoint: 84199 ns, Cleanup: 10700 ns, At safepoint: 7700 ns, Total: 102599 ns
[2450.182s][info ][safepoint      ] Safepoint "Cleanup", Time since last: 6000471268 ns, Reaching safepoint: 83000 ns, Cleanup: 9399 ns, At safepoint: 6300 ns, Total: 98699 ns
[2454.182s][info ][safepoint      ] Safepoint "Cleanup", Time since last: 4000338644 ns, Reaching safepoint: 98699 ns, Cleanup: 14000 ns, At safepoint: 11400 ns, Total: 124099 ns
[2455.183s][info ][safepoint      ] Safepoint "Cleanup", Time since last: 1000125914 ns, Reaching safepoint: 80600 ns, Cleanup: 9200 ns, At safepoint: 6100 ns, Total: 95900 ns
[2458.183s][info ][safepoint      ] Safepoint "Cleanup", Time since last: 3000273604 ns, Reaching safepoint: 82500 ns, Cleanup: 19100 ns, At safepoint: 6600 ns, Total: 108200 ns
[2459.183s][info ][safepoint      ] Safepoint "Cleanup", Time since last: 1000105734 ns, Reaching safepoint: 82000 ns, Cleanup: 11200 ns, At safepoint: 6500 ns, Total: 99700 ns
[2463.073s][info ][safepoint      ] Safepoint "Cleanup", Time since last: 3889717150 ns, Reaching safepoint: 9100 ns, Cleanup: 12400 ns, At safepoint: 2600 ns, Total: 24100 ns
[2469.073s][info ][safepoint      ] Safepoint "Cleanup", Time since last: 6000444558 ns, Reaching safepoint: 8900 ns, Cleanup: 10699 ns, At safepoint: 2100 ns, Total: 21699 ns
[2470.074s][info ][safepoint      ] Safepoint "Cleanup", Time since last: 1000107210 ns, Reaching safepoint: 8600 ns, Cleanup: 13700 ns, At safepoint: 2000 ns, Total: 24300 ns
[2474.074s][info ][safepoint      ] Safepoint "Cleanup", Time since last: 4000314033 ns, Reaching safepoint: 6900 ns, Cleanup: 11900 ns, At safepoint: 2000 ns, Total: 20800 ns
[2479.074s][info ][safepoint      ] Safepoint "Cleanup", Time since last: 5000390470 ns, Reaching safepoint: 6200 ns, Cleanup: 10300 ns, At safepoint: 1700 ns, Total: 18200 ns
[2484.075s][info ][safepoint      ] Safepoint "Cleanup", Time since last: 5000389979 ns, Reaching safepoint: 6700 ns, Cleanup: 10200 ns, At safepoint: 2100 ns, Total: 19000 ns
[2488.075s][info ][safepoint      ] Safepoint "Cleanup", Time since last: 4000314455 ns, Reaching safepoint: 6600 ns, Cleanup: 10400 ns, At safepoint: 2200 ns, Total: 19200 ns
[2491.075s][info ][safepoint      ] Safepoint "Cleanup", Time since last: 3000247342 ns, Reaching safepoint: 6600 ns, Cleanup: 11000 ns, At safepoint: 2100 ns, Total: 19700 ns
[2493.075s][info ][safepoint      ] Safepoint "Cleanup", Time since last: 2000178495 ns, Reaching safepoint: 8100 ns, Cleanup: 15100 ns, At safepoint: 2500 ns, Total: 25700 ns
[2495.076s][info ][safepoint      ] Safepoint "Cleanup", Time since last: 2000186095 ns, Reaching safepoint: 6300 ns, Cleanup: 9900 ns, At safepoint: 2100 ns, Total: 18300 ns
[2503.283s][info ][gc,start       ] GC(54) Pause Young (Allocation Failure)
[2503.286s][debug][gc,phases      ] GC(54) Scavenge 3.255ms
[2503.286s][debug][gc,ref         ] GC(54) ReferenceProcessor::execute queues: 1, RefProcThreadModel::Single, marks_oops_alive: false
[2503.286s][debug][gc,ref         ] GC(54) Skipped KeepAliveFinalRefsPhase of Reference Processing: no references
[2503.286s][debug][gc,ref         ] GC(54) ReferenceProcessor::execute queues: 1, RefProcThreadModel::Single, marks_oops_alive: false
[2503.286s][debug][gc,phases      ] GC(54) Reference Processing 0.102ms
[2503.286s][debug][gc,phases      ] GC(54)   VM Weak                        Min:  0.0, Avg:  0.0, Max:  0.0, Diff:  0.0, Sum:  0.0, Workers: 4
[2503.286s][debug][gc,phases      ] GC(54)     Dead                           Min: 0, Avg:  0.0, Max: 0, Diff: 0, Sum: 0, Workers: 4
[2503.286s][debug][gc,phases      ] GC(54)     Total                          Min: 0, Avg: 265.5, Max: 1062, Diff: 1062, Sum: 1062, Workers: 4
[2503.286s][debug][gc,phases      ] GC(54)   ObjectSynchronizer Weak        Min:  0.0, Avg:  0.0, Max:  0.0, Diff:  0.0, Sum:  0.0, Workers: 4
[2503.286s][debug][gc,phases      ] GC(54)     Dead                           Min: 0, Avg:  0.0, Max: 0, Diff: 0, Sum: 0, Workers: 4
[2503.287s][debug][gc,phases      ] GC(54)     Total                          Min: 0, Avg:  1.0, Max: 4, Diff: 4, Sum: 4, Workers: 4
[2503.287s][debug][gc,phases      ] GC(54)   JVMTI Tag Weak OopStorage      Min:  0.0, Avg:  0.0, Max:  0.0, Diff:  0.0, Sum:  0.0, Workers: 4
[2503.287s][debug][gc,phases      ] GC(54)     Dead                           Min: 0, Avg:  0.0, Max: 0, Diff: 0, Sum: 0, Workers: 4
[2503.287s][debug][gc,phases      ] GC(54)     Total                          Min: 0, Avg:  0.0, Max: 0, Diff: 0, Sum: 0, Workers: 4
[2503.287s][debug][gc,phases      ] GC(54)   StringTable Weak               Min:  0.1, Avg:  0.1, Max:  0.1, Diff:  0.0, Sum:  0.5, Workers: 4
[2503.287s][debug][gc,phases      ] GC(54)     Dead                           Min: 0, Avg:  0.0, Max: 0, Diff: 0, Sum: 0, Workers: 4
[2503.287s][debug][gc,phases      ] GC(54)     Total                          Min: 10816, Avg: 11437.5, Max: 11776, Diff: 960, Sum: 45750, Workers: 4
[2503.287s][debug][gc,phases      ] GC(54)   ResolvedMethodTable Weak       Min:  0.0, Avg:  0.0, Max:  0.0, Diff:  0.0, Sum:  0.2, Workers: 4
[2503.287s][debug][gc,phases      ] GC(54)     Dead                           Min: 0, Avg:  4.0, Max: 16, Diff: 16, Sum: 16, Workers: 4
[2503.287s][debug][gc,phases      ] GC(54)     Total                          Min: 3840, Avg: 3976.8, Max: 4096, Diff: 256, Sum: 15907, Workers: 4
[2503.287s][debug][gc,phases      ] GC(54)   JNI Weak                       Min:  0.0, Avg:  0.0, Max:  0.0, Diff:  0.0, Sum:  0.0, Workers: 4
[2503.287s][debug][gc,phases      ] GC(54)     Dead                           Min: 0, Avg:  0.0, Max: 0, Diff: 0, Sum: 0, Workers: 4
[2503.287s][debug][gc,phases      ] GC(54)     Total                          Min: 0, Avg: 12.0, Max: 48, Diff: 48, Sum: 48, Workers: 4
[2503.287s][debug][gc,phases      ] GC(54)   StringDedup Table Weak         Min:  0.0, Avg:  0.0, Max:  0.0, Diff:  0.0, Sum:  0.0, Workers: 4
[2503.287s][debug][gc,phases      ] GC(54)     Dead                           Min: 0, Avg:  0.0, Max: 0, Diff: 0, Sum: 0, Workers: 4
[2503.287s][debug][gc,phases      ] GC(54)     Total                          Min: 0, Avg:  0.0, Max: 0, Diff: 0, Sum: 0, Workers: 4
[2503.287s][debug][gc,phases      ] GC(54)   StringDedup Requests0 Weak     Min:  0.0, Avg:  0.0, Max:  0.0, Diff:  0.0, Sum:  0.0, Workers: 4
[2503.287s][debug][gc,phases      ] GC(54)     Dead                           Min: 0, Avg:  0.0, Max: 0, Diff: 0, Sum: 0, Workers: 4
[2503.287s][debug][gc,phases      ] GC(54)     Total                          Min: 0, Avg:  0.0, Max: 0, Diff: 0, Sum: 0, Workers: 4
[2503.287s][debug][gc,phases      ] GC(54)   StringDedup Requests1 Weak     Min:  0.0, Avg:  0.0, Max:  0.0, Diff:  0.0, Sum:  0.0, Workers: 4
[2503.287s][debug][gc,phases      ] GC(54)     Dead                           Min: 0, Avg:  0.0, Max: 0, Diff: 0, Sum: 0, Workers: 4
[2503.287s][debug][gc,phases      ] GC(54)     Total                          Min: 0, Avg:  0.0, Max: 0, Diff: 0, Sum: 0, Workers: 4
[2503.287s][debug][gc,phases      ] GC(54)   Weak JFR Old Object Samples    Min:  0.0, Avg:  0.0, Max:  0.0, Diff:  0.0, Sum:  0.0, Workers: 4
[2503.287s][debug][gc,phases      ] GC(54)     Dead                           Min: 0, Avg:  0.0, Max: 0, Diff: 0, Sum: 0, Workers: 4
[2503.287s][debug][gc,phases      ] GC(54)     Total                          Min: 0, Avg:  0.0, Max: 0, Diff: 0, Sum: 0, Workers: 4
[2503.287s][debug][gc,phases      ] GC(54) Weak Processing 0.376ms
[2503.287s][debug][gc,age         ] GC(54) Desired survivor size 45088768 bytes, new threshold 1 (max threshold 15)
[2503.287s][info ][gc,heap        ] GC(54) PSYoungGen: 2008832K(2051072K)->4496K(2048512K) Eden: 2002432K(2002432K)->0K(2002432K) From: 6400K(48640K)->4496K(46080K)
[2503.287s][info ][gc,heap        ] GC(54) ParOldGen: 350458K(549888K)->353086K(549888K)
[2503.287s][info ][gc,metaspace   ] GC(54) Metaspace: 105296K(106688K)->105296K(106688K) NonClass: 89393K(90176K)->89393K(90176K) Class: 15903K(16512K)->15903K(16512K)
[2503.287s][info ][gc             ] GC(54) Pause Young (Allocation Failure) 2303M->349M(2537M) 3.833ms
[2503.287s][info ][gc,cpu         ] GC(54) User=0.02s Sys=0.00s Real=0.01s
[2503.287s][info ][safepoint      ] Safepoint "ParallelGCFailedAllocation", Time since last: 8207026184 ns, Reaching safepoint: 80299 ns, Cleanup: 4300 ns, At safepoint: 3899671 ns, Total: 3984270 ns
[2504.287s][info ][safepoint      ] Safepoint "Cleanup", Time since last: 1000087240 ns, Reaching safepoint: 6000 ns, Cleanup: 9200 ns, At safepoint: 1999 ns, Total: 17199 ns
[2505.287s][info ][safepoint      ] Safepoint "Cleanup", Time since last: 1000127740 ns, Reaching safepoint: 6600 ns, Cleanup: 17700 ns, At safepoint: 1800 ns, Total: 26100 ns
[2512.288s][info ][safepoint      ] Safepoint "Cleanup", Time since last: 7000524195 ns, Reaching safepoint: 6100 ns, Cleanup: 6800 ns, At safepoint: 1700 ns, Total: 14600 ns
[2515.288s][info ][safepoint      ] Safepoint "Cleanup", Time since last: 3000247562 ns, Reaching safepoint: 6299 ns, Cleanup: 9800 ns, At safepoint: 1900 ns, Total: 17999 ns
[2523.090s][info ][safepoint      ] Safepoint "Cleanup", Time since last: 7802154771 ns, Reaching safepoint: 5900 ns, Cleanup: 10700 ns, At safepoint: 2000 ns, Total: 18600 ns
[2528.090s][info ][safepoint      ] Safepoint "Cleanup", Time since last: 5000413551 ns, Reaching safepoint: 6500 ns, Cleanup: 7600 ns, At safepoint: 2300 ns, Total: 16400 ns
[2540.091s][info ][safepoint      ] Safepoint "Cleanup", Time since last: 12000876436 ns, Reaching safepoint: 5800 ns, Cleanup: 10300 ns, At safepoint: 2100 ns, Total: 18200 ns
[2543.092s][info ][safepoint      ] Safepoint "Cleanup", Time since last: 3000246423 ns, Reaching safepoint: 6800 ns, Cleanup: 8600 ns, At safepoint: 2700 ns, Total: 18100 ns
[2554.092s][info ][safepoint      ] Safepoint "Cleanup", Time since last: 11000810857 ns, Reaching safepoint: 6800 ns, Cleanup: 10000 ns, At safepoint: 2800 ns, Total: 19600 ns
[2556.093s][info ][safepoint      ] Safepoint "Cleanup", Time since last: 2000173641 ns, Reaching safepoint: 6800 ns, Cleanup: 8400 ns, At safepoint: 2100 ns, Total: 17300 ns
[2557.093s][info ][safepoint      ] Safepoint "Cleanup", Time since last: 1000106120 ns, Reaching safepoint: 6800 ns, Cleanup: 8900 ns, At safepoint: 2400 ns, Total: 18100 ns
[2579.094s][info ][safepoint      ] Safepoint "Cleanup", Time since last: 22001556197 ns, Reaching safepoint: 8000 ns, Cleanup: 10700 ns, At safepoint: 2900 ns, Total: 21600 ns
[2582.107s][info ][safepoint      ] Safepoint "Cleanup", Time since last: 3013145531 ns, Reaching safepoint: 8300 ns, Cleanup: 11300 ns, At safepoint: 2100 ns, Total: 21700 ns
[2587.108s][info ][safepoint      ] Safepoint "Cleanup", Time since last: 5000395633 ns, Reaching safepoint: 7400 ns, Cleanup: 10800 ns, At safepoint: 2600 ns, Total: 20800 ns
[2590.108s][info ][safepoint      ] Safepoint "Cleanup", Time since last: 3000259091 ns, Reaching safepoint: 6500 ns, Cleanup: 14900 ns, At safepoint: 2000 ns, Total: 23400 ns
[2591.108s][info ][safepoint      ] Safepoint "Cleanup", Time since last: 1000108997 ns, Reaching safepoint: 6900 ns, Cleanup: 21100 ns, At safepoint: 2100 ns, Total: 30100 ns
[2592.108s][info ][safepoint      ] Safepoint "Cleanup", Time since last: 1000105197 ns, Reaching safepoint: 6200 ns, Cleanup: 10700 ns, At safepoint: 1900 ns, Total: 18800 ns
[2599.436s][info ][gc,start       ] GC(55) Pause Young (Allocation Failure)
[2599.439s][debug][gc,phases      ] GC(55) Scavenge 2.547ms
[2599.439s][debug][gc,ref         ] GC(55) ReferenceProcessor::execute queues: 1, RefProcThreadModel::Single, marks_oops_alive: false
[2599.439s][debug][gc,ref         ] GC(55) Skipped KeepAliveFinalRefsPhase of Reference Processing: no references
[2599.439s][debug][gc,ref         ] GC(55) Skipped PhantomRefsPhase of Reference Processing: no references
[2599.439s][debug][gc,phases      ] GC(55) Reference Processing 0.102ms
[2599.439s][debug][gc,phases      ] GC(55)   VM Weak                        Min:  0.0, Avg:  0.0, Max:  0.0, Diff:  0.0, Sum:  0.0, Workers: 4
[2599.439s][debug][gc,phases      ] GC(55)     Dead                           Min: 0, Avg:  0.0, Max: 0, Diff: 0, Sum: 0, Workers: 4
[2599.439s][debug][gc,phases      ] GC(55)     Total                          Min: 0, Avg: 265.5, Max: 614, Diff: 614, Sum: 1062, Workers: 4
[2599.439s][debug][gc,phases      ] GC(55)   ObjectSynchronizer Weak        Min:  0.0, Avg:  0.0, Max:  0.0, Diff:  0.0, Sum:  0.0, Workers: 4
[2599.439s][debug][gc,phases      ] GC(55)     Dead                           Min: 0, Avg:  0.0, Max: 0, Diff: 0, Sum: 0, Workers: 4
[2599.439s][debug][gc,phases      ] GC(55)     Total                          Min: 0, Avg:  1.0, Max: 4, Diff: 4, Sum: 4, Workers: 4
[2599.439s][debug][gc,phases      ] GC(55)   JVMTI Tag Weak OopStorage      Min:  0.0, Avg:  0.0, Max:  0.0, Diff:  0.0, Sum:  0.0, Workers: 4
[2599.439s][debug][gc,phases      ] GC(55)     Dead                           Min: 0, Avg:  0.0, Max: 0, Diff: 0, Sum: 0, Workers: 4
[2599.439s][debug][gc,phases      ] GC(55)     Total                          Min: 0, Avg:  0.0, Max: 0, Diff: 0, Sum: 0, Workers: 4
[2599.439s][debug][gc,phases      ] GC(55)   StringTable Weak               Min:  0.0, Avg:  0.1, Max:  0.1, Diff:  0.1, Sum:  0.4, Workers: 4
[2599.439s][debug][gc,phases      ] GC(55)     Dead                           Min: 0, Avg:  0.0, Max: 0, Diff: 0, Sum: 0, Workers: 4
[2599.439s][debug][gc,phases      ] GC(55)     Total                          Min: 0, Avg: 11437.5, Max: 19446, Diff: 19446, Sum: 45750, Workers: 4
[2599.439s][debug][gc,phases      ] GC(55)   ResolvedMethodTable Weak       Min:  0.0, Avg:  0.0, Max:  0.0, Diff:  0.0, Sum:  0.1, Workers: 4
[2599.439s][debug][gc,phases      ] GC(55)     Dead                           Min: 0, Avg:  4.0, Max: 16, Diff: 16, Sum: 16, Workers: 4
[2599.439s][debug][gc,phases      ] GC(55)     Total                          Min: 0, Avg: 3976.8, Max: 6835, Diff: 6835, Sum: 15907, Workers: 4
[2599.439s][debug][gc,phases      ] GC(55)   JNI Weak                       Min:  0.0, Avg:  0.0, Max:  0.0, Diff:  0.0, Sum:  0.0, Workers: 4
[2599.439s][debug][gc,phases      ] GC(55)     Dead                           Min: 0, Avg:  0.0, Max: 0, Diff: 0, Sum: 0, Workers: 4
[2599.439s][debug][gc,phases      ] GC(55)     Total                          Min: 0, Avg: 12.0, Max: 48, Diff: 48, Sum: 48, Workers: 4
[2599.439s][debug][gc,phases      ] GC(55)   StringDedup Table Weak         Min:  0.0, Avg:  0.0, Max:  0.0, Diff:  0.0, Sum:  0.0, Workers: 4
[2599.439s][debug][gc,phases      ] GC(55)     Dead                           Min: 0, Avg:  0.0, Max: 0, Diff: 0, Sum: 0, Workers: 4
[2599.439s][debug][gc,phases      ] GC(55)     Total                          Min: 0, Avg:  0.0, Max: 0, Diff: 0, Sum: 0, Workers: 4
[2599.439s][debug][gc,phases      ] GC(55)   StringDedup Requests0 Weak     Min:  0.0, Avg:  0.0, Max:  0.0, Diff:  0.0, Sum:  0.0, Workers: 4
[2599.439s][debug][gc,phases      ] GC(55)     Dead                           Min: 0, Avg:  0.0, Max: 0, Diff: 0, Sum: 0, Workers: 4
[2599.439s][debug][gc,phases      ] GC(55)     Total                          Min: 0, Avg:  0.0, Max: 0, Diff: 0, Sum: 0, Workers: 4
[2599.439s][debug][gc,phases      ] GC(55)   StringDedup Requests1 Weak     Min:  0.0, Avg:  0.0, Max:  0.0, Diff:  0.0, Sum:  0.0, Workers: 4
[2599.439s][debug][gc,phases      ] GC(55)     Dead                           Min: 0, Avg:  0.0, Max: 0, Diff: 0, Sum: 0, Workers: 4
[2599.439s][debug][gc,phases      ] GC(55)     Total                          Min: 0, Avg:  0.0, Max: 0, Diff: 0, Sum: 0, Workers: 4
[2599.439s][debug][gc,phases      ] GC(55)   Weak JFR Old Object Samples    Min:  0.0, Avg:  0.0, Max:  0.0, Diff:  0.0, Sum:  0.0, Workers: 4
[2599.439s][debug][gc,phases      ] GC(55)     Dead                           Min: 0, Avg:  0.0, Max: 0, Diff: 0, Sum: 0, Workers: 4
[2599.439s][debug][gc,phases      ] GC(55)     Total                          Min: 0, Avg:  0.0, Max: 0, Diff: 0, Sum: 0, Workers: 4
[2599.439s][debug][gc,phases      ] GC(55) Weak Processing 0.385ms
[2599.439s][debug][gc,age         ] GC(55) Desired survivor size 42991616 bytes, new threshold 1 (max threshold 15)
[2599.440s][info ][gc,heap        ] GC(55) PSYoungGen: 2006928K(2048512K)->3856K(2055168K) Eden: 2002432K(2002432K)->0K(2011136K) From: 4496K(46080K)->3856K(44032K)
[2599.440s][info ][gc,heap        ] GC(55) ParOldGen: 353086K(549888K)->354654K(549888K)
[2599.440s][info ][gc,metaspace   ] GC(55) Metaspace: 105325K(106688K)->105325K(106688K) NonClass: 89421K(90176K)->89421K(90176K) Class: 15903K(16512K)->15903K(16512K)
[2599.440s][info ][gc             ] GC(55) Pause Young (Allocation Failure) 2304M->350M(2544M) 3.147ms
[2599.440s][info ][gc,cpu         ] GC(55) User=0.01s Sys=0.00s Real=0.00s
[2599.440s][info ][safepoint      ] Safepoint "ParallelGCFailedAllocation", Time since last: 7327965257 ns, Reaching safepoint: 6000 ns, Cleanup: 3700 ns, At safepoint: 3209376 ns, Total: 3219076 ns
[2605.440s][info ][safepoint      ] Safepoint "Cleanup", Time since last: 6000438489 ns, Reaching safepoint: 6100 ns, Cleanup: 8100 ns, At safepoint: 1700 ns, Total: 15900 ns
[2607.440s][info ][safepoint      ] Safepoint "Cleanup", Time since last: 2000175187 ns, Reaching safepoint: 6400 ns, Cleanup: 10200 ns, At safepoint: 1800 ns, Total: 18400 ns
[2660.128s][info ][safepoint      ] Safepoint "Cleanup", Time since last: 52687441833 ns, Reaching safepoint: 7600 ns, Cleanup: 11600 ns, At safepoint: 2300 ns, Total: 21500 ns
[2677.129s][info ][safepoint      ] Safepoint "Cleanup", Time since last: 17001248791 ns, Reaching safepoint: 6800 ns, Cleanup: 10300 ns, At safepoint: 2200 ns, Total: 19300 ns
[2679.129s][info ][safepoint      ] Safepoint "Cleanup", Time since last: 2000188376 ns, Reaching safepoint: 7000 ns, Cleanup: 13100 ns, At safepoint: 2400 ns, Total: 22500 ns
[2685.130s][info ][safepoint      ] Safepoint "Cleanup", Time since last: 6000458129 ns, Reaching safepoint: 7300 ns, Cleanup: 10200 ns, At safepoint: 2400 ns, Total: 19900 ns
[2696.244s][info ][gc,start       ] GC(56) Pause Young (Allocation Failure)
[2696.246s][debug][gc,phases      ] GC(56) Scavenge 2.323ms
[2696.246s][debug][gc,ref         ] GC(56) ReferenceProcessor::execute queues: 1, RefProcThreadModel::Single, marks_oops_alive: false
[2696.246s][debug][gc,ref         ] GC(56) Skipped KeepAliveFinalRefsPhase of Reference Processing: no references
[2696.246s][debug][gc,ref         ] GC(56) Skipped PhantomRefsPhase of Reference Processing: no references
[2696.246s][debug][gc,phases      ] GC(56) Reference Processing 0.113ms
[2696.246s][debug][gc,phases      ] GC(56)   VM Weak                        Min:  0.0, Avg:  0.0, Max:  0.0, Diff:  0.0, Sum:  0.0, Workers: 4
[2696.246s][debug][gc,phases      ] GC(56)     Dead                           Min: 0, Avg:  0.0, Max: 0, Diff: 0, Sum: 0, Workers: 4
[2696.246s][debug][gc,phases      ] GC(56)     Total                          Min: 64, Avg: 265.5, Max: 486, Diff: 422, Sum: 1062, Workers: 4
[2696.246s][debug][gc,phases      ] GC(56)   ObjectSynchronizer Weak        Min:  0.0, Avg:  0.0, Max:  0.0, Diff:  0.0, Sum:  0.0, Workers: 4
[2696.246s][debug][gc,phases      ] GC(56)     Dead                           Min: 0, Avg:  0.0, Max: 0, Diff: 0, Sum: 0, Workers: 4
[2696.246s][debug][gc,phases      ] GC(56)     Total                          Min: 0, Avg:  0.8, Max: 3, Diff: 3, Sum: 3, Workers: 4
[2696.246s][debug][gc,phases      ] GC(56)   JVMTI Tag Weak OopStorage      Min:  0.0, Avg:  0.0, Max:  0.0, Diff:  0.0, Sum:  0.0, Workers: 4
[2696.246s][debug][gc,phases      ] GC(56)     Dead                           Min: 0, Avg:  0.0, Max: 0, Diff: 0, Sum: 0, Workers: 4
[2696.246s][debug][gc,phases      ] GC(56)     Total                          Min: 0, Avg:  0.0, Max: 0, Diff: 0, Sum: 0, Workers: 4
[2696.246s][debug][gc,phases      ] GC(56)   StringTable Weak               Min:  0.1, Avg:  0.1, Max:  0.1, Diff:  0.0, Sum:  0.5, Workers: 4
[2696.246s][debug][gc,phases      ] GC(56)     Dead                           Min: 0, Avg:  0.0, Max: 0, Diff: 0, Sum: 0, Workers: 4
[2696.246s][debug][gc,phases      ] GC(56)     Total                          Min: 11264, Avg: 11439.5, Max: 11648, Diff: 384, Sum: 45758, Workers: 4
[2696.246s][debug][gc,phases      ] GC(56)   ResolvedMethodTable Weak       Min:  0.0, Avg:  0.0, Max:  0.0, Diff:  0.0, Sum:  0.2, Workers: 4
[2696.246s][debug][gc,phases      ] GC(56)     Dead                           Min: 0, Avg:  4.0, Max: 16, Diff: 16, Sum: 16, Workers: 4
[2696.246s][debug][gc,phases      ] GC(56)     Total                          Min: 3952, Avg: 3976.8, Max: 4032, Diff: 80, Sum: 15907, Workers: 4
[2696.246s][debug][gc,phases      ] GC(56)   JNI Weak                       Min:  0.0, Avg:  0.0, Max:  0.0, Diff:  0.0, Sum:  0.0, Workers: 4
[2696.246s][debug][gc,phases      ] GC(56)     Dead                           Min: 0, Avg:  0.0, Max: 0, Diff: 0, Sum: 0, Workers: 4
[2696.246s][debug][gc,phases      ] GC(56)     Total                          Min: 0, Avg: 12.0, Max: 48, Diff: 48, Sum: 48, Workers: 4
[2696.246s][debug][gc,phases      ] GC(56)   StringDedup Table Weak         Min:  0.0, Avg:  0.0, Max:  0.0, Diff:  0.0, Sum:  0.0, Workers: 4
[2696.246s][debug][gc,phases      ] GC(56)     Dead                           Min: 0, Avg:  0.0, Max: 0, Diff: 0, Sum: 0, Workers: 4
[2696.246s][debug][gc,phases      ] GC(56)     Total                          Min: 0, Avg:  0.0, Max: 0, Diff: 0, Sum: 0, Workers: 4
[2696.246s][debug][gc,phases      ] GC(56)   StringDedup Requests0 Weak     Min:  0.0, Avg:  0.0, Max:  0.0, Diff:  0.0, Sum:  0.0, Workers: 4
[2696.246s][debug][gc,phases      ] GC(56)     Dead                           Min: 0, Avg:  0.0, Max: 0, Diff: 0, Sum: 0, Workers: 4
[2696.246s][debug][gc,phases      ] GC(56)     Total                          Min: 0, Avg:  0.0, Max: 0, Diff: 0, Sum: 0, Workers: 4
[2696.246s][debug][gc,phases      ] GC(56)   StringDedup Requests1 Weak     Min:  0.0, Avg:  0.0, Max:  0.0, Diff:  0.0, Sum:  0.0, Workers: 4
[2696.246s][debug][gc,phases      ] GC(56)     Dead                           Min: 0, Avg:  0.0, Max: 0, Diff: 0, Sum: 0, Workers: 4
[2696.246s][debug][gc,phases      ] GC(56)     Total                          Min: 0, Avg:  0.0, Max: 0, Diff: 0, Sum: 0, Workers: 4
[2696.246s][debug][gc,phases      ] GC(56)   Weak JFR Old Object Samples    Min:  0.0, Avg:  0.0, Max:  0.0, Diff:  0.0, Sum:  0.0, Workers: 4
[2696.246s][debug][gc,phases      ] GC(56)     Dead                           Min: 0, Avg:  0.0, Max: 0, Diff: 0, Sum: 0, Workers: 4
[2696.246s][debug][gc,phases      ] GC(56)     Total                          Min: 0, Avg:  0.0, Max: 0, Diff: 0, Sum: 0, Workers: 4
[2696.246s][debug][gc,phases      ] GC(56) Weak Processing 0.363ms
[2696.246s][debug][gc,age         ] GC(56) Desired survivor size 41418752 bytes, new threshold 1 (max threshold 15)
[2696.246s][info ][gc,heap        ] GC(56) PSYoungGen: 2014992K(2055168K)->4320K(2053120K) Eden: 2011136K(2011136K)->0K(2011136K) From: 3856K(44032K)->4320K(41984K)
[2696.246s][info ][gc,heap        ] GC(56) ParOldGen: 354654K(549888K)->354966K(549888K)
[2696.246s][info ][gc,metaspace   ] GC(56) Metaspace: 105330K(106688K)->105330K(106688K) NonClass: 89427K(90176K)->89427K(90176K) Class: 15903K(16512K)->15903K(16512K)
[2696.246s][info ][gc             ] GC(56) Pause Young (Allocation Failure) 2314M->350M(2542M) 2.919ms
[2696.246s][info ][gc,cpu         ] GC(56) User=0.01s Sys=0.00s Real=0.01s
[2696.247s][info ][safepoint      ] Safepoint "ParallelGCFailedAllocation", Time since last: 11113857357 ns, Reaching safepoint: 8000 ns, Cleanup: 5200 ns, At safepoint: 2993178 ns, Total: 3006378 ns
[2705.247s][info ][safepoint      ] Safepoint "Cleanup", Time since last: 9000636608 ns, Reaching safepoint: 7000 ns, Cleanup: 9600 ns, At safepoint: 25300 ns, Total: 41900 ns
[2713.248s][info ][safepoint      ] Safepoint "Cleanup", Time since last: 8000585028 ns, Reaching safepoint: 5600 ns, Cleanup: 9800 ns, At safepoint: 1900 ns, Total: 17300 ns
[2763.252s][info ][safepoint      ] Safepoint "Cleanup", Time since last: 50003701028 ns, Reaching safepoint: 6700 ns, Cleanup: 14599 ns, At safepoint: 1900 ns, Total: 23199 ns
[2774.252s][info ][safepoint      ] Safepoint "Cleanup", Time since last: 11000828535 ns, Reaching safepoint: 5900 ns, Cleanup: 8900 ns, At safepoint: 1700 ns, Total: 16500 ns
[2776.253s][info ][safepoint      ] Safepoint "Cleanup", Time since last: 2000184933 ns, Reaching safepoint: 6799 ns, Cleanup: 13500 ns, At safepoint: 2100 ns, Total: 22399 ns
[2780.253s][info ][safepoint      ] Safepoint "Cleanup", Time since last: 4000338564 ns, Reaching safepoint: 6400 ns, Cleanup: 47499 ns, At safepoint: 1900 ns, Total: 55799 ns
[2781.253s][info ][safepoint      ] Safepoint "Cleanup", Time since last: 1000137991 ns, Reaching safepoint: 7400 ns, Cleanup: 9600 ns, At safepoint: 2200 ns, Total: 19200 ns
[2782.253s][info ][safepoint      ] Safepoint "Cleanup", Time since last: 1000116590 ns, Reaching safepoint: 6600 ns, Cleanup: 18200 ns, At safepoint: 2100 ns, Total: 26900 ns
[2786.383s][info ][gc,start       ] GC(57) Pause Young (Allocation Failure)
[2786.385s][debug][gc,phases      ] GC(57) Scavenge 2.495ms
[2786.386s][debug][gc,ref         ] GC(57) ReferenceProcessor::execute queues: 1, RefProcThreadModel::Single, marks_oops_alive: false
[2786.386s][debug][gc,ref         ] GC(57) Skipped KeepAliveFinalRefsPhase of Reference Processing: no references
[2786.386s][debug][gc,ref         ] GC(57) ReferenceProcessor::execute queues: 1, RefProcThreadModel::Single, marks_oops_alive: false
[2786.386s][debug][gc,phases      ] GC(57) Reference Processing 0.102ms
[2786.386s][debug][gc,phases      ] GC(57)   VM Weak                        Min:  0.0, Avg:  0.0, Max:  0.0, Diff:  0.0, Sum:  0.0, Workers: 4
[2786.386s][debug][gc,phases      ] GC(57)     Dead                           Min: 0, Avg:  0.0, Max: 0, Diff: 0, Sum: 0, Workers: 4
[2786.386s][debug][gc,phases      ] GC(57)     Total                          Min: 0, Avg: 265.5, Max: 704, Diff: 704, Sum: 1062, Workers: 4
[2786.386s][debug][gc,phases      ] GC(57)   ObjectSynchronizer Weak        Min:  0.0, Avg:  0.0, Max:  0.0, Diff:  0.0, Sum:  0.0, Workers: 4
[2786.386s][debug][gc,phases      ] GC(57)     Dead                           Min: 0, Avg:  0.0, Max: 0, Diff: 0, Sum: 0, Workers: 4
[2786.386s][debug][gc,phases      ] GC(57)     Total                          Min: 0, Avg:  1.0, Max: 4, Diff: 4, Sum: 4, Workers: 4
[2786.386s][debug][gc,phases      ] GC(57)   JVMTI Tag Weak OopStorage      Min:  0.0, Avg:  0.0, Max:  0.0, Diff:  0.0, Sum:  0.0, Workers: 4
[2786.386s][debug][gc,phases      ] GC(57)     Dead                           Min: 0, Avg:  0.0, Max: 0, Diff: 0, Sum: 0, Workers: 4
[2786.386s][debug][gc,phases      ] GC(57)     Total                          Min: 0, Avg:  0.0, Max: 0, Diff: 0, Sum: 0, Workers: 4
[2786.386s][debug][gc,phases      ] GC(57)   StringTable Weak               Min:  0.0, Avg:  0.1, Max:  0.1, Diff:  0.1, Sum:  0.3, Workers: 4
[2786.386s][debug][gc,phases      ] GC(57)     Dead                           Min: 0, Avg:  0.0, Max: 0, Diff: 0, Sum: 0, Workers: 4
[2786.386s][debug][gc,phases      ] GC(57)     Total                          Min: 0, Avg: 11439.5, Max: 23232, Diff: 23232, Sum: 45758, Workers: 4
[2786.386s][debug][gc,phases      ] GC(57)   ResolvedMethodTable Weak       Min:  0.0, Avg:  0.0, Max:  0.1, Diff:  0.1, Sum:  0.1, Workers: 4
[2786.386s][debug][gc,phases      ] GC(57)     Dead                           Min: 0, Avg:  4.0, Max: 16, Diff: 16, Sum: 16, Workers: 4
[2786.386s][debug][gc,phases      ] GC(57)     Total                          Min: 0, Avg: 3976.8, Max: 8099, Diff: 8099, Sum: 15907, Workers: 4
[2786.386s][debug][gc,phases      ] GC(57)   JNI Weak                       Min:  0.0, Avg:  0.0, Max:  0.0, Diff:  0.0, Sum:  0.0, Workers: 4
[2786.386s][debug][gc,phases      ] GC(57)     Dead                           Min: 0, Avg:  0.0, Max: 0, Diff: 0, Sum: 0, Workers: 4
[2786.386s][debug][gc,phases      ] GC(57)     Total                          Min: 0, Avg: 12.0, Max: 48, Diff: 48, Sum: 48, Workers: 4
[2786.386s][debug][gc,phases      ] GC(57)   StringDedup Table Weak         Min:  0.0, Avg:  0.0, Max:  0.0, Diff:  0.0, Sum:  0.0, Workers: 4
[2786.386s][debug][gc,phases      ] GC(57)     Dead                           Min: 0, Avg:  0.0, Max: 0, Diff: 0, Sum: 0, Workers: 4
[2786.386s][debug][gc,phases      ] GC(57)     Total                          Min: 0, Avg:  0.0, Max: 0, Diff: 0, Sum: 0, Workers: 4
[2786.386s][debug][gc,phases      ] GC(57)   StringDedup Requests0 Weak     Min:  0.0, Avg:  0.0, Max:  0.0, Diff:  0.0, Sum:  0.0, Workers: 4
[2786.386s][debug][gc,phases      ] GC(57)     Dead                           Min: 0, Avg:  0.0, Max: 0, Diff: 0, Sum: 0, Workers: 4
[2786.386s][debug][gc,phases      ] GC(57)     Total                          Min: 0, Avg:  0.0, Max: 0, Diff: 0, Sum: 0, Workers: 4
[2786.386s][debug][gc,phases      ] GC(57)   StringDedup Requests1 Weak     Min:  0.0, Avg:  0.0, Max:  0.0, Diff:  0.0, Sum:  0.0, Workers: 4
[2786.386s][debug][gc,phases      ] GC(57)     Dead                           Min: 0, Avg:  0.0, Max: 0, Diff: 0, Sum: 0, Workers: 4
[2786.386s][debug][gc,phases      ] GC(57)     Total                          Min: 0, Avg:  0.0, Max: 0, Diff: 0, Sum: 0, Workers: 4
[2786.386s][debug][gc,phases      ] GC(57)   Weak JFR Old Object Samples    Min:  0.0, Avg:  0.0, Max:  0.0, Diff:  0.0, Sum:  0.0, Workers: 4
[2786.386s][debug][gc,phases      ] GC(57)     Dead                           Min: 0, Avg:  0.0, Max: 0, Diff: 0, Sum: 0, Workers: 4
[2786.386s][debug][gc,phases      ] GC(57)     Total                          Min: 0, Avg:  0.0, Max: 0, Diff: 0, Sum: 0, Workers: 4
[2786.386s][debug][gc,phases      ] GC(57) Weak Processing 0.422ms
[2786.386s][debug][gc,age         ] GC(57) Desired survivor size 39321600 bytes, new threshold 1 (max threshold 15)
[2786.386s][info ][gc,heap        ] GC(57) PSYoungGen: 2015456K(2053120K)->4144K(2058752K) Eden: 2011136K(2011136K)->0K(2018304K) From: 4320K(41984K)->4144K(40448K)
[2786.386s][info ][gc,heap        ] GC(57) ParOldGen: 354966K(549888K)->355490K(549888K)
[2786.386s][info ][gc,metaspace   ] GC(57) Metaspace: 105340K(106688K)->105340K(106688K) NonClass: 89436K(90176K)->89436K(90176K) Class: 15903K(16512K)->15903K(16512K)
[2786.386s][info ][gc             ] GC(57) Pause Young (Allocation Failure) 2314M->351M(2547M) 3.117ms
[2786.386s][info ][gc,cpu         ] GC(57) User=0.00s Sys=0.00s Real=0.01s
[2786.386s][info ][safepoint      ] Safepoint "ParallelGCFailedAllocation", Time since last: 4129526111 ns, Reaching safepoint: 80899 ns, Cleanup: 4100 ns, At safepoint: 3184477 ns, Total: 3269476 ns
[2788.386s][info ][safepoint      ] Safepoint "Cleanup", Time since last: 2000161185 ns, Reaching safepoint: 79299 ns, Cleanup: 9700 ns, At safepoint: 6100 ns, Total: 95099 ns
[2790.387s][info ][safepoint      ] Safepoint "Cleanup", Time since last: 2000192585 ns, Reaching safepoint: 6500 ns, Cleanup: 16300 ns, At safepoint: 2200 ns, Total: 25000 ns
[2791.387s][info ][safepoint      ] Safepoint "Cleanup", Time since last: 1000104992 ns, Reaching safepoint: 9700 ns, Cleanup: 11200 ns, At safepoint: 1900 ns, Total: 22800 ns
[2794.387s][info ][safepoint      ] Safepoint "Cleanup", Time since last: 3000237079 ns, Reaching safepoint: 6700 ns, Cleanup: 9300 ns, At safepoint: 2100 ns, Total: 18100 ns
[2796.387s][info ][safepoint      ] Safepoint "Cleanup", Time since last: 2000179486 ns, Reaching safepoint: 6200 ns, Cleanup: 10600 ns, At safepoint: 2100 ns, Total: 18900 ns
[2810.388s][info ][safepoint      ] Safepoint "Cleanup", Time since last: 14001020298 ns, Reaching safepoint: 7000 ns, Cleanup: 9500 ns, At safepoint: 2100 ns, Total: 18600 ns
[2815.389s][info ][safepoint      ] Safepoint "Cleanup", Time since last: 5000389848 ns, Reaching safepoint: 6400 ns, Cleanup: 9500 ns, At safepoint: 1900 ns, Total: 17800 ns
[2824.178s][info ][safepoint      ] Safepoint "Cleanup", Time since last: 8789175486 ns, Reaching safepoint: 7300 ns, Cleanup: 14200 ns, At safepoint: 2400 ns, Total: 23900 ns
[2830.178s][info ][safepoint      ] Safepoint "Cleanup", Time since last: 6000473640 ns, Reaching safepoint: 8000 ns, Cleanup: 10999 ns, At safepoint: 2700 ns, Total: 21699 ns
[2832.178s][info ][safepoint      ] Safepoint "Cleanup", Time since last: 2000195382 ns, Reaching safepoint: 7200 ns, Cleanup: 10700 ns, At safepoint: 2300 ns, Total: 20200 ns
[2839.179s][info ][safepoint      ] Safepoint "Cleanup", Time since last: 7000516650 ns, Reaching safepoint: 6600 ns, Cleanup: 12300 ns, At safepoint: 2300 ns, Total: 21200 ns
[2844.179s][info ][safepoint      ] Safepoint "Cleanup", Time since last: 5000394912 ns, Reaching safepoint: 7300 ns, Cleanup: 10600 ns, At safepoint: 2200 ns, Total: 20100 ns
[2863.181s][info ][safepoint      ] Safepoint "Cleanup", Time since last: 19001345323 ns, Reaching safepoint: 7000 ns, Cleanup: 10300 ns, At safepoint: 2300 ns, Total: 19600 ns
[2869.181s][info ][safepoint      ] Safepoint "Cleanup", Time since last: 6000463802 ns, Reaching safepoint: 77600 ns, Cleanup: 10600 ns, At safepoint: 6000 ns, Total: 94200 ns
[2874.182s][info ][safepoint      ] Safepoint "Cleanup", Time since last: 5000401393 ns, Reaching safepoint: 75199 ns, Cleanup: 14300 ns, At safepoint: 6300 ns, Total: 95799 ns
[2878.182s][info ][safepoint      ] Safepoint "Cleanup", Time since last: 4000327895 ns, Reaching safepoint: 77899 ns, Cleanup: 11700 ns, At safepoint: 6600 ns, Total: 96199 ns
[2878.998s][info ][gc,start       ] GC(58) Pause Young (Allocation Failure)
[2879.003s][debug][gc,phases      ] GC(58) Scavenge 4.724ms
[2879.003s][debug][gc,ref         ] GC(58) ReferenceProcessor::execute queues: 1, RefProcThreadModel::Single, marks_oops_alive: false
[2879.003s][debug][gc,ref         ] GC(58) Skipped KeepAliveFinalRefsPhase of Reference Processing: no references
[2879.003s][debug][gc,ref         ] GC(58) Skipped PhantomRefsPhase of Reference Processing: no references
[2879.003s][debug][gc,phases      ] GC(58) Reference Processing 0.029ms
[2879.003s][debug][gc,phases      ] GC(58)   VM Weak                        Min:  0.0, Avg:  0.0, Max:  0.0, Diff:  0.0, Sum:  0.0, Workers: 4
[2879.003s][debug][gc,phases      ] GC(58)     Dead                           Min: 0, Avg:  0.0, Max: 0, Diff: 0, Sum: 0, Workers: 4
[2879.003s][debug][gc,phases      ] GC(58)     Total                          Min: 0, Avg: 265.5, Max: 896, Diff: 896, Sum: 1062, Workers: 4
[2879.003s][debug][gc,phases      ] GC(58)   ObjectSynchronizer Weak        Min:  0.0, Avg:  0.0, Max:  0.0, Diff:  0.0, Sum:  0.0, Workers: 4
[2879.003s][debug][gc,phases      ] GC(58)     Dead                           Min: 0, Avg:  0.0, Max: 0, Diff: 0, Sum: 0, Workers: 4
[2879.003s][debug][gc,phases      ] GC(58)     Total                          Min: 0, Avg:  1.0, Max: 4, Diff: 4, Sum: 4, Workers: 4
[2879.003s][debug][gc,phases      ] GC(58)   JVMTI Tag Weak OopStorage      Min:  0.0, Avg:  0.0, Max:  0.0, Diff:  0.0, Sum:  0.0, Workers: 4
[2879.003s][debug][gc,phases      ] GC(58)     Dead                           Min: 0, Avg:  0.0, Max: 0, Diff: 0, Sum: 0, Workers: 4
[2879.003s][debug][gc,phases      ] GC(58)     Total                          Min: 0, Avg:  0.0, Max: 0, Diff: 0, Sum: 0, Workers: 4
[2879.003s][debug][gc,phases      ] GC(58)   StringTable Weak               Min:  0.0, Avg:  0.1, Max:  0.2, Diff:  0.2, Sum:  0.4, Workers: 4
[2879.003s][debug][gc,phases      ] GC(58)     Dead                           Min: 0, Avg:  0.0, Max: 0, Diff: 0, Sum: 0, Workers: 4
[2879.003s][debug][gc,phases      ] GC(58)     Total                          Min: 0, Avg: 11439.5, Max: 26816, Diff: 26816, Sum: 45758, Workers: 4
[2879.003s][debug][gc,phases      ] GC(58)   ResolvedMethodTable Weak       Min:  0.0, Avg:  0.0, Max:  0.1, Diff:  0.1, Sum:  0.1, Workers: 4
[2879.003s][debug][gc,phases      ] GC(58)     Dead                           Min: 0, Avg:  4.0, Max: 16, Diff: 16, Sum: 16, Workers: 4
[2879.003s][debug][gc,phases      ] GC(58)     Total                          Min: 0, Avg: 3976.8, Max: 9075, Diff: 9075, Sum: 15907, Workers: 4
[2879.003s][debug][gc,phases      ] GC(58)   JNI Weak                       Min:  0.0, Avg:  0.0, Max:  0.0, Diff:  0.0, Sum:  0.0, Workers: 4
[2879.003s][debug][gc,phases      ] GC(58)     Dead                           Min: 0, Avg:  0.0, Max: 0, Diff: 0, Sum: 0, Workers: 4
[2879.003s][debug][gc,phases      ] GC(58)     Total                          Min: 0, Avg: 12.0, Max: 48, Diff: 48, Sum: 48, Workers: 4
[2879.003s][debug][gc,phases      ] GC(58)   StringDedup Table Weak         Min:  0.0, Avg:  0.0, Max:  0.0, Diff:  0.0, Sum:  0.0, Workers: 4
[2879.003s][debug][gc,phases      ] GC(58)     Dead                           Min: 0, Avg:  0.0, Max: 0, Diff: 0, Sum: 0, Workers: 4
[2879.003s][debug][gc,phases      ] GC(58)     Total                          Min: 0, Avg:  0.0, Max: 0, Diff: 0, Sum: 0, Workers: 4
[2879.003s][debug][gc,phases      ] GC(58)   StringDedup Requests0 Weak     Min:  0.0, Avg:  0.0, Max:  0.0, Diff:  0.0, Sum:  0.0, Workers: 4
[2879.003s][debug][gc,phases      ] GC(58)     Dead                           Min: 0, Avg:  0.0, Max: 0, Diff: 0, Sum: 0, Workers: 4
[2879.003s][debug][gc,phases      ] GC(58)     Total                          Min: 0, Avg:  0.0, Max: 0, Diff: 0, Sum: 0, Workers: 4
[2879.003s][debug][gc,phases      ] GC(58)   StringDedup Requests1 Weak     Min:  0.0, Avg:  0.0, Max:  0.0, Diff:  0.0, Sum:  0.0, Workers: 4
[2879.003s][debug][gc,phases      ] GC(58)     Dead                           Min: 0, Avg:  0.0, Max: 0, Diff: 0, Sum: 0, Workers: 4
[2879.003s][debug][gc,phases      ] GC(58)     Total                          Min: 0, Avg:  0.0, Max: 0, Diff: 0, Sum: 0, Workers: 4
[2879.003s][debug][gc,phases      ] GC(58)   Weak JFR Old Object Samples    Min:  0.0, Avg:  0.0, Max:  0.0, Diff:  0.0, Sum:  0.0, Workers: 4
[2879.003s][debug][gc,phases      ] GC(58)     Dead                           Min: 0, Avg:  0.0, Max: 0, Diff: 0, Sum: 0, Workers: 4
[2879.003s][debug][gc,phases      ] GC(58)     Total                          Min: 0, Avg:  0.0, Max: 0, Diff: 0, Sum: 0, Workers: 4
[2879.003s][debug][gc,phases      ] GC(58) Weak Processing 0.470ms
[2879.003s][debug][gc,age         ] GC(58) Desired survivor size 37224448 bytes, new threshold 1 (max threshold 15)
[2879.003s][info ][gc,heap        ] GC(58) PSYoungGen: 2022448K(2058752K)->3837K(2056704K) Eden: 2018304K(2018304K)->0K(2018304K) From: 4144K(40448K)->3837K(38400K)
[2879.003s][info ][gc,heap        ] GC(58) ParOldGen: 355490K(549888K)->356047K(549888K)
[2879.003s][info ][gc,metaspace   ] GC(58) Metaspace: 105348K(106688K)->105348K(106688K) NonClass: 89444K(90176K)->89444K(90176K) Class: 15903K(16512K)->15903K(16512K)
[2879.003s][info ][gc             ] GC(58) Pause Young (Allocation Failure) 2322M->351M(2545M) 5.326ms
[2879.003s][info ][gc,cpu         ] GC(58) User=0.01s Sys=0.00s Real=0.00s
[2879.003s][info ][safepoint      ] Safepoint "ParallelGCFailedAllocation", Time since last: 815826762 ns, Reaching safepoint: 5900 ns, Cleanup: 3200 ns, At safepoint: 5386160 ns, Total: 5395260 ns
[2882.195s][info ][safepoint      ] Safepoint "Cleanup", Time since last: 3191131804 ns, Reaching safepoint: 6500 ns, Cleanup: 10800 ns, At safepoint: 2300 ns, Total: 19600 ns
[2886.195s][info ][safepoint      ] Safepoint "Cleanup", Time since last: 4000319074 ns, Reaching safepoint: 6100 ns, Cleanup: 8900 ns, At safepoint: 23599 ns, Total: 38599 ns
[2894.196s][info ][safepoint      ] Safepoint "Cleanup", Time since last: 8000568924 ns, Reaching safepoint: 6200 ns, Cleanup: 10700 ns, At safepoint: 2100 ns, Total: 19000 ns
[2898.196s][info ][safepoint      ] Safepoint "Cleanup", Time since last: 4000326226 ns, Reaching safepoint: 6800 ns, Cleanup: 11200 ns, At safepoint: 2400 ns, Total: 20400 ns
[2899.196s][info ][safepoint      ] Safepoint "Cleanup", Time since last: 1000121205 ns, Reaching safepoint: 6700 ns, Cleanup: 25000 ns, At safepoint: 1800 ns, Total: 33500 ns
[2900.196s][info ][safepoint      ] Safepoint "Cleanup", Time since last: 1000111205 ns, Reaching safepoint: 6399 ns, Cleanup: 10000 ns, At safepoint: 2100 ns, Total: 18499 ns
[2901.196s][info ][safepoint      ] Safepoint "Cleanup", Time since last: 1000117805 ns, Reaching safepoint: 6700 ns, Cleanup: 10200 ns, At safepoint: 2200 ns, Total: 19100 ns
[2914.197s][info ][safepoint      ] Safepoint "Cleanup", Time since last: 13000953854 ns, Reaching safepoint: 6600 ns, Cleanup: 27500 ns, At safepoint: 2800 ns, Total: 36900 ns
[2919.198s][info ][safepoint      ] Safepoint "Cleanup", Time since last: 5000401855 ns, Reaching safepoint: 6500 ns, Cleanup: 17500 ns, At safepoint: 2300 ns, Total: 26300 ns
[2926.198s][info ][safepoint      ] Safepoint "Cleanup", Time since last: 7000528251 ns, Reaching safepoint: 6800 ns, Cleanup: 12800 ns, At safepoint: 1900 ns, Total: 21500 ns
[2958.214s][info ][safepoint      ] Safepoint "Cleanup", Time since last: 32015688727 ns, Reaching safepoint: 7800 ns, Cleanup: 10900 ns, At safepoint: 2700 ns, Total: 21400 ns
[2975.284s][info ][gc,start       ] GC(59) Pause Young (Allocation Failure)
[2975.288s][debug][gc,phases      ] GC(59) Scavenge 4.287ms
[2975.289s][debug][gc,ref         ] GC(59) ReferenceProcessor::execute queues: 1, RefProcThreadModel::Single, marks_oops_alive: false
[2975.289s][debug][gc,ref         ] GC(59) Skipped KeepAliveFinalRefsPhase of Reference Processing: no references
[2975.289s][debug][gc,ref         ] GC(59) ReferenceProcessor::execute queues: 1, RefProcThreadModel::Single, marks_oops_alive: false
[2975.289s][debug][gc,phases      ] GC(59) Reference Processing 0.105ms
[2975.289s][debug][gc,phases      ] GC(59)   VM Weak                        Min:  0.0, Avg:  0.0, Max:  0.0, Diff:  0.0, Sum:  0.0, Workers: 4
[2975.289s][debug][gc,phases      ] GC(59)     Dead                           Min: 0, Avg:  0.0, Max: 0, Diff: 0, Sum: 0, Workers: 4
[2975.289s][debug][gc,phases      ] GC(59)     Total                          Min: 0, Avg: 265.8, Max: 807, Diff: 807, Sum: 1063, Workers: 4
[2975.289s][debug][gc,phases      ] GC(59)   ObjectSynchronizer Weak        Min:  0.0, Avg:  0.0, Max:  0.0, Diff:  0.0, Sum:  0.0, Workers: 4
[2975.289s][debug][gc,phases      ] GC(59)     Dead                           Min: 0, Avg:  0.0, Max: 0, Diff: 0, Sum: 0, Workers: 4
[2975.289s][debug][gc,phases      ] GC(59)     Total                          Min: 0, Avg:  1.0, Max: 4, Diff: 4, Sum: 4, Workers: 4
[2975.289s][debug][gc,phases      ] GC(59)   JVMTI Tag Weak OopStorage      Min:  0.0, Avg:  0.0, Max:  0.0, Diff:  0.0, Sum:  0.0, Workers: 4
[2975.289s][debug][gc,phases      ] GC(59)     Dead                           Min: 0, Avg:  0.0, Max: 0, Diff: 0, Sum: 0, Workers: 4
[2975.289s][debug][gc,phases      ] GC(59)     Total                          Min: 0, Avg:  0.0, Max: 0, Diff: 0, Sum: 0, Workers: 4
[2975.289s][debug][gc,phases      ] GC(59)   StringTable Weak               Min:  0.0, Avg:  0.1, Max:  0.1, Diff:  0.1, Sum:  0.4, Workers: 4
[2975.289s][debug][gc,phases      ] GC(59)     Dead                           Min: 0, Avg:  0.5, Max: 2, Diff: 2, Sum: 2, Workers: 4
[2975.289s][debug][gc,phases      ] GC(59)     Total                          Min: 0, Avg: 11442.8, Max: 19519, Diff: 19519, Sum: 45771, Workers: 4
[2975.289s][debug][gc,phases      ] GC(59)   ResolvedMethodTable Weak       Min:  0.0, Avg:  0.0, Max:  0.0, Diff:  0.0, Sum:  0.1, Workers: 4
[2975.289s][debug][gc,phases      ] GC(59)     Dead                           Min: 0, Avg:  4.5, Max: 18, Diff: 18, Sum: 18, Workers: 4
[2975.289s][debug][gc,phases      ] GC(59)     Total                          Min: 0, Avg: 3978.2, Max: 6829, Diff: 6829, Sum: 15913, Workers: 4
[2975.289s][debug][gc,phases      ] GC(59)   JNI Weak                       Min:  0.0, Avg:  0.0, Max:  0.0, Diff:  0.0, Sum:  0.0, Workers: 4
[2975.289s][debug][gc,phases      ] GC(59)     Dead                           Min: 0, Avg:  0.0, Max: 0, Diff: 0, Sum: 0, Workers: 4
[2975.289s][debug][gc,phases      ] GC(59)     Total                          Min: 0, Avg: 12.0, Max: 48, Diff: 48, Sum: 48, Workers: 4
[2975.289s][debug][gc,phases      ] GC(59)   StringDedup Table Weak         Min:  0.0, Avg:  0.0, Max:  0.0, Diff:  0.0, Sum:  0.0, Workers: 4
[2975.289s][debug][gc,phases      ] GC(59)     Dead                           Min: 0, Avg:  0.0, Max: 0, Diff: 0, Sum: 0, Workers: 4
[2975.289s][debug][gc,phases      ] GC(59)     Total                          Min: 0, Avg:  0.0, Max: 0, Diff: 0, Sum: 0, Workers: 4
[2975.289s][debug][gc,phases      ] GC(59)   StringDedup Requests0 Weak     Min:  0.0, Avg:  0.0, Max:  0.0, Diff:  0.0, Sum:  0.0, Workers: 4
[2975.289s][debug][gc,phases      ] GC(59)     Dead                           Min: 0, Avg:  0.0, Max: 0, Diff: 0, Sum: 0, Workers: 4
[2975.289s][debug][gc,phases      ] GC(59)     Total                          Min: 0, Avg:  0.0, Max: 0, Diff: 0, Sum: 0, Workers: 4
[2975.289s][debug][gc,phases      ] GC(59)   StringDedup Requests1 Weak     Min:  0.0, Avg:  0.0, Max:  0.0, Diff:  0.0, Sum:  0.0, Workers: 4
[2975.289s][debug][gc,phases      ] GC(59)     Dead                           Min: 0, Avg:  0.0, Max: 0, Diff: 0, Sum: 0, Workers: 4
[2975.289s][debug][gc,phases      ] GC(59)     Total                          Min: 0, Avg:  0.0, Max: 0, Diff: 0, Sum: 0, Workers: 4
[2975.289s][debug][gc,phases      ] GC(59)   Weak JFR Old Object Samples    Min:  0.0, Avg:  0.0, Max:  0.0, Diff:  0.0, Sum:  0.0, Workers: 4
[2975.289s][debug][gc,phases      ] GC(59)     Dead                           Min: 0, Avg:  0.0, Max: 0, Diff: 0, Sum: 0, Workers: 4
[2975.289s][debug][gc,phases      ] GC(59)     Total                          Min: 0, Avg:  0.0, Max: 0, Diff: 0, Sum: 0, Workers: 4
[2975.289s][debug][gc,phases      ] GC(59) Weak Processing 0.387ms
[2975.289s][debug][gc,age         ] GC(59) Desired survivor size 35651584 bytes, new threshold 1 (max threshold 15)
[2975.289s][info ][gc,heap        ] GC(59) PSYoungGen: 2022141K(2056704K)->3744K(2062336K) Eden: 2018304K(2018304K)->0K(2025984K) From: 3837K(38400K)->3744K(36352K)
[2975.289s][info ][gc,heap        ] GC(59) ParOldGen: 356047K(549888K)->356351K(549888K)
[2975.289s][info ][gc,metaspace   ] GC(59) Metaspace: 105452K(106816K)->105452K(106816K) NonClass: 89540K(90304K)->89540K(90304K) Class: 15912K(16512K)->15912K(16512K)
[2975.289s][info ][gc             ] GC(59) Pause Young (Allocation Failure) 2322M->351M(2551M) 4.885ms
[2975.289s][info ][gc,cpu         ] GC(59) User=0.01s Sys=0.00s Real=0.00s
[2975.289s][info ][safepoint      ] Safepoint "ParallelGCFailedAllocation", Time since last: 17070037632 ns, Reaching safepoint: 7000 ns, Cleanup: 3600 ns, At safepoint: 4947263 ns, Total: 4957863 ns
[2985.290s][info ][safepoint      ] Safepoint "Cleanup", Time since last: 10000746473 ns, Reaching safepoint: 6400 ns, Cleanup: 10100 ns, At safepoint: 2300 ns, Total: 18800 ns
[2986.290s][info ][safepoint      ] Safepoint "Cleanup", Time since last: 1000119073 ns, Reaching safepoint: 7100 ns, Cleanup: 10000 ns, At safepoint: 2400 ns, Total: 19500 ns
[2991.290s][info ][safepoint      ] Safepoint "Cleanup", Time since last: 5000394167 ns, Reaching safepoint: 7200 ns, Cleanup: 10000 ns, At safepoint: 2200 ns, Total: 19400 ns
[2993.291s][info ][safepoint      ] Safepoint "Cleanup", Time since last: 2000175860 ns, Reaching safepoint: 5799 ns, Cleanup: 9800 ns, At safepoint: 1600 ns, Total: 17199 ns
[2994.291s][info ][safepoint      ] Safepoint "Cleanup", Time since last: 1000105382 ns, Reaching safepoint: 8199 ns, Cleanup: 10500 ns, At safepoint: 2600 ns, Total: 21299 ns
[3000.291s][info ][safepoint      ] Safepoint "Cleanup", Time since last: 6000484249 ns, Reaching safepoint: 8000 ns, Cleanup: 10300 ns, At safepoint: 2400 ns, Total: 20700 ns
[3005.230s][info ][safepoint      ] Safepoint "Cleanup", Time since last: 4939104362 ns, Reaching safepoint: 7600 ns, Cleanup: 14299 ns, At safepoint: 2500 ns, Total: 24399 ns
[3013.231s][info ][safepoint      ] Safepoint "Cleanup", Time since last: 8000595167 ns, Reaching safepoint: 82699 ns, Cleanup: 10000 ns, At safepoint: 7700 ns, Total: 100399 ns
[3015.231s][info ][safepoint      ] Safepoint "Cleanup", Time since last: 2000176355 ns, Reaching safepoint: 79099 ns, Cleanup: 9500 ns, At safepoint: 5300 ns, Total: 93899 ns
[3017.232s][info ][safepoint      ] Safepoint "Cleanup", Time since last: 2000191546 ns, Reaching safepoint: 79699 ns, Cleanup: 13400 ns, At safepoint: 5600 ns, Total: 98699 ns
[3021.232s][info ][safepoint      ] Safepoint "Cleanup", Time since last: 4000342700 ns, Reaching safepoint: 84499 ns, Cleanup: 10700 ns, At safepoint: 5300 ns, Total: 100499 ns
[3025.232s][info ][safepoint      ] Safepoint "Cleanup", Time since last: 4000357488 ns, Reaching safepoint: 88500 ns, Cleanup: 15299 ns, At safepoint: 6300 ns, Total: 110099 ns
[3028.233s][info ][safepoint      ] Safepoint "Cleanup", Time since last: 3000277838 ns, Reaching safepoint: 82199 ns, Cleanup: 10300 ns, At safepoint: 6500 ns, Total: 98999 ns
[3030.233s][info ][safepoint      ] Safepoint "Cleanup", Time since last: 2000197758 ns, Reaching safepoint: 82599 ns, Cleanup: 14400 ns, At safepoint: 6400 ns, Total: 103399 ns
[3031.233s][info ][safepoint      ] Safepoint "Cleanup", Time since last: 1000132379 ns, Reaching safepoint: 79600 ns, Cleanup: 14499 ns, At safepoint: 5600 ns, Total: 99699 ns
[3032.234s][info ][safepoint      ] Safepoint "Cleanup", Time since last: 1000117349 ns, Reaching safepoint: 81599 ns, Cleanup: 10800 ns, At safepoint: 6900 ns, Total: 99299 ns
[3033.234s][info ][safepoint      ] Safepoint "Cleanup", Time since last: 1000120324 ns, Reaching safepoint: 78399 ns, Cleanup: 8300 ns, At safepoint: 5700 ns, Total: 92399 ns
[3034.234s][info ][safepoint      ] Safepoint "Cleanup", Time since last: 1000098924 ns, Reaching safepoint: 77799 ns, Cleanup: 11400 ns, At safepoint: 7200 ns, Total: 96399 ns
[3043.235s][info ][safepoint      ] Safepoint "Cleanup", Time since last: 9000694031 ns, Reaching safepoint: 80099 ns, Cleanup: 8700 ns, At safepoint: 6300 ns, Total: 95099 ns
[3044.235s][info ][safepoint      ] Safepoint "Cleanup", Time since last: 1000118038 ns, Reaching safepoint: 78400 ns, Cleanup: 12399 ns, At safepoint: 5800 ns, Total: 96599 ns
[3045.235s][info ][safepoint      ] Safepoint "Cleanup", Time since last: 1000105139 ns, Reaching safepoint: 75399 ns, Cleanup: 11600 ns, At safepoint: 5200 ns, Total: 92199 ns
[3046.235s][info ][safepoint      ] Safepoint "Cleanup", Time since last: 1000114438 ns, Reaching safepoint: 81900 ns, Cleanup: 10100 ns, At safepoint: 6399 ns, Total: 98399 ns
[3049.236s][info ][safepoint      ] Safepoint "Cleanup", Time since last: 3000281542 ns, Reaching safepoint: 81399 ns, Cleanup: 10800 ns, At safepoint: 7000 ns, Total: 99199 ns
[3051.236s][info ][safepoint      ] Safepoint "Cleanup", Time since last: 2000197303 ns, Reaching safepoint: 79799 ns, Cleanup: 10100 ns, At safepoint: 7400 ns, Total: 97299 ns
[3052.487s][info ][gc,start       ] GC(60) Pause Young (Allocation Failure)
[3052.493s][debug][gc,phases      ] GC(60) Scavenge 5.703ms
[3052.493s][debug][gc,ref         ] GC(60) ReferenceProcessor::execute queues: 1, RefProcThreadModel::Single, marks_oops_alive: false
[3052.493s][debug][gc,ref         ] GC(60) Skipped KeepAliveFinalRefsPhase of Reference Processing: no references
[3052.493s][debug][gc,ref         ] GC(60) ReferenceProcessor::execute queues: 1, RefProcThreadModel::Single, marks_oops_alive: false
[3052.493s][debug][gc,phases      ] GC(60) Reference Processing 0.106ms
[3052.493s][debug][gc,phases      ] GC(60)   VM Weak                        Min:  0.0, Avg:  0.0, Max:  0.0, Diff:  0.0, Sum:  0.0, Workers: 4
[3052.493s][debug][gc,phases      ] GC(60)     Dead                           Min: 0, Avg:  0.0, Max: 0, Diff: 0, Sum: 0, Workers: 4
[3052.493s][debug][gc,phases      ] GC(60)     Total                          Min: 0, Avg: 265.8, Max: 832, Diff: 832, Sum: 1063, Workers: 4
[3052.493s][debug][gc,phases      ] GC(60)   ObjectSynchronizer Weak        Min:  0.0, Avg:  0.0, Max:  0.0, Diff:  0.0, Sum:  0.0, Workers: 4
[3052.493s][debug][gc,phases      ] GC(60)     Dead                           Min: 0, Avg:  0.0, Max: 0, Diff: 0, Sum: 0, Workers: 4
[3052.493s][debug][gc,phases      ] GC(60)     Total                          Min: 0, Avg:  1.0, Max: 4, Diff: 4, Sum: 4, Workers: 4
[3052.493s][debug][gc,phases      ] GC(60)   JVMTI Tag Weak OopStorage      Min:  0.0, Avg:  0.0, Max:  0.0, Diff:  0.0, Sum:  0.0, Workers: 4
[3052.493s][debug][gc,phases      ] GC(60)     Dead                           Min: 0, Avg:  0.0, Max: 0, Diff: 0, Sum: 0, Workers: 4
[3052.493s][debug][gc,phases      ] GC(60)     Total                          Min: 0, Avg:  0.0, Max: 0, Diff: 0, Sum: 0, Workers: 4
[3052.493s][debug][gc,phases      ] GC(60)   StringTable Weak               Min:  0.0, Avg:  0.1, Max:  0.1, Diff:  0.1, Sum:  0.4, Workers: 4
[3052.493s][debug][gc,phases      ] GC(60)     Dead                           Min: 0, Avg:  0.0, Max: 0, Diff: 0, Sum: 0, Workers: 4
[3052.493s][debug][gc,phases      ] GC(60)     Total                          Min: 0, Avg: 11443.0, Max: 19725, Diff: 19725, Sum: 45772, Workers: 4
[3052.493s][debug][gc,phases      ] GC(60)   ResolvedMethodTable Weak       Min:  0.0, Avg:  0.0, Max:  0.0, Diff:  0.0, Sum:  0.1, Workers: 4
[3052.493s][debug][gc,phases      ] GC(60)     Dead                           Min: 0, Avg:  4.0, Max: 16, Diff: 16, Sum: 16, Workers: 4
[3052.493s][debug][gc,phases      ] GC(60)     Total                          Min: 0, Avg: 3978.2, Max: 6766, Diff: 6766, Sum: 15913, Workers: 4
[3052.493s][debug][gc,phases      ] GC(60)   JNI Weak                       Min:  0.0, Avg:  0.0, Max:  0.0, Diff:  0.0, Sum:  0.0, Workers: 4
[3052.493s][debug][gc,phases      ] GC(60)     Dead                           Min: 0, Avg:  0.0, Max: 0, Diff: 0, Sum: 0, Workers: 4
[3052.493s][debug][gc,phases      ] GC(60)     Total                          Min: 0, Avg: 12.0, Max: 48, Diff: 48, Sum: 48, Workers: 4
[3052.493s][debug][gc,phases      ] GC(60)   StringDedup Table Weak         Min:  0.0, Avg:  0.0, Max:  0.0, Diff:  0.0, Sum:  0.0, Workers: 4
[3052.493s][debug][gc,phases      ] GC(60)     Dead                           Min: 0, Avg:  0.0, Max: 0, Diff: 0, Sum: 0, Workers: 4
[3052.493s][debug][gc,phases      ] GC(60)     Total                          Min: 0, Avg:  0.0, Max: 0, Diff: 0, Sum: 0, Workers: 4
[3052.493s][debug][gc,phases      ] GC(60)   StringDedup Requests0 Weak     Min:  0.0, Avg:  0.0, Max:  0.0, Diff:  0.0, Sum:  0.0, Workers: 4
[3052.493s][debug][gc,phases      ] GC(60)     Dead                           Min: 0, Avg:  0.0, Max: 0, Diff: 0, Sum: 0, Workers: 4
[3052.493s][debug][gc,phases      ] GC(60)     Total                          Min: 0, Avg:  0.0, Max: 0, Diff: 0, Sum: 0, Workers: 4
[3052.493s][debug][gc,phases      ] GC(60)   StringDedup Requests1 Weak     Min:  0.0, Avg:  0.0, Max:  0.0, Diff:  0.0, Sum:  0.0, Workers: 4
[3052.493s][debug][gc,phases      ] GC(60)     Dead                           Min: 0, Avg:  0.0, Max: 0, Diff: 0, Sum: 0, Workers: 4
[3052.493s][debug][gc,phases      ] GC(60)     Total                          Min: 0, Avg:  0.0, Max: 0, Diff: 0, Sum: 0, Workers: 4
[3052.493s][debug][gc,phases      ] GC(60)   Weak JFR Old Object Samples    Min:  0.0, Avg:  0.0, Max:  0.0, Diff:  0.0, Sum:  0.0, Workers: 4
[3052.493s][debug][gc,phases      ] GC(60)     Dead                           Min: 0, Avg:  0.0, Max: 0, Diff: 0, Sum: 0, Workers: 4
[3052.493s][debug][gc,phases      ] GC(60)     Total                          Min: 0, Avg:  0.0, Max: 0, Diff: 0, Sum: 0, Workers: 4
[3052.493s][debug][gc,phases      ] GC(60) Weak Processing 0.391ms
[3052.493s][debug][gc,age         ] GC(60) Desired survivor size 34078720 bytes, new threshold 1 (max threshold 15)
[3052.493s][info ][gc,heap        ] GC(60) PSYoungGen: 2029471K(2062336K)->12032K(2060800K) Eden: 2025727K(2025984K)->0K(2025984K) From: 3744K(36352K)->12032K(34816K)
[3052.493s][info ][gc,heap        ] GC(60) ParOldGen: 356351K(549888K)->356647K(549888K)
[3052.493s][info ][gc,metaspace   ] GC(60) Metaspace: 105500K(106880K)->105500K(106880K) NonClass: 89588K(90368K)->89588K(90368K) Class: 15912K(16512K)->15912K(16512K)
[3052.493s][info ][gc             ] GC(60) Pause Young (Allocation Failure) 2329M->360M(2549M) 6.314ms
[3052.493s][info ][gc,cpu         ] GC(60) User=0.03s Sys=0.00s Real=0.01s
[3052.493s][info ][safepoint      ] Safepoint "ParallelGCFailedAllocation", Time since last: 1250895808 ns, Reaching safepoint: 5800 ns, Cleanup: 4000 ns, At safepoint: 6381048 ns, Total: 6390848 ns
[3054.494s][info ][safepoint      ] Safepoint "Cleanup", Time since last: 2000154503 ns, Reaching safepoint: 7400 ns, Cleanup: 14000 ns, At safepoint: 2200 ns, Total: 23600 ns
[3055.494s][info ][safepoint      ] Safepoint "Cleanup", Time since last: 1000114151 ns, Reaching safepoint: 7100 ns, Cleanup: 11700 ns, At safepoint: 2100 ns, Total: 20900 ns
[3056.494s][info ][safepoint      ] Safepoint "Cleanup", Time since last: 1000108379 ns, Reaching safepoint: 6200 ns, Cleanup: 9299 ns, At safepoint: 1800 ns, Total: 17299 ns
[3065.247s][info ][safepoint      ] Safepoint "Cleanup", Time since last: 8753422440 ns, Reaching safepoint: 6800 ns, Cleanup: 26000 ns, At safepoint: 1800 ns, Total: 34600 ns
[3067.247s][info ][safepoint      ] Safepoint "Cleanup", Time since last: 2000194574 ns, Reaching safepoint: 6800 ns, Cleanup: 17100 ns, At safepoint: 1800 ns, Total: 25700 ns
[3069.248s][info ][safepoint      ] Safepoint "Cleanup", Time since last: 2000179775 ns, Reaching safepoint: 8200 ns, Cleanup: 18400 ns, At safepoint: 2400 ns, Total: 29000 ns
[3075.248s][info ][safepoint      ] Safepoint "Cleanup", Time since last: 6000467847 ns, Reaching safepoint: 7200 ns, Cleanup: 12700 ns, At safepoint: 2100 ns, Total: 22000 ns
[3076.248s][info ][safepoint      ] Safepoint "Cleanup", Time since last: 1000108637 ns, Reaching safepoint: 7100 ns, Cleanup: 13500 ns, At safepoint: 1800 ns, Total: 22400 ns
[3083.249s][info ][safepoint      ] Safepoint "Cleanup", Time since last: 7000521049 ns, Reaching safepoint: 5500 ns, Cleanup: 12500 ns, At safepoint: 2100 ns, Total: 20100 ns
[3084.249s][info ][safepoint      ] Safepoint "Cleanup", Time since last: 1000096077 ns, Reaching safepoint: 6500 ns, Cleanup: 9200 ns, At safepoint: 2000 ns, Total: 17700 ns
[3087.249s][info ][safepoint      ] Safepoint "Cleanup", Time since last: 3000251529 ns, Reaching safepoint: 7400 ns, Cleanup: 10000 ns, At safepoint: 2200 ns, Total: 19600 ns
[3089.249s][info ][safepoint      ] Safepoint "Cleanup", Time since last: 2000188556 ns, Reaching safepoint: 7000 ns, Cleanup: 11100 ns, At safepoint: 2300 ns, Total: 20400 ns
[3090.250s][info ][safepoint      ] Safepoint "Cleanup", Time since last: 1000113645 ns, Reaching safepoint: 7000 ns, Cleanup: 9499 ns, At safepoint: 1800 ns, Total: 18299 ns
[3092.250s][info ][safepoint      ] Safepoint "Cleanup", Time since last: 2000173590 ns, Reaching safepoint: 8200 ns, Cleanup: 10500 ns, At safepoint: 2700 ns, Total: 21400 ns
[3094.250s][info ][safepoint      ] Safepoint "Cleanup", Time since last: 2000172390 ns, Reaching safepoint: 6700 ns, Cleanup: 11200 ns, At safepoint: 2100 ns, Total: 20000 ns
[3097.250s][info ][safepoint      ] Safepoint "Cleanup", Time since last: 3000249724 ns, Reaching safepoint: 7400 ns, Cleanup: 10800 ns, At safepoint: 2800 ns, Total: 21000 ns
[3100.251s][info ][safepoint      ] Safepoint "Cleanup", Time since last: 3000266730 ns, Reaching safepoint: 7900 ns, Cleanup: 12400 ns, At safepoint: 2200 ns, Total: 22500 ns
[3102.251s][info ][safepoint      ] Safepoint "Cleanup", Time since last: 2000196128 ns, Reaching safepoint: 8400 ns, Cleanup: 12000 ns, At safepoint: 3100 ns, Total: 23500 ns
[3106.252s][info ][safepoint      ] Safepoint "Cleanup", Time since last: 4001255410 ns, Reaching safepoint: 7800 ns, Cleanup: 15600 ns, At safepoint: 2900 ns, Total: 26300 ns
[3111.252s][info ][safepoint      ] Safepoint "Cleanup", Time since last: 5000405857 ns, Reaching safepoint: 9000 ns, Cleanup: 27900 ns, At safepoint: 1999 ns, Total: 38899 ns
[3112.253s][info ][safepoint      ] Safepoint "Cleanup", Time since last: 1000115559 ns, Reaching safepoint: 7200 ns, Cleanup: 10300 ns, At safepoint: 2200 ns, Total: 19700 ns
[3114.253s][info ][safepoint      ] Safepoint "Cleanup", Time since last: 2000186189 ns, Reaching safepoint: 7300 ns, Cleanup: 11599 ns, At safepoint: 2700 ns, Total: 21599 ns
[3116.119s][info ][gc,start       ] GC(61) Pause Young (Allocation Failure)
[3116.129s][debug][gc,phases      ] GC(61) Scavenge 9.883ms
[3116.129s][debug][gc,ref         ] GC(61) ReferenceProcessor::execute queues: 1, RefProcThreadModel::Single, marks_oops_alive: false
[3116.129s][debug][gc,ref         ] GC(61) Skipped KeepAliveFinalRefsPhase of Reference Processing: no references
[3116.129s][debug][gc,ref         ] GC(61) ReferenceProcessor::execute queues: 1, RefProcThreadModel::Single, marks_oops_alive: false
[3116.129s][debug][gc,phases      ] GC(61) Reference Processing 0.105ms
[3116.129s][debug][gc,phases      ] GC(61)   VM Weak                        Min:  0.0, Avg:  0.0, Max:  0.0, Diff:  0.0, Sum:  0.0, Workers: 4
[3116.129s][debug][gc,phases      ] GC(61)     Dead                           Min: 0, Avg:  0.0, Max: 0, Diff: 0, Sum: 0, Workers: 4
[3116.129s][debug][gc,phases      ] GC(61)     Total                          Min: 0, Avg: 265.8, Max: 704, Diff: 704, Sum: 1063, Workers: 4
[3116.129s][debug][gc,phases      ] GC(61)   ObjectSynchronizer Weak        Min:  0.0, Avg:  0.0, Max:  0.0, Diff:  0.0, Sum:  0.0, Workers: 4
[3116.129s][debug][gc,phases      ] GC(61)     Dead                           Min: 0, Avg:  0.0, Max: 0, Diff: 0, Sum: 0, Workers: 4
[3116.129s][debug][gc,phases      ] GC(61)     Total                          Min: 0, Avg:  1.0, Max: 4, Diff: 4, Sum: 4, Workers: 4
[3116.129s][debug][gc,phases      ] GC(61)   JVMTI Tag Weak OopStorage      Min:  0.0, Avg:  0.0, Max:  0.0, Diff:  0.0, Sum:  0.0, Workers: 4
[3116.129s][debug][gc,phases      ] GC(61)     Dead                           Min: 0, Avg:  0.0, Max: 0, Diff: 0, Sum: 0, Workers: 4
[3116.129s][debug][gc,phases      ] GC(61)     Total                          Min: 0, Avg:  0.0, Max: 0, Diff: 0, Sum: 0, Workers: 4
[3116.129s][debug][gc,phases      ] GC(61)   StringTable Weak               Min:  0.0, Avg:  0.1, Max:  0.1, Diff:  0.1, Sum:  0.4, Workers: 4
[3116.129s][debug][gc,phases      ] GC(61)     Dead                           Min: 0, Avg:  0.0, Max: 0, Diff: 0, Sum: 0, Workers: 4
[3116.129s][debug][gc,phases      ] GC(61)     Total                          Min: 0, Avg: 11443.0, Max: 19327, Diff: 19327, Sum: 45772, Workers: 4
[3116.129s][debug][gc,phases      ] GC(61)   ResolvedMethodTable Weak       Min:  0.0, Avg:  0.0, Max:  0.0, Diff:  0.0, Sum:  0.1, Workers: 4
[3116.129s][debug][gc,phases      ] GC(61)     Dead                           Min: 0, Avg:  4.0, Max: 16, Diff: 16, Sum: 16, Workers: 4
[3116.129s][debug][gc,phases      ] GC(61)     Total                          Min: 0, Avg: 3978.2, Max: 6651, Diff: 6651, Sum: 15913, Workers: 4
[3116.129s][debug][gc,phases      ] GC(61)   JNI Weak                       Min:  0.0, Avg:  0.0, Max:  0.0, Diff:  0.0, Sum:  0.0, Workers: 4
[3116.129s][debug][gc,phases      ] GC(61)     Dead                           Min: 0, Avg:  0.0, Max: 0, Diff: 0, Sum: 0, Workers: 4
[3116.129s][debug][gc,phases      ] GC(61)     Total                          Min: 0, Avg: 12.0, Max: 48, Diff: 48, Sum: 48, Workers: 4
[3116.129s][debug][gc,phases      ] GC(61)   StringDedup Table Weak         Min:  0.0, Avg:  0.0, Max:  0.0, Diff:  0.0, Sum:  0.0, Workers: 4
[3116.129s][debug][gc,phases      ] GC(61)     Dead                           Min: 0, Avg:  0.0, Max: 0, Diff: 0, Sum: 0, Workers: 4
[3116.129s][debug][gc,phases      ] GC(61)     Total                          Min: 0, Avg:  0.0, Max: 0, Diff: 0, Sum: 0, Workers: 4
[3116.129s][debug][gc,phases      ] GC(61)   StringDedup Requests0 Weak     Min:  0.0, Avg:  0.0, Max:  0.0, Diff:  0.0, Sum:  0.0, Workers: 4
[3116.129s][debug][gc,phases      ] GC(61)     Dead                           Min: 0, Avg:  0.0, Max: 0, Diff: 0, Sum: 0, Workers: 4
[3116.129s][debug][gc,phases      ] GC(61)     Total                          Min: 0, Avg:  0.0, Max: 0, Diff: 0, Sum: 0, Workers: 4
[3116.129s][debug][gc,phases      ] GC(61)   StringDedup Requests1 Weak     Min:  0.0, Avg:  0.0, Max:  0.0, Diff:  0.0, Sum:  0.0, Workers: 4
[3116.129s][debug][gc,phases      ] GC(61)     Dead                           Min: 0, Avg:  0.0, Max: 0, Diff: 0, Sum: 0, Workers: 4
[3116.129s][debug][gc,phases      ] GC(61)     Total                          Min: 0, Avg:  0.0, Max: 0, Diff: 0, Sum: 0, Workers: 4
[3116.129s][debug][gc,phases      ] GC(61)   Weak JFR Old Object Samples    Min:  0.0, Avg:  0.0, Max:  0.0, Diff:  0.0, Sum:  0.0, Workers: 4
[3116.129s][debug][gc,phases      ] GC(61)     Dead                           Min: 0, Avg:  0.0, Max: 0, Diff: 0, Sum: 0, Workers: 4
[3116.129s][debug][gc,phases      ] GC(61)     Total                          Min: 0, Avg:  0.0, Max: 0, Diff: 0, Sum: 0, Workers: 4
[3116.129s][debug][gc,phases      ] GC(61) Weak Processing 0.396ms
[3116.129s][debug][gc,age         ] GC(61) Desired survivor size 34078720 bytes, new threshold 1 (max threshold 15)
[3116.129s][info ][gc,heap        ] GC(61) PSYoungGen: 2038016K(2060800K)->14880K(2063872K) Eden: 2025984K(2025984K)->0K(2030592K) From: 12032K(34816K)->14880K(33280K)
[3116.129s][info ][gc,heap        ] GC(61) ParOldGen: 356647K(549888K)->364523K(549888K)
[3116.129s][info ][gc,metaspace   ] GC(61) Metaspace: 105516K(106880K)->105516K(106880K) NonClass: 89603K(90368K)->89603K(90368K) Class: 15912K(16512K)->15912K(16512K)
[3116.129s][info ][gc             ] GC(61) Pause Young (Allocation Failure) 2338M->370M(2552M) 10.520ms
[3116.129s][info ][gc,cpu         ] GC(61) User=0.04s Sys=0.00s Real=0.01s
[3116.129s][info ][safepoint      ] Safepoint "ParallelGCFailedAllocation", Time since last: 1865664059 ns, Reaching safepoint: 84800 ns, Cleanup: 13400 ns, At safepoint: 10614315 ns, Total: 10712515 ns
[3117.129s][info ][safepoint      ] Safepoint "Cleanup", Time since last: 1000094545 ns, Reaching safepoint: 7000 ns, Cleanup: 46999 ns, At safepoint: 2700 ns, Total: 56699 ns
[3118.130s][info ][safepoint      ] Safepoint "Cleanup", Time since last: 1000113144 ns, Reaching safepoint: 8600 ns, Cleanup: 34500 ns, At safepoint: 2600 ns, Total: 45700 ns
[3119.130s][info ][safepoint      ] Safepoint "Cleanup", Time since last: 1000123044 ns, Reaching safepoint: 81700 ns, Cleanup: 29899 ns, At safepoint: 6400 ns, Total: 117999 ns
[3120.130s][info ][safepoint      ] Safepoint "Cleanup", Time since last: 1000116199 ns, Reaching safepoint: 6700 ns, Cleanup: 27199 ns, At safepoint: 2000 ns, Total: 35899 ns
[3122.266s][info ][safepoint      ] Safepoint "Cleanup", Time since last: 2135600951 ns, Reaching safepoint: 6800 ns, Cleanup: 19399 ns, At safepoint: 2100 ns, Total: 28299 ns
[3123.266s][info ][safepoint      ] Safepoint "Cleanup", Time since last: 1000107603 ns, Reaching safepoint: 6400 ns, Cleanup: 26400 ns, At safepoint: 2000 ns, Total: 34800 ns
[3124.266s][info ][safepoint      ] Safepoint "Cleanup", Time since last: 1000115703 ns, Reaching safepoint: 9100 ns, Cleanup: 11499 ns, At safepoint: 3400 ns, Total: 23999 ns
[3125.266s][info ][safepoint      ] Safepoint "Cleanup", Time since last: 1000125103 ns, Reaching safepoint: 7800 ns, Cleanup: 10600 ns, At safepoint: 2300 ns, Total: 20700 ns
[3126.266s][info ][safepoint      ] Safepoint "Cleanup", Time since last: 1000111503 ns, Reaching safepoint: 7600 ns, Cleanup: 15600 ns, At safepoint: 2100 ns, Total: 25300 ns
[3127.266s][info ][safepoint      ] Safepoint "Cleanup", Time since last: 1000110702 ns, Reaching safepoint: 7700 ns, Cleanup: 14200 ns, At safepoint: 2300 ns, Total: 24200 ns
[3129.266s][info ][safepoint      ] Safepoint "Cleanup", Time since last: 2000206658 ns, Reaching safepoint: 7299 ns, Cleanup: 12600 ns, At safepoint: 2400 ns, Total: 22299 ns
[3131.267s][info ][safepoint      ] Safepoint "Cleanup", Time since last: 2000190885 ns, Reaching safepoint: 7300 ns, Cleanup: 20900 ns, At safepoint: 2300 ns, Total: 30500 ns
[3132.267s][info ][safepoint      ] Safepoint "Cleanup", Time since last: 1000109542 ns, Reaching safepoint: 6700 ns, Cleanup: 9200 ns, At safepoint: 1900 ns, Total: 17800 ns
[3133.267s][info ][safepoint      ] Safepoint "Cleanup", Time since last: 1000113542 ns, Reaching safepoint: 7400 ns, Cleanup: 10800 ns, At safepoint: 2000 ns, Total: 20200 ns
[3134.267s][info ][safepoint      ] Safepoint "Cleanup", Time since last: 1000113552 ns, Reaching safepoint: 7800 ns, Cleanup: 15100 ns, At safepoint: 2200 ns, Total: 25100 ns
[3135.267s][info ][safepoint      ] Safepoint "Cleanup", Time since last: 1000121055 ns, Reaching safepoint: 7999 ns, Cleanup: 10900 ns, At safepoint: 2300 ns, Total: 21199 ns
[3136.267s][info ][safepoint      ] Safepoint "Cleanup", Time since last: 1000115793 ns, Reaching safepoint: 7800 ns, Cleanup: 15800 ns, At safepoint: 2300 ns, Total: 25900 ns
[3137.267s][info ][safepoint      ] Safepoint "Cleanup", Time since last: 1000112338 ns, Reaching safepoint: 6000 ns, Cleanup: 7400 ns, At safepoint: 1800 ns, Total: 15200 ns
[3138.268s][info ][safepoint      ] Safepoint "Cleanup", Time since last: 1000098038 ns, Reaching safepoint: 7200 ns, Cleanup: 15800 ns, At safepoint: 2500 ns, Total: 25500 ns
[3140.268s][info ][safepoint      ] Safepoint "Cleanup", Time since last: 2000224714 ns, Reaching safepoint: 19600 ns, Cleanup: 20799 ns, At safepoint: 5800 ns, Total: 46199 ns
[3143.268s][info ][safepoint      ] Safepoint "Cleanup", Time since last: 3000249559 ns, Reaching safepoint: 7600 ns, Cleanup: 13100 ns, At safepoint: 1900 ns, Total: 22600 ns
[3144.433s][info ][gc,start       ] GC(62) Pause Young (Allocation Failure)
[3144.446s][debug][gc,phases      ] GC(62) Scavenge 12.701ms
[3144.446s][debug][gc,ref         ] GC(62) ReferenceProcessor::execute queues: 1, RefProcThreadModel::Single, marks_oops_alive: false
[3144.446s][debug][gc,ref         ] GC(62) Skipped KeepAliveFinalRefsPhase of Reference Processing: no references
[3144.446s][debug][gc,ref         ] GC(62) ReferenceProcessor::execute queues: 1, RefProcThreadModel::Single, marks_oops_alive: false
[3144.446s][debug][gc,phases      ] GC(62) Reference Processing 0.115ms
[3144.446s][debug][gc,phases      ] GC(62)   VM Weak                        Min:  0.0, Avg:  0.0, Max:  0.0, Diff:  0.0, Sum:  0.0, Workers: 4
[3144.446s][debug][gc,phases      ] GC(62)     Dead                           Min: 0, Avg:  0.0, Max: 0, Diff: 0, Sum: 0, Workers: 4
[3144.446s][debug][gc,phases      ] GC(62)     Total                          Min: 0, Avg: 265.8, Max: 679, Diff: 679, Sum: 1063, Workers: 4
[3144.446s][debug][gc,phases      ] GC(62)   ObjectSynchronizer Weak        Min:  0.0, Avg:  0.0, Max:  0.0, Diff:  0.0, Sum:  0.0, Workers: 4
[3144.446s][debug][gc,phases      ] GC(62)     Dead                           Min: 0, Avg:  0.0, Max: 0, Diff: 0, Sum: 0, Workers: 4
[3144.446s][debug][gc,phases      ] GC(62)     Total                          Min: 0, Avg:  1.2, Max: 5, Diff: 5, Sum: 5, Workers: 4
[3144.446s][debug][gc,phases      ] GC(62)   JVMTI Tag Weak OopStorage      Min:  0.0, Avg:  0.0, Max:  0.0, Diff:  0.0, Sum:  0.0, Workers: 4
[3144.446s][debug][gc,phases      ] GC(62)     Dead                           Min: 0, Avg:  0.0, Max: 0, Diff: 0, Sum: 0, Workers: 4
[3144.446s][debug][gc,phases      ] GC(62)     Total                          Min: 0, Avg:  0.0, Max: 0, Diff: 0, Sum: 0, Workers: 4
[3144.446s][debug][gc,phases      ] GC(62)   StringTable Weak               Min:  0.0, Avg:  0.1, Max:  0.1, Diff:  0.1, Sum:  0.4, Workers: 4
[3144.446s][debug][gc,phases      ] GC(62)     Dead                           Min: 0, Avg:  0.2, Max: 1, Diff: 1, Sum: 1, Workers: 4
[3144.446s][debug][gc,phases      ] GC(62)     Total                          Min: 0, Avg: 11447.2, Max: 16414, Diff: 16414, Sum: 45789, Workers: 4
[3144.446s][debug][gc,phases      ] GC(62)   ResolvedMethodTable Weak       Min:  0.0, Avg:  0.0, Max:  0.0, Diff:  0.0, Sum:  0.1, Workers: 4
[3144.446s][debug][gc,phases      ] GC(62)     Dead                           Min: 0, Avg:  5.2, Max: 16, Diff: 16, Sum: 21, Workers: 4
[3144.446s][debug][gc,phases      ] GC(62)     Total                          Min: 0, Avg: 3981.0, Max: 6720, Diff: 6720, Sum: 15924, Workers: 4
[3144.446s][debug][gc,phases      ] GC(62)   JNI Weak                       Min:  0.0, Avg:  0.0, Max:  0.0, Diff:  0.0, Sum:  0.0, Workers: 4
[3144.446s][debug][gc,phases      ] GC(62)     Dead                           Min: 0, Avg:  0.0, Max: 0, Diff: 0, Sum: 0, Workers: 4
[3144.446s][debug][gc,phases      ] GC(62)     Total                          Min: 0, Avg: 12.0, Max: 48, Diff: 48, Sum: 48, Workers: 4
[3144.446s][debug][gc,phases      ] GC(62)   StringDedup Table Weak         Min:  0.0, Avg:  0.0, Max:  0.0, Diff:  0.0, Sum:  0.0, Workers: 4
[3144.446s][debug][gc,phases      ] GC(62)     Dead                           Min: 0, Avg:  0.0, Max: 0, Diff: 0, Sum: 0, Workers: 4
[3144.446s][debug][gc,phases      ] GC(62)     Total                          Min: 0, Avg:  0.0, Max: 0, Diff: 0, Sum: 0, Workers: 4
[3144.446s][debug][gc,phases      ] GC(62)   StringDedup Requests0 Weak     Min:  0.0, Avg:  0.0, Max:  0.0, Diff:  0.0, Sum:  0.0, Workers: 4
[3144.446s][debug][gc,phases      ] GC(62)     Dead                           Min: 0, Avg:  0.0, Max: 0, Diff: 0, Sum: 0, Workers: 4
[3144.446s][debug][gc,phases      ] GC(62)     Total                          Min: 0, Avg:  0.0, Max: 0, Diff: 0, Sum: 0, Workers: 4
[3144.446s][debug][gc,phases      ] GC(62)   StringDedup Requests1 Weak     Min:  0.0, Avg:  0.0, Max:  0.0, Diff:  0.0, Sum:  0.0, Workers: 4
[3144.446s][debug][gc,phases      ] GC(62)     Dead                           Min: 0, Avg:  0.0, Max: 0, Diff: 0, Sum: 0, Workers: 4
[3144.446s][debug][gc,phases      ] GC(62)     Total                          Min: 0, Avg:  0.0, Max: 0, Diff: 0, Sum: 0, Workers: 4
[3144.446s][debug][gc,phases      ] GC(62)   Weak JFR Old Object Samples    Min:  0.0, Avg:  0.0, Max:  0.0, Diff:  0.0, Sum:  0.0, Workers: 4
[3144.446s][debug][gc,phases      ] GC(62)     Dead                           Min: 0, Avg:  0.0, Max: 0, Diff: 0, Sum: 0, Workers: 4
[3144.446s][debug][gc,phases      ] GC(62)     Total                          Min: 0, Avg:  0.0, Max: 0, Diff: 0, Sum: 0, Workers: 4
[3144.446s][debug][gc,phases      ] GC(62) Weak Processing 0.418ms
[3144.446s][debug][gc,age         ] GC(62) Desired survivor size 38273024 bytes, new threshold 1 (max threshold 15)
[3144.446s][info ][gc,heap        ] GC(62) PSYoungGen: 2045472K(2063872K)->27488K(2058240K) Eden: 2030592K(2030592K)->0K(2030592K) From: 14880K(33280K)->27488K(27648K)
[3144.446s][info ][gc,heap        ] GC(62) ParOldGen: 364523K(549888K)->374844K(549888K)
[3144.446s][info ][gc,metaspace   ] GC(62) Metaspace: 105578K(106944K)->105578K(106944K) NonClass: 89660K(90432K)->89660K(90432K) Class: 15917K(16512K)->15917K(16512K)
[3144.446s][info ][gc             ] GC(62) Pause Young (Allocation Failure) 2353M->392M(2547M) 13.374ms
[3144.446s][info ][gc,cpu         ] GC(62) User=0.05s Sys=0.00s Real=0.01s
[3144.446s][info ][safepoint      ] Safepoint "ParallelGCFailedAllocation", Time since last: 1164586094 ns, Reaching safepoint: 82600 ns, Cleanup: 4100 ns, At safepoint: 13451693 ns, Total: 13538393 ns
[3145.446s][info ][safepoint      ] Safepoint "Cleanup", Time since last: 1000090002 ns, Reaching safepoint: 6600 ns, Cleanup: 11200 ns, At safepoint: 2200 ns, Total: 20000 ns
[3147.447s][info ][safepoint      ] Safepoint "Cleanup", Time since last: 2000183904 ns, Reaching safepoint: 6700 ns, Cleanup: 9700 ns, At safepoint: 1800 ns, Total: 18200 ns
[3152.447s][info ][safepoint      ] Safepoint "Cleanup", Time since last: 5000395352 ns, Reaching safepoint: 6800 ns, Cleanup: 14300 ns, At safepoint: 5500 ns, Total: 26600 ns
[3153.447s][info ][safepoint      ] Safepoint "Cleanup", Time since last: 1000120771 ns, Reaching safepoint: 7100 ns, Cleanup: 10400 ns, At safepoint: 2400 ns, Total: 19900 ns
[3156.447s][info ][safepoint      ] Safepoint "Cleanup", Time since last: 3000261012 ns, Reaching safepoint: 7600 ns, Cleanup: 9700 ns, At safepoint: 2300 ns, Total: 19600 ns
[3161.448s][info ][safepoint      ] Safepoint "Cleanup", Time since last: 5000391685 ns, Reaching safepoint: 6900 ns, Cleanup: 8299 ns, At safepoint: 1800 ns, Total: 16999 ns
[3162.448s][info ][safepoint      ] Safepoint "Cleanup", Time since last: 1000102851 ns, Reaching safepoint: 6600 ns, Cleanup: 8900 ns, At safepoint: 1900 ns, Total: 17400 ns
[3165.448s][info ][safepoint      ] Safepoint "Cleanup", Time since last: 3000257753 ns, Reaching safepoint: 6700 ns, Cleanup: 9300 ns, At safepoint: 2000 ns, Total: 18000 ns
[3166.448s][info ][safepoint      ] Safepoint "Cleanup", Time since last: 1000119351 ns, Reaching safepoint: 7200 ns, Cleanup: 10400 ns, At safepoint: 2300 ns, Total: 19900 ns
[3167.449s][info ][safepoint      ] Safepoint "Cleanup", Time since last: 1000117551 ns, Reaching safepoint: 7000 ns, Cleanup: 10400 ns, At safepoint: 2300 ns, Total: 19700 ns
[3168.449s][info ][safepoint      ] Safepoint "Cleanup", Time since last: 1000112533 ns, Reaching safepoint: 7200 ns, Cleanup: 11100 ns, At safepoint: 2300 ns, Total: 20600 ns
[3169.449s][info ][safepoint      ] Safepoint "Cleanup", Time since last: 1000108823 ns, Reaching safepoint: 7400 ns, Cleanup: 11099 ns, At safepoint: 2200 ns, Total: 20699 ns
[3175.449s][info ][safepoint      ] Safepoint "Cleanup", Time since last: 6000464037 ns, Reaching safepoint: 7700 ns, Cleanup: 9900 ns, At safepoint: 2400 ns, Total: 20000 ns
[3178.450s][info ][safepoint      ] Safepoint "Cleanup", Time since last: 3000250422 ns, Reaching safepoint: 8600 ns, Cleanup: 18100 ns, At safepoint: 2500 ns, Total: 29200 ns
[3182.283s][info ][safepoint      ] Safepoint "Cleanup", Time since last: 3832928529 ns, Reaching safepoint: 78199 ns, Cleanup: 17800 ns, At safepoint: 5500 ns, Total: 101499 ns
[3183.283s][info ][safepoint      ] Safepoint "Cleanup", Time since last: 1000115428 ns, Reaching safepoint: 76399 ns, Cleanup: 12000 ns, At safepoint: 5900 ns, Total: 94299 ns
[3186.283s][info ][safepoint      ] Safepoint "Cleanup", Time since last: 3000255314 ns, Reaching safepoint: 77399 ns, Cleanup: 8700 ns, At safepoint: 5300 ns, Total: 91399 ns
[3189.245s][info ][gc,start       ] GC(63) Pause Young (Allocation Failure)
[3189.256s][debug][gc,phases      ] GC(63) Scavenge 11.699ms
[3189.256s][debug][gc,ref         ] GC(63) ReferenceProcessor::execute queues: 1, RefProcThreadModel::Single, marks_oops_alive: false
[3189.256s][debug][gc,ref         ] GC(63) Skipped KeepAliveFinalRefsPhase of Reference Processing: no references
[3189.256s][debug][gc,ref         ] GC(63) ReferenceProcessor::execute queues: 1, RefProcThreadModel::Single, marks_oops_alive: false
[3189.256s][debug][gc,phases      ] GC(63) Reference Processing 0.102ms
[3189.257s][debug][gc,phases      ] GC(63)   VM Weak                        Min:  0.0, Avg:  0.0, Max:  0.0, Diff:  0.0, Sum:  0.0, Workers: 4
[3189.257s][debug][gc,phases      ] GC(63)     Dead                           Min: 0, Avg:  0.0, Max: 0, Diff: 0, Sum: 0, Workers: 4
[3189.257s][debug][gc,phases      ] GC(63)     Total                          Min: 0, Avg: 265.8, Max: 576, Diff: 576, Sum: 1063, Workers: 4
[3189.257s][debug][gc,phases      ] GC(63)   ObjectSynchronizer Weak        Min:  0.0, Avg:  0.0, Max:  0.0, Diff:  0.0, Sum:  0.0, Workers: 4
[3189.257s][debug][gc,phases      ] GC(63)     Dead                           Min: 0, Avg:  0.0, Max: 0, Diff: 0, Sum: 0, Workers: 4
[3189.257s][debug][gc,phases      ] GC(63)     Total                          Min: 0, Avg:  1.0, Max: 4, Diff: 4, Sum: 4, Workers: 4
[3189.257s][debug][gc,phases      ] GC(63)   JVMTI Tag Weak OopStorage      Min:  0.0, Avg:  0.0, Max:  0.0, Diff:  0.0, Sum:  0.0, Workers: 4
[3189.257s][debug][gc,phases      ] GC(63)     Dead                           Min: 0, Avg:  0.0, Max: 0, Diff: 0, Sum: 0, Workers: 4
[3189.257s][debug][gc,phases      ] GC(63)     Total                          Min: 0, Avg:  0.0, Max: 0, Diff: 0, Sum: 0, Workers: 4
[3189.257s][debug][gc,phases      ] GC(63)   StringTable Weak               Min:  0.0, Avg:  0.1, Max:  0.2, Diff:  0.2, Sum:  0.4, Workers: 4
[3189.257s][debug][gc,phases      ] GC(63)     Dead                           Min: 0, Avg:  0.0, Max: 0, Diff: 0, Sum: 0, Workers: 4
[3189.257s][debug][gc,phases      ] GC(63)     Total                          Min: 0, Avg: 11448.2, Max: 28258, Diff: 28258, Sum: 45793, Workers: 4
[3189.257s][debug][gc,phases      ] GC(63)   ResolvedMethodTable Weak       Min:  0.0, Avg:  0.0, Max:  0.1, Diff:  0.1, Sum:  0.1, Workers: 4
[3189.257s][debug][gc,phases      ] GC(63)     Dead                           Min: 0, Avg:  4.0, Max: 11, Diff: 11, Sum: 16, Workers: 4
[3189.257s][debug][gc,phases      ] GC(63)     Total                          Min: 0, Avg: 3981.0, Max: 9402, Diff: 9402, Sum: 15924, Workers: 4
[3189.257s][debug][gc,phases      ] GC(63)   JNI Weak                       Min:  0.0, Avg:  0.0, Max:  0.0, Diff:  0.0, Sum:  0.0, Workers: 4
[3189.257s][debug][gc,phases      ] GC(63)     Dead                           Min: 0, Avg:  0.0, Max: 0, Diff: 0, Sum: 0, Workers: 4
[3189.257s][debug][gc,phases      ] GC(63)     Total                          Min: 0, Avg: 12.0, Max: 48, Diff: 48, Sum: 48, Workers: 4
[3189.257s][debug][gc,phases      ] GC(63)   StringDedup Table Weak         Min:  0.0, Avg:  0.0, Max:  0.0, Diff:  0.0, Sum:  0.0, Workers: 4
[3189.257s][debug][gc,phases      ] GC(63)     Dead                           Min: 0, Avg:  0.0, Max: 0, Diff: 0, Sum: 0, Workers: 4
[3189.257s][debug][gc,phases      ] GC(63)     Total                          Min: 0, Avg:  0.0, Max: 0, Diff: 0, Sum: 0, Workers: 4
[3189.257s][debug][gc,phases      ] GC(63)   StringDedup Requests0 Weak     Min:  0.0, Avg:  0.0, Max:  0.0, Diff:  0.0, Sum:  0.0, Workers: 4
[3189.257s][debug][gc,phases      ] GC(63)     Dead                           Min: 0, Avg:  0.0, Max: 0, Diff: 0, Sum: 0, Workers: 4
[3189.257s][debug][gc,phases      ] GC(63)     Total                          Min: 0, Avg:  0.0, Max: 0, Diff: 0, Sum: 0, Workers: 4
[3189.257s][debug][gc,phases      ] GC(63)   StringDedup Requests1 Weak     Min:  0.0, Avg:  0.0, Max:  0.0, Diff:  0.0, Sum:  0.0, Workers: 4
[3189.257s][debug][gc,phases      ] GC(63)     Dead                           Min: 0, Avg:  0.0, Max: 0, Diff: 0, Sum: 0, Workers: 4
[3189.257s][debug][gc,phases      ] GC(63)     Total                          Min: 0, Avg:  0.0, Max: 0, Diff: 0, Sum: 0, Workers: 4
[3189.257s][debug][gc,phases      ] GC(63)   Weak JFR Old Object Samples    Min:  0.0, Avg:  0.0, Max:  0.0, Diff:  0.0, Sum:  0.0, Workers: 4
[3189.257s][debug][gc,phases      ] GC(63)     Dead                           Min: 0, Avg:  0.0, Max: 0, Diff: 0, Sum: 0, Workers: 4
[3189.257s][debug][gc,phases      ] GC(63)     Total                          Min: 0, Avg:  0.0, Max: 0, Diff: 0, Sum: 0, Workers: 4
[3189.257s][debug][gc,phases      ] GC(63) Weak Processing 0.473ms
[3189.257s][debug][gc,age         ] GC(63) Desired survivor size 35651584 bytes, new threshold 1 (max threshold 15)
[3189.257s][info ][gc,heap        ] GC(63) PSYoungGen: 2058080K(2058240K)->11200K(2062336K) Eden: 2030592K(2030592K)->0K(2024960K) From: 27488K(27648K)->11200K(37376K)
[3189.257s][info ][gc,heap        ] GC(63) ParOldGen: 374844K(549888K)->399301K(549888K)
[3189.257s][info ][gc,metaspace   ] GC(63) Metaspace: 105593K(107008K)->105593K(107008K) NonClass: 89675K(90496K)->89675K(90496K) Class: 15918K(16512K)->15918K(16512K)
[3189.257s][info ][gc             ] GC(63) Pause Young (Allocation Failure) 2375M->400M(2551M) 12.394ms
[3189.257s][info ][gc,cpu         ] GC(63) User=0.05s Sys=0.00s Real=0.01s
[3189.257s][info ][safepoint      ] Safepoint "ParallelGCFailedAllocation", Time since last: 2961327260 ns, Reaching safepoint: 6600 ns, Cleanup: 3900 ns, At safepoint: 12465301 ns, Total: 12475801 ns
[3195.257s][info ][safepoint      ] Safepoint "Cleanup", Time since last: 6000451899 ns, Reaching safepoint: 7000 ns, Cleanup: 10500 ns, At safepoint: 2500 ns, Total: 20000 ns
[3197.258s][info ][safepoint      ] Safepoint "Cleanup", Time since last: 2000181128 ns, Reaching safepoint: 6800 ns, Cleanup: 12300 ns, At safepoint: 2500 ns, Total: 21600 ns
[3202.258s][info ][safepoint      ] Safepoint "Cleanup", Time since last: 5000411438 ns, Reaching safepoint: 6800 ns, Cleanup: 12800 ns, At safepoint: 2500 ns, Total: 22100 ns
[3206.258s][info ][safepoint      ] Safepoint "Cleanup", Time since last: 4000341017 ns, Reaching safepoint: 6500 ns, Cleanup: 10200 ns, At safepoint: 2000 ns, Total: 18700 ns
[3209.259s][info ][safepoint      ] Safepoint "Cleanup", Time since last: 3000248795 ns, Reaching safepoint: 6500 ns, Cleanup: 10300 ns, At safepoint: 2300 ns, Total: 19100 ns
[3210.259s][info ][safepoint      ] Safepoint "Cleanup", Time since last: 1000120381 ns, Reaching safepoint: 7400 ns, Cleanup: 12400 ns, At safepoint: 2399 ns, Total: 22199 ns
[3222.260s][info ][safepoint      ] Safepoint "Cleanup", Time since last: 12000948027 ns, Reaching safepoint: 7700 ns, Cleanup: 10100 ns, At safepoint: 2700 ns, Total: 20500 ns
[3225.260s][info ][safepoint      ] Safepoint "Cleanup", Time since last: 3000282147 ns, Reaching safepoint: 7700 ns, Cleanup: 24400 ns, At safepoint: 3000 ns, Total: 35100 ns
[3229.260s][info ][safepoint      ] Safepoint "Cleanup", Time since last: 4000342710 ns, Reaching safepoint: 7699 ns, Cleanup: 11200 ns, At safepoint: 3200 ns, Total: 22099 ns
[3231.261s][info ][safepoint      ] Safepoint "Cleanup", Time since last: 2000211255 ns, Reaching safepoint: 85099 ns, Cleanup: 10400 ns, At safepoint: 8800 ns, Total: 104299 ns
[3237.261s][info ][safepoint      ] Safepoint "Cleanup", Time since last: 6000490145 ns, Reaching safepoint: 8600 ns, Cleanup: 15700 ns, At safepoint: 3000 ns, Total: 27300 ns
[3238.261s][info ][safepoint      ] Safepoint "Cleanup", Time since last: 1000135117 ns, Reaching safepoint: 8700 ns, Cleanup: 36299 ns, At safepoint: 3000 ns, Total: 47999 ns
[3240.262s][info ][safepoint      ] Safepoint "Cleanup", Time since last: 2000199774 ns, Reaching safepoint: 8100 ns, Cleanup: 9700 ns, At safepoint: 3900 ns, Total: 21700 ns
[3243.300s][info ][safepoint      ] Safepoint "Cleanup", Time since last: 3037996218 ns, Reaching safepoint: 8800 ns, Cleanup: 12500 ns, At safepoint: 2900 ns, Total: 24200 ns
[3244.300s][info ][safepoint      ] Safepoint "Cleanup", Time since last: 1000131534 ns, Reaching safepoint: 7200 ns, Cleanup: 11200 ns, At safepoint: 2600 ns, Total: 21000 ns
[3252.301s][info ][safepoint      ] Safepoint "Cleanup", Time since last: 8000615304 ns, Reaching safepoint: 8900 ns, Cleanup: 9400 ns, At safepoint: 3100 ns, Total: 21400 ns
[3254.285s][info ][gc,start       ] GC(64) Pause Young (Allocation Failure)
[3254.293s][debug][gc,phases      ] GC(64) Scavenge 8.388ms
[3254.293s][debug][gc,ref         ] GC(64) ReferenceProcessor::execute queues: 1, RefProcThreadModel::Single, marks_oops_alive: false
[3254.293s][debug][gc,ref         ] GC(64) Skipped KeepAliveFinalRefsPhase of Reference Processing: no references
[3254.293s][debug][gc,ref         ] GC(64) ReferenceProcessor::execute queues: 1, RefProcThreadModel::Single, marks_oops_alive: false
[3254.293s][debug][gc,phases      ] GC(64) Reference Processing 0.106ms
[3254.293s][debug][gc,phases      ] GC(64)   VM Weak                        Min:  0.0, Avg:  0.0, Max:  0.0, Diff:  0.0, Sum:  0.0, Workers: 4
[3254.293s][debug][gc,phases      ] GC(64)     Dead                           Min: 0, Avg:  0.0, Max: 0, Diff: 0, Sum: 0, Workers: 4
[3254.293s][debug][gc,phases      ] GC(64)     Total                          Min: 0, Avg: 266.0, Max: 576, Diff: 576, Sum: 1064, Workers: 4
[3254.293s][debug][gc,phases      ] GC(64)   ObjectSynchronizer Weak        Min:  0.0, Avg:  0.0, Max:  0.0, Diff:  0.0, Sum:  0.0, Workers: 4
[3254.293s][debug][gc,phases      ] GC(64)     Dead                           Min: 0, Avg:  0.0, Max: 0, Diff: 0, Sum: 0, Workers: 4
[3254.293s][debug][gc,phases      ] GC(64)     Total                          Min: 0, Avg:  1.0, Max: 4, Diff: 4, Sum: 4, Workers: 4
[3254.293s][debug][gc,phases      ] GC(64)   JVMTI Tag Weak OopStorage      Min:  0.0, Avg:  0.0, Max:  0.0, Diff:  0.0, Sum:  0.0, Workers: 4
[3254.293s][debug][gc,phases      ] GC(64)     Dead                           Min: 0, Avg:  0.0, Max: 0, Diff: 0, Sum: 0, Workers: 4
[3254.293s][debug][gc,phases      ] GC(64)     Total                          Min: 0, Avg:  0.0, Max: 0, Diff: 0, Sum: 0, Workers: 4
[3254.293s][debug][gc,phases      ] GC(64)   StringTable Weak               Min:  0.1, Avg:  0.1, Max:  0.1, Diff:  0.0, Sum:  0.4, Workers: 4
[3254.293s][debug][gc,phases      ] GC(64)     Dead                           Min: 0, Avg:  0.5, Max: 2, Diff: 2, Sum: 2, Workers: 4
[3254.293s][debug][gc,phases      ] GC(64)     Total                          Min: 10998, Avg: 11453.0, Max: 12606, Diff: 1608, Sum: 45812, Workers: 4
[3254.293s][debug][gc,phases      ] GC(64)   ResolvedMethodTable Weak       Min:  0.0, Avg:  0.0, Max:  0.0, Diff:  0.0, Sum:  0.2, Workers: 4
[3254.293s][debug][gc,phases      ] GC(64)     Dead                           Min: 0, Avg:  4.2, Max: 10, Diff: 10, Sum: 17, Workers: 4
[3254.293s][debug][gc,phases      ] GC(64)     Total                          Min: 3775, Avg: 3983.2, Max: 4414, Diff: 639, Sum: 15933, Workers: 4
[3254.293s][debug][gc,phases      ] GC(64)   JNI Weak                       Min:  0.0, Avg:  0.0, Max:  0.0, Diff:  0.0, Sum:  0.0, Workers: 4
[3254.293s][debug][gc,phases      ] GC(64)     Dead                           Min: 0, Avg:  0.0, Max: 0, Diff: 0, Sum: 0, Workers: 4
[3254.293s][debug][gc,phases      ] GC(64)     Total                          Min: 0, Avg: 12.0, Max: 48, Diff: 48, Sum: 48, Workers: 4
[3254.293s][debug][gc,phases      ] GC(64)   StringDedup Table Weak         Min:  0.0, Avg:  0.0, Max:  0.0, Diff:  0.0, Sum:  0.0, Workers: 4
[3254.293s][debug][gc,phases      ] GC(64)     Dead                           Min: 0, Avg:  0.0, Max: 0, Diff: 0, Sum: 0, Workers: 4
[3254.293s][debug][gc,phases      ] GC(64)     Total                          Min: 0, Avg:  0.0, Max: 0, Diff: 0, Sum: 0, Workers: 4
[3254.293s][debug][gc,phases      ] GC(64)   StringDedup Requests0 Weak     Min:  0.0, Avg:  0.0, Max:  0.0, Diff:  0.0, Sum:  0.0, Workers: 4
[3254.293s][debug][gc,phases      ] GC(64)     Dead                           Min: 0, Avg:  0.0, Max: 0, Diff: 0, Sum: 0, Workers: 4
[3254.293s][debug][gc,phases      ] GC(64)     Total                          Min: 0, Avg:  0.0, Max: 0, Diff: 0, Sum: 0, Workers: 4
[3254.293s][debug][gc,phases      ] GC(64)   StringDedup Requests1 Weak     Min:  0.0, Avg:  0.0, Max:  0.0, Diff:  0.0, Sum:  0.0, Workers: 4
[3254.293s][debug][gc,phases      ] GC(64)     Dead                           Min: 0, Avg:  0.0, Max: 0, Diff: 0, Sum: 0, Workers: 4
[3254.293s][debug][gc,phases      ] GC(64)     Total                          Min: 0, Avg:  0.0, Max: 0, Diff: 0, Sum: 0, Workers: 4
[3254.293s][debug][gc,phases      ] GC(64)   Weak JFR Old Object Samples    Min:  0.0, Avg:  0.0, Max:  0.0, Diff:  0.0, Sum:  0.0, Workers: 4
[3254.293s][debug][gc,phases      ] GC(64)     Dead                           Min: 0, Avg:  0.0, Max: 0, Diff: 0, Sum: 0, Workers: 4
[3254.294s][debug][gc,phases      ] GC(64)     Total                          Min: 0, Avg:  0.0, Max: 0, Diff: 0, Sum: 0, Workers: 4
[3254.294s][debug][gc,phases      ] GC(64) Weak Processing 0.373ms
[3254.294s][debug][gc,age         ] GC(64) Desired survivor size 35127296 bytes, new threshold 1 (max threshold 15)
[3254.294s][info ][gc,heap        ] GC(64) PSYoungGen: 2036160K(2062336K)->15504K(2059776K) Eden: 2024960K(2024960K)->0K(2024960K) From: 11200K(37376K)->15504K(34816K)
[3254.294s][info ][gc,heap        ] GC(64) ParOldGen: 399301K(549888K)->406961K(549888K)
[3254.294s][info ][gc,metaspace   ] GC(64) Metaspace: 105659K(107072K)->105659K(107072K) NonClass: 89733K(90560K)->89733K(90560K) Class: 15926K(16512K)->15926K(16512K)
[3254.294s][info ][gc             ] GC(64) Pause Young (Allocation Failure) 2378M->412M(2548M) 8.986ms
[3254.294s][info ][gc,cpu         ] GC(64) User=0.03s Sys=0.00s Real=0.01s
[3254.294s][info ][safepoint      ] Safepoint "ParallelGCFailedAllocation", Time since last: 1983929377 ns, Reaching safepoint: 80500 ns, Cleanup: 12899 ns, At safepoint: 9067331 ns, Total: 9160730 ns
[3263.294s][info ][safepoint      ] Safepoint "Cleanup", Time since last: 9000642713 ns, Reaching safepoint: 5900 ns, Cleanup: 7100 ns, At safepoint: 2500 ns, Total: 15500 ns
[3269.295s][info ][safepoint      ] Safepoint "Cleanup", Time since last: 6000443569 ns, Reaching safepoint: 7200 ns, Cleanup: 12000 ns, At safepoint: 2800 ns, Total: 22000 ns
[3273.295s][info ][safepoint      ] Safepoint "Cleanup", Time since last: 4000315613 ns, Reaching safepoint: 6100 ns, Cleanup: 9400 ns, At safepoint: 2700 ns, Total: 18200 ns
[3279.296s][info ][safepoint      ] Safepoint "Cleanup", Time since last: 6000453880 ns, Reaching safepoint: 7000 ns, Cleanup: 11100 ns, At safepoint: 2300 ns, Total: 20400 ns
[3287.296s][info ][safepoint      ] Safepoint "Cleanup", Time since last: 8000610885 ns, Reaching safepoint: 7100 ns, Cleanup: 9400 ns, At safepoint: 14700 ns, Total: 31200 ns
[3289.296s][info ][safepoint      ] Safepoint "Cleanup", Time since last: 2000188000 ns, Reaching safepoint: 7900 ns, Cleanup: 9699 ns, At safepoint: 3100 ns, Total: 20699 ns
[3293.297s][info ][safepoint      ] Safepoint "Cleanup", Time since last: 4000332146 ns, Reaching safepoint: 6700 ns, Cleanup: 12300 ns, At safepoint: 2200 ns, Total: 21200 ns
[3294.297s][info ][safepoint      ] Safepoint "Cleanup", Time since last: 1000103562 ns, Reaching safepoint: 6499 ns, Cleanup: 18300 ns, At safepoint: 2800 ns, Total: 27599 ns
[3298.297s][info ][safepoint      ] Safepoint "Cleanup", Time since last: 4000350039 ns, Reaching safepoint: 6400 ns, Cleanup: 11600 ns, At safepoint: 2600 ns, Total: 20600 ns
[3302.317s][info ][safepoint      ] Safepoint "Cleanup", Time since last: 4020149404 ns, Reaching safepoint: 7100 ns, Cleanup: 11499 ns, At safepoint: 3400 ns, Total: 21999 ns
[3304.118s][info ][safepoint      ] Safepoint "Cleanup", Time since last: 1800271899 ns, Reaching safepoint: 6300 ns, Cleanup: 10500 ns, At safepoint: 2000 ns, Total: 18800 ns
[3305.118s][info ][safepoint      ] Safepoint "Cleanup", Time since last: 1000114188 ns, Reaching safepoint: 7300 ns, Cleanup: 11100 ns, At safepoint: 2300 ns, Total: 20700 ns
[3306.118s][info ][safepoint      ] Safepoint "Cleanup", Time since last: 1000129488 ns, Reaching safepoint: 8600 ns, Cleanup: 15100 ns, At safepoint: 3900 ns, Total: 27600 ns
[3308.118s][info ][safepoint      ] Safepoint "Cleanup", Time since last: 2000196377 ns, Reaching safepoint: 8100 ns, Cleanup: 25300 ns, At safepoint: 2600 ns, Total: 36000 ns
[3310.118s][info ][safepoint      ] Safepoint "Cleanup", Time since last: 2000182977 ns, Reaching safepoint: 7500 ns, Cleanup: 12200 ns, At safepoint: 2600 ns, Total: 22300 ns
[3314.119s][info ][safepoint      ] Safepoint "Cleanup", Time since last: 4000327847 ns, Reaching safepoint: 8500 ns, Cleanup: 31400 ns, At safepoint: 2900 ns, Total: 42800 ns
[3317.119s][info ][safepoint      ] Safepoint "Cleanup", Time since last: 3000264256 ns, Reaching safepoint: 9500 ns, Cleanup: 16100 ns, At safepoint: 2400 ns, Total: 28000 ns
[3324.120s][info ][safepoint      ] Safepoint "Cleanup", Time since last: 7000550980 ns, Reaching safepoint: 8100 ns, Cleanup: 10899 ns, At safepoint: 3100 ns, Total: 22099 ns
[3325.120s][info ][safepoint      ] Safepoint "Cleanup", Time since last: 1000114703 ns, Reaching safepoint: 8000 ns, Cleanup: 10200 ns, At safepoint: 2600 ns, Total: 20800 ns
[3327.120s][info ][safepoint      ] Safepoint "Cleanup", Time since last: 2000186206 ns, Reaching safepoint: 9500 ns, Cleanup: 11299 ns, At safepoint: 2700 ns, Total: 23499 ns
[3328.083s][info ][gc,start       ] GC(65) Pause Young (Allocation Failure)
[3328.090s][debug][gc,phases      ] GC(65) Scavenge 6.523ms
[3328.090s][debug][gc,ref         ] GC(65) ReferenceProcessor::execute queues: 1, RefProcThreadModel::Single, marks_oops_alive: false
[3328.090s][debug][gc,ref         ] GC(65) Skipped KeepAliveFinalRefsPhase of Reference Processing: no references
[3328.090s][debug][gc,ref         ] GC(65) ReferenceProcessor::execute queues: 1, RefProcThreadModel::Single, marks_oops_alive: false
[3328.090s][debug][gc,phases      ] GC(65) Reference Processing 0.112ms
[3328.090s][debug][gc,phases      ] GC(65)   VM Weak                        Min:  0.0, Avg:  0.0, Max:  0.0, Diff:  0.0, Sum:  0.0, Workers: 4
[3328.090s][debug][gc,phases      ] GC(65)     Dead                           Min: 0, Avg:  0.0, Max: 0, Diff: 0, Sum: 0, Workers: 4
[3328.090s][debug][gc,phases      ] GC(65)     Total                          Min: 0, Avg: 266.0, Max: 1064, Diff: 1064, Sum: 1064, Workers: 4
[3328.090s][debug][gc,phases      ] GC(65)   ObjectSynchronizer Weak        Min:  0.0, Avg:  0.0, Max:  0.0, Diff:  0.0, Sum:  0.0, Workers: 4
[3328.090s][debug][gc,phases      ] GC(65)     Dead                           Min: 0, Avg:  0.0, Max: 0, Diff: 0, Sum: 0, Workers: 4
[3328.090s][debug][gc,phases      ] GC(65)     Total                          Min: 0, Avg:  1.2, Max: 5, Diff: 5, Sum: 5, Workers: 4
[3328.090s][debug][gc,phases      ] GC(65)   JVMTI Tag Weak OopStorage      Min:  0.0, Avg:  0.0, Max:  0.0, Diff:  0.0, Sum:  0.0, Workers: 4
[3328.090s][debug][gc,phases      ] GC(65)     Dead                           Min: 0, Avg:  0.0, Max: 0, Diff: 0, Sum: 0, Workers: 4
[3328.090s][debug][gc,phases      ] GC(65)     Total                          Min: 0, Avg:  0.0, Max: 0, Diff: 0, Sum: 0, Workers: 4
[3328.090s][debug][gc,phases      ] GC(65)   StringTable Weak               Min:  0.0, Avg:  0.1, Max:  0.1, Diff:  0.1, Sum:  0.4, Workers: 4
[3328.090s][debug][gc,phases      ] GC(65)     Dead                           Min: 0, Avg:  0.2, Max: 1, Diff: 1, Sum: 1, Workers: 4
[3328.090s][debug][gc,phases      ] GC(65)     Total                          Min: 0, Avg: 11455.2, Max: 19454, Diff: 19454, Sum: 45821, Workers: 4
[3328.090s][debug][gc,phases      ] GC(65)   ResolvedMethodTable Weak       Min:  0.0, Avg:  0.0, Max:  0.0, Diff:  0.0, Sum:  0.1, Workers: 4
[3328.090s][debug][gc,phases      ] GC(65)     Dead                           Min: 0, Avg:  4.2, Max: 8, Diff: 8, Sum: 17, Workers: 4
[3328.090s][debug][gc,phases      ] GC(65)     Total                          Min: 0, Avg: 3986.0, Max: 6719, Diff: 6719, Sum: 15944, Workers: 4
[3328.090s][debug][gc,phases      ] GC(65)   JNI Weak                       Min:  0.0, Avg:  0.0, Max:  0.0, Diff:  0.0, Sum:  0.0, Workers: 4
[3328.090s][debug][gc,phases      ] GC(65)     Dead                           Min: 0, Avg:  0.0, Max: 0, Diff: 0, Sum: 0, Workers: 4
[3328.090s][debug][gc,phases      ] GC(65)     Total                          Min: 0, Avg: 12.0, Max: 48, Diff: 48, Sum: 48, Workers: 4
[3328.090s][debug][gc,phases      ] GC(65)   StringDedup Table Weak         Min:  0.0, Avg:  0.0, Max:  0.0, Diff:  0.0, Sum:  0.0, Workers: 4
[3328.090s][debug][gc,phases      ] GC(65)     Dead                           Min: 0, Avg:  0.0, Max: 0, Diff: 0, Sum: 0, Workers: 4
[3328.090s][debug][gc,phases      ] GC(65)     Total                          Min: 0, Avg:  0.0, Max: 0, Diff: 0, Sum: 0, Workers: 4
[3328.090s][debug][gc,phases      ] GC(65)   StringDedup Requests0 Weak     Min:  0.0, Avg:  0.0, Max:  0.0, Diff:  0.0, Sum:  0.0, Workers: 4
[3328.090s][debug][gc,phases      ] GC(65)     Dead                           Min: 0, Avg:  0.0, Max: 0, Diff: 0, Sum: 0, Workers: 4
[3328.090s][debug][gc,phases      ] GC(65)     Total                          Min: 0, Avg:  0.0, Max: 0, Diff: 0, Sum: 0, Workers: 4
[3328.090s][debug][gc,phases      ] GC(65)   StringDedup Requests1 Weak     Min:  0.0, Avg:  0.0, Max:  0.0, Diff:  0.0, Sum:  0.0, Workers: 4
[3328.090s][debug][gc,phases      ] GC(65)     Dead                           Min: 0, Avg:  0.0, Max: 0, Diff: 0, Sum: 0, Workers: 4
[3328.090s][debug][gc,phases      ] GC(65)     Total                          Min: 0, Avg:  0.0, Max: 0, Diff: 0, Sum: 0, Workers: 4
[3328.090s][debug][gc,phases      ] GC(65)   Weak JFR Old Object Samples    Min:  0.0, Avg:  0.0, Max:  0.0, Diff:  0.0, Sum:  0.0, Workers: 4
[3328.090s][debug][gc,phases      ] GC(65)     Dead                           Min: 0, Avg:  0.0, Max: 0, Diff: 0, Sum: 0, Workers: 4
[3328.090s][debug][gc,phases      ] GC(65)     Total                          Min: 0, Avg:  0.0, Max: 0, Diff: 0, Sum: 0, Workers: 4
[3328.090s][debug][gc,phases      ] GC(65) Weak Processing 0.437ms
[3328.090s][debug][gc,age         ] GC(65) Desired survivor size 33030144 bytes, new threshold 1 (max threshold 15)
[3328.090s][info ][gc,heap        ] GC(65) PSYoungGen: 2040464K(2059776K)->8320K(2064896K) Eden: 2024960K(2024960K)->0K(2030592K) From: 15504K(34816K)->8320K(34304K)
[3328.090s][info ][gc,heap        ] GC(65) ParOldGen: 406961K(549888K)->419062K(549888K)
[3328.090s][info ][gc,metaspace   ] GC(65) Metaspace: 105718K(107136K)->105718K(107136K) NonClass: 89785K(90560K)->89785K(90560K) Class: 15932K(16576K)->15932K(16576K)
[3328.090s][info ][gc             ] GC(65) Pause Young (Allocation Failure) 2390M->417M(2553M) 7.206ms
[3328.091s][info ][gc,cpu         ] GC(65) User=0.02s Sys=0.00s Real=0.01s
[3328.091s][info ][safepoint      ] Safepoint "ParallelGCFailedAllocation", Time since last: 963157272 ns, Reaching safepoint: 80999 ns, Cleanup: 4100 ns, At safepoint: 7287944 ns, Total: 7373043 ns
[3331.091s][info ][safepoint      ] Safepoint "Cleanup", Time since last: 3000225165 ns, Reaching safepoint: 7600 ns, Cleanup: 9400 ns, At safepoint: 26500 ns, Total: 43500 ns
[3336.091s][info ][safepoint      ] Safepoint "Cleanup", Time since last: 5000375977 ns, Reaching safepoint: 8100 ns, Cleanup: 13800 ns, At safepoint: 2000 ns, Total: 23900 ns
[3337.091s][info ][safepoint      ] Safepoint "Cleanup", Time since last: 1000112905 ns, Reaching safepoint: 7700 ns, Cleanup: 13200 ns, At safepoint: 2600 ns, Total: 23500 ns
[3345.092s][info ][safepoint      ] Safepoint "Cleanup", Time since last: 8000578329 ns, Reaching safepoint: 7200 ns, Cleanup: 10899 ns, At safepoint: 2200 ns, Total: 20299 ns
[3347.092s][info ][safepoint      ] Safepoint "Cleanup", Time since last: 2000188586 ns, Reaching safepoint: 7700 ns, Cleanup: 9700 ns, At safepoint: 2000 ns, Total: 19400 ns
[3348.092s][info ][safepoint      ] Safepoint "Cleanup", Time since last: 1000097993 ns, Reaching safepoint: 7400 ns, Cleanup: 13200 ns, At safepoint: 1900 ns, Total: 22500 ns
[3350.092s][info ][safepoint      ] Safepoint "Cleanup", Time since last: 2000177186 ns, Reaching safepoint: 8100 ns, Cleanup: 11000 ns, At safepoint: 2200 ns, Total: 21300 ns
[3357.093s][info ][safepoint      ] Safepoint "Cleanup", Time since last: 7000499433 ns, Reaching safepoint: 7100 ns, Cleanup: 13900 ns, At safepoint: 2100 ns, Total: 23100 ns
[3362.334s][info ][safepoint      ] Safepoint "Cleanup", Time since last: 5241401320 ns, Reaching safepoint: 79699 ns, Cleanup: 14600 ns, At safepoint: 5600 ns, Total: 99899 ns
[3370.335s][info ][safepoint      ] Safepoint "Cleanup", Time since last: 8000624533 ns, Reaching safepoint: 82200 ns, Cleanup: 13300 ns, At safepoint: 7400 ns, Total: 102900 ns
[3373.336s][info ][safepoint      ] Safepoint "Cleanup", Time since last: 3000268791 ns, Reaching safepoint: 79400 ns, Cleanup: 12099 ns, At safepoint: 5900 ns, Total: 97399 ns
[3379.336s][info ][safepoint      ] Safepoint "Cleanup", Time since last: 6000499315 ns, Reaching safepoint: 82799 ns, Cleanup: 10700 ns, At safepoint: 7100 ns, Total: 100599 ns
[3396.338s][info ][safepoint      ] Safepoint "Cleanup", Time since last: 17001289476 ns, Reaching safepoint: 6600 ns, Cleanup: 11900 ns, At safepoint: 31600 ns, Total: 50100 ns
[3400.338s][info ][safepoint      ] Safepoint "Cleanup", Time since last: 4000303036 ns, Reaching safepoint: 6200 ns, Cleanup: 9000 ns, At safepoint: 2200 ns, Total: 17400 ns
[3401.338s][info ][safepoint      ] Safepoint "Cleanup", Time since last: 1000109956 ns, Reaching safepoint: 6100 ns, Cleanup: 11200 ns, At safepoint: 1800 ns, Total: 19100 ns
[3403.745s][info ][gc,start       ] GC(66) Pause Young (Allocation Failure)
[3403.749s][debug][gc,phases      ] GC(66) Scavenge 3.667ms
[3403.749s][debug][gc,ref         ] GC(66) ReferenceProcessor::execute queues: 1, RefProcThreadModel::Single, marks_oops_alive: false
[3403.749s][debug][gc,ref         ] GC(66) Skipped KeepAliveFinalRefsPhase of Reference Processing: no references
[3403.749s][debug][gc,ref         ] GC(66) ReferenceProcessor::execute queues: 1, RefProcThreadModel::Single, marks_oops_alive: false
[3403.749s][debug][gc,phases      ] GC(66) Reference Processing 0.129ms
[3403.749s][debug][gc,phases      ] GC(66)   VM Weak                        Min:  0.0, Avg:  0.0, Max:  0.0, Diff:  0.0, Sum:  0.0, Workers: 4
[3403.749s][debug][gc,phases      ] GC(66)     Dead                           Min: 0, Avg:  0.0, Max: 0, Diff: 0, Sum: 0, Workers: 4
[3403.749s][debug][gc,phases      ] GC(66)     Total                          Min: 0, Avg: 266.0, Max: 768, Diff: 768, Sum: 1064, Workers: 4
[3403.749s][debug][gc,phases      ] GC(66)   ObjectSynchronizer Weak        Min:  0.0, Avg:  0.0, Max:  0.0, Diff:  0.0, Sum:  0.0, Workers: 4
[3403.749s][debug][gc,phases      ] GC(66)     Dead                           Min: 0, Avg:  0.0, Max: 0, Diff: 0, Sum: 0, Workers: 4
[3403.750s][debug][gc,phases      ] GC(66)     Total                          Min: 0, Avg:  1.0, Max: 4, Diff: 4, Sum: 4, Workers: 4
[3403.750s][debug][gc,phases      ] GC(66)   JVMTI Tag Weak OopStorage      Min:  0.0, Avg:  0.0, Max:  0.0, Diff:  0.0, Sum:  0.0, Workers: 4
[3403.750s][debug][gc,phases      ] GC(66)     Dead                           Min: 0, Avg:  0.0, Max: 0, Diff: 0, Sum: 0, Workers: 4
[3403.750s][debug][gc,phases      ] GC(66)     Total                          Min: 0, Avg:  0.0, Max: 0, Diff: 0, Sum: 0, Workers: 4
[3403.750s][debug][gc,phases      ] GC(66)   StringTable Weak               Min:  0.0, Avg:  0.1, Max:  0.2, Diff:  0.2, Sum:  0.4, Workers: 4
[3403.750s][debug][gc,phases      ] GC(66)     Dead                           Min: 0, Avg:  0.0, Max: 0, Diff: 0, Sum: 0, Workers: 4
[3403.750s][debug][gc,phases      ] GC(66)     Total                          Min: 0, Avg: 11455.2, Max: 23102, Diff: 23102, Sum: 45821, Workers: 4
[3403.750s][debug][gc,phases      ] GC(66)   ResolvedMethodTable Weak       Min:  0.0, Avg:  0.0, Max:  0.1, Diff:  0.1, Sum:  0.2, Workers: 4
[3403.750s][debug][gc,phases      ] GC(66)     Dead                           Min: 0, Avg:  4.0, Max: 16, Diff: 16, Sum: 16, Workers: 4
[3403.750s][debug][gc,phases      ] GC(66)     Total                          Min: 0, Avg: 3986.0, Max: 8018, Diff: 8018, Sum: 15944, Workers: 4
[3403.750s][debug][gc,phases      ] GC(66)   JNI Weak                       Min:  0.0, Avg:  0.0, Max:  0.0, Diff:  0.0, Sum:  0.0, Workers: 4
[3403.750s][debug][gc,phases      ] GC(66)     Dead                           Min: 0, Avg:  0.0, Max: 0, Diff: 0, Sum: 0, Workers: 4
[3403.750s][debug][gc,phases      ] GC(66)     Total                          Min: 0, Avg: 12.0, Max: 48, Diff: 48, Sum: 48, Workers: 4
[3403.750s][debug][gc,phases      ] GC(66)   StringDedup Table Weak         Min:  0.0, Avg:  0.0, Max:  0.0, Diff:  0.0, Sum:  0.0, Workers: 4
[3403.750s][debug][gc,phases      ] GC(66)     Dead                           Min: 0, Avg:  0.0, Max: 0, Diff: 0, Sum: 0, Workers: 4
[3403.750s][debug][gc,phases      ] GC(66)     Total                          Min: 0, Avg:  0.0, Max: 0, Diff: 0, Sum: 0, Workers: 4
[3403.750s][debug][gc,phases      ] GC(66)   StringDedup Requests0 Weak     Min:  0.0, Avg:  0.0, Max:  0.0, Diff:  0.0, Sum:  0.0, Workers: 4
[3403.750s][debug][gc,phases      ] GC(66)     Dead                           Min: 0, Avg:  0.0, Max: 0, Diff: 0, Sum: 0, Workers: 4
[3403.750s][debug][gc,phases      ] GC(66)     Total                          Min: 0, Avg:  0.0, Max: 0, Diff: 0, Sum: 0, Workers: 4
[3403.750s][debug][gc,phases      ] GC(66)   StringDedup Requests1 Weak     Min:  0.0, Avg:  0.0, Max:  0.0, Diff:  0.0, Sum:  0.0, Workers: 4
[3403.750s][debug][gc,phases      ] GC(66)     Dead                           Min: 0, Avg:  0.0, Max: 0, Diff: 0, Sum: 0, Workers: 4
[3403.750s][debug][gc,phases      ] GC(66)     Total                          Min: 0, Avg:  0.0, Max: 0, Diff: 0, Sum: 0, Workers: 4
[3403.750s][debug][gc,phases      ] GC(66)   Weak JFR Old Object Samples    Min:  0.0, Avg:  0.0, Max:  0.0, Diff:  0.0, Sum:  0.0, Workers: 4
[3403.750s][debug][gc,phases      ] GC(66)     Dead                           Min: 0, Avg:  0.0, Max: 0, Diff: 0, Sum: 0, Workers: 4
[3403.750s][debug][gc,phases      ] GC(66)     Total                          Min: 0, Avg:  0.0, Max: 0, Diff: 0, Sum: 0, Workers: 4
[3403.750s][debug][gc,phases      ] GC(66) Weak Processing 0.593ms
[3403.750s][debug][gc,age         ] GC(66) Desired survivor size 32505856 bytes, new threshold 1 (max threshold 15)
[3403.750s][info ][gc,heap        ] GC(66) PSYoungGen: 2038912K(2064896K)->3360K(2062848K) Eden: 2030592K(2030592K)->0K(2030592K) From: 8320K(34304K)->3360K(32256K)
[3403.750s][info ][gc,heap        ] GC(66) ParOldGen: 419062K(549888K)->424255K(549888K)
[3403.750s][info ][gc,metaspace   ] GC(66) Metaspace: 105730K(107136K)->105730K(107136K) NonClass: 89798K(90560K)->89798K(90560K) Class: 15932K(16576K)->15932K(16576K)
[3403.750s][info ][gc             ] GC(66) Pause Young (Allocation Failure) 2400M->417M(2551M) 4.526ms
[3403.750s][info ][gc,cpu         ] GC(66) User=0.02s Sys=0.00s Real=0.00s
[3403.750s][info ][safepoint      ] Safepoint "ParallelGCFailedAllocation", Time since last: 2407208943 ns, Reaching safepoint: 6400 ns, Cleanup: 3300 ns, At safepoint: 4595365 ns, Total: 4605065 ns
[3411.750s][info ][safepoint      ] Safepoint "Cleanup", Time since last: 8000578188 ns, Reaching safepoint: 6000 ns, Cleanup: 9200 ns, At safepoint: 2000 ns, Total: 17200 ns
[3412.751s][info ][safepoint      ] Safepoint "Cleanup", Time since last: 1000126739 ns, Reaching safepoint: 7199 ns, Cleanup: 16900 ns, At safepoint: 3200 ns, Total: 27299 ns
[3415.752s][info ][safepoint      ] Safepoint "Cleanup", Time since last: 3001418608 ns, Reaching safepoint: 7100 ns, Cleanup: 10300 ns, At safepoint: 2200 ns, Total: 19600 ns
[3417.752s][info ][safepoint      ] Safepoint "Cleanup", Time since last: 2000168980 ns, Reaching safepoint: 7200 ns, Cleanup: 8900 ns, At safepoint: 2300 ns, Total: 18400 ns
[3423.353s][info ][safepoint      ] Safepoint "Cleanup", Time since last: 5600604599 ns, Reaching safepoint: 6600 ns, Cleanup: 10300 ns, At safepoint: 1800 ns, Total: 18700 ns
[3430.353s][info ][safepoint      ] Safepoint "Cleanup", Time since last: 7000541690 ns, Reaching safepoint: 7600 ns, Cleanup: 10800 ns, At safepoint: 3300 ns, Total: 21700 ns
[3433.354s][info ][safepoint      ] Safepoint "Cleanup", Time since last: 3000267221 ns, Reaching safepoint: 7900 ns, Cleanup: 11300 ns, At safepoint: 2700 ns, Total: 21900 ns
[3438.354s][info ][safepoint      ] Safepoint "Cleanup", Time since last: 5000403887 ns, Reaching safepoint: 6700 ns, Cleanup: 10300 ns, At safepoint: 2900 ns, Total: 19900 ns
[3439.354s][info ][safepoint      ] Safepoint "Cleanup", Time since last: 1000128577 ns, Reaching safepoint: 8300 ns, Cleanup: 54999 ns, At safepoint: 2600 ns, Total: 65899 ns
[3440.354s][info ][safepoint      ] Safepoint "Cleanup", Time since last: 1000122687 ns, Reaching safepoint: 7600 ns, Cleanup: 26300 ns, At safepoint: 3500 ns, Total: 37400 ns
[3441.355s][info ][safepoint      ] Safepoint "Cleanup", Time since last: 1000140024 ns, Reaching safepoint: 7700 ns, Cleanup: 18400 ns, At safepoint: 2900 ns, Total: 29000 ns
[3442.355s][info ][safepoint      ] Safepoint "Cleanup", Time since last: 1000121624 ns, Reaching safepoint: 7300 ns, Cleanup: 11100 ns, At safepoint: 3100 ns, Total: 21500 ns
[3444.355s][info ][safepoint      ] Safepoint "Cleanup", Time since last: 2000193249 ns, Reaching safepoint: 7000 ns, Cleanup: 32199 ns, At safepoint: 3300 ns, Total: 42499 ns
[3446.355s][info ][safepoint      ] Safepoint "Cleanup", Time since last: 2000196949 ns, Reaching safepoint: 7500 ns, Cleanup: 25700 ns, At safepoint: 3300 ns, Total: 36500 ns
[3448.355s][info ][safepoint      ] Safepoint "Cleanup", Time since last: 2000198933 ns, Reaching safepoint: 6900 ns, Cleanup: 10400 ns, At safepoint: 2900 ns, Total: 20200 ns
[3457.356s][info ][safepoint      ] Safepoint "Cleanup", Time since last: 9000729629 ns, Reaching safepoint: 8800 ns, Cleanup: 11100 ns, At safepoint: 2700 ns, Total: 22600 ns
[3462.357s][info ][safepoint      ] Safepoint "Cleanup", Time since last: 5000416609 ns, Reaching safepoint: 7600 ns, Cleanup: 13700 ns, At safepoint: 2300 ns, Total: 23600 ns
[3464.097s][info ][safepoint      ] Safepoint "ParallelGCFailedAllocation", Time since last: 1740154992 ns, Reaching safepoint: 82700 ns, Cleanup: 3799 ns, At safepoint: 18700 ns, Total: 105199 ns
[3464.097s][info ][gc,start       ] GC(67) Pause Young (GCLocker Initiated GC)
[3464.108s][debug][gc,phases      ] GC(67) Scavenge 11.083ms
[3464.108s][debug][gc,ref         ] GC(67) ReferenceProcessor::execute queues: 1, RefProcThreadModel::Single, marks_oops_alive: false
[3464.108s][debug][gc,ref         ] GC(67) Skipped KeepAliveFinalRefsPhase of Reference Processing: no references
[3464.108s][debug][gc,ref         ] GC(67) ReferenceProcessor::execute queues: 1, RefProcThreadModel::Single, marks_oops_alive: false
[3464.108s][debug][gc,phases      ] GC(67) Reference Processing 0.105ms
[3464.109s][debug][gc,phases      ] GC(67)   VM Weak                        Min:  0.0, Avg:  0.0, Max:  0.0, Diff:  0.0, Sum:  0.0, Workers: 4
[3464.109s][debug][gc,phases      ] GC(67)     Dead                           Min: 0, Avg:  0.0, Max: 0, Diff: 0, Sum: 0, Workers: 4
[3464.109s][debug][gc,phases      ] GC(67)     Total                          Min: 0, Avg: 266.0, Max: 960, Diff: 960, Sum: 1064, Workers: 4
[3464.109s][debug][gc,phases      ] GC(67)   ObjectSynchronizer Weak        Min:  0.0, Avg:  0.0, Max:  0.0, Diff:  0.0, Sum:  0.0, Workers: 4
[3464.109s][debug][gc,phases      ] GC(67)     Dead                           Min: 0, Avg:  0.0, Max: 0, Diff: 0, Sum: 0, Workers: 4
[3464.109s][debug][gc,phases      ] GC(67)     Total                          Min: 0, Avg:  1.0, Max: 4, Diff: 4, Sum: 4, Workers: 4
[3464.109s][debug][gc,phases      ] GC(67)   JVMTI Tag Weak OopStorage      Min:  0.0, Avg:  0.0, Max:  0.0, Diff:  0.0, Sum:  0.0, Workers: 4
[3464.109s][debug][gc,phases      ] GC(67)     Dead                           Min: 0, Avg:  0.0, Max: 0, Diff: 0, Sum: 0, Workers: 4
[3464.109s][debug][gc,phases      ] GC(67)     Total                          Min: 0, Avg:  0.0, Max: 0, Diff: 0, Sum: 0, Workers: 4
[3464.109s][debug][gc,phases      ] GC(67)   StringTable Weak               Min:  0.0, Avg:  0.1, Max:  0.2, Diff:  0.2, Sum:  0.3, Workers: 4
[3464.109s][debug][gc,phases      ] GC(67)     Dead                           Min: 0, Avg:  0.0, Max: 0, Diff: 0, Sum: 0, Workers: 4
[3464.109s][debug][gc,phases      ] GC(67)     Total                          Min: 0, Avg: 11455.5, Max: 27391, Diff: 27391, Sum: 45822, Workers: 4
[3464.109s][debug][gc,phases      ] GC(67)   ResolvedMethodTable Weak       Min:  0.0, Avg:  0.0, Max:  0.1, Diff:  0.1, Sum:  0.1, Workers: 4
[3464.109s][debug][gc,phases      ] GC(67)     Dead                           Min: 0, Avg:  4.2, Max: 17, Diff: 17, Sum: 17, Workers: 4
[3464.109s][debug][gc,phases      ] GC(67)     Total                          Min: 0, Avg: 3986.5, Max: 9327, Diff: 9327, Sum: 15946, Workers: 4
[3464.109s][debug][gc,phases      ] GC(67)   JNI Weak                       Min:  0.0, Avg:  0.0, Max:  0.0, Diff:  0.0, Sum:  0.0, Workers: 4
[3464.109s][debug][gc,phases      ] GC(67)     Dead                           Min: 0, Avg:  0.0, Max: 0, Diff: 0, Sum: 0, Workers: 4
[3464.109s][debug][gc,phases      ] GC(67)     Total                          Min: 0, Avg: 12.0, Max: 48, Diff: 48, Sum: 48, Workers: 4
[3464.109s][debug][gc,phases      ] GC(67)   StringDedup Table Weak         Min:  0.0, Avg:  0.0, Max:  0.0, Diff:  0.0, Sum:  0.0, Workers: 4
[3464.109s][debug][gc,phases      ] GC(67)     Dead                           Min: 0, Avg:  0.0, Max: 0, Diff: 0, Sum: 0, Workers: 4
[3464.109s][debug][gc,phases      ] GC(67)     Total                          Min: 0, Avg:  0.0, Max: 0, Diff: 0, Sum: 0, Workers: 4
[3464.109s][debug][gc,phases      ] GC(67)   StringDedup Requests0 Weak     Min:  0.0, Avg:  0.0, Max:  0.0, Diff:  0.0, Sum:  0.0, Workers: 4
[3464.109s][debug][gc,phases      ] GC(67)     Dead                           Min: 0, Avg:  0.0, Max: 0, Diff: 0, Sum: 0, Workers: 4
[3464.109s][debug][gc,phases      ] GC(67)     Total                          Min: 0, Avg:  0.0, Max: 0, Diff: 0, Sum: 0, Workers: 4
[3464.109s][debug][gc,phases      ] GC(67)   StringDedup Requests1 Weak     Min:  0.0, Avg:  0.0, Max:  0.0, Diff:  0.0, Sum:  0.0, Workers: 4
[3464.109s][debug][gc,phases      ] GC(67)     Dead                           Min: 0, Avg:  0.0, Max: 0, Diff: 0, Sum: 0, Workers: 4
[3464.109s][debug][gc,phases      ] GC(67)     Total                          Min: 0, Avg:  0.0, Max: 0, Diff: 0, Sum: 0, Workers: 4
[3464.109s][debug][gc,phases      ] GC(67)   Weak JFR Old Object Samples    Min:  0.0, Avg:  0.0, Max:  0.0, Diff:  0.0, Sum:  0.0, Workers: 4
[3464.109s][debug][gc,phases      ] GC(67)     Dead                           Min: 0, Avg:  0.0, Max: 0, Diff: 0, Sum: 0, Workers: 4
[3464.109s][debug][gc,phases      ] GC(67)     Total                          Min: 0, Avg:  0.0, Max: 0, Diff: 0, Sum: 0, Workers: 4
[3464.109s][debug][gc,phases      ] GC(67) Weak Processing 0.455ms
[3464.109s][debug][gc,age         ] GC(67) Desired survivor size 31981568 bytes, new threshold 1 (max threshold 15)
[3464.109s][info ][gc,heap        ] GC(67) PSYoungGen: 2033952K(2062848K)->15280K(2065920K) Eden: 2030592K(2030592K)->0K(2034176K) From: 3360K(32256K)->15280K(31744K)
[3464.109s][info ][gc,heap        ] GC(67) ParOldGen: 424767K(549888K)->425023K(549888K)
[3464.109s][info ][gc,metaspace   ] GC(67) Metaspace: 105762K(107200K)->105762K(107200K) NonClass: 89829K(90624K)->89829K(90624K) Class: 15932K(16576K)->15932K(16576K)
[3464.109s][info ][gc             ] GC(67) Pause Young (GCLocker Initiated GC) 2401M->429M(2554M) 11.754ms
[3464.109s][info ][gc,cpu         ] GC(67) User=0.03s Sys=0.00s Real=0.01s
[3464.109s][info ][safepoint      ] Safepoint "ParallelGCSystemGC", Time since last: 78200 ns, Reaching safepoint: 73399 ns, Cleanup: 1000 ns, At safepoint: 11829612 ns, Total: 11904011 ns
[3466.109s][info ][safepoint      ] Safepoint "Cleanup", Time since last: 2000174002 ns, Reaching safepoint: 82900 ns, Cleanup: 14299 ns, At safepoint: 7800 ns, Total: 104999 ns
[3469.109s][info ][safepoint      ] Safepoint "Cleanup", Time since last: 3000267894 ns, Reaching safepoint: 7100 ns, Cleanup: 13200 ns, At safepoint: 2500 ns, Total: 22800 ns
[3475.110s][info ][safepoint      ] Safepoint "Cleanup", Time since last: 6000486801 ns, Reaching safepoint: 6900 ns, Cleanup: 12800 ns, At safepoint: 2200 ns, Total: 21900 ns
[3484.370s][info ][safepoint      ] Safepoint "Cleanup", Time since last: 9260192111 ns, Reaching safepoint: 7600 ns, Cleanup: 10700 ns, At safepoint: 2100 ns, Total: 20400 ns
[3486.370s][info ][safepoint      ] Safepoint "Cleanup", Time since last: 2000190468 ns, Reaching safepoint: 9100 ns, Cleanup: 11500 ns, At safepoint: 2100 ns, Total: 22700 ns
[3488.371s][info ][safepoint      ] Safepoint "Cleanup", Time since last: 2000179867 ns, Reaching safepoint: 8400 ns, Cleanup: 10600 ns, At safepoint: 2400 ns, Total: 21400 ns
[3490.371s][info ][safepoint      ] Safepoint "Cleanup", Time since last: 2000176049 ns, Reaching safepoint: 7500 ns, Cleanup: 9500 ns, At safepoint: 1700 ns, Total: 18700 ns
[3492.371s][info ][safepoint      ] Safepoint "Cleanup", Time since last: 2000183450 ns, Reaching safepoint: 7900 ns, Cleanup: 11100 ns, At safepoint: 2200 ns, Total: 21200 ns
[3498.234s][info ][gc,start       ] GC(68) Pause Young (Allocation Failure)
[3498.248s][debug][gc,phases      ] GC(68) Scavenge 13.893ms
[3498.248s][debug][gc,ref         ] GC(68) Skipped SoftWeakFinalRefsPhase of Reference Processing: no references
[3498.248s][debug][gc,ref         ] GC(68) Skipped KeepAliveFinalRefsPhase of Reference Processing: no references
[3498.248s][debug][gc,ref         ] GC(68) ReferenceProcessor::execute queues: 1, RefProcThreadModel::Single, marks_oops_alive: false
[3498.248s][debug][gc,phases      ] GC(68) Reference Processing 0.106ms
[3498.249s][debug][gc,phases      ] GC(68)   VM Weak                        Min:  0.0, Avg:  0.0, Max:  0.0, Diff:  0.0, Sum:  0.0, Workers: 4
[3498.249s][debug][gc,phases      ] GC(68)     Dead                           Min: 0, Avg:  0.0, Max: 0, Diff: 0, Sum: 0, Workers: 4
[3498.249s][debug][gc,phases      ] GC(68)     Total                          Min: 0, Avg: 266.0, Max: 424, Diff: 424, Sum: 1064, Workers: 4
[3498.249s][debug][gc,phases      ] GC(68)   ObjectSynchronizer Weak        Min:  0.0, Avg:  0.0, Max:  0.0, Diff:  0.0, Sum:  0.0, Workers: 4
[3498.249s][debug][gc,phases      ] GC(68)     Dead                           Min: 0, Avg:  0.0, Max: 0, Diff: 0, Sum: 0, Workers: 4
[3498.249s][debug][gc,phases      ] GC(68)     Total                          Min: 0, Avg:  1.2, Max: 5, Diff: 5, Sum: 5, Workers: 4
[3498.249s][debug][gc,phases      ] GC(68)   JVMTI Tag Weak OopStorage      Min:  0.0, Avg:  0.0, Max:  0.0, Diff:  0.0, Sum:  0.0, Workers: 4
[3498.249s][debug][gc,phases      ] GC(68)     Dead                           Min: 0, Avg:  0.0, Max: 0, Diff: 0, Sum: 0, Workers: 4
[3498.249s][debug][gc,phases      ] GC(68)     Total                          Min: 0, Avg:  0.0, Max: 0, Diff: 0, Sum: 0, Workers: 4
[3498.249s][debug][gc,phases      ] GC(68)   StringTable Weak               Min:  0.0, Avg:  0.1, Max:  0.1, Diff:  0.1, Sum:  0.4, Workers: 4
[3498.249s][debug][gc,phases      ] GC(68)     Dead                           Min: 0, Avg:  0.0, Max: 0, Diff: 0, Sum: 0, Workers: 4
[3498.249s][debug][gc,phases      ] GC(68)     Total                          Min: 0, Avg: 11455.5, Max: 18687, Diff: 18687, Sum: 45822, Workers: 4
[3498.249s][debug][gc,phases      ] GC(68)   ResolvedMethodTable Weak       Min:  0.0, Avg:  0.0, Max:  0.0, Diff:  0.0, Sum:  0.1, Workers: 4
[3498.249s][debug][gc,phases      ] GC(68)     Dead                           Min: 0, Avg:  4.0, Max: 16, Diff: 16, Sum: 16, Workers: 4
[3498.249s][debug][gc,phases      ] GC(68)     Total                          Min: 0, Avg: 3986.5, Max: 6447, Diff: 6447, Sum: 15946, Workers: 4
[3498.249s][debug][gc,phases      ] GC(68)   JNI Weak                       Min:  0.0, Avg:  0.0, Max:  0.0, Diff:  0.0, Sum:  0.0, Workers: 4
[3498.249s][debug][gc,phases      ] GC(68)     Dead                           Min: 0, Avg:  0.0, Max: 0, Diff: 0, Sum: 0, Workers: 4
[3498.249s][debug][gc,phases      ] GC(68)     Total                          Min: 0, Avg: 12.0, Max: 48, Diff: 48, Sum: 48, Workers: 4
[3498.249s][debug][gc,phases      ] GC(68)   StringDedup Table Weak         Min:  0.0, Avg:  0.0, Max:  0.0, Diff:  0.0, Sum:  0.0, Workers: 4
[3498.249s][debug][gc,phases      ] GC(68)     Dead                           Min: 0, Avg:  0.0, Max: 0, Diff: 0, Sum: 0, Workers: 4
[3498.249s][debug][gc,phases      ] GC(68)     Total                          Min: 0, Avg:  0.0, Max: 0, Diff: 0, Sum: 0, Workers: 4
[3498.249s][debug][gc,phases      ] GC(68)   StringDedup Requests0 Weak     Min:  0.0, Avg:  0.0, Max:  0.0, Diff:  0.0, Sum:  0.0, Workers: 4
[3498.249s][debug][gc,phases      ] GC(68)     Dead                           Min: 0, Avg:  0.0, Max: 0, Diff: 0, Sum: 0, Workers: 4
[3498.249s][debug][gc,phases      ] GC(68)     Total                          Min: 0, Avg:  0.0, Max: 0, Diff: 0, Sum: 0, Workers: 4
[3498.249s][debug][gc,phases      ] GC(68)   StringDedup Requests1 Weak     Min:  0.0, Avg:  0.0, Max:  0.0, Diff:  0.0, Sum:  0.0, Workers: 4
[3498.249s][debug][gc,phases      ] GC(68)     Dead                           Min: 0, Avg:  0.0, Max: 0, Diff: 0, Sum: 0, Workers: 4
[3498.249s][debug][gc,phases      ] GC(68)     Total                          Min: 0, Avg:  0.0, Max: 0, Diff: 0, Sum: 0, Workers: 4
[3498.249s][debug][gc,phases      ] GC(68)   Weak JFR Old Object Samples    Min:  0.0, Avg:  0.0, Max:  0.0, Diff:  0.0, Sum:  0.0, Workers: 4
[3498.249s][debug][gc,phases      ] GC(68)     Dead                           Min: 0, Avg:  0.0, Max: 0, Diff: 0, Sum: 0, Workers: 4
[3498.249s][debug][gc,phases      ] GC(68)     Total                          Min: 0, Avg:  0.0, Max: 0, Diff: 0, Sum: 0, Workers: 4
[3498.249s][debug][gc,phases      ] GC(68) Weak Processing 0.396ms
[3498.249s][debug][gc,age         ] GC(68) Desired survivor size 42467328 bytes, new threshold 1 (max threshold 15)
[3498.249s][info ][gc,heap        ] GC(68) PSYoungGen: 2049456K(2065920K)->31216K(2065408K) Eden: 2034176K(2034176K)->0K(2034176K) From: 15280K(31744K)->31216K(31232K)
[3498.249s][info ][gc,heap        ] GC(68) ParOldGen: 425043K(549888K)->438212K(549888K)
[3498.249s][info ][gc,metaspace   ] GC(68) Metaspace: 105767K(107200K)->105767K(107200K) NonClass: 89834K(90624K)->89834K(90624K) Class: 15932K(16576K)->15932K(16576K)
[3498.249s][info ][gc             ] GC(68) Pause Young (Allocation Failure) 2416M->458M(2554M) 14.522ms
[3498.249s][info ][gc,cpu         ] GC(68) User=0.04s Sys=0.01s Real=0.01s
[3498.249s][info ][safepoint      ] Safepoint "ParallelGCFailedAllocation", Time since last: 5863115612 ns, Reaching safepoint: 83399 ns, Cleanup: 12300 ns, At safepoint: 14604993 ns, Total: 14700692 ns
[3500.204s][info ][safepoint      ] Safepoint "Cleanup", Time since last: 1955176115 ns, Reaching safepoint: 4000 ns, Cleanup: 4900 ns, At safepoint: 5000 ns, Total: 13900 ns
[3501.204s][info ][safepoint      ] Safepoint "Cleanup", Time since last: 1000104942 ns, Reaching safepoint: 6200 ns, Cleanup: 15100 ns, At safepoint: 2000 ns, Total: 23300 ns
[3508.205s][info ][safepoint      ] Safepoint "Cleanup", Time since last: 7000711271 ns, Reaching safepoint: 82300 ns, Cleanup: 10700 ns, At safepoint: 7000 ns, Total: 100000 ns
[3509.205s][info ][safepoint      ] Safepoint "Cleanup", Time since last: 1000122960 ns, Reaching safepoint: 9500 ns, Cleanup: 20300 ns, At safepoint: 3000 ns, Total: 32800 ns
[3510.205s][info ][safepoint      ] Safepoint "Cleanup", Time since last: 1000112361 ns, Reaching safepoint: 6100 ns, Cleanup: 20899 ns, At safepoint: 6700 ns, Total: 33699 ns
[3514.208s][info ][safepoint      ] Safepoint "Cleanup", Time since last: 4003018993 ns, Reaching safepoint: 79899 ns, Cleanup: 8900 ns, At safepoint: 6400 ns, Total: 95199 ns
[3518.209s][info ][safepoint      ] Safepoint "Cleanup", Time since last: 4000322980 ns, Reaching safepoint: 6400 ns, Cleanup: 12200 ns, At safepoint: 2100 ns, Total: 20700 ns
[3520.209s][info ][safepoint      ] Safepoint "Cleanup", Time since last: 2000174990 ns, Reaching safepoint: 7700 ns, Cleanup: 10500 ns, At safepoint: 2899 ns, Total: 21099 ns
[3522.209s][info ][safepoint      ] Safepoint "Cleanup", Time since last: 2000198786 ns, Reaching safepoint: 8100 ns, Cleanup: 11100 ns, At safepoint: 2300 ns, Total: 21500 ns
[3523.326s][info ][gc,start       ] GC(69) Pause Young (Allocation Failure)
[3523.345s][debug][gc,phases      ] GC(69) Scavenge 19.078ms
[3523.345s][debug][gc,ref         ] GC(69) ReferenceProcessor::execute queues: 1, RefProcThreadModel::Single, marks_oops_alive: false
[3523.345s][debug][gc,ref         ] GC(69) Skipped KeepAliveFinalRefsPhase of Reference Processing: no references
[3523.345s][debug][gc,ref         ] GC(69) ReferenceProcessor::execute queues: 1, RefProcThreadModel::Single, marks_oops_alive: false
[3523.345s][debug][gc,phases      ] GC(69) Reference Processing 0.111ms
[3523.345s][debug][gc,phases      ] GC(69)   VM Weak                        Min:  0.0, Avg:  0.0, Max:  0.0, Diff:  0.0, Sum:  0.0, Workers: 4
[3523.345s][debug][gc,phases      ] GC(69)     Dead                           Min: 0, Avg:  0.0, Max: 0, Diff: 0, Sum: 0, Workers: 4
[3523.345s][debug][gc,phases      ] GC(69)     Total                          Min: 0, Avg: 267.0, Max: 940, Diff: 940, Sum: 1068, Workers: 4
[3523.345s][debug][gc,phases      ] GC(69)   ObjectSynchronizer Weak        Min:  0.0, Avg:  0.0, Max:  0.0, Diff:  0.0, Sum:  0.0, Workers: 4
[3523.345s][debug][gc,phases      ] GC(69)     Dead                           Min: 0, Avg:  0.0, Max: 0, Diff: 0, Sum: 0, Workers: 4
[3523.345s][debug][gc,phases      ] GC(69)     Total                          Min: 0, Avg:  1.2, Max: 5, Diff: 5, Sum: 5, Workers: 4
[3523.345s][debug][gc,phases      ] GC(69)   JVMTI Tag Weak OopStorage      Min:  0.0, Avg:  0.0, Max:  0.0, Diff:  0.0, Sum:  0.0, Workers: 4
[3523.345s][debug][gc,phases      ] GC(69)     Dead                           Min: 0, Avg:  0.0, Max: 0, Diff: 0, Sum: 0, Workers: 4
[3523.345s][debug][gc,phases      ] GC(69)     Total                          Min: 0, Avg:  0.0, Max: 0, Diff: 0, Sum: 0, Workers: 4
[3523.345s][debug][gc,phases      ] GC(69)   StringTable Weak               Min:  0.0, Avg:  0.1, Max:  0.1, Diff:  0.1, Sum:  0.4, Workers: 4
[3523.345s][debug][gc,phases      ] GC(69)     Dead                           Min: 0, Avg:  0.2, Max: 1, Diff: 1, Sum: 1, Workers: 4
[3523.345s][debug][gc,phases      ] GC(69)     Total                          Min: 0, Avg: 11464.0, Max: 19648, Diff: 19648, Sum: 45856, Workers: 4
[3523.345s][debug][gc,phases      ] GC(69)   ResolvedMethodTable Weak       Min:  0.0, Avg:  0.0, Max:  0.0, Diff:  0.0, Sum:  0.1, Workers: 4
[3523.345s][debug][gc,phases      ] GC(69)     Dead                           Min: 0, Avg:  6.8, Max: 18, Diff: 18, Sum: 27, Workers: 4
[3523.345s][debug][gc,phases      ] GC(69)     Total                          Min: 0, Avg: 3997.5, Max: 6655, Diff: 6655, Sum: 15990, Workers: 4
[3523.345s][debug][gc,phases      ] GC(69)   JNI Weak                       Min:  0.0, Avg:  0.0, Max:  0.0, Diff:  0.0, Sum:  0.0, Workers: 4
[3523.345s][debug][gc,phases      ] GC(69)     Dead                           Min: 0, Avg:  0.0, Max: 0, Diff: 0, Sum: 0, Workers: 4
[3523.345s][debug][gc,phases      ] GC(69)     Total                          Min: 0, Avg: 12.0, Max: 48, Diff: 48, Sum: 48, Workers: 4
[3523.345s][debug][gc,phases      ] GC(69)   StringDedup Table Weak         Min:  0.0, Avg:  0.0, Max:  0.0, Diff:  0.0, Sum:  0.0, Workers: 4
[3523.345s][debug][gc,phases      ] GC(69)     Dead                           Min: 0, Avg:  0.0, Max: 0, Diff: 0, Sum: 0, Workers: 4
[3523.345s][debug][gc,phases      ] GC(69)     Total                          Min: 0, Avg:  0.0, Max: 0, Diff: 0, Sum: 0, Workers: 4
[3523.345s][debug][gc,phases      ] GC(69)   StringDedup Requests0 Weak     Min:  0.0, Avg:  0.0, Max:  0.0, Diff:  0.0, Sum:  0.0, Workers: 4
[3523.345s][debug][gc,phases      ] GC(69)     Dead                           Min: 0, Avg:  0.0, Max: 0, Diff: 0, Sum: 0, Workers: 4
[3523.345s][debug][gc,phases      ] GC(69)     Total                          Min: 0, Avg:  0.0, Max: 0, Diff: 0, Sum: 0, Workers: 4
[3523.345s][debug][gc,phases      ] GC(69)   StringDedup Requests1 Weak     Min:  0.0, Avg:  0.0, Max:  0.0, Diff:  0.0, Sum:  0.0, Workers: 4
[3523.345s][debug][gc,phases      ] GC(69)     Dead                           Min: 0, Avg:  0.0, Max: 0, Diff: 0, Sum: 0, Workers: 4
[3523.345s][debug][gc,phases      ] GC(69)     Total                          Min: 0, Avg:  0.0, Max: 0, Diff: 0, Sum: 0, Workers: 4
[3523.345s][debug][gc,phases      ] GC(69)   Weak JFR Old Object Samples    Min:  0.0, Avg:  0.0, Max:  0.0, Diff:  0.0, Sum:  0.0, Workers: 4
[3523.345s][debug][gc,phases      ] GC(69)     Dead                           Min: 0, Avg:  0.0, Max: 0, Diff: 0, Sum: 0, Workers: 4
[3523.345s][debug][gc,phases      ] GC(69)     Total                          Min: 0, Avg:  0.0, Max: 0, Diff: 0, Sum: 0, Workers: 4
[3523.345s][debug][gc,phases      ] GC(69) Weak Processing 0.396ms
[3523.345s][debug][gc,age         ] GC(69) Desired survivor size 58720256 bytes, new threshold 1 (max threshold 15)
[3523.345s][info ][gc,heap        ] GC(69) PSYoungGen: 2065392K(2065408K)->31712K(2014208K) Eden: 2034176K(2034176K)->0K(1982464K) From: 31216K(31232K)->31712K(31744K)
[3523.345s][info ][gc,heap        ] GC(69) ParOldGen: 438212K(549888K)->470284K(549888K)
[3523.345s][info ][gc,metaspace   ] GC(69) Metaspace: 105896K(107328K)->105896K(107328K) NonClass: 89943K(90752K)->89943K(90752K) Class: 15953K(16576K)->15953K(16576K)
[3523.345s][info ][gc             ] GC(69) Pause Young (Allocation Failure) 2444M->490M(2504M) 19.713ms
[3523.345s][info ][gc,cpu         ] GC(69) User=0.06s Sys=0.01s Real=0.02s
[3523.345s][info ][safepoint      ] Safepoint "ParallelGCFailedAllocation", Time since last: 1116452832 ns, Reaching safepoint: 5400 ns, Cleanup: 7100 ns, At safepoint: 19811053 ns, Total: 19823553 ns
[3530.346s][info ][safepoint      ] Safepoint "Cleanup", Time since last: 7000530153 ns, Reaching safepoint: 6500 ns, Cleanup: 10100 ns, At safepoint: 1900 ns, Total: 18500 ns
[3532.346s][info ][safepoint      ] Safepoint "Cleanup", Time since last: 2000193087 ns, Reaching safepoint: 8300 ns, Cleanup: 11600 ns, At safepoint: 2800 ns, Total: 22700 ns
[3533.346s][info ][safepoint      ] Safepoint "Cleanup", Time since last: 1000122743 ns, Reaching safepoint: 6000 ns, Cleanup: 8100 ns, At safepoint: 2200 ns, Total: 16300 ns
[3535.347s][info ][safepoint      ] Safepoint "Cleanup", Time since last: 2000165788 ns, Reaching safepoint: 75799 ns, Cleanup: 8800 ns, At safepoint: 5400 ns, Total: 89999 ns
[3543.387s][info ][safepoint      ] Safepoint "Cleanup", Time since last: 8040740657 ns, Reaching safepoint: 78899 ns, Cleanup: 14500 ns, At safepoint: 8100 ns, Total: 101499 ns
[3547.388s][info ][safepoint      ] Safepoint "Cleanup", Time since last: 4000331578 ns, Reaching safepoint: 83800 ns, Cleanup: 13400 ns, At safepoint: 10700 ns, Total: 107900 ns
[3549.370s][info ][gc,start       ] GC(70) Pause Young (Allocation Failure)
[3549.387s][debug][gc,phases      ] GC(70) Scavenge 17.025ms
[3549.387s][debug][gc,ref         ] GC(70) ReferenceProcessor::execute queues: 1, RefProcThreadModel::Single, marks_oops_alive: false
[3549.387s][debug][gc,ref         ] GC(70) Skipped KeepAliveFinalRefsPhase of Reference Processing: no references
[3549.387s][debug][gc,ref         ] GC(70) ReferenceProcessor::execute queues: 1, RefProcThreadModel::Single, marks_oops_alive: false
[3549.387s][debug][gc,phases      ] GC(70) Reference Processing 0.117ms
[3549.387s][debug][gc,phases      ] GC(70)   VM Weak                        Min:  0.0, Avg:  0.0, Max:  0.0, Diff:  0.0, Sum:  0.0, Workers: 4
[3549.387s][debug][gc,phases      ] GC(70)     Dead                           Min: 0, Avg:  0.0, Max: 0, Diff: 0, Sum: 0, Workers: 4
[3549.387s][debug][gc,phases      ] GC(70)     Total                          Min: 0, Avg: 267.0, Max: 512, Diff: 512, Sum: 1068, Workers: 4
[3549.387s][debug][gc,phases      ] GC(70)   ObjectSynchronizer Weak        Min:  0.0, Avg:  0.0, Max:  0.0, Diff:  0.0, Sum:  0.0, Workers: 4
[3549.387s][debug][gc,phases      ] GC(70)     Dead                           Min: 0, Avg:  0.0, Max: 0, Diff: 0, Sum: 0, Workers: 4
[3549.387s][debug][gc,phases      ] GC(70)     Total                          Min: 0, Avg:  1.0, Max: 4, Diff: 4, Sum: 4, Workers: 4
[3549.387s][debug][gc,phases      ] GC(70)   JVMTI Tag Weak OopStorage      Min:  0.0, Avg:  0.0, Max:  0.0, Diff:  0.0, Sum:  0.0, Workers: 4
[3549.387s][debug][gc,phases      ] GC(70)     Dead                           Min: 0, Avg:  0.0, Max: 0, Diff: 0, Sum: 0, Workers: 4
[3549.387s][debug][gc,phases      ] GC(70)     Total                          Min: 0, Avg:  0.0, Max: 0, Diff: 0, Sum: 0, Workers: 4
[3549.387s][debug][gc,phases      ] GC(70)   StringTable Weak               Min:  0.1, Avg:  0.1, Max:  0.1, Diff:  0.0, Sum:  0.5, Workers: 4
[3549.387s][debug][gc,phases      ] GC(70)     Dead                           Min: 0, Avg:  0.0, Max: 0, Diff: 0, Sum: 0, Workers: 4
[3549.387s][debug][gc,phases      ] GC(70)     Total                          Min: 11300, Avg: 11465.0, Max: 11584, Diff: 284, Sum: 45860, Workers: 4
[3549.387s][debug][gc,phases      ] GC(70)   ResolvedMethodTable Weak       Min:  0.0, Avg:  0.0, Max:  0.0, Diff:  0.0, Sum:  0.2, Workers: 4
[3549.387s][debug][gc,phases      ] GC(70)     Dead                           Min: 0, Avg:  4.2, Max: 10, Diff: 10, Sum: 17, Workers: 4
[3549.387s][debug][gc,phases      ] GC(70)     Total                          Min: 3965, Avg: 3998.0, Max: 4091, Diff: 126, Sum: 15992, Workers: 4
[3549.387s][debug][gc,phases      ] GC(70)   JNI Weak                       Min:  0.0, Avg:  0.0, Max:  0.0, Diff:  0.0, Sum:  0.0, Workers: 4
[3549.387s][debug][gc,phases      ] GC(70)     Dead                           Min: 0, Avg:  0.0, Max: 0, Diff: 0, Sum: 0, Workers: 4
[3549.387s][debug][gc,phases      ] GC(70)     Total                          Min: 0, Avg: 12.0, Max: 48, Diff: 48, Sum: 48, Workers: 4
[3549.387s][debug][gc,phases      ] GC(70)   StringDedup Table Weak         Min:  0.0, Avg:  0.0, Max:  0.0, Diff:  0.0, Sum:  0.0, Workers: 4
[3549.387s][debug][gc,phases      ] GC(70)     Dead                           Min: 0, Avg:  0.0, Max: 0, Diff: 0, Sum: 0, Workers: 4
[3549.387s][debug][gc,phases      ] GC(70)     Total                          Min: 0, Avg:  0.0, Max: 0, Diff: 0, Sum: 0, Workers: 4
[3549.387s][debug][gc,phases      ] GC(70)   StringDedup Requests0 Weak     Min:  0.0, Avg:  0.0, Max:  0.0, Diff:  0.0, Sum:  0.0, Workers: 4
[3549.387s][debug][gc,phases      ] GC(70)     Dead                           Min: 0, Avg:  0.0, Max: 0, Diff: 0, Sum: 0, Workers: 4
[3549.387s][debug][gc,phases      ] GC(70)     Total                          Min: 0, Avg:  0.0, Max: 0, Diff: 0, Sum: 0, Workers: 4
[3549.387s][debug][gc,phases      ] GC(70)   StringDedup Requests1 Weak     Min:  0.0, Avg:  0.0, Max:  0.0, Diff:  0.0, Sum:  0.0, Workers: 4
[3549.387s][debug][gc,phases      ] GC(70)     Dead                           Min: 0, Avg:  0.0, Max: 0, Diff: 0, Sum: 0, Workers: 4
[3549.387s][debug][gc,phases      ] GC(70)     Total                          Min: 0, Avg:  0.0, Max: 0, Diff: 0, Sum: 0, Workers: 4
[3549.387s][debug][gc,phases      ] GC(70)   Weak JFR Old Object Samples    Min:  0.0, Avg:  0.0, Max:  0.0, Diff:  0.0, Sum:  0.0, Workers: 4
[3549.387s][debug][gc,phases      ] GC(70)     Dead                           Min: 0, Avg:  0.0, Max: 0, Diff: 0, Sum: 0, Workers: 4
[3549.387s][debug][gc,phases      ] GC(70)     Total                          Min: 0, Avg:  0.0, Max: 0, Diff: 0, Sum: 0, Workers: 4
[3549.387s][debug][gc,phases      ] GC(70) Weak Processing 0.358ms
[3549.387s][debug][gc,age         ] GC(70) Desired survivor size 59768832 bytes, new threshold 1 (max threshold 15)
[3549.387s][info ][gc,heap        ] GC(70) PSYoungGen: 2014176K(2014208K)->32256K(2015232K) Eden: 1982464K(1982464K)->0K(1982464K) From: 31712K(31744K)->32256K(32768K)
[3549.387s][info ][gc,heap        ] GC(70) ParOldGen: 470284K(549888K)->500601K(549888K)
[3549.388s][info ][gc,metaspace   ] GC(70) Metaspace: 105902K(107328K)->105902K(107328K) NonClass: 89949K(90752K)->89949K(90752K) Class: 15953K(16576K)->15953K(16576K)
[3549.388s][info ][gc             ] GC(70) Pause Young (Allocation Failure) 2426M->520M(2505M) 17.633ms
[3549.388s][info ][gc,cpu         ] GC(70) User=0.07s Sys=0.00s Real=0.02s
[3549.388s][info ][safepoint      ] Safepoint "ParallelGCFailedAllocation", Time since last: 1981954417 ns, Reaching safepoint: 82999 ns, Cleanup: 11000 ns, At safepoint: 17724968 ns, Total: 17818967 ns
[3550.388s][info ][safepoint      ] Safepoint "Cleanup", Time since last: 1000093841 ns, Reaching safepoint: 6400 ns, Cleanup: 8000 ns, At safepoint: 1700 ns, Total: 16100 ns
[3551.388s][info ][safepoint      ] Safepoint "Cleanup", Time since last: 1000103940 ns, Reaching safepoint: 82300 ns, Cleanup: 9800 ns, At safepoint: 10400 ns, Total: 102500 ns
[3552.388s][info ][safepoint      ] Safepoint "Cleanup", Time since last: 1000115046 ns, Reaching safepoint: 6400 ns, Cleanup: 15000 ns, At safepoint: 1800 ns, Total: 23200 ns
[3554.388s][info ][safepoint      ] Safepoint "Cleanup", Time since last: 2000198793 ns, Reaching safepoint: 7600 ns, Cleanup: 10300 ns, At safepoint: 2600 ns, Total: 20500 ns
[3556.388s][info ][safepoint      ] Safepoint "Cleanup", Time since last: 2000182293 ns, Reaching safepoint: 5800 ns, Cleanup: 9900 ns, At safepoint: 1800 ns, Total: 17500 ns
[3559.389s][info ][safepoint      ] Safepoint "Cleanup", Time since last: 3000239890 ns, Reaching safepoint: 77099 ns, Cleanup: 12300 ns, At safepoint: 7400 ns, Total: 96799 ns
[3560.389s][info ][safepoint      ] Safepoint "Cleanup", Time since last: 1000110900 ns, Reaching safepoint: 7300 ns, Cleanup: 17500 ns, At safepoint: 2400 ns, Total: 27200 ns
[3564.389s][info ][safepoint      ] Safepoint "Cleanup", Time since last: 4000309532 ns, Reaching safepoint: 6900 ns, Cleanup: 10800 ns, At safepoint: 2000 ns, Total: 19700 ns
[3568.390s][info ][safepoint      ] Safepoint "Cleanup", Time since last: 4000324626 ns, Reaching safepoint: 6999 ns, Cleanup: 11500 ns, At safepoint: 2200 ns, Total: 20699 ns
[3574.390s][info ][safepoint      ] Safepoint "Cleanup", Time since last: 6000454599 ns, Reaching safepoint: 7000 ns, Cleanup: 10600 ns, At safepoint: 2100 ns, Total: 19700 ns
[3586.391s][info ][safepoint      ] Safepoint "Cleanup", Time since last: 12000882345 ns, Reaching safepoint: 7400 ns, Cleanup: 11000 ns, At safepoint: 2800 ns, Total: 21200 ns
[3592.391s][info ][safepoint      ] Safepoint "Cleanup", Time since last: 6000474719 ns, Reaching safepoint: 7899 ns, Cleanup: 10200 ns, At safepoint: 2400 ns, Total: 20499 ns
[3594.392s][info ][safepoint      ] Safepoint "Cleanup", Time since last: 2000144233 ns, Reaching safepoint: 7500 ns, Cleanup: 9400 ns, At safepoint: 2300 ns, Total: 19200 ns
[3595.392s][info ][safepoint      ] Safepoint "Cleanup", Time since last: 1000115067 ns, Reaching safepoint: 6600 ns, Cleanup: 17699 ns, At safepoint: 2200 ns, Total: 26499 ns
[3596.392s][info ][safepoint      ] Safepoint "Cleanup", Time since last: 1000113667 ns, Reaching safepoint: 6400 ns, Cleanup: 17200 ns, At safepoint: 2199 ns, Total: 25799 ns
[3598.392s][info ][safepoint      ] Safepoint "Cleanup", Time since last: 2000190233 ns, Reaching safepoint: 7100 ns, Cleanup: 11500 ns, At safepoint: 2700 ns, Total: 21300 ns
[3602.406s][info ][safepoint      ] Safepoint "Cleanup", Time since last: 4013424052 ns, Reaching safepoint: 6600 ns, Cleanup: 9800 ns, At safepoint: 2200 ns, Total: 18600 ns
[3603.406s][info ][safepoint      ] Safepoint "Cleanup", Time since last: 1000098407 ns, Reaching safepoint: 7400 ns, Cleanup: 10500 ns, At safepoint: 2200 ns, Total: 20100 ns
[3613.406s][info ][safepoint      ] Safepoint "Cleanup", Time since last: 10000769291 ns, Reaching safepoint: 11000 ns, Cleanup: 15800 ns, At safepoint: 3000 ns, Total: 29800 ns
[3622.407s][info ][safepoint      ] Safepoint "Cleanup", Time since last: 9000721928 ns, Reaching safepoint: 10600 ns, Cleanup: 12999 ns, At safepoint: 28000 ns, Total: 51599 ns
[3627.132s][info ][gc,start       ] GC(71) Pause Young (Allocation Failure)
[3627.145s][debug][gc,phases      ] GC(71) Scavenge 12.092ms
[3627.145s][debug][gc,ref         ] GC(71) ReferenceProcessor::execute queues: 1, RefProcThreadModel::Single, marks_oops_alive: false
[3627.145s][debug][gc,ref         ] GC(71) Skipped KeepAliveFinalRefsPhase of Reference Processing: no references
[3627.145s][debug][gc,ref         ] GC(71) ReferenceProcessor::execute queues: 1, RefProcThreadModel::Single, marks_oops_alive: false
[3627.145s][debug][gc,phases      ] GC(71) Reference Processing 0.113ms
[3627.145s][debug][gc,phases      ] GC(71)   VM Weak                        Min:  0.0, Avg:  0.0, Max:  0.0, Diff:  0.0, Sum:  0.0, Workers: 4
[3627.145s][debug][gc,phases      ] GC(71)     Dead                           Min: 0, Avg:  0.0, Max: 0, Diff: 0, Sum: 0, Workers: 4
[3627.145s][debug][gc,phases      ] GC(71)     Total                          Min: 0, Avg: 267.0, Max: 940, Diff: 940, Sum: 1068, Workers: 4
[3627.145s][debug][gc,phases      ] GC(71)   ObjectSynchronizer Weak        Min:  0.0, Avg:  0.0, Max:  0.0, Diff:  0.0, Sum:  0.0, Workers: 4
[3627.145s][debug][gc,phases      ] GC(71)     Dead                           Min: 0, Avg:  0.0, Max: 0, Diff: 0, Sum: 0, Workers: 4
[3627.145s][debug][gc,phases      ] GC(71)     Total                          Min: 0, Avg:  0.8, Max: 3, Diff: 3, Sum: 3, Workers: 4
[3627.145s][debug][gc,phases      ] GC(71)   JVMTI Tag Weak OopStorage      Min:  0.0, Avg:  0.0, Max:  0.0, Diff:  0.0, Sum:  0.0, Workers: 4
[3627.145s][debug][gc,phases      ] GC(71)     Dead                           Min: 0, Avg:  0.0, Max: 0, Diff: 0, Sum: 0, Workers: 4
[3627.145s][debug][gc,phases      ] GC(71)     Total                          Min: 0, Avg:  0.0, Max: 0, Diff: 0, Sum: 0, Workers: 4
[3627.145s][debug][gc,phases      ] GC(71)   StringTable Weak               Min:  0.0, Avg:  0.1, Max:  0.1, Diff:  0.1, Sum:  0.4, Workers: 4
[3627.145s][debug][gc,phases      ] GC(71)     Dead                           Min: 0, Avg:  0.2, Max: 1, Diff: 1, Sum: 1, Workers: 4
[3627.145s][debug][gc,phases      ] GC(71)     Total                          Min: 0, Avg: 11467.5, Max: 19630, Diff: 19630, Sum: 45870, Workers: 4
[3627.145s][debug][gc,phases      ] GC(71)   ResolvedMethodTable Weak       Min:  0.0, Avg:  0.0, Max:  0.0, Diff:  0.0, Sum:  0.1, Workers: 4
[3627.145s][debug][gc,phases      ] GC(71)     Dead                           Min: 0, Avg:  4.2, Max: 11, Diff: 11, Sum: 17, Workers: 4
[3627.145s][debug][gc,phases      ] GC(71)     Total                          Min: 0, Avg: 4000.5, Max: 6850, Diff: 6850, Sum: 16002, Workers: 4
[3627.145s][debug][gc,phases      ] GC(71)   JNI Weak                       Min:  0.0, Avg:  0.0, Max:  0.0, Diff:  0.0, Sum:  0.0, Workers: 4
[3627.145s][debug][gc,phases      ] GC(71)     Dead                           Min: 0, Avg:  0.0, Max: 0, Diff: 0, Sum: 0, Workers: 4
[3627.145s][debug][gc,phases      ] GC(71)     Total                          Min: 0, Avg: 12.0, Max: 48, Diff: 48, Sum: 48, Workers: 4
[3627.145s][debug][gc,phases      ] GC(71)   StringDedup Table Weak         Min:  0.0, Avg:  0.0, Max:  0.0, Diff:  0.0, Sum:  0.0, Workers: 4
[3627.145s][debug][gc,phases      ] GC(71)     Dead                           Min: 0, Avg:  0.0, Max: 0, Diff: 0, Sum: 0, Workers: 4
[3627.145s][debug][gc,phases      ] GC(71)     Total                          Min: 0, Avg:  0.0, Max: 0, Diff: 0, Sum: 0, Workers: 4
[3627.145s][debug][gc,phases      ] GC(71)   StringDedup Requests0 Weak     Min:  0.0, Avg:  0.0, Max:  0.0, Diff:  0.0, Sum:  0.0, Workers: 4
[3627.145s][debug][gc,phases      ] GC(71)     Dead                           Min: 0, Avg:  0.0, Max: 0, Diff: 0, Sum: 0, Workers: 4
[3627.145s][debug][gc,phases      ] GC(71)     Total                          Min: 0, Avg:  0.0, Max: 0, Diff: 0, Sum: 0, Workers: 4
[3627.145s][debug][gc,phases      ] GC(71)   StringDedup Requests1 Weak     Min:  0.0, Avg:  0.0, Max:  0.0, Diff:  0.0, Sum:  0.0, Workers: 4
[3627.145s][debug][gc,phases      ] GC(71)     Dead                           Min: 0, Avg:  0.0, Max: 0, Diff: 0, Sum: 0, Workers: 4
[3627.145s][debug][gc,phases      ] GC(71)     Total                          Min: 0, Avg:  0.0, Max: 0, Diff: 0, Sum: 0, Workers: 4
[3627.145s][debug][gc,phases      ] GC(71)   Weak JFR Old Object Samples    Min:  0.0, Avg:  0.0, Max:  0.0, Diff:  0.0, Sum:  0.0, Workers: 4
[3627.145s][debug][gc,phases      ] GC(71)     Dead                           Min: 0, Avg:  0.0, Max: 0, Diff: 0, Sum: 0, Workers: 4
[3627.145s][debug][gc,phases      ] GC(71)     Total                          Min: 0, Avg:  0.0, Max: 0, Diff: 0, Sum: 0, Workers: 4
[3627.145s][debug][gc,phases      ] GC(71) Weak Processing 0.392ms
[3627.145s][debug][gc,age         ] GC(71) Desired survivor size 58195968 bytes, new threshold 1 (max threshold 15)
[3627.145s][info ][gc,heap        ] GC(71) PSYoungGen: 2014720K(2015232K)->7648K(2040320K) Eden: 1982464K(1982464K)->0K(1981952K) From: 32256K(32768K)->7648K(58368K)
[3627.145s][info ][gc,heap        ] GC(71) ParOldGen: 500601K(549888K)->531290K(549888K)
[3627.145s][info ][gc,metaspace   ] GC(71) Metaspace: 105943K(107328K)->105943K(107328K) NonClass: 89984K(90752K)->89984K(90752K) Class: 15958K(16576K)->15958K(16576K)
[3627.145s][info ][gc             ] GC(71) Pause Young (Allocation Failure) 2456M->526M(2529M) 12.736ms
[3627.145s][info ][gc,cpu         ] GC(71) User=0.05s Sys=0.00s Real=0.01s
[3627.145s][info ][safepoint      ] Safepoint "ParallelGCFailedAllocation", Time since last: 4725058823 ns, Reaching safepoint: 7600 ns, Cleanup: 3800 ns, At safepoint: 12815606 ns, Total: 12827006 ns
[3628.145s][info ][safepoint      ] Safepoint "Cleanup", Time since last: 1000088235 ns, Reaching safepoint: 8300 ns, Cleanup: 19400 ns, At safepoint: 2600 ns, Total: 30300 ns
[3632.146s][info ][safepoint      ] Safepoint "Cleanup", Time since last: 4000306242 ns, Reaching safepoint: 8600 ns, Cleanup: 10100 ns, At safepoint: 2900 ns, Total: 21600 ns
[3636.146s][info ][safepoint      ] Safepoint "Cleanup", Time since last: 4000716030 ns, Reaching safepoint: 8900 ns, Cleanup: 23400 ns, At safepoint: 2800 ns, Total: 35100 ns
[3647.147s][info ][safepoint      ] Safepoint "Cleanup", Time since last: 11000916284 ns, Reaching safepoint: 8900 ns, Cleanup: 10400 ns, At safepoint: 12700 ns, Total: 32000 ns
[3664.149s][info ][safepoint      ] Safepoint "Cleanup", Time since last: 17001622029 ns, Reaching safepoint: 8900 ns, Cleanup: 10799 ns, At safepoint: 2400 ns, Total: 22099 ns
[3668.160s][info ][safepoint      ] Safepoint "Cleanup", Time since last: 4011132792 ns, Reaching safepoint: 9500 ns, Cleanup: 11500 ns, At safepoint: 19500 ns, Total: 40500 ns
[3675.168s][info ][safepoint      ] Safepoint "Cleanup", Time since last: 7008024887 ns, Reaching safepoint: 8400 ns, Cleanup: 11500 ns, At safepoint: 2600 ns, Total: 22500 ns
[3676.168s][info ][safepoint      ] Safepoint "Cleanup", Time since last: 1000109386 ns, Reaching safepoint: 8700 ns, Cleanup: 11800 ns, At safepoint: 2500 ns, Total: 23000 ns
[3688.176s][info ][safepoint      ] Safepoint "Cleanup", Time since last: 12007195099 ns, Reaching safepoint: 7300 ns, Cleanup: 11000 ns, At safepoint: 2400 ns, Total: 20700 ns
[3702.186s][info ][safepoint      ] Safepoint "Cleanup", Time since last: 14010460672 ns, Reaching safepoint: 77499 ns, Cleanup: 10200 ns, At safepoint: 7100 ns, Total: 94799 ns
[3716.192s][info ][safepoint      ] Safepoint "Cleanup", Time since last: 14005719967 ns, Reaching safepoint: 7200 ns, Cleanup: 11100 ns, At safepoint: 2300 ns, Total: 20600 ns
[3719.837s][info ][gc,start       ] GC(72) Pause Young (Allocation Failure)
[3719.848s][debug][gc,phases      ] GC(72) Scavenge 11.379ms
[3719.848s][debug][gc,ref         ] GC(72) Skipped SoftWeakFinalRefsPhase of Reference Processing: no references
[3719.848s][debug][gc,ref         ] GC(72) Skipped KeepAliveFinalRefsPhase of Reference Processing: no references
[3719.848s][debug][gc,ref         ] GC(72) Skipped PhantomRefsPhase of Reference Processing: no references
[3719.848s][debug][gc,phases      ] GC(72) Reference Processing 0.029ms
[3719.849s][debug][gc,phases      ] GC(72)   VM Weak                        Min:  0.0, Avg:  0.0, Max:  0.0, Diff:  0.0, Sum:  0.0, Workers: 4
[3719.849s][debug][gc,phases      ] GC(72)     Dead                           Min: 0, Avg:  0.0, Max: 0, Diff: 0, Sum: 0, Workers: 4
[3719.849s][debug][gc,phases      ] GC(72)     Total                          Min: 0, Avg: 267.0, Max: 1068, Diff: 1068, Sum: 1068, Workers: 4
[3719.849s][debug][gc,phases      ] GC(72)   ObjectSynchronizer Weak        Min:  0.0, Avg:  0.0, Max:  0.0, Diff:  0.0, Sum:  0.0, Workers: 4
[3719.849s][debug][gc,phases      ] GC(72)     Dead                           Min: 0, Avg:  0.0, Max: 0, Diff: 0, Sum: 0, Workers: 4
[3719.849s][debug][gc,phases      ] GC(72)     Total                          Min: 0, Avg:  0.8, Max: 3, Diff: 3, Sum: 3, Workers: 4
[3719.849s][debug][gc,phases      ] GC(72)   JVMTI Tag Weak OopStorage      Min:  0.0, Avg:  0.0, Max:  0.0, Diff:  0.0, Sum:  0.0, Workers: 4
[3719.849s][debug][gc,phases      ] GC(72)     Dead                           Min: 0, Avg:  0.0, Max: 0, Diff: 0, Sum: 0, Workers: 4
[3719.849s][debug][gc,phases      ] GC(72)     Total                          Min: 0, Avg:  0.0, Max: 0, Diff: 0, Sum: 0, Workers: 4
[3719.849s][debug][gc,phases      ] GC(72)   StringTable Weak               Min:  0.0, Avg:  0.1, Max:  0.4, Diff:  0.4, Sum:  0.4, Workers: 4
[3719.849s][debug][gc,phases      ] GC(72)     Dead                           Min: 0, Avg:  0.0, Max: 0, Diff: 0, Sum: 0, Workers: 4
[3719.849s][debug][gc,phases      ] GC(72)     Total                          Min: 0, Avg: 11467.8, Max: 45871, Diff: 45871, Sum: 45871, Workers: 4
[3719.849s][debug][gc,phases      ] GC(72)   ResolvedMethodTable Weak       Min:  0.0, Avg:  0.0, Max:  0.1, Diff:  0.1, Sum:  0.1, Workers: 4
[3719.849s][debug][gc,phases      ] GC(72)     Dead                           Min: 0, Avg:  6.0, Max: 24, Diff: 24, Sum: 24, Workers: 4
[3719.849s][debug][gc,phases      ] GC(72)     Total                          Min: 0, Avg: 4000.5, Max: 16002, Diff: 16002, Sum: 16002, Workers: 4
[3719.849s][debug][gc,phases      ] GC(72)   JNI Weak                       Min:  0.0, Avg:  0.0, Max:  0.0, Diff:  0.0, Sum:  0.0, Workers: 4
[3719.849s][debug][gc,phases      ] GC(72)     Dead                           Min: 0, Avg:  0.0, Max: 0, Diff: 0, Sum: 0, Workers: 4
[3719.849s][debug][gc,phases      ] GC(72)     Total                          Min: 0, Avg: 12.0, Max: 48, Diff: 48, Sum: 48, Workers: 4
[3719.849s][debug][gc,phases      ] GC(72)   StringDedup Table Weak         Min:  0.0, Avg:  0.0, Max:  0.0, Diff:  0.0, Sum:  0.0, Workers: 4
[3719.849s][debug][gc,phases      ] GC(72)     Dead                           Min: 0, Avg:  0.0, Max: 0, Diff: 0, Sum: 0, Workers: 4
[3719.849s][debug][gc,phases      ] GC(72)     Total                          Min: 0, Avg:  0.0, Max: 0, Diff: 0, Sum: 0, Workers: 4
[3719.849s][debug][gc,phases      ] GC(72)   StringDedup Requests0 Weak     Min:  0.0, Avg:  0.0, Max:  0.0, Diff:  0.0, Sum:  0.0, Workers: 4
[3719.849s][debug][gc,phases      ] GC(72)     Dead                           Min: 0, Avg:  0.0, Max: 0, Diff: 0, Sum: 0, Workers: 4
[3719.849s][debug][gc,phases      ] GC(72)     Total                          Min: 0, Avg:  0.0, Max: 0, Diff: 0, Sum: 0, Workers: 4
[3719.849s][debug][gc,phases      ] GC(72)   StringDedup Requests1 Weak     Min:  0.0, Avg:  0.0, Max:  0.0, Diff:  0.0, Sum:  0.0, Workers: 4
[3719.849s][debug][gc,phases      ] GC(72)     Dead                           Min: 0, Avg:  0.0, Max: 0, Diff: 0, Sum: 0, Workers: 4
[3719.849s][debug][gc,phases      ] GC(72)     Total                          Min: 0, Avg:  0.0, Max: 0, Diff: 0, Sum: 0, Workers: 4
[3719.849s][debug][gc,phases      ] GC(72)   Weak JFR Old Object Samples    Min:  0.0, Avg:  0.0, Max:  0.0, Diff:  0.0, Sum:  0.0, Workers: 4
[3719.849s][debug][gc,phases      ] GC(72)     Dead                           Min: 0, Avg:  0.0, Max: 0, Diff: 0, Sum: 0, Workers: 4
[3719.849s][debug][gc,phases      ] GC(72)     Total                          Min: 0, Avg:  0.0, Max: 0, Diff: 0, Sum: 0, Workers: 4
[3719.849s][debug][gc,phases      ] GC(72) Weak Processing 0.824ms
[3719.849s][debug][gc,age         ] GC(72) Desired survivor size 57147392 bytes, new threshold 1 (max threshold 15)
[3719.849s][info ][gc,heap        ] GC(72) PSYoungGen: 1989600K(2040320K)->2272K(2038784K) Eden: 1981952K(1981952K)->0K(1981952K) From: 7648K(58368K)->2272K(56832K)
[3719.849s][info ][gc,heap        ] GC(72) ParOldGen: 531290K(549888K)->537650K(549888K)
[3719.849s][info ][gc,metaspace   ] GC(72) Metaspace: 105954K(107328K)->105954K(107328K) NonClass: 89995K(90752K)->89995K(90752K) Class: 15958K(16576K)->15958K(16576K)
[3719.849s][info ][gc             ] GC(72) Pause Young (Allocation Failure) 2461M->527M(2528M) 12.370ms
[3719.849s][info ][gc,cpu         ] GC(72) User=0.02s Sys=0.00s Real=0.01s
[3719.849s][info ][safepoint      ] Safepoint "ParallelGCFailedAllocation", Time since last: 3644769613 ns, Reaching safepoint: 81799 ns, Cleanup: 4300 ns, At safepoint: 12460508 ns, Total: 12546607 ns
[3740.874s][info ][safepoint      ] Safepoint "Cleanup", Time since last: 21024838317 ns, Reaching safepoint: 6500 ns, Cleanup: 14600 ns, At safepoint: 27900 ns, Total: 49000 ns
[3741.875s][info ][safepoint      ] Safepoint "Cleanup", Time since last: 1000607943 ns, Reaching safepoint: 7200 ns, Cleanup: 13100 ns, At safepoint: 2599 ns, Total: 22899 ns
[3743.875s][info ][safepoint      ] Safepoint "Cleanup", Time since last: 2000196241 ns, Reaching safepoint: 7400 ns, Cleanup: 13999 ns, At safepoint: 2400 ns, Total: 23799 ns
[3744.875s][info ][safepoint      ] Safepoint "Cleanup", Time since last: 1000107393 ns, Reaching safepoint: 6400 ns, Cleanup: 11999 ns, At safepoint: 2300 ns, Total: 20699 ns
[3745.878s][info ][safepoint      ] Safepoint "Cleanup", Time since last: 1002752406 ns, Reaching safepoint: 7600 ns, Cleanup: 15100 ns, At safepoint: 3200 ns, Total: 25900 ns
[3754.878s][info ][safepoint      ] Safepoint "Cleanup", Time since last: 9000686342 ns, Reaching safepoint: 6800 ns, Cleanup: 23900 ns, At safepoint: 2000 ns, Total: 32700 ns
[3759.879s][info ][safepoint      ] Safepoint "Cleanup", Time since last: 5000394580 ns, Reaching safepoint: 8100 ns, Cleanup: 17700 ns, At safepoint: 2800 ns, Total: 28600 ns
[3805.884s][info ][safepoint      ] Safepoint "Cleanup", Time since last: 46005183980 ns, Reaching safepoint: 84899 ns, Cleanup: 15600 ns, At safepoint: 30100 ns, Total: 130599 ns
[3808.635s][info ][gc,start       ] GC(73) Pause Young (Allocation Failure)
[3808.638s][debug][gc,phases      ] GC(73) Scavenge 2.690ms
[3808.638s][debug][gc,ref         ] GC(73) Skipped SoftWeakFinalRefsPhase of Reference Processing: no references
[3808.638s][debug][gc,ref         ] GC(73) Skipped KeepAliveFinalRefsPhase of Reference Processing: no references
[3808.638s][debug][gc,ref         ] GC(73) ReferenceProcessor::execute queues: 1, RefProcThreadModel::Single, marks_oops_alive: false
[3808.638s][debug][gc,phases      ] GC(73) Reference Processing 0.170ms
[3808.638s][debug][gc,phases      ] GC(73)   VM Weak                        Min:  0.0, Avg:  0.0, Max:  0.0, Diff:  0.0, Sum:  0.0, Workers: 4
[3808.639s][debug][gc,phases      ] GC(73)     Dead                           Min: 0, Avg:  0.0, Max: 0, Diff: 0, Sum: 0, Workers: 4
[3808.639s][debug][gc,phases      ] GC(73)     Total                          Min: 0, Avg: 267.0, Max: 556, Diff: 556, Sum: 1068, Workers: 4
[3808.639s][debug][gc,phases      ] GC(73)   ObjectSynchronizer Weak        Min:  0.0, Avg:  0.0, Max:  0.0, Diff:  0.0, Sum:  0.0, Workers: 4
[3808.639s][debug][gc,phases      ] GC(73)     Dead                           Min: 0, Avg:  0.0, Max: 0, Diff: 0, Sum: 0, Workers: 4
[3808.639s][debug][gc,phases      ] GC(73)     Total                          Min: 0, Avg:  0.8, Max: 3, Diff: 3, Sum: 3, Workers: 4
[3808.639s][debug][gc,phases      ] GC(73)   JVMTI Tag Weak OopStorage      Min:  0.0, Avg:  0.0, Max:  0.0, Diff:  0.0, Sum:  0.0, Workers: 4
[3808.639s][debug][gc,phases      ] GC(73)     Dead                           Min: 0, Avg:  0.0, Max: 0, Diff: 0, Sum: 0, Workers: 4
[3808.639s][debug][gc,phases      ] GC(73)     Total                          Min: 0, Avg:  0.0, Max: 0, Diff: 0, Sum: 0, Workers: 4
[3808.639s][debug][gc,phases      ] GC(73)   StringTable Weak               Min:  0.0, Avg:  0.1, Max:  0.2, Diff:  0.2, Sum:  0.5, Workers: 4
[3808.639s][debug][gc,phases      ] GC(73)     Dead                           Min: 0, Avg:  0.0, Max: 0, Diff: 0, Sum: 0, Workers: 4
[3808.639s][debug][gc,phases      ] GC(73)     Total                          Min: 0, Avg: 11468.2, Max: 23424, Diff: 23424, Sum: 45873, Workers: 4
[3808.639s][debug][gc,phases      ] GC(73)   ResolvedMethodTable Weak       Min:  0.0, Avg:  0.0, Max:  0.1, Diff:  0.1, Sum:  0.2, Workers: 4
[3808.639s][debug][gc,phases      ] GC(73)     Dead                           Min: 0, Avg:  4.5, Max: 10, Diff: 10, Sum: 18, Workers: 4
[3808.639s][debug][gc,phases      ] GC(73)     Total                          Min: 0, Avg: 4000.5, Max: 8066, Diff: 8066, Sum: 16002, Workers: 4
[3808.639s][debug][gc,phases      ] GC(73)   JNI Weak                       Min:  0.0, Avg:  0.0, Max:  0.0, Diff:  0.0, Sum:  0.0, Workers: 4
[3808.639s][debug][gc,phases      ] GC(73)     Dead                           Min: 0, Avg:  0.0, Max: 0, Diff: 0, Sum: 0, Workers: 4
[3808.639s][debug][gc,phases      ] GC(73)     Total                          Min: 0, Avg: 12.0, Max: 48, Diff: 48, Sum: 48, Workers: 4
[3808.639s][debug][gc,phases      ] GC(73)   StringDedup Table Weak         Min:  0.0, Avg:  0.0, Max:  0.0, Diff:  0.0, Sum:  0.0, Workers: 4
[3808.639s][debug][gc,phases      ] GC(73)     Dead                           Min: 0, Avg:  0.0, Max: 0, Diff: 0, Sum: 0, Workers: 4
[3808.639s][debug][gc,phases      ] GC(73)     Total                          Min: 0, Avg:  0.0, Max: 0, Diff: 0, Sum: 0, Workers: 4
[3808.639s][debug][gc,phases      ] GC(73)   StringDedup Requests0 Weak     Min:  0.0, Avg:  0.0, Max:  0.0, Diff:  0.0, Sum:  0.0, Workers: 4
[3808.639s][debug][gc,phases      ] GC(73)     Dead                           Min: 0, Avg:  0.0, Max: 0, Diff: 0, Sum: 0, Workers: 4
[3808.639s][debug][gc,phases      ] GC(73)     Total                          Min: 0, Avg:  0.0, Max: 0, Diff: 0, Sum: 0, Workers: 4
[3808.639s][debug][gc,phases      ] GC(73)   StringDedup Requests1 Weak     Min:  0.0, Avg:  0.0, Max:  0.0, Diff:  0.0, Sum:  0.0, Workers: 4
[3808.639s][debug][gc,phases      ] GC(73)     Dead                           Min: 0, Avg:  0.0, Max: 0, Diff: 0, Sum: 0, Workers: 4
[3808.639s][debug][gc,phases      ] GC(73)     Total                          Min: 0, Avg:  0.0, Max: 0, Diff: 0, Sum: 0, Workers: 4
[3808.639s][debug][gc,phases      ] GC(73)   Weak JFR Old Object Samples    Min:  0.0, Avg:  0.0, Max:  0.0, Diff:  0.0, Sum:  0.0, Workers: 4
[3808.639s][debug][gc,phases      ] GC(73)     Dead                           Min: 0, Avg:  0.0, Max: 0, Diff: 0, Sum: 0, Workers: 4
[3808.639s][debug][gc,phases      ] GC(73)     Total                          Min: 0, Avg:  0.0, Max: 0, Diff: 0, Sum: 0, Workers: 4
[3808.639s][debug][gc,phases      ] GC(73) Weak Processing 0.686ms
[3808.639s][debug][gc,age         ] GC(73) Desired survivor size 56098816 bytes, new threshold 1 (max threshold 15)
[3808.639s][info ][gc,heap        ] GC(73) PSYoungGen: 1984224K(2038784K)->1744K(2042368K) Eden: 1981952K(1981952K)->0K(1986560K) From: 2272K(56832K)->1744K(55808K)
[3808.639s][info ][gc,heap        ] GC(73) ParOldGen: 537650K(549888K)->538039K(549888K)
[3808.639s][info ][gc,metaspace   ] GC(73) Metaspace: 105984K(107392K)->105984K(107392K) NonClass: 90025K(90816K)->90025K(90816K) Class: 15958K(16576K)->15958K(16576K)
[3808.639s][info ][gc             ] GC(73) Pause Young (Allocation Failure) 2462M->527M(2531M) 3.681ms
[3808.639s][info ][gc,cpu         ] GC(73) User=0.01s Sys=0.00s Real=0.00s
[3808.639s][info ][safepoint      ] Safepoint "ParallelGCFailedAllocation", Time since last: 2750939962 ns, Reaching safepoint: 6700 ns, Cleanup: 4100 ns, At safepoint: 3762072 ns, Total: 3772872 ns
[3813.639s][info ][safepoint      ] Safepoint "Cleanup", Time since last: 5000429842 ns, Reaching safepoint: 8000 ns, Cleanup: 10200 ns, At safepoint: 21700 ns, Total: 39900 ns
[3820.640s][info ][safepoint      ] Safepoint "Cleanup", Time since last: 7000654643 ns, Reaching safepoint: 8400 ns, Cleanup: 10500 ns, At safepoint: 2500 ns, Total: 21400 ns
[3825.640s][info ][safepoint      ] Safepoint "Cleanup", Time since last: 5000383022 ns, Reaching safepoint: 7100 ns, Cleanup: 9700 ns, At safepoint: 23400 ns, Total: 40200 ns
[3872.644s][info ][safepoint      ] Safepoint "Cleanup", Time since last: 47003241637 ns, Reaching safepoint: 6400 ns, Cleanup: 10100 ns, At safepoint: 2200 ns, Total: 18700 ns
[3881.644s][info ][safepoint      ] Safepoint "Cleanup", Time since last: 9000673365 ns, Reaching safepoint: 6900 ns, Cleanup: 10600 ns, At safepoint: 2500 ns, Total: 20000 ns
[3887.645s][info ][safepoint      ] Safepoint "Cleanup", Time since last: 6000480145 ns, Reaching safepoint: 8400 ns, Cleanup: 18299 ns, At safepoint: 9600 ns, Total: 36299 ns
[3898.277s][info ][gc,start       ] GC(74) Pause Young (Allocation Failure)
[3898.279s][debug][gc,phases      ] GC(74) Scavenge 2.379ms
[3898.279s][debug][gc,ref         ] GC(74) Skipped SoftWeakFinalRefsPhase of Reference Processing: no references
[3898.279s][debug][gc,ref         ] GC(74) Skipped KeepAliveFinalRefsPhase of Reference Processing: no references
[3898.279s][debug][gc,ref         ] GC(74) ReferenceProcessor::execute queues: 1, RefProcThreadModel::Single, marks_oops_alive: false
[3898.279s][debug][gc,phases      ] GC(74) Reference Processing 0.101ms
[3898.280s][debug][gc,phases      ] GC(74)   VM Weak                        Min:  0.0, Avg:  0.0, Max:  0.0, Diff:  0.0, Sum:  0.0, Workers: 4
[3898.280s][debug][gc,phases      ] GC(74)     Dead                           Min: 0, Avg:  0.0, Max: 0, Diff: 0, Sum: 0, Workers: 4
[3898.280s][debug][gc,phases      ] GC(74)     Total                          Min: 0, Avg: 267.0, Max: 620, Diff: 620, Sum: 1068, Workers: 4
[3898.280s][debug][gc,phases      ] GC(74)   ObjectSynchronizer Weak        Min:  0.0, Avg:  0.0, Max:  0.0, Diff:  0.0, Sum:  0.0, Workers: 4
[3898.280s][debug][gc,phases      ] GC(74)     Dead                           Min: 0, Avg:  0.0, Max: 0, Diff: 0, Sum: 0, Workers: 4
[3898.280s][debug][gc,phases      ] GC(74)     Total                          Min: 0, Avg:  0.8, Max: 3, Diff: 3, Sum: 3, Workers: 4
[3898.280s][debug][gc,phases      ] GC(74)   JVMTI Tag Weak OopStorage      Min:  0.0, Avg:  0.0, Max:  0.0, Diff:  0.0, Sum:  0.0, Workers: 4
[3898.280s][debug][gc,phases      ] GC(74)     Dead                           Min: 0, Avg:  0.0, Max: 0, Diff: 0, Sum: 0, Workers: 4
[3898.280s][debug][gc,phases      ] GC(74)     Total                          Min: 0, Avg:  0.0, Max: 0, Diff: 0, Sum: 0, Workers: 4
[3898.280s][debug][gc,phases      ] GC(74)   StringTable Weak               Min:  0.0, Avg:  0.1, Max:  0.1, Diff:  0.1, Sum:  0.4, Workers: 4
[3898.280s][debug][gc,phases      ] GC(74)     Dead                           Min: 0, Avg:  0.0, Max: 0, Diff: 0, Sum: 0, Workers: 4
[3898.280s][debug][gc,phases      ] GC(74)     Total                          Min: 0, Avg: 11468.2, Max: 19249, Diff: 19249, Sum: 45873, Workers: 4
[3898.280s][debug][gc,phases      ] GC(74)   ResolvedMethodTable Weak       Min:  0.0, Avg:  0.0, Max:  0.0, Diff:  0.0, Sum:  0.1, Workers: 4
[3898.280s][debug][gc,phases      ] GC(74)     Dead                           Min: 0, Avg:  4.0, Max: 10, Diff: 10, Sum: 16, Workers: 4
[3898.280s][debug][gc,phases      ] GC(74)     Total                          Min: 0, Avg: 4000.5, Max: 6408, Diff: 6408, Sum: 16002, Workers: 4
[3898.280s][debug][gc,phases      ] GC(74)   JNI Weak                       Min:  0.0, Avg:  0.0, Max:  0.0, Diff:  0.0, Sum:  0.0, Workers: 4
[3898.280s][debug][gc,phases      ] GC(74)     Dead                           Min: 0, Avg:  0.0, Max: 0, Diff: 0, Sum: 0, Workers: 4
[3898.280s][debug][gc,phases      ] GC(74)     Total                          Min: 0, Avg: 12.0, Max: 48, Diff: 48, Sum: 48, Workers: 4
[3898.280s][debug][gc,phases      ] GC(74)   StringDedup Table Weak         Min:  0.0, Avg:  0.0, Max:  0.0, Diff:  0.0, Sum:  0.0, Workers: 4
[3898.280s][debug][gc,phases      ] GC(74)     Dead                           Min: 0, Avg:  0.0, Max: 0, Diff: 0, Sum: 0, Workers: 4
[3898.280s][debug][gc,phases      ] GC(74)     Total                          Min: 0, Avg:  0.0, Max: 0, Diff: 0, Sum: 0, Workers: 4
[3898.280s][debug][gc,phases      ] GC(74)   StringDedup Requests0 Weak     Min:  0.0, Avg:  0.0, Max:  0.0, Diff:  0.0, Sum:  0.0, Workers: 4
[3898.280s][debug][gc,phases      ] GC(74)     Dead                           Min: 0, Avg:  0.0, Max: 0, Diff: 0, Sum: 0, Workers: 4
[3898.280s][debug][gc,phases      ] GC(74)     Total                          Min: 0, Avg:  0.0, Max: 0, Diff: 0, Sum: 0, Workers: 4
[3898.280s][debug][gc,phases      ] GC(74)   StringDedup Requests1 Weak     Min:  0.0, Avg:  0.0, Max:  0.0, Diff:  0.0, Sum:  0.0, Workers: 4
[3898.280s][debug][gc,phases      ] GC(74)     Dead                           Min: 0, Avg:  0.0, Max: 0, Diff: 0, Sum: 0, Workers: 4
[3898.280s][debug][gc,phases      ] GC(74)     Total                          Min: 0, Avg:  0.0, Max: 0, Diff: 0, Sum: 0, Workers: 4
[3898.280s][debug][gc,phases      ] GC(74)   Weak JFR Old Object Samples    Min:  0.0, Avg:  0.0, Max:  0.0, Diff:  0.0, Sum:  0.0, Workers: 4
[3898.280s][debug][gc,phases      ] GC(74)     Dead                           Min: 0, Avg:  0.0, Max: 0, Diff: 0, Sum: 0, Workers: 4
[3898.280s][debug][gc,phases      ] GC(74)     Total                          Min: 0, Avg:  0.0, Max: 0, Diff: 0, Sum: 0, Workers: 4
[3898.280s][debug][gc,phases      ] GC(74) Weak Processing 0.392ms
[3898.280s][debug][gc,age         ] GC(74) Desired survivor size 54525952 bytes, new threshold 1 (max threshold 15)
[3898.280s][info ][gc,heap        ] GC(74) PSYoungGen: 1988304K(2042368K)->2592K(2041344K) Eden: 1986560K(1986560K)->0K(1986560K) From: 1744K(55808K)->2592K(54784K)
[3898.280s][info ][gc,heap        ] GC(74) ParOldGen: 538039K(549888K)->538411K(549888K)
[3898.280s][info ][gc,metaspace   ] GC(74) Metaspace: 106004K(107392K)->106004K(107392K) NonClass: 90045K(90816K)->90045K(90816K) Class: 15958K(16576K)->15958K(16576K)
[3898.280s][info ][gc             ] GC(74) Pause Young (Allocation Failure) 2467M->528M(2530M) 2.978ms
[3898.280s][info ][gc,cpu         ] GC(74) User=0.01s Sys=0.00s Real=0.00s
[3898.280s][info ][safepoint      ] Safepoint "ParallelGCFailedAllocation", Time since last: 10631804164 ns, Reaching safepoint: 7599 ns, Cleanup: 3900 ns, At safepoint: 3042978 ns, Total: 3054477 ns
[3902.280s][info ][safepoint      ] Safepoint "Cleanup", Time since last: 4000298251 ns, Reaching safepoint: 7500 ns, Cleanup: 10799 ns, At safepoint: 2200 ns, Total: 20499 ns
[3912.281s][info ][safepoint      ] Safepoint "Cleanup", Time since last: 10000767098 ns, Reaching safepoint: 8400 ns, Cleanup: 11900 ns, At safepoint: 3100 ns, Total: 23400 ns
[3913.281s][info ][safepoint      ] Safepoint "Cleanup", Time since last: 1000116632 ns, Reaching safepoint: 7000 ns, Cleanup: 10500 ns, At safepoint: 2000 ns, Total: 19500 ns
[3970.677s][info ][safepoint      ] Safepoint "Cleanup", Time since last: 57395656225 ns, Reaching safepoint: 8300 ns, Cleanup: 12200 ns, At safepoint: 30699 ns, Total: 51199 ns
[3973.677s][info ][safepoint      ] Safepoint "Cleanup", Time since last: 3000262862 ns, Reaching safepoint: 9300 ns, Cleanup: 11300 ns, At safepoint: 2500 ns, Total: 23100 ns
[3979.136s][info ][gc,start       ] GC(75) Pause Young (Allocation Failure)
[3979.144s][debug][gc,phases      ] GC(75) Scavenge 8.751ms
[3979.144s][debug][gc,ref         ] GC(75) Skipped SoftWeakFinalRefsPhase of Reference Processing: no references
[3979.144s][debug][gc,ref         ] GC(75) Skipped KeepAliveFinalRefsPhase of Reference Processing: no references
[3979.145s][debug][gc,ref         ] GC(75) ReferenceProcessor::execute queues: 1, RefProcThreadModel::Single, marks_oops_alive: false
[3979.145s][debug][gc,phases      ] GC(75) Reference Processing 0.131ms
[3979.145s][debug][gc,phases      ] GC(75)   VM Weak                        Min:  0.0, Avg:  0.0, Max:  0.0, Diff:  0.0, Sum:  0.0, Workers: 4
[3979.145s][debug][gc,phases      ] GC(75)     Dead                           Min: 0, Avg:  0.0, Max: 0, Diff: 0, Sum: 0, Workers: 4
[3979.145s][debug][gc,phases      ] GC(75)     Total                          Min: 0, Avg: 267.0, Max: 896, Diff: 896, Sum: 1068, Workers: 4
[3979.145s][debug][gc,phases      ] GC(75)   ObjectSynchronizer Weak        Min:  0.0, Avg:  0.0, Max:  0.0, Diff:  0.0, Sum:  0.0, Workers: 4
[3979.145s][debug][gc,phases      ] GC(75)     Dead                           Min: 0, Avg:  0.0, Max: 0, Diff: 0, Sum: 0, Workers: 4
[3979.145s][debug][gc,phases      ] GC(75)     Total                          Min: 0, Avg:  0.8, Max: 3, Diff: 3, Sum: 3, Workers: 4
[3979.145s][debug][gc,phases      ] GC(75)   JVMTI Tag Weak OopStorage      Min:  0.0, Avg:  0.0, Max:  0.0, Diff:  0.0, Sum:  0.0, Workers: 4
[3979.145s][debug][gc,phases      ] GC(75)     Dead                           Min: 0, Avg:  0.0, Max: 0, Diff: 0, Sum: 0, Workers: 4
[3979.145s][debug][gc,phases      ] GC(75)     Total                          Min: 0, Avg:  0.0, Max: 0, Diff: 0, Sum: 0, Workers: 4
[3979.145s][debug][gc,phases      ] GC(75)   StringTable Weak               Min:  0.0, Avg:  0.1, Max:  0.2, Diff:  0.2, Sum:  0.5, Workers: 4
[3979.145s][debug][gc,phases      ] GC(75)     Dead                           Min: 0, Avg:  0.0, Max: 0, Diff: 0, Sum: 0, Workers: 4
[3979.145s][debug][gc,phases      ] GC(75)     Total                          Min: 0, Avg: 11468.5, Max: 24000, Diff: 24000, Sum: 45874, Workers: 4
[3979.145s][debug][gc,phases      ] GC(75)   ResolvedMethodTable Weak       Min:  0.0, Avg:  0.0, Max:  0.1, Diff:  0.1, Sum:  0.2, Workers: 4
[3979.145s][debug][gc,phases      ] GC(75)     Dead                           Min: 0, Avg:  4.0, Max: 16, Diff: 16, Sum: 16, Workers: 4
[3979.145s][debug][gc,phases      ] GC(75)     Total                          Min: 0, Avg: 4000.5, Max: 8053, Diff: 8053, Sum: 16002, Workers: 4
[3979.145s][debug][gc,phases      ] GC(75)   JNI Weak                       Min:  0.0, Avg:  0.0, Max:  0.0, Diff:  0.0, Sum:  0.0, Workers: 4
[3979.145s][debug][gc,phases      ] GC(75)     Dead                           Min: 0, Avg:  0.0, Max: 0, Diff: 0, Sum: 0, Workers: 4
[3979.145s][debug][gc,phases      ] GC(75)     Total                          Min: 0, Avg: 12.0, Max: 48, Diff: 48, Sum: 48, Workers: 4
[3979.145s][debug][gc,phases      ] GC(75)   StringDedup Table Weak         Min:  0.0, Avg:  0.0, Max:  0.0, Diff:  0.0, Sum:  0.0, Workers: 4
[3979.145s][debug][gc,phases      ] GC(75)     Dead                           Min: 0, Avg:  0.0, Max: 0, Diff: 0, Sum: 0, Workers: 4
[3979.145s][debug][gc,phases      ] GC(75)     Total                          Min: 0, Avg:  0.0, Max: 0, Diff: 0, Sum: 0, Workers: 4
[3979.145s][debug][gc,phases      ] GC(75)   StringDedup Requests0 Weak     Min:  0.0, Avg:  0.0, Max:  0.0, Diff:  0.0, Sum:  0.0, Workers: 4
[3979.145s][debug][gc,phases      ] GC(75)     Dead                           Min: 0, Avg:  0.0, Max: 0, Diff: 0, Sum: 0, Workers: 4
[3979.145s][debug][gc,phases      ] GC(75)     Total                          Min: 0, Avg:  0.0, Max: 0, Diff: 0, Sum: 0, Workers: 4
[3979.145s][debug][gc,phases      ] GC(75)   StringDedup Requests1 Weak     Min:  0.0, Avg:  0.0, Max:  0.0, Diff:  0.0, Sum:  0.0, Workers: 4
[3979.145s][debug][gc,phases      ] GC(75)     Dead                           Min: 0, Avg:  0.0, Max: 0, Diff: 0, Sum: 0, Workers: 4
[3979.145s][debug][gc,phases      ] GC(75)     Total                          Min: 0, Avg:  0.0, Max: 0, Diff: 0, Sum: 0, Workers: 4
[3979.145s][debug][gc,phases      ] GC(75)   Weak JFR Old Object Samples    Min:  0.0, Avg:  0.0, Max:  0.0, Diff:  0.0, Sum:  0.0, Workers: 4
[3979.145s][debug][gc,phases      ] GC(75)     Dead                           Min: 0, Avg:  0.0, Max: 0, Diff: 0, Sum: 0, Workers: 4
[3979.145s][debug][gc,phases      ] GC(75)     Total                          Min: 0, Avg:  0.0, Max: 0, Diff: 0, Sum: 0, Workers: 4
[3979.145s][debug][gc,phases      ] GC(75) Weak Processing 0.609ms
[3979.145s][debug][gc,age         ] GC(75) Desired survivor size 52428800 bytes, new threshold 1 (max threshold 15)
[3979.145s][info ][gc,heap        ] GC(75) PSYoungGen: 1989152K(2041344K)->4144K(2045952K) Eden: 1986560K(1986560K)->0K(1992704K) From: 2592K(54784K)->4144K(53248K)
[3979.145s][info ][gc,heap        ] GC(75) ParOldGen: 538411K(549888K)->538739K(549888K)
[3979.145s][info ][gc,metaspace   ] GC(75) Metaspace: 106011K(107392K)->106011K(107392K) NonClass: 90052K(90816K)->90052K(90816K) Class: 15958K(16576K)->15958K(16576K)
[3979.145s][info ][gc             ] GC(75) Pause Young (Allocation Failure) 2468M->530M(2535M) 9.629ms
[3979.145s][info ][gc,cpu         ] GC(75) User=0.02s Sys=0.00s Real=0.01s
[3979.145s][info ][safepoint      ] Safepoint "ParallelGCFailedAllocation", Time since last: 5458454733 ns, Reaching safepoint: 7800 ns, Cleanup: 4399 ns, At safepoint: 9710429 ns, Total: 9722628 ns
[4009.147s][info ][safepoint      ] Safepoint "Cleanup", Time since last: 30002161310 ns, Reaching safepoint: 6800 ns, Cleanup: 10400 ns, At safepoint: 2000 ns, Total: 19200 ns
[4012.148s][info ][safepoint      ] Safepoint "Cleanup", Time since last: 3000256904 ns, Reaching safepoint: 8400 ns, Cleanup: 10800 ns, At safepoint: 2500 ns, Total: 21700 ns
[4024.149s][info ][safepoint      ] Safepoint "Cleanup", Time since last: 12000895019 ns, Reaching safepoint: 7400 ns, Cleanup: 10900 ns, At safepoint: 2400 ns, Total: 20700 ns
[4034.149s][info ][safepoint      ] Safepoint "Cleanup", Time since last: 10000738972 ns, Reaching safepoint: 8100 ns, Cleanup: 10800 ns, At safepoint: 2400 ns, Total: 21300 ns
[4037.150s][info ][safepoint      ] Safepoint "Cleanup", Time since last: 3000244641 ns, Reaching safepoint: 7600 ns, Cleanup: 12700 ns, At safepoint: 3000 ns, Total: 23300 ns
[4061.689s][info ][gc,start       ] GC(76) Pause Young (Allocation Failure)
[4061.691s][debug][gc,phases      ] GC(76) Scavenge 2.212ms
[4061.691s][debug][gc,ref         ] GC(76) Skipped SoftWeakFinalRefsPhase of Reference Processing: no references
[4061.691s][debug][gc,ref         ] GC(76) Skipped KeepAliveFinalRefsPhase of Reference Processing: no references
[4061.691s][debug][gc,ref         ] GC(76) ReferenceProcessor::execute queues: 1, RefProcThreadModel::Single, marks_oops_alive: false
[4061.691s][debug][gc,phases      ] GC(76) Reference Processing 0.149ms
[4061.692s][debug][gc,phases      ] GC(76)   VM Weak                        Min:  0.0, Avg:  0.0, Max:  0.0, Diff:  0.0, Sum:  0.0, Workers: 4
[4061.692s][debug][gc,phases      ] GC(76)     Dead                           Min: 0, Avg:  0.0, Max: 0, Diff: 0, Sum: 0, Workers: 4
[4061.692s][debug][gc,phases      ] GC(76)     Total                          Min: 0, Avg: 267.0, Max: 812, Diff: 812, Sum: 1068, Workers: 4
[4061.692s][debug][gc,phases      ] GC(76)   ObjectSynchronizer Weak        Min:  0.0, Avg:  0.0, Max:  0.0, Diff:  0.0, Sum:  0.0, Workers: 4
[4061.692s][debug][gc,phases      ] GC(76)     Dead                           Min: 0, Avg:  0.0, Max: 0, Diff: 0, Sum: 0, Workers: 4
[4061.692s][debug][gc,phases      ] GC(76)     Total                          Min: 0, Avg:  0.8, Max: 3, Diff: 3, Sum: 3, Workers: 4
[4061.692s][debug][gc,phases      ] GC(76)   JVMTI Tag Weak OopStorage      Min:  0.0, Avg:  0.0, Max:  0.0, Diff:  0.0, Sum:  0.0, Workers: 4
[4061.692s][debug][gc,phases      ] GC(76)     Dead                           Min: 0, Avg:  0.0, Max: 0, Diff: 0, Sum: 0, Workers: 4
[4061.692s][debug][gc,phases      ] GC(76)     Total                          Min: 0, Avg:  0.0, Max: 0, Diff: 0, Sum: 0, Workers: 4
[4061.692s][debug][gc,phases      ] GC(76)   StringTable Weak               Min:  0.0, Avg:  0.1, Max:  0.2, Diff:  0.2, Sum:  0.5, Workers: 4
[4061.692s][debug][gc,phases      ] GC(76)     Dead                           Min: 0, Avg:  0.0, Max: 0, Diff: 0, Sum: 0, Workers: 4
[4061.692s][debug][gc,phases      ] GC(76)     Total                          Min: 0, Avg: 11468.5, Max: 22962, Diff: 22962, Sum: 45874, Workers: 4
[4061.692s][debug][gc,phases      ] GC(76)   ResolvedMethodTable Weak       Min:  0.0, Avg:  0.0, Max:  0.1, Diff:  0.1, Sum:  0.2, Workers: 4
[4061.692s][debug][gc,phases      ] GC(76)     Dead                           Min: 0, Avg:  4.0, Max: 16, Diff: 16, Sum: 16, Workers: 4
[4061.692s][debug][gc,phases      ] GC(76)     Total                          Min: 0, Avg: 4000.5, Max: 8241, Diff: 8241, Sum: 16002, Workers: 4
[4061.692s][debug][gc,phases      ] GC(76)   JNI Weak                       Min:  0.0, Avg:  0.0, Max:  0.0, Diff:  0.0, Sum:  0.0, Workers: 4
[4061.692s][debug][gc,phases      ] GC(76)     Dead                           Min: 0, Avg:  0.0, Max: 0, Diff: 0, Sum: 0, Workers: 4
[4061.692s][debug][gc,phases      ] GC(76)     Total                          Min: 0, Avg: 12.0, Max: 48, Diff: 48, Sum: 48, Workers: 4
[4061.692s][debug][gc,phases      ] GC(76)   StringDedup Table Weak         Min:  0.0, Avg:  0.0, Max:  0.0, Diff:  0.0, Sum:  0.0, Workers: 4
[4061.692s][debug][gc,phases      ] GC(76)     Dead                           Min: 0, Avg:  0.0, Max: 0, Diff: 0, Sum: 0, Workers: 4
[4061.692s][debug][gc,phases      ] GC(76)     Total                          Min: 0, Avg:  0.0, Max: 0, Diff: 0, Sum: 0, Workers: 4
[4061.692s][debug][gc,phases      ] GC(76)   StringDedup Requests0 Weak     Min:  0.0, Avg:  0.0, Max:  0.0, Diff:  0.0, Sum:  0.0, Workers: 4
[4061.692s][debug][gc,phases      ] GC(76)     Dead                           Min: 0, Avg:  0.0, Max: 0, Diff: 0, Sum: 0, Workers: 4
[4061.692s][debug][gc,phases      ] GC(76)     Total                          Min: 0, Avg:  0.0, Max: 0, Diff: 0, Sum: 0, Workers: 4
[4061.692s][debug][gc,phases      ] GC(76)   StringDedup Requests1 Weak     Min:  0.0, Avg:  0.0, Max:  0.0, Diff:  0.0, Sum:  0.0, Workers: 4
[4061.692s][debug][gc,phases      ] GC(76)     Dead                           Min: 0, Avg:  0.0, Max: 0, Diff: 0, Sum: 0, Workers: 4
[4061.692s][debug][gc,phases      ] GC(76)     Total                          Min: 0, Avg:  0.0, Max: 0, Diff: 0, Sum: 0, Workers: 4
[4061.692s][debug][gc,phases      ] GC(76)   Weak JFR Old Object Samples    Min:  0.0, Avg:  0.0, Max:  0.0, Diff:  0.0, Sum:  0.0, Workers: 4
[4061.692s][debug][gc,phases      ] GC(76)     Dead                           Min: 0, Avg:  0.0, Max: 0, Diff: 0, Sum: 0, Workers: 4
[4061.692s][debug][gc,phases      ] GC(76)     Total                          Min: 0, Avg:  0.0, Max: 0, Diff: 0, Sum: 0, Workers: 4
[4061.692s][debug][gc,phases      ] GC(76) Weak Processing 0.612ms
[4061.692s][debug][gc,age         ] GC(76) Desired survivor size 50331648 bytes, new threshold 1 (max threshold 15)
[4061.692s][info ][gc,heap        ] GC(76) PSYoungGen: 1996848K(2045952K)->2640K(2043904K) Eden: 1992704K(1992704K)->0K(1992704K) From: 4144K(53248K)->2640K(51200K)
[4061.692s][info ][gc,heap        ] GC(76) ParOldGen: 538739K(549888K)->540967K(549888K)
[4061.692s][info ][gc,metaspace   ] GC(76) Metaspace: 106012K(107392K)->106012K(107392K) NonClass: 90053K(90816K)->90053K(90816K) Class: 15958K(16576K)->15958K(16576K)
[4061.692s][info ][gc             ] GC(76) Pause Young (Allocation Failure) 2476M->530M(2533M) 3.110ms
[4061.692s][info ][gc,cpu         ] GC(76) User=0.00s Sys=0.00s Real=0.01s
[4061.692s][info ][safepoint      ] Safepoint "ParallelGCFailedAllocation", Time since last: 24539197743 ns, Reaching safepoint: 6800 ns, Cleanup: 3900 ns, At safepoint: 3237873 ns, Total: 3248573 ns
[4068.693s][info ][safepoint      ] Safepoint "Cleanup", Time since last: 7000518422 ns, Reaching safepoint: 83800 ns, Cleanup: 9900 ns, At safepoint: 9599 ns, Total: 103299 ns
[4078.693s][info ][safepoint      ] Safepoint "Cleanup", Time since last: 10000753107 ns, Reaching safepoint: 7600 ns, Cleanup: 10700 ns, At safepoint: 2200 ns, Total: 20500 ns
[4080.694s][info ][safepoint      ] Safepoint "Cleanup", Time since last: 2000187535 ns, Reaching safepoint: 7000 ns, Cleanup: 8500 ns, At safepoint: 2000 ns, Total: 17500 ns
[4081.694s][info ][safepoint      ] Safepoint "Cleanup", Time since last: 1000107037 ns, Reaching safepoint: 7200 ns, Cleanup: 9300 ns, At safepoint: 2700 ns, Total: 19200 ns
[4083.712s][info ][safepoint      ] Safepoint "Cleanup", Time since last: 2018471736 ns, Reaching safepoint: 8600 ns, Cleanup: 15700 ns, At safepoint: 2500 ns, Total: 26800 ns
[4086.713s][info ][safepoint      ] Safepoint "Cleanup", Time since last: 3000259727 ns, Reaching safepoint: 8600 ns, Cleanup: 11000 ns, At safepoint: 2600 ns, Total: 22200 ns
[4091.713s][info ][safepoint      ] Safepoint "Cleanup", Time since last: 5000686319 ns, Reaching safepoint: 7100 ns, Cleanup: 10900 ns, At safepoint: 2300 ns, Total: 20300 ns
[4138.717s][info ][safepoint      ] Safepoint "Cleanup", Time since last: 47003407067 ns, Reaching safepoint: 7900 ns, Cleanup: 9799 ns, At safepoint: 19400 ns, Total: 37099 ns
[4139.924s][info ][gc,start       ] GC(77) Pause Young (Allocation Failure)
[4139.927s][debug][gc,phases      ] GC(77) Scavenge 3.585ms
[4139.927s][debug][gc,ref         ] GC(77) ReferenceProcessor::execute queues: 1, RefProcThreadModel::Single, marks_oops_alive: false
[4139.927s][debug][gc,ref         ] GC(77) Skipped KeepAliveFinalRefsPhase of Reference Processing: no references
[4139.927s][debug][gc,ref         ] GC(77) ReferenceProcessor::execute queues: 1, RefProcThreadModel::Single, marks_oops_alive: false
[4139.927s][debug][gc,phases      ] GC(77) Reference Processing 0.109ms
[4139.928s][debug][gc,phases      ] GC(77)   VM Weak                        Min:  0.0, Avg:  0.0, Max:  0.0, Diff:  0.0, Sum:  0.0, Workers: 4
[4139.928s][debug][gc,phases      ] GC(77)     Dead                           Min: 0, Avg:  0.0, Max: 0, Diff: 0, Sum: 0, Workers: 4
[4139.928s][debug][gc,phases      ] GC(77)     Total                          Min: 0, Avg: 267.0, Max: 1004, Diff: 1004, Sum: 1068, Workers: 4
[4139.928s][debug][gc,phases      ] GC(77)   ObjectSynchronizer Weak        Min:  0.0, Avg:  0.0, Max:  0.0, Diff:  0.0, Sum:  0.0, Workers: 4
[4139.928s][debug][gc,phases      ] GC(77)     Dead                           Min: 0, Avg:  0.0, Max: 0, Diff: 0, Sum: 0, Workers: 4
[4139.928s][debug][gc,phases      ] GC(77)     Total                          Min: 0, Avg:  1.0, Max: 4, Diff: 4, Sum: 4, Workers: 4
[4139.928s][debug][gc,phases      ] GC(77)   JVMTI Tag Weak OopStorage      Min:  0.0, Avg:  0.0, Max:  0.0, Diff:  0.0, Sum:  0.0, Workers: 4
[4139.928s][debug][gc,phases      ] GC(77)     Dead                           Min: 0, Avg:  0.0, Max: 0, Diff: 0, Sum: 0, Workers: 4
[4139.928s][debug][gc,phases      ] GC(77)     Total                          Min: 0, Avg:  0.0, Max: 0, Diff: 0, Sum: 0, Workers: 4
[4139.928s][debug][gc,phases      ] GC(77)   StringTable Weak               Min:  0.0, Avg:  0.1, Max:  0.1, Diff:  0.1, Sum:  0.4, Workers: 4
[4139.928s][debug][gc,phases      ] GC(77)     Dead                           Min: 0, Avg:  0.2, Max: 1, Diff: 1, Sum: 1, Workers: 4
[4139.928s][debug][gc,phases      ] GC(77)     Total                          Min: 0, Avg: 11471.2, Max: 15424, Diff: 15424, Sum: 45885, Workers: 4
[4139.928s][debug][gc,phases      ] GC(77)   ResolvedMethodTable Weak       Min:  0.0, Avg:  0.0, Max:  0.1, Diff:  0.1, Sum:  0.2, Workers: 4
[4139.928s][debug][gc,phases      ] GC(77)     Dead                           Min: 0, Avg:  4.0, Max: 16, Diff: 16, Sum: 16, Workers: 4
[4139.928s][debug][gc,phases      ] GC(77)     Total                          Min: 0, Avg: 4001.8, Max: 5882, Diff: 5882, Sum: 16007, Workers: 4
[4139.928s][debug][gc,phases      ] GC(77)   JNI Weak                       Min:  0.0, Avg:  0.0, Max:  0.0, Diff:  0.0, Sum:  0.0, Workers: 4
[4139.928s][debug][gc,phases      ] GC(77)     Dead                           Min: 0, Avg:  0.0, Max: 0, Diff: 0, Sum: 0, Workers: 4
[4139.928s][debug][gc,phases      ] GC(77)     Total                          Min: 0, Avg: 12.0, Max: 48, Diff: 48, Sum: 48, Workers: 4
[4139.928s][debug][gc,phases      ] GC(77)   StringDedup Table Weak         Min:  0.0, Avg:  0.0, Max:  0.0, Diff:  0.0, Sum:  0.0, Workers: 4
[4139.928s][debug][gc,phases      ] GC(77)     Dead                           Min: 0, Avg:  0.0, Max: 0, Diff: 0, Sum: 0, Workers: 4
[4139.928s][debug][gc,phases      ] GC(77)     Total                          Min: 0, Avg:  0.0, Max: 0, Diff: 0, Sum: 0, Workers: 4
[4139.928s][debug][gc,phases      ] GC(77)   StringDedup Requests0 Weak     Min:  0.0, Avg:  0.0, Max:  0.0, Diff:  0.0, Sum:  0.0, Workers: 4
[4139.928s][debug][gc,phases      ] GC(77)     Dead                           Min: 0, Avg:  0.0, Max: 0, Diff: 0, Sum: 0, Workers: 4
[4139.928s][debug][gc,phases      ] GC(77)     Total                          Min: 0, Avg:  0.0, Max: 0, Diff: 0, Sum: 0, Workers: 4
[4139.928s][debug][gc,phases      ] GC(77)   StringDedup Requests1 Weak     Min:  0.0, Avg:  0.0, Max:  0.0, Diff:  0.0, Sum:  0.0, Workers: 4
[4139.928s][debug][gc,phases      ] GC(77)     Dead                           Min: 0, Avg:  0.0, Max: 0, Diff: 0, Sum: 0, Workers: 4
[4139.928s][debug][gc,phases      ] GC(77)     Total                          Min: 0, Avg:  0.0, Max: 0, Diff: 0, Sum: 0, Workers: 4
[4139.928s][debug][gc,phases      ] GC(77)   Weak JFR Old Object Samples    Min:  0.0, Avg:  0.0, Max:  0.0, Diff:  0.0, Sum:  0.0, Workers: 4
[4139.928s][debug][gc,phases      ] GC(77)     Dead                           Min: 0, Avg:  0.0, Max: 0, Diff: 0, Sum: 0, Workers: 4
[4139.928s][debug][gc,phases      ] GC(77)     Total                          Min: 0, Avg:  0.0, Max: 0, Diff: 0, Sum: 0, Workers: 4
[4139.928s][debug][gc,phases      ] GC(77) Weak Processing 0.425ms
[4139.928s][debug][gc,age         ] GC(77) Desired survivor size 47710208 bytes, new threshold 1 (max threshold 15)
[4139.928s][info ][gc,heap        ] GC(77) PSYoungGen: 1995344K(2043904K)->6320K(2050560K) Eden: 1992704K(1992704K)->0K(2001408K) From: 2640K(51200K)->6320K(49152K)
[4139.928s][info ][gc,heap        ] GC(77) ParOldGen: 540967K(549888K)->541347K(549888K)
[4139.928s][info ][gc,metaspace   ] GC(77) Metaspace: 106033K(107456K)->106033K(107456K) NonClass: 90071K(90880K)->90071K(90880K) Class: 15961K(16576K)->15961K(16576K)
[4139.928s][info ][gc             ] GC(77) Pause Young (Allocation Failure) 2476M->534M(2539M) 4.227ms
[4139.928s][info ][gc,cpu         ] GC(77) User=0.02s Sys=0.00s Real=0.01s
[4139.928s][info ][safepoint      ] Safepoint "ParallelGCFailedAllocation", Time since last: 1206703034 ns, Reaching safepoint: 6200 ns, Cleanup: 3300 ns, At safepoint: 4310266 ns, Total: 4319766 ns
[4187.732s][info ][safepoint      ] Safepoint "Cleanup", Time since last: 47804570247 ns, Reaching safepoint: 78600 ns, Cleanup: 10499 ns, At safepoint: 6600 ns, Total: 95699 ns
[4213.734s][info ][safepoint      ] Safepoint "Cleanup", Time since last: 26001937859 ns, Reaching safepoint: 81299 ns, Cleanup: 14200 ns, At safepoint: 7500 ns, Total: 102999 ns
[4214.735s][info ][safepoint      ] Safepoint "Cleanup", Time since last: 1000114555 ns, Reaching safepoint: 75599 ns, Cleanup: 8300 ns, At safepoint: 8200 ns, Total: 92099 ns
[4232.946s][info ][gc,start       ] GC(78) Pause Young (Allocation Failure)
[4232.951s][debug][gc,phases      ] GC(78) Scavenge 4.879ms
[4232.951s][debug][gc,ref         ] GC(78) Skipped SoftWeakFinalRefsPhase of Reference Processing: no references
[4232.951s][debug][gc,ref         ] GC(78) Skipped KeepAliveFinalRefsPhase of Reference Processing: no references
[4232.951s][debug][gc,ref         ] GC(78) ReferenceProcessor::execute queues: 1, RefProcThreadModel::Single, marks_oops_alive: false
[4232.951s][debug][gc,phases      ] GC(78) Reference Processing 0.136ms
[4232.952s][debug][gc,phases      ] GC(78)   VM Weak                        Min:  0.0, Avg:  0.0, Max:  0.0, Diff:  0.0, Sum:  0.0, Workers: 4
[4232.952s][debug][gc,phases      ] GC(78)     Dead                           Min: 0, Avg:  0.0, Max: 0, Diff: 0, Sum: 0, Workers: 4
[4232.952s][debug][gc,phases      ] GC(78)     Total                          Min: 0, Avg: 267.0, Max: 640, Diff: 640, Sum: 1068, Workers: 4
[4232.952s][debug][gc,phases      ] GC(78)   ObjectSynchronizer Weak        Min:  0.0, Avg:  0.0, Max:  0.0, Diff:  0.0, Sum:  0.0, Workers: 4
[4232.952s][debug][gc,phases      ] GC(78)     Dead                           Min: 0, Avg:  0.0, Max: 0, Diff: 0, Sum: 0, Workers: 4
[4232.952s][debug][gc,phases      ] GC(78)     Total                          Min: 0, Avg:  0.8, Max: 3, Diff: 3, Sum: 3, Workers: 4
[4232.952s][debug][gc,phases      ] GC(78)   JVMTI Tag Weak OopStorage      Min:  0.0, Avg:  0.0, Max:  0.0, Diff:  0.0, Sum:  0.0, Workers: 4
[4232.952s][debug][gc,phases      ] GC(78)     Dead                           Min: 0, Avg:  0.0, Max: 0, Diff: 0, Sum: 0, Workers: 4
[4232.952s][debug][gc,phases      ] GC(78)     Total                          Min: 0, Avg:  0.0, Max: 0, Diff: 0, Sum: 0, Workers: 4
[4232.952s][debug][gc,phases      ] GC(78)   StringTable Weak               Min:  0.0, Avg:  0.1, Max:  0.2, Diff:  0.2, Sum:  0.5, Workers: 4
[4232.952s][debug][gc,phases      ] GC(78)     Dead                           Min: 0, Avg:  0.0, Max: 0, Diff: 0, Sum: 0, Workers: 4
[4232.952s][debug][gc,phases      ] GC(78)     Total                          Min: 0, Avg: 11471.2, Max: 16576, Diff: 16576, Sum: 45885, Workers: 4
[4232.952s][debug][gc,phases      ] GC(78)   ResolvedMethodTable Weak       Min:  0.0, Avg:  0.0, Max:  0.1, Diff:  0.1, Sum:  0.2, Workers: 4
[4232.952s][debug][gc,phases      ] GC(78)     Dead                           Min: 0, Avg:  4.0, Max: 16, Diff: 16, Sum: 16, Workers: 4
[4232.952s][debug][gc,phases      ] GC(78)     Total                          Min: 0, Avg: 4001.8, Max: 5552, Diff: 5552, Sum: 16007, Workers: 4
[4232.952s][debug][gc,phases      ] GC(78)   JNI Weak                       Min:  0.0, Avg:  0.0, Max:  0.0, Diff:  0.0, Sum:  0.0, Workers: 4
[4232.952s][debug][gc,phases      ] GC(78)     Dead                           Min: 0, Avg:  0.0, Max: 0, Diff: 0, Sum: 0, Workers: 4
[4232.952s][debug][gc,phases      ] GC(78)     Total                          Min: 0, Avg: 12.0, Max: 48, Diff: 48, Sum: 48, Workers: 4
[4232.952s][debug][gc,phases      ] GC(78)   StringDedup Table Weak         Min:  0.0, Avg:  0.0, Max:  0.0, Diff:  0.0, Sum:  0.0, Workers: 4
[4232.952s][debug][gc,phases      ] GC(78)     Dead                           Min: 0, Avg:  0.0, Max: 0, Diff: 0, Sum: 0, Workers: 4
[4232.952s][debug][gc,phases      ] GC(78)     Total                          Min: 0, Avg:  0.0, Max: 0, Diff: 0, Sum: 0, Workers: 4
[4232.952s][debug][gc,phases      ] GC(78)   StringDedup Requests0 Weak     Min:  0.0, Avg:  0.0, Max:  0.0, Diff:  0.0, Sum:  0.0, Workers: 4
[4232.952s][debug][gc,phases      ] GC(78)     Dead                           Min: 0, Avg:  0.0, Max: 0, Diff: 0, Sum: 0, Workers: 4
[4232.952s][debug][gc,phases      ] GC(78)     Total                          Min: 0, Avg:  0.0, Max: 0, Diff: 0, Sum: 0, Workers: 4
[4232.952s][debug][gc,phases      ] GC(78)   StringDedup Requests1 Weak     Min:  0.0, Avg:  0.0, Max:  0.0, Diff:  0.0, Sum:  0.0, Workers: 4
[4232.952s][debug][gc,phases      ] GC(78)     Dead                           Min: 0, Avg:  0.0, Max: 0, Diff: 0, Sum: 0, Workers: 4
[4232.952s][debug][gc,phases      ] GC(78)     Total                          Min: 0, Avg:  0.0, Max: 0, Diff: 0, Sum: 0, Workers: 4
[4232.952s][debug][gc,phases      ] GC(78)   Weak JFR Old Object Samples    Min:  0.0, Avg:  0.0, Max:  0.0, Diff:  0.0, Sum:  0.0, Workers: 4
[4232.952s][debug][gc,phases      ] GC(78)     Dead                           Min: 0, Avg:  0.0, Max: 0, Diff: 0, Sum: 0, Workers: 4
[4232.952s][debug][gc,phases      ] GC(78)     Total                          Min: 0, Avg:  0.0, Max: 0, Diff: 0, Sum: 0, Workers: 4
[4232.952s][debug][gc,phases      ] GC(78) Weak Processing 0.511ms
[4232.952s][debug][gc,age         ] GC(78) Desired survivor size 46137344 bytes, new threshold 1 (max threshold 15)
[4232.952s][info ][gc,heap        ] GC(78) PSYoungGen: 2007728K(2050560K)->2560K(2048000K) Eden: 2001408K(2001408K)->0K(2001408K) From: 6320K(49152K)->2560K(46592K)
[4232.952s][info ][gc,heap        ] GC(78) ParOldGen: 541347K(549888K)->545296K(549888K)
[4232.952s][info ][gc,metaspace   ] GC(78) Metaspace: 106039K(107456K)->106039K(107456K) NonClass: 90077K(90880K)->90077K(90880K) Class: 15961K(16576K)->15961K(16576K)
[4232.952s][info ][gc             ] GC(78) Pause Young (Allocation Failure) 2489M->535M(2537M) 5.691ms
[4232.952s][info ][gc,cpu         ] GC(78) User=0.01s Sys=0.01s Real=0.01s
[4232.952s][info ][safepoint      ] Safepoint "ParallelGCFailedAllocation", Time since last: 18211644627 ns, Reaching safepoint: 7600 ns, Cleanup: 3500 ns, At safepoint: 5772855 ns, Total: 5783955 ns
[4280.766s][info ][safepoint      ] Safepoint "Cleanup", Time since last: 47814206577 ns, Reaching safepoint: 7200 ns, Cleanup: 14200 ns, At safepoint: 2000 ns, Total: 23400 ns
[4285.767s][info ][safepoint      ] Safepoint "Cleanup", Time since last: 5000387632 ns, Reaching safepoint: 7000 ns, Cleanup: 9700 ns, At safepoint: 2500 ns, Total: 19200 ns
[4290.767s][info ][safepoint      ] Safepoint "Cleanup", Time since last: 5000388236 ns, Reaching safepoint: 7699 ns, Cleanup: 10700 ns, At safepoint: 2300 ns, Total: 20699 ns
[4298.768s][info ][safepoint      ] Safepoint "Cleanup", Time since last: 8000590749 ns, Reaching safepoint: 6800 ns, Cleanup: 9200 ns, At safepoint: 1800 ns, Total: 17800 ns
[4316.769s][info ][safepoint      ] Safepoint "Cleanup", Time since last: 18001295942 ns, Reaching safepoint: 8300 ns, Cleanup: 13699 ns, At safepoint: 2500 ns, Total: 24499 ns
[4323.734s][info ][gc,start       ] GC(79) Pause Young (Allocation Failure)
[4323.737s][debug][gc,phases      ] GC(79) Scavenge 2.658ms
[4323.737s][debug][gc,ref         ] GC(79) Skipped SoftWeakFinalRefsPhase of Reference Processing: no references
[4323.737s][debug][gc,ref         ] GC(79) Skipped KeepAliveFinalRefsPhase of Reference Processing: no references
[4323.737s][debug][gc,ref         ] GC(79) ReferenceProcessor::execute queues: 1, RefProcThreadModel::Single, marks_oops_alive: false
[4323.737s][debug][gc,phases      ] GC(79) Reference Processing 0.101ms
[4323.738s][debug][gc,phases      ] GC(79)   VM Weak                        Min:  0.0, Avg:  0.0, Max:  0.0, Diff:  0.0, Sum:  0.0, Workers: 4
[4323.738s][debug][gc,phases      ] GC(79)     Dead                           Min: 0, Avg:  0.0, Max: 0, Diff: 0, Sum: 0, Workers: 4
[4323.738s][debug][gc,phases      ] GC(79)     Total                          Min: 0, Avg: 267.0, Max: 684, Diff: 684, Sum: 1068, Workers: 4
[4323.738s][debug][gc,phases      ] GC(79)   ObjectSynchronizer Weak        Min:  0.0, Avg:  0.0, Max:  0.0, Diff:  0.0, Sum:  0.0, Workers: 4
[4323.738s][debug][gc,phases      ] GC(79)     Dead                           Min: 0, Avg:  0.0, Max: 0, Diff: 0, Sum: 0, Workers: 4
[4323.738s][debug][gc,phases      ] GC(79)     Total                          Min: 0, Avg:  0.8, Max: 3, Diff: 3, Sum: 3, Workers: 4
[4323.738s][debug][gc,phases      ] GC(79)   JVMTI Tag Weak OopStorage      Min:  0.0, Avg:  0.0, Max:  0.0, Diff:  0.0, Sum:  0.0, Workers: 4
[4323.738s][debug][gc,phases      ] GC(79)     Dead                           Min: 0, Avg:  0.0, Max: 0, Diff: 0, Sum: 0, Workers: 4
[4323.738s][debug][gc,phases      ] GC(79)     Total                          Min: 0, Avg:  0.0, Max: 0, Diff: 0, Sum: 0, Workers: 4
[4323.738s][debug][gc,phases      ] GC(79)   StringTable Weak               Min:  0.0, Avg:  0.1, Max:  0.1, Diff:  0.1, Sum:  0.4, Workers: 4
[4323.738s][debug][gc,phases      ] GC(79)     Dead                           Min: 0, Avg:  0.0, Max: 0, Diff: 0, Sum: 0, Workers: 4
[4323.738s][debug][gc,phases      ] GC(79)     Total                          Min: 0, Avg: 11471.8, Max: 19904, Diff: 19904, Sum: 45887, Workers: 4
[4323.738s][debug][gc,phases      ] GC(79)   ResolvedMethodTable Weak       Min:  0.0, Avg:  0.0, Max:  0.0, Diff:  0.0, Sum:  0.1, Workers: 4
[4323.738s][debug][gc,phases      ] GC(79)     Dead                           Min: 0, Avg:  4.8, Max: 19, Diff: 19, Sum: 19, Workers: 4
[4323.738s][debug][gc,phases      ] GC(79)     Total                          Min: 0, Avg: 4001.8, Max: 6873, Diff: 6873, Sum: 16007, Workers: 4
[4323.738s][debug][gc,phases      ] GC(79)   JNI Weak                       Min:  0.0, Avg:  0.0, Max:  0.0, Diff:  0.0, Sum:  0.0, Workers: 4
[4323.738s][debug][gc,phases      ] GC(79)     Dead                           Min: 0, Avg:  0.0, Max: 0, Diff: 0, Sum: 0, Workers: 4
[4323.738s][debug][gc,phases      ] GC(79)     Total                          Min: 0, Avg: 12.0, Max: 48, Diff: 48, Sum: 48, Workers: 4
[4323.738s][debug][gc,phases      ] GC(79)   StringDedup Table Weak         Min:  0.0, Avg:  0.0, Max:  0.0, Diff:  0.0, Sum:  0.0, Workers: 4
[4323.738s][debug][gc,phases      ] GC(79)     Dead                           Min: 0, Avg:  0.0, Max: 0, Diff: 0, Sum: 0, Workers: 4
[4323.738s][debug][gc,phases      ] GC(79)     Total                          Min: 0, Avg:  0.0, Max: 0, Diff: 0, Sum: 0, Workers: 4
[4323.738s][debug][gc,phases      ] GC(79)   StringDedup Requests0 Weak     Min:  0.0, Avg:  0.0, Max:  0.0, Diff:  0.0, Sum:  0.0, Workers: 4
[4323.738s][debug][gc,phases      ] GC(79)     Dead                           Min: 0, Avg:  0.0, Max: 0, Diff: 0, Sum: 0, Workers: 4
[4323.738s][debug][gc,phases      ] GC(79)     Total                          Min: 0, Avg:  0.0, Max: 0, Diff: 0, Sum: 0, Workers: 4
[4323.738s][debug][gc,phases      ] GC(79)   StringDedup Requests1 Weak     Min:  0.0, Avg:  0.0, Max:  0.0, Diff:  0.0, Sum:  0.0, Workers: 4
[4323.738s][debug][gc,phases      ] GC(79)     Dead                           Min: 0, Avg:  0.0, Max: 0, Diff: 0, Sum: 0, Workers: 4
[4323.738s][debug][gc,phases      ] GC(79)     Total                          Min: 0, Avg:  0.0, Max: 0, Diff: 0, Sum: 0, Workers: 4
[4323.738s][debug][gc,phases      ] GC(79)   Weak JFR Old Object Samples    Min:  0.0, Avg:  0.0, Max:  0.0, Diff:  0.0, Sum:  0.0, Workers: 4
[4323.738s][debug][gc,phases      ] GC(79)     Dead                           Min: 0, Avg:  0.0, Max: 0, Diff: 0, Sum: 0, Workers: 4
[4323.738s][debug][gc,phases      ] GC(79)     Total                          Min: 0, Avg:  0.0, Max: 0, Diff: 0, Sum: 0, Workers: 4
[4323.738s][debug][gc,phases      ] GC(79) Weak Processing 0.399ms
[4323.738s][debug][gc,age         ] GC(79) Desired survivor size 43515904 bytes, new threshold 1 (max threshold 15)
[4323.738s][info ][gc,heap        ] GC(79) PSYoungGen: 2003968K(2048000K)->3760K(2054656K) Eden: 2001408K(2001408K)->0K(2009600K) From: 2560K(46592K)->3760K(45056K)
[4323.738s][info ][gc,heap        ] GC(79) ParOldGen: 545296K(549888K)->545852K(549888K)
[4323.738s][info ][gc,metaspace   ] GC(79) Metaspace: 106044K(107456K)->106044K(107456K) NonClass: 90082K(90880K)->90082K(90880K) Class: 15961K(16576K)->15961K(16576K)
[4323.738s][info ][gc             ] GC(79) Pause Young (Allocation Failure) 2489M->536M(2543M) 3.265ms
[4323.738s][info ][gc,cpu         ] GC(79) User=0.02s Sys=0.00s Real=0.00s
[4323.738s][info ][safepoint      ] Safepoint "ParallelGCFailedAllocation", Time since last: 6965310087 ns, Reaching safepoint: 6800 ns, Cleanup: 4300 ns, At safepoint: 3329375 ns, Total: 3340475 ns
[4324.738s][info ][safepoint      ] Safepoint "Cleanup", Time since last: 1000088320 ns, Reaching safepoint: 6800 ns, Cleanup: 10000 ns, At safepoint: 1900 ns, Total: 18700 ns
[4330.738s][info ][safepoint      ] Safepoint "Cleanup", Time since last: 6000452388 ns, Reaching safepoint: 7200 ns, Cleanup: 8500 ns, At safepoint: 4600 ns, Total: 20300 ns
[4336.739s][info ][safepoint      ] Safepoint "Cleanup", Time since last: 6000460083 ns, Reaching safepoint: 7300 ns, Cleanup: 10500 ns, At safepoint: 23300 ns, Total: 41100 ns
[4347.740s][info ][safepoint      ] Safepoint "Cleanup", Time since last: 11000835008 ns, Reaching safepoint: 6900 ns, Cleanup: 10600 ns, At safepoint: 2500 ns, Total: 20000 ns
[4374.742s][info ][safepoint      ] Safepoint "Cleanup", Time since last: 27001969980 ns, Reaching safepoint: 6500 ns, Cleanup: 14100 ns, At safepoint: 2100 ns, Total: 22700 ns
[4375.742s][info ][safepoint      ] Safepoint "Cleanup", Time since last: 1000117760 ns, Reaching safepoint: 6800 ns, Cleanup: 16500 ns, At safepoint: 2100 ns, Total: 25400 ns
[4379.742s][info ][safepoint      ] Safepoint "Cleanup", Time since last: 4000325299 ns, Reaching safepoint: 7900 ns, Cleanup: 11400 ns, At safepoint: 2500 ns, Total: 21800 ns
[4380.742s][info ][safepoint      ] Safepoint "Cleanup", Time since last: 1000123964 ns, Reaching safepoint: 6900 ns, Cleanup: 9499 ns, At safepoint: 2100 ns, Total: 18499 ns
[4383.799s][info ][safepoint      ] Safepoint "Cleanup", Time since last: 3056504974 ns, Reaching safepoint: 6400 ns, Cleanup: 12200 ns, At safepoint: 1900 ns, Total: 20500 ns
[4385.799s][info ][safepoint      ] Safepoint "Cleanup", Time since last: 2000185408 ns, Reaching safepoint: 7400 ns, Cleanup: 20099 ns, At safepoint: 2800 ns, Total: 30299 ns
[4386.830s][info ][safepoint      ] Safepoint "Cleanup", Time since last: 1030751810 ns, Reaching safepoint: 7400 ns, Cleanup: 26900 ns, At safepoint: 2500 ns, Total: 36800 ns
[4395.831s][info ][safepoint      ] Safepoint "Cleanup", Time since last: 9000681678 ns, Reaching safepoint: 6400 ns, Cleanup: 9700 ns, At safepoint: 1899 ns, Total: 17999 ns
[4396.831s][info ][safepoint      ] Safepoint "Cleanup", Time since last: 1000119253 ns, Reaching safepoint: 6200 ns, Cleanup: 12700 ns, At safepoint: 2800 ns, Total: 21700 ns
[4404.831s][info ][safepoint      ] Safepoint "Cleanup", Time since last: 8000617353 ns, Reaching safepoint: 83200 ns, Cleanup: 24099 ns, At safepoint: 6700 ns, Total: 113999 ns
[4407.590s][info ][gc,start       ] GC(80) Pause Young (Allocation Failure)
[4407.594s][debug][gc,phases      ] GC(80) Scavenge 3.752ms
[4407.594s][debug][gc,ref         ] GC(80) ReferenceProcessor::execute queues: 1, RefProcThreadModel::Single, marks_oops_alive: false
[4407.594s][debug][gc,ref         ] GC(80) Skipped KeepAliveFinalRefsPhase of Reference Processing: no references
[4407.594s][debug][gc,ref         ] GC(80) ReferenceProcessor::execute queues: 1, RefProcThreadModel::Single, marks_oops_alive: false
[4407.594s][debug][gc,phases      ] GC(80) Reference Processing 0.101ms
[4407.594s][debug][gc,phases      ] GC(80)   VM Weak                        Min:  0.0, Avg:  0.0, Max:  0.0, Diff:  0.0, Sum:  0.0, Workers: 4
[4407.594s][debug][gc,phases      ] GC(80)     Dead                           Min: 0, Avg:  0.0, Max: 0, Diff: 0, Sum: 0, Workers: 4
[4407.594s][debug][gc,phases      ] GC(80)     Total                          Min: 0, Avg: 267.0, Max: 832, Diff: 832, Sum: 1068, Workers: 4
[4407.594s][debug][gc,phases      ] GC(80)   ObjectSynchronizer Weak        Min:  0.0, Avg:  0.0, Max:  0.0, Diff:  0.0, Sum:  0.0, Workers: 4
[4407.594s][debug][gc,phases      ] GC(80)     Dead                           Min: 0, Avg:  0.0, Max: 0, Diff: 0, Sum: 0, Workers: 4
[4407.594s][debug][gc,phases      ] GC(80)     Total                          Min: 0, Avg:  1.0, Max: 4, Diff: 4, Sum: 4, Workers: 4
[4407.594s][debug][gc,phases      ] GC(80)   JVMTI Tag Weak OopStorage      Min:  0.0, Avg:  0.0, Max:  0.0, Diff:  0.0, Sum:  0.0, Workers: 4
[4407.594s][debug][gc,phases      ] GC(80)     Dead                           Min: 0, Avg:  0.0, Max: 0, Diff: 0, Sum: 0, Workers: 4
[4407.594s][debug][gc,phases      ] GC(80)     Total                          Min: 0, Avg:  0.0, Max: 0, Diff: 0, Sum: 0, Workers: 4
[4407.594s][debug][gc,phases      ] GC(80)   StringTable Weak               Min:  0.0, Avg:  0.1, Max:  0.1, Diff:  0.1, Sum:  0.5, Workers: 4
[4407.594s][debug][gc,phases      ] GC(80)     Dead                           Min: 0, Avg:  0.0, Max: 0, Diff: 0, Sum: 0, Workers: 4
[4407.594s][debug][gc,phases      ] GC(80)     Total                          Min: 1736, Avg: 11474.0, Max: 14912, Diff: 13176, Sum: 45896, Workers: 4
[4407.595s][debug][gc,phases      ] GC(80)   ResolvedMethodTable Weak       Min:  0.0, Avg:  0.0, Max:  0.0, Diff:  0.0, Sum:  0.2, Workers: 4
[4407.595s][debug][gc,phases      ] GC(80)     Dead                           Min: 0, Avg:  4.0, Max: 16, Diff: 16, Sum: 16, Workers: 4
[4407.595s][debug][gc,phases      ] GC(80)     Total                          Min: 3955, Avg: 4004.0, Max: 4068, Diff: 113, Sum: 16016, Workers: 4
[4407.595s][debug][gc,phases      ] GC(80)   JNI Weak                       Min:  0.0, Avg:  0.0, Max:  0.0, Diff:  0.0, Sum:  0.0, Workers: 4
[4407.595s][debug][gc,phases      ] GC(80)     Dead                           Min: 0, Avg:  0.0, Max: 0, Diff: 0, Sum: 0, Workers: 4
[4407.595s][debug][gc,phases      ] GC(80)     Total                          Min: 0, Avg: 12.0, Max: 48, Diff: 48, Sum: 48, Workers: 4
[4407.595s][debug][gc,phases      ] GC(80)   StringDedup Table Weak         Min:  0.0, Avg:  0.0, Max:  0.0, Diff:  0.0, Sum:  0.0, Workers: 4
[4407.595s][debug][gc,phases      ] GC(80)     Dead                           Min: 0, Avg:  0.0, Max: 0, Diff: 0, Sum: 0, Workers: 4
[4407.595s][debug][gc,phases      ] GC(80)     Total                          Min: 0, Avg:  0.0, Max: 0, Diff: 0, Sum: 0, Workers: 4
[4407.595s][debug][gc,phases      ] GC(80)   StringDedup Requests0 Weak     Min:  0.0, Avg:  0.0, Max:  0.0, Diff:  0.0, Sum:  0.0, Workers: 4
[4407.595s][debug][gc,phases      ] GC(80)     Dead                           Min: 0, Avg:  0.0, Max: 0, Diff: 0, Sum: 0, Workers: 4
[4407.595s][debug][gc,phases      ] GC(80)     Total                          Min: 0, Avg:  0.0, Max: 0, Diff: 0, Sum: 0, Workers: 4
[4407.595s][debug][gc,phases      ] GC(80)   StringDedup Requests1 Weak     Min:  0.0, Avg:  0.0, Max:  0.0, Diff:  0.0, Sum:  0.0, Workers: 4
[4407.595s][debug][gc,phases      ] GC(80)     Dead                           Min: 0, Avg:  0.0, Max: 0, Diff: 0, Sum: 0, Workers: 4
[4407.595s][debug][gc,phases      ] GC(80)     Total                          Min: 0, Avg:  0.0, Max: 0, Diff: 0, Sum: 0, Workers: 4
[4407.595s][debug][gc,phases      ] GC(80)   Weak JFR Old Object Samples    Min:  0.0, Avg:  0.0, Max:  0.0, Diff:  0.0, Sum:  0.0, Workers: 4
[4407.595s][debug][gc,phases      ] GC(80)     Dead                           Min: 0, Avg:  0.0, Max: 0, Diff: 0, Sum: 0, Workers: 4
[4407.595s][debug][gc,phases      ] GC(80)     Total                          Min: 0, Avg:  0.0, Max: 0, Diff: 0, Sum: 0, Workers: 4
[4407.595s][debug][gc,phases      ] GC(80) Weak Processing 0.406ms
[4407.595s][debug][gc,age         ] GC(80) Desired survivor size 41418752 bytes, new threshold 1 (max threshold 15)
[4407.595s][info ][gc,heap        ] GC(80) PSYoungGen: 2013360K(2054656K)->3249K(2052096K) Eden: 2009600K(2009600K)->0K(2009600K) From: 3760K(45056K)->3249K(42496K)
[4407.595s][info ][gc,heap        ] GC(80) ParOldGen: 545852K(549888K)->547236K(549888K)
[4407.595s][info ][gc,metaspace   ] GC(80) Metaspace: 106077K(107456K)->106077K(107456K) NonClass: 90110K(90880K)->90110K(90880K) Class: 15967K(16576K)->15967K(16576K)
[4407.595s][info ][gc             ] GC(80) Pause Young (Allocation Failure) 2499M->537M(2541M) 4.369ms
[4407.595s][info ][gc,cpu         ] GC(80) User=0.01s Sys=0.00s Real=0.01s
[4407.595s][info ][safepoint      ] Safepoint "ParallelGCFailedAllocation", Time since last: 2758826491 ns, Reaching safepoint: 5900 ns, Cleanup: 3700 ns, At safepoint: 4432167 ns, Total: 4441767 ns
[4413.595s][info ][safepoint      ] Safepoint "Cleanup", Time since last: 6000443760 ns, Reaching safepoint: 7200 ns, Cleanup: 9300 ns, At safepoint: 2800 ns, Total: 19300 ns
[4414.595s][info ][safepoint      ] Safepoint "Cleanup", Time since last: 1000104229 ns, Reaching safepoint: 7000 ns, Cleanup: 16900 ns, At safepoint: 2100 ns, Total: 26000 ns
[4415.595s][info ][safepoint      ] Safepoint "Cleanup", Time since last: 1000105429 ns, Reaching safepoint: 7400 ns, Cleanup: 11299 ns, At safepoint: 2300 ns, Total: 20999 ns
[4417.596s][info ][safepoint      ] Safepoint "Cleanup", Time since last: 2000181979 ns, Reaching safepoint: 8100 ns, Cleanup: 12200 ns, At safepoint: 2700 ns, Total: 23000 ns
[4418.596s][info ][safepoint      ] Safepoint "Cleanup", Time since last: 1000128649 ns, Reaching safepoint: 7400 ns, Cleanup: 10400 ns, At safepoint: 2300 ns, Total: 20100 ns
[4422.596s][info ][safepoint      ] Safepoint "Cleanup", Time since last: 4000319001 ns, Reaching safepoint: 7899 ns, Cleanup: 11700 ns, At safepoint: 2300 ns, Total: 21899 ns
[4423.596s][info ][safepoint      ] Safepoint "Cleanup", Time since last: 1000110650 ns, Reaching safepoint: 7100 ns, Cleanup: 15200 ns, At safepoint: 2300 ns, Total: 24600 ns
[4424.596s][info ][safepoint      ] Safepoint "Cleanup", Time since last: 1000110750 ns, Reaching safepoint: 7500 ns, Cleanup: 10900 ns, At safepoint: 2400 ns, Total: 20800 ns
[4425.596s][info ][safepoint      ] Safepoint "Cleanup", Time since last: 1000110302 ns, Reaching safepoint: 8100 ns, Cleanup: 21600 ns, At safepoint: 2200 ns, Total: 31900 ns
[4426.597s][info ][safepoint      ] Safepoint "Cleanup", Time since last: 1000112363 ns, Reaching safepoint: 7000 ns, Cleanup: 11300 ns, At safepoint: 2300 ns, Total: 20600 ns
[4427.597s][info ][safepoint      ] Safepoint "Cleanup", Time since last: 1000113164 ns, Reaching safepoint: 6500 ns, Cleanup: 13800 ns, At safepoint: 1900 ns, Total: 22200 ns
[4430.683s][info ][gc,start       ] GC(81) Pause Young (Allocation Failure)
[4430.698s][debug][gc,phases      ] GC(81) Scavenge 14.673ms
[4430.698s][debug][gc,ref         ] GC(81) Skipped SoftWeakFinalRefsPhase of Reference Processing: no references
[4430.698s][debug][gc,ref         ] GC(81) Skipped KeepAliveFinalRefsPhase of Reference Processing: no references
[4430.698s][debug][gc,ref         ] GC(81) ReferenceProcessor::execute queues: 1, RefProcThreadModel::Single, marks_oops_alive: false
[4430.698s][debug][gc,phases      ] GC(81) Reference Processing 0.126ms
[4430.698s][debug][gc,phases      ] GC(81)   VM Weak                        Min:  0.0, Avg:  0.0, Max:  0.0, Diff:  0.0, Sum:  0.0, Workers: 4
[4430.698s][debug][gc,phases      ] GC(81)     Dead                           Min: 0, Avg:  0.0, Max: 0, Diff: 0, Sum: 0, Workers: 4
[4430.698s][debug][gc,phases      ] GC(81)     Total                          Min: 0, Avg: 267.0, Max: 640, Diff: 640, Sum: 1068, Workers: 4
[4430.698s][debug][gc,phases      ] GC(81)   ObjectSynchronizer Weak        Min:  0.0, Avg:  0.0, Max:  0.0, Diff:  0.0, Sum:  0.0, Workers: 4
[4430.698s][debug][gc,phases      ] GC(81)     Dead                           Min: 0, Avg:  0.0, Max: 0, Diff: 0, Sum: 0, Workers: 4
[4430.698s][debug][gc,phases      ] GC(81)     Total                          Min: 0, Avg:  1.0, Max: 4, Diff: 4, Sum: 4, Workers: 4
[4430.698s][debug][gc,phases      ] GC(81)   JVMTI Tag Weak OopStorage      Min:  0.0, Avg:  0.0, Max:  0.0, Diff:  0.0, Sum:  0.0, Workers: 4
[4430.698s][debug][gc,phases      ] GC(81)     Dead                           Min: 0, Avg:  0.0, Max: 0, Diff: 0, Sum: 0, Workers: 4
[4430.698s][debug][gc,phases      ] GC(81)     Total                          Min: 0, Avg:  0.0, Max: 0, Diff: 0, Sum: 0, Workers: 4
[4430.698s][debug][gc,phases      ] GC(81)   StringTable Weak               Min:  0.0, Avg:  0.1, Max:  0.1, Diff:  0.1, Sum:  0.5, Workers: 4
[4430.698s][debug][gc,phases      ] GC(81)     Dead                           Min: 0, Avg:  0.0, Max: 0, Diff: 0, Sum: 0, Workers: 4
[4430.698s][debug][gc,phases      ] GC(81)     Total                          Min: 3072, Avg: 11474.0, Max: 14464, Diff: 11392, Sum: 45896, Workers: 4
[4430.698s][debug][gc,phases      ] GC(81)   ResolvedMethodTable Weak       Min:  0.0, Avg:  0.0, Max:  0.0, Diff:  0.0, Sum:  0.2, Workers: 4
[4430.698s][debug][gc,phases      ] GC(81)     Dead                           Min: 0, Avg:  4.0, Max: 16, Diff: 16, Sum: 16, Workers: 4
[4430.698s][debug][gc,phases      ] GC(81)     Total                          Min: 3960, Avg: 4004.0, Max: 4085, Diff: 125, Sum: 16016, Workers: 4
[4430.698s][debug][gc,phases      ] GC(81)   JNI Weak                       Min:  0.0, Avg:  0.0, Max:  0.0, Diff:  0.0, Sum:  0.0, Workers: 4
[4430.698s][debug][gc,phases      ] GC(81)     Dead                           Min: 0, Avg:  0.0, Max: 0, Diff: 0, Sum: 0, Workers: 4
[4430.698s][debug][gc,phases      ] GC(81)     Total                          Min: 0, Avg: 12.0, Max: 48, Diff: 48, Sum: 48, Workers: 4
[4430.698s][debug][gc,phases      ] GC(81)   StringDedup Table Weak         Min:  0.0, Avg:  0.0, Max:  0.0, Diff:  0.0, Sum:  0.0, Workers: 4
[4430.698s][debug][gc,phases      ] GC(81)     Dead                           Min: 0, Avg:  0.0, Max: 0, Diff: 0, Sum: 0, Workers: 4
[4430.698s][debug][gc,phases      ] GC(81)     Total                          Min: 0, Avg:  0.0, Max: 0, Diff: 0, Sum: 0, Workers: 4
[4430.698s][debug][gc,phases      ] GC(81)   StringDedup Requests0 Weak     Min:  0.0, Avg:  0.0, Max:  0.0, Diff:  0.0, Sum:  0.0, Workers: 4
[4430.698s][debug][gc,phases      ] GC(81)     Dead                           Min: 0, Avg:  0.0, Max: 0, Diff: 0, Sum: 0, Workers: 4
[4430.698s][debug][gc,phases      ] GC(81)     Total                          Min: 0, Avg:  0.0, Max: 0, Diff: 0, Sum: 0, Workers: 4
[4430.698s][debug][gc,phases      ] GC(81)   StringDedup Requests1 Weak     Min:  0.0, Avg:  0.0, Max:  0.0, Diff:  0.0, Sum:  0.0, Workers: 4
[4430.698s][debug][gc,phases      ] GC(81)     Dead                           Min: 0, Avg:  0.0, Max: 0, Diff: 0, Sum: 0, Workers: 4
[4430.698s][debug][gc,phases      ] GC(81)     Total                          Min: 0, Avg:  0.0, Max: 0, Diff: 0, Sum: 0, Workers: 4
[4430.698s][debug][gc,phases      ] GC(81)   Weak JFR Old Object Samples    Min:  0.0, Avg:  0.0, Max:  0.0, Diff:  0.0, Sum:  0.0, Workers: 4
[4430.698s][debug][gc,phases      ] GC(81)     Dead                           Min: 0, Avg:  0.0, Max: 0, Diff: 0, Sum: 0, Workers: 4
[4430.698s][debug][gc,phases      ] GC(81)     Total                          Min: 0, Avg:  0.0, Max: 0, Diff: 0, Sum: 0, Workers: 4
[4430.698s][debug][gc,phases      ] GC(81) Weak Processing 0.412ms
[4430.698s][debug][gc,age         ] GC(81) Desired survivor size 48234496 bytes, new threshold 1 (max threshold 15)
[4430.698s][info ][gc,heap        ] GC(81) PSYoungGen: 2012849K(2052096K)->35744K(2043392K) Eden: 2009600K(2009600K)->0K(2002944K) From: 3249K(42496K)->35744K(40448K)
[4430.698s][info ][gc,heap        ] GC(81) ParOldGen: 547236K(549888K)->547732K(549888K)
[4430.698s][info ][gc,metaspace   ] GC(81) Metaspace: 106082K(107456K)->106082K(107456K) NonClass: 90115K(90880K)->90115K(90880K) Class: 15967K(16576K)->15967K(16576K)
[4430.698s][info ][gc             ] GC(81) Pause Young (Allocation Failure) 2500M->569M(2532M) 15.350ms
[4430.698s][info ][gc,cpu         ] GC(81) User=0.05s Sys=0.00s Real=0.02s
[4430.698s][info ][safepoint      ] Safepoint "ParallelGCFailedAllocation", Time since last: 3086096695 ns, Reaching safepoint: 81700 ns, Cleanup: 3500 ns, At safepoint: 15429493 ns, Total: 15514693 ns
[4431.698s][info ][safepoint      ] Safepoint "Cleanup", Time since last: 1000095973 ns, Reaching safepoint: 7600 ns, Cleanup: 13300 ns, At safepoint: 1900 ns, Total: 22800 ns
[4432.699s][info ][safepoint      ] Safepoint "Cleanup", Time since last: 1000125573 ns, Reaching safepoint: 8800 ns, Cleanup: 14400 ns, At safepoint: 2400 ns, Total: 25600 ns
[4434.699s][info ][safepoint      ] Safepoint "Cleanup", Time since last: 2000182096 ns, Reaching safepoint: 7800 ns, Cleanup: 24200 ns, At safepoint: 2800 ns, Total: 34800 ns
[4437.699s][info ][safepoint      ] Safepoint "Cleanup", Time since last: 3000206926 ns, Reaching safepoint: 7300 ns, Cleanup: 10400 ns, At safepoint: 1800 ns, Total: 19500 ns
[4438.699s][info ][safepoint      ] Safepoint "Cleanup", Time since last: 1000106308 ns, Reaching safepoint: 7300 ns, Cleanup: 8400 ns, At safepoint: 1900 ns, Total: 17600 ns
[4439.699s][info ][safepoint      ] Safepoint "Cleanup", Time since last: 1000116508 ns, Reaching safepoint: 7700 ns, Cleanup: 11900 ns, At safepoint: 2300 ns, Total: 21900 ns
[4440.699s][info ][safepoint      ] Safepoint "Cleanup", Time since last: 1000123208 ns, Reaching safepoint: 7000 ns, Cleanup: 8800 ns, At safepoint: 3100 ns, Total: 18900 ns
[4441.700s][info ][safepoint      ] Safepoint "Cleanup", Time since last: 1000124309 ns, Reaching safepoint: 8900 ns, Cleanup: 18900 ns, At safepoint: 3000 ns, Total: 30800 ns
[4442.817s][info ][safepoint      ] Safepoint "Cleanup", Time since last: 1117305433 ns, Reaching safepoint: 7200 ns, Cleanup: 11899 ns, At safepoint: 2400 ns, Total: 21499 ns
[4445.236s][info ][gc,start       ] GC(82) Pause Young (Allocation Failure)
[4445.271s][debug][gc,phases      ] GC(82) Scavenge 35.508ms
[4445.271s][debug][gc,ref         ] GC(82) Skipped SoftWeakFinalRefsPhase of Reference Processing: no references
[4445.271s][debug][gc,ref         ] GC(82) Skipped KeepAliveFinalRefsPhase of Reference Processing: no references
[4445.271s][debug][gc,ref         ] GC(82) ReferenceProcessor::execute queues: 1, RefProcThreadModel::Single, marks_oops_alive: false
[4445.271s][debug][gc,phases      ] GC(82) Reference Processing 0.103ms
[4445.272s][debug][gc,phases      ] GC(82)   VM Weak                        Min:  0.0, Avg:  0.0, Max:  0.0, Diff:  0.0, Sum:  0.0, Workers: 4
[4445.272s][debug][gc,phases      ] GC(82)     Dead                           Min: 0, Avg:  0.0, Max: 0, Diff: 0, Sum: 0, Workers: 4
[4445.272s][debug][gc,phases      ] GC(82)     Total                          Min: 0, Avg: 267.0, Max: 768, Diff: 768, Sum: 1068, Workers: 4
[4445.272s][debug][gc,phases      ] GC(82)   ObjectSynchronizer Weak        Min:  0.0, Avg:  0.0, Max:  0.0, Diff:  0.0, Sum:  0.0, Workers: 4
[4445.272s][debug][gc,phases      ] GC(82)     Dead                           Min: 0, Avg:  0.0, Max: 0, Diff: 0, Sum: 0, Workers: 4
[4445.272s][debug][gc,phases      ] GC(82)     Total                          Min: 0, Avg:  1.2, Max: 5, Diff: 5, Sum: 5, Workers: 4
[4445.272s][debug][gc,phases      ] GC(82)   JVMTI Tag Weak OopStorage      Min:  0.0, Avg:  0.0, Max:  0.0, Diff:  0.0, Sum:  0.0, Workers: 4
[4445.272s][debug][gc,phases      ] GC(82)     Dead                           Min: 0, Avg:  0.0, Max: 0, Diff: 0, Sum: 0, Workers: 4
[4445.272s][debug][gc,phases      ] GC(82)     Total                          Min: 0, Avg:  0.0, Max: 0, Diff: 0, Sum: 0, Workers: 4
[4445.272s][debug][gc,phases      ] GC(82)   StringTable Weak               Min:  0.0, Avg:  0.1, Max:  0.2, Diff:  0.2, Sum:  0.5, Workers: 4
[4445.272s][debug][gc,phases      ] GC(82)     Dead                           Min: 0, Avg:  0.0, Max: 0, Diff: 0, Sum: 0, Workers: 4
[4445.272s][debug][gc,phases      ] GC(82)     Total                          Min: 0, Avg: 11474.0, Max: 15808, Diff: 15808, Sum: 45896, Workers: 4
[4445.272s][debug][gc,phases      ] GC(82)   ResolvedMethodTable Weak       Min:  0.0, Avg:  0.0, Max:  0.1, Diff:  0.1, Sum:  0.2, Workers: 4
[4445.272s][debug][gc,phases      ] GC(82)     Dead                           Min: 0, Avg:  0.0, Max: 0, Diff: 0, Sum: 0, Workers: 4
[4445.272s][debug][gc,phases      ] GC(82)     Total                          Min: 0, Avg: 4004.0, Max: 5559, Diff: 5559, Sum: 16016, Workers: 4
[4445.272s][debug][gc,phases      ] GC(82)   JNI Weak                       Min:  0.0, Avg:  0.0, Max:  0.0, Diff:  0.0, Sum:  0.0, Workers: 4
[4445.272s][debug][gc,phases      ] GC(82)     Dead                           Min: 0, Avg:  0.0, Max: 0, Diff: 0, Sum: 0, Workers: 4
[4445.272s][debug][gc,phases      ] GC(82)     Total                          Min: 0, Avg: 12.0, Max: 48, Diff: 48, Sum: 48, Workers: 4
[4445.272s][debug][gc,phases      ] GC(82)   StringDedup Table Weak         Min:  0.0, Avg:  0.0, Max:  0.0, Diff:  0.0, Sum:  0.0, Workers: 4
[4445.272s][debug][gc,phases      ] GC(82)     Dead                           Min: 0, Avg:  0.0, Max: 0, Diff: 0, Sum: 0, Workers: 4
[4445.272s][debug][gc,phases      ] GC(82)     Total                          Min: 0, Avg:  0.0, Max: 0, Diff: 0, Sum: 0, Workers: 4
[4445.272s][debug][gc,phases      ] GC(82)   StringDedup Requests0 Weak     Min:  0.0, Avg:  0.0, Max:  0.0, Diff:  0.0, Sum:  0.0, Workers: 4
[4445.272s][debug][gc,phases      ] GC(82)     Dead                           Min: 0, Avg:  0.0, Max: 0, Diff: 0, Sum: 0, Workers: 4
[4445.272s][debug][gc,phases      ] GC(82)     Total                          Min: 0, Avg:  0.0, Max: 0, Diff: 0, Sum: 0, Workers: 4
[4445.272s][debug][gc,phases      ] GC(82)   StringDedup Requests1 Weak     Min:  0.0, Avg:  0.0, Max:  0.0, Diff:  0.0, Sum:  0.0, Workers: 4
[4445.272s][debug][gc,phases      ] GC(82)     Dead                           Min: 0, Avg:  0.0, Max: 0, Diff: 0, Sum: 0, Workers: 4
[4445.272s][debug][gc,phases      ] GC(82)     Total                          Min: 0, Avg:  0.0, Max: 0, Diff: 0, Sum: 0, Workers: 4
[4445.272s][debug][gc,phases      ] GC(82)   Weak JFR Old Object Samples    Min:  0.0, Avg:  0.0, Max:  0.0, Diff:  0.0, Sum:  0.0, Workers: 4
[4445.272s][debug][gc,phases      ] GC(82)     Dead                           Min: 0, Avg:  0.0, Max: 0, Diff: 0, Sum: 0, Workers: 4
[4445.272s][debug][gc,phases      ] GC(82)     Total                          Min: 0, Avg:  0.0, Max: 0, Diff: 0, Sum: 0, Workers: 4
[4445.272s][debug][gc,phases      ] GC(82) Weak Processing 0.428ms
[4445.272s][debug][gc,age         ] GC(82) Desired survivor size 57671680 bytes, new threshold 1 (max threshold 15)
[4445.272s][info ][gc,heap        ] GC(82) PSYoungGen: 2038688K(2043392K)->45296K(2048512K) Eden: 2002944K(2002944K)->0K(2002944K) From: 35744K(40448K)->45296K(45568K)
[4445.272s][info ][gc,heap        ] GC(82) ParOldGen: 547732K(549888K)->579180K(579584K)
[4445.272s][info ][gc,metaspace   ] GC(82) Metaspace: 106084K(107456K)->106084K(107456K) NonClass: 90117K(90880K)->90117K(90880K) Class: 15967K(16576K)->15967K(16576K)
[4445.272s][info ][gc             ] GC(82) Pause Young (Allocation Failure) 2525M->609M(2566M) 36.184ms
[4445.272s][info ][gc,cpu         ] GC(82) User=0.09s Sys=0.01s Real=0.03s
[4445.272s][info ][safepoint      ] Safepoint "ParallelGCFailedAllocation", Time since last: 2418698387 ns, Reaching safepoint: 83799 ns, Cleanup: 3900 ns, At safepoint: 36460927 ns, Total: 36548626 ns
[4446.272s][info ][safepoint      ] Safepoint "Cleanup", Time since last: 1000099411 ns, Reaching safepoint: 7699 ns, Cleanup: 9200 ns, At safepoint: 2000 ns, Total: 18899 ns
[4447.272s][info ][safepoint      ] Safepoint "Cleanup", Time since last: 1000103611 ns, Reaching safepoint: 6600 ns, Cleanup: 9000 ns, At safepoint: 1800 ns, Total: 17400 ns
[4448.273s][info ][safepoint      ] Safepoint "Cleanup", Time since last: 1000100710 ns, Reaching safepoint: 7800 ns, Cleanup: 29600 ns, At safepoint: 2300 ns, Total: 39700 ns
[4449.273s][info ][safepoint      ] Safepoint "Cleanup", Time since last: 1000117910 ns, Reaching safepoint: 81299 ns, Cleanup: 11400 ns, At safepoint: 8800 ns, Total: 101499 ns
[4450.273s][info ][safepoint      ] Safepoint "Cleanup", Time since last: 1000118602 ns, Reaching safepoint: 6900 ns, Cleanup: 10200 ns, At safepoint: 2000 ns, Total: 19100 ns
[4451.273s][info ][safepoint      ] Safepoint "Cleanup", Time since last: 1000109685 ns, Reaching safepoint: 7000 ns, Cleanup: 15499 ns, At safepoint: 2300 ns, Total: 24799 ns
[4453.273s][info ][safepoint      ] Safepoint "Cleanup", Time since last: 2000169470 ns, Reaching safepoint: 7800 ns, Cleanup: 11000 ns, At safepoint: 2200 ns, Total: 21000 ns
[4454.273s][info ][safepoint      ] Safepoint "Cleanup", Time since last: 1000112385 ns, Reaching safepoint: 7300 ns, Cleanup: 17400 ns, At safepoint: 2100 ns, Total: 26800 ns
[4456.274s][info ][safepoint      ] Safepoint "Cleanup", Time since last: 2000194169 ns, Reaching safepoint: 9000 ns, Cleanup: 18500 ns, At safepoint: 2200 ns, Total: 29700 ns
[4457.274s][info ][safepoint      ] Safepoint "Cleanup", Time since last: 1000112985 ns, Reaching safepoint: 6600 ns, Cleanup: 8700 ns, At safepoint: 1800 ns, Total: 17100 ns
[4461.274s][info ][safepoint      ] Safepoint "Cleanup", Time since last: 4000314343 ns, Reaching safepoint: 7500 ns, Cleanup: 20900 ns, At safepoint: 2400 ns, Total: 30800 ns
[4463.274s][info ][safepoint      ] Safepoint "Cleanup", Time since last: 2000180730 ns, Reaching safepoint: 7099 ns, Cleanup: 9300 ns, At safepoint: 2300 ns, Total: 18699 ns
[4465.275s][info ][safepoint      ] Safepoint "Cleanup", Time since last: 2000202030 ns, Reaching safepoint: 7200 ns, Cleanup: 11700 ns, At safepoint: 3100 ns, Total: 22000 ns
[4467.444s][info ][safepoint      ] Safepoint "ParallelGCFailedAllocation", Time since last: 2169401115 ns, Reaching safepoint: 7200 ns, Cleanup: 3600 ns, At safepoint: 63199 ns, Total: 73999 ns
[4467.445s][info ][gc,start       ] GC(83) Pause Young (GCLocker Initiated GC)
[4467.480s][debug][gc,phases      ] GC(83) Scavenge 34.560ms
[4467.480s][debug][gc,ref         ] GC(83) ReferenceProcessor::execute queues: 1, RefProcThreadModel::Single, marks_oops_alive: false
[4467.480s][debug][gc,ref         ] GC(83) Skipped KeepAliveFinalRefsPhase of Reference Processing: no references
[4467.480s][debug][gc,ref         ] GC(83) ReferenceProcessor::execute queues: 1, RefProcThreadModel::Single, marks_oops_alive: false
[4467.480s][debug][gc,phases      ] GC(83) Reference Processing 0.132ms
[4467.480s][debug][gc,phases      ] GC(83)   VM Weak                        Min:  0.0, Avg:  0.0, Max:  0.0, Diff:  0.0, Sum:  0.0, Workers: 4
[4467.480s][debug][gc,phases      ] GC(83)     Dead                           Min: 0, Avg:  0.0, Max: 0, Diff: 0, Sum: 0, Workers: 4
[4467.480s][debug][gc,phases      ] GC(83)     Total                          Min: 0, Avg: 267.0, Max: 812, Diff: 812, Sum: 1068, Workers: 4
[4467.480s][debug][gc,phases      ] GC(83)   ObjectSynchronizer Weak        Min:  0.0, Avg:  0.0, Max:  0.0, Diff:  0.0, Sum:  0.0, Workers: 4
[4467.480s][debug][gc,phases      ] GC(83)     Dead                           Min: 0, Avg:  0.0, Max: 0, Diff: 0, Sum: 0, Workers: 4
[4467.480s][debug][gc,phases      ] GC(83)     Total                          Min: 0, Avg:  1.2, Max: 5, Diff: 5, Sum: 5, Workers: 4
[4467.480s][debug][gc,phases      ] GC(83)   JVMTI Tag Weak OopStorage      Min:  0.0, Avg:  0.0, Max:  0.0, Diff:  0.0, Sum:  0.0, Workers: 4
[4467.480s][debug][gc,phases      ] GC(83)     Dead                           Min: 0, Avg:  0.0, Max: 0, Diff: 0, Sum: 0, Workers: 4
[4467.480s][debug][gc,phases      ] GC(83)     Total                          Min: 0, Avg:  0.0, Max: 0, Diff: 0, Sum: 0, Workers: 4
[4467.480s][debug][gc,phases      ] GC(83)   StringTable Weak               Min:  0.0, Avg:  0.1, Max:  0.2, Diff:  0.2, Sum:  0.5, Workers: 4
[4467.480s][debug][gc,phases      ] GC(83)     Dead                           Min: 0, Avg:  0.5, Max: 2, Diff: 2, Sum: 2, Workers: 4
[4467.480s][debug][gc,phases      ] GC(83)     Total                          Min: 0, Avg: 11476.8, Max: 15487, Diff: 15487, Sum: 45907, Workers: 4
[4467.480s][debug][gc,phases      ] GC(83)   ResolvedMethodTable Weak       Min:  0.0, Avg:  0.0, Max:  0.1, Diff:  0.1, Sum:  0.2, Workers: 4
[4467.480s][debug][gc,phases      ] GC(83)     Dead                           Min: 0, Avg:  5.0, Max: 20, Diff: 20, Sum: 20, Workers: 4
[4467.480s][debug][gc,phases      ] GC(83)     Total                          Min: 0, Avg: 4009.0, Max: 5497, Diff: 5497, Sum: 16036, Workers: 4
[4467.480s][debug][gc,phases      ] GC(83)   JNI Weak                       Min:  0.0, Avg:  0.0, Max:  0.0, Diff:  0.0, Sum:  0.0, Workers: 4
[4467.480s][debug][gc,phases      ] GC(83)     Dead                           Min: 0, Avg:  0.0, Max: 0, Diff: 0, Sum: 0, Workers: 4
[4467.480s][debug][gc,phases      ] GC(83)     Total                          Min: 0, Avg: 12.0, Max: 48, Diff: 48, Sum: 48, Workers: 4
[4467.480s][debug][gc,phases      ] GC(83)   StringDedup Table Weak         Min:  0.0, Avg:  0.0, Max:  0.0, Diff:  0.0, Sum:  0.0, Workers: 4
[4467.480s][debug][gc,phases      ] GC(83)     Dead                           Min: 0, Avg:  0.0, Max: 0, Diff: 0, Sum: 0, Workers: 4
[4467.480s][debug][gc,phases      ] GC(83)     Total                          Min: 0, Avg:  0.0, Max: 0, Diff: 0, Sum: 0, Workers: 4
[4467.480s][debug][gc,phases      ] GC(83)   StringDedup Requests0 Weak     Min:  0.0, Avg:  0.0, Max:  0.0, Diff:  0.0, Sum:  0.0, Workers: 4
[4467.480s][debug][gc,phases      ] GC(83)     Dead                           Min: 0, Avg:  0.0, Max: 0, Diff: 0, Sum: 0, Workers: 4
[4467.480s][debug][gc,phases      ] GC(83)     Total                          Min: 0, Avg:  0.0, Max: 0, Diff: 0, Sum: 0, Workers: 4
[4467.480s][debug][gc,phases      ] GC(83)   StringDedup Requests1 Weak     Min:  0.0, Avg:  0.0, Max:  0.0, Diff:  0.0, Sum:  0.0, Workers: 4
[4467.480s][debug][gc,phases      ] GC(83)     Dead                           Min: 0, Avg:  0.0, Max: 0, Diff: 0, Sum: 0, Workers: 4
[4467.480s][debug][gc,phases      ] GC(83)     Total                          Min: 0, Avg:  0.0, Max: 0, Diff: 0, Sum: 0, Workers: 4
[4467.480s][debug][gc,phases      ] GC(83)   Weak JFR Old Object Samples    Min:  0.0, Avg:  0.0, Max:  0.0, Diff:  0.0, Sum:  0.0, Workers: 4
[4467.480s][debug][gc,phases      ] GC(83)     Dead                           Min: 0, Avg:  0.0, Max: 0, Diff: 0, Sum: 0, Workers: 4
[4467.480s][debug][gc,phases      ] GC(83)     Total                          Min: 0, Avg:  0.0, Max: 0, Diff: 0, Sum: 0, Workers: 4
[4467.480s][debug][gc,phases      ] GC(83) Weak Processing 0.553ms
[4467.480s][debug][gc,age         ] GC(83) Desired survivor size 57147392 bytes, new threshold 1 (max threshold 15)
[4467.480s][info ][gc,heap        ] GC(83) PSYoungGen: 2047879K(2048512K)->25598K(2034176K) Eden: 2002583K(2002944K)->0K(1985536K) From: 45296K(45568K)->25598K(48640K)
[4467.480s][info ][gc,heap        ] GC(83) ParOldGen: 579692K(580608K)->620649K(621056K)
[4467.480s][info ][gc,metaspace   ] GC(83) Metaspace: 106111K(107456K)->106111K(107456K) NonClass: 90138K(90880K)->90138K(90880K) Class: 15973K(16576K)->15973K(16576K)
[4467.480s][info ][gc             ] GC(83) Pause Young (GCLocker Initiated GC) 2565M->631M(2593M) 35.377ms
[4467.480s][info ][gc,cpu         ] GC(83) User=0.07s Sys=0.02s Real=0.03s
[4467.480s][info ][safepoint      ] Safepoint "ParallelGCSystemGC", Time since last: 889394 ns, Reaching safepoint: 1700 ns, Cleanup: 1100 ns, At safepoint: 35449832 ns, Total: 35452632 ns
[4469.481s][info ][safepoint      ] Safepoint "Cleanup", Time since last: 2000167592 ns, Reaching safepoint: 8200 ns, Cleanup: 10900 ns, At safepoint: 2500 ns, Total: 21600 ns
[4470.481s][info ][safepoint      ] Safepoint "Cleanup", Time since last: 1000111245 ns, Reaching safepoint: 7100 ns, Cleanup: 13900 ns, At safepoint: 2200 ns, Total: 23200 ns
[4472.481s][info ][safepoint      ] Safepoint "Cleanup", Time since last: 2000178792 ns, Reaching safepoint: 78699 ns, Cleanup: 10600 ns, At safepoint: 6700 ns, Total: 95999 ns
[4473.481s][info ][safepoint      ] Safepoint "Cleanup", Time since last: 1000109947 ns, Reaching safepoint: 7300 ns, Cleanup: 16100 ns, At safepoint: 2500 ns, Total: 25900 ns
[4474.481s][info ][safepoint      ] Safepoint "Cleanup", Time since last: 1000111553 ns, Reaching safepoint: 78000 ns, Cleanup: 14099 ns, At safepoint: 5400 ns, Total: 97499 ns
[4475.482s][info ][safepoint      ] Safepoint "Cleanup", Time since last: 1000113354 ns, Reaching safepoint: 84799 ns, Cleanup: 13100 ns, At safepoint: 7000 ns, Total: 104899 ns
[4476.482s][info ][safepoint      ] Safepoint "Cleanup", Time since last: 1000118953 ns, Reaching safepoint: 77200 ns, Cleanup: 9899 ns, At safepoint: 6000 ns, Total: 93099 ns
[4481.482s][info ][safepoint      ] Safepoint "Cleanup", Time since last: 5000396373 ns, Reaching safepoint: 79100 ns, Cleanup: 9799 ns, At safepoint: 6100 ns, Total: 94999 ns
[4501.484s][info ][safepoint      ] Safepoint "Cleanup", Time since last: 20001535366 ns, Reaching safepoint: 82199 ns, Cleanup: 10500 ns, At safepoint: 6700 ns, Total: 99399 ns
[4509.835s][info ][safepoint      ] Safepoint "Cleanup", Time since last: 8351027730 ns, Reaching safepoint: 77700 ns, Cleanup: 13700 ns, At safepoint: 5500 ns, Total: 96900 ns
[4510.835s][info ][safepoint      ] Safepoint "Cleanup", Time since last: 1000108027 ns, Reaching safepoint: 82099 ns, Cleanup: 11100 ns, At safepoint: 6100 ns, Total: 99299 ns
[4513.836s][info ][safepoint      ] Safepoint "Cleanup", Time since last: 3000270168 ns, Reaching safepoint: 94599 ns, Cleanup: 16300 ns, At safepoint: 8200 ns, Total: 119099 ns
[4533.136s][info ][gc,start       ] GC(84) Pause Young (Allocation Failure)
[4533.148s][debug][gc,phases      ] GC(84) Scavenge 11.950ms
[4533.148s][debug][gc,ref         ] GC(84) ReferenceProcessor::execute queues: 1, RefProcThreadModel::Single, marks_oops_alive: false
[4533.148s][debug][gc,ref         ] GC(84) Skipped KeepAliveFinalRefsPhase of Reference Processing: no references
[4533.148s][debug][gc,ref         ] GC(84) ReferenceProcessor::execute queues: 1, RefProcThreadModel::Single, marks_oops_alive: false
[4533.148s][debug][gc,phases      ] GC(84) Reference Processing 0.102ms
[4533.148s][debug][gc,phases      ] GC(84)   VM Weak                        Min:  0.0, Avg:  0.0, Max:  0.0, Diff:  0.0, Sum:  0.0, Workers: 4
[4533.148s][debug][gc,phases      ] GC(84)     Dead                           Min: 0, Avg:  0.0, Max: 0, Diff: 0, Sum: 0, Workers: 4
[4533.148s][debug][gc,phases      ] GC(84)     Total                          Min: 0, Avg: 267.0, Max: 704, Diff: 704, Sum: 1068, Workers: 4
[4533.148s][debug][gc,phases      ] GC(84)   ObjectSynchronizer Weak        Min:  0.0, Avg:  0.0, Max:  0.0, Diff:  0.0, Sum:  0.0, Workers: 4
[4533.148s][debug][gc,phases      ] GC(84)     Dead                           Min: 0, Avg:  0.0, Max: 0, Diff: 0, Sum: 0, Workers: 4
[4533.148s][debug][gc,phases      ] GC(84)     Total                          Min: 0, Avg:  1.0, Max: 4, Diff: 4, Sum: 4, Workers: 4
[4533.148s][debug][gc,phases      ] GC(84)   JVMTI Tag Weak OopStorage      Min:  0.0, Avg:  0.0, Max:  0.0, Diff:  0.0, Sum:  0.0, Workers: 4
[4533.148s][debug][gc,phases      ] GC(84)     Dead                           Min: 0, Avg:  0.0, Max: 0, Diff: 0, Sum: 0, Workers: 4
[4533.148s][debug][gc,phases      ] GC(84)     Total                          Min: 0, Avg:  0.0, Max: 0, Diff: 0, Sum: 0, Workers: 4
[4533.148s][debug][gc,phases      ] GC(84)   StringTable Weak               Min:  0.0, Avg:  0.1, Max:  0.2, Diff:  0.2, Sum:  0.5, Workers: 4
[4533.148s][debug][gc,phases      ] GC(84)     Dead                           Min: 0, Avg:  0.0, Max: 0, Diff: 0, Sum: 0, Workers: 4
[4533.148s][debug][gc,phases      ] GC(84)     Total                          Min: 0, Avg: 11476.8, Max: 16789, Diff: 16789, Sum: 45907, Workers: 4
[4533.148s][debug][gc,phases      ] GC(84)   ResolvedMethodTable Weak       Min:  0.0, Avg:  0.0, Max:  0.0, Diff:  0.0, Sum:  0.1, Workers: 4
[4533.148s][debug][gc,phases      ] GC(84)     Dead                           Min: 0, Avg:  4.0, Max: 16, Diff: 16, Sum: 16, Workers: 4
[4533.148s][debug][gc,phases      ] GC(84)     Total                          Min: 0, Avg: 4009.0, Max: 6707, Diff: 6707, Sum: 16036, Workers: 4
[4533.148s][debug][gc,phases      ] GC(84)   JNI Weak                       Min:  0.0, Avg:  0.0, Max:  0.0, Diff:  0.0, Sum:  0.0, Workers: 4
[4533.148s][debug][gc,phases      ] GC(84)     Dead                           Min: 0, Avg:  0.0, Max: 0, Diff: 0, Sum: 0, Workers: 4
[4533.148s][debug][gc,phases      ] GC(84)     Total                          Min: 0, Avg: 12.0, Max: 48, Diff: 48, Sum: 48, Workers: 4
[4533.148s][debug][gc,phases      ] GC(84)   StringDedup Table Weak         Min:  0.0, Avg:  0.0, Max:  0.0, Diff:  0.0, Sum:  0.0, Workers: 4
[4533.148s][debug][gc,phases      ] GC(84)     Dead                           Min: 0, Avg:  0.0, Max: 0, Diff: 0, Sum: 0, Workers: 4
[4533.148s][debug][gc,phases      ] GC(84)     Total                          Min: 0, Avg:  0.0, Max: 0, Diff: 0, Sum: 0, Workers: 4
[4533.148s][debug][gc,phases      ] GC(84)   StringDedup Requests0 Weak     Min:  0.0, Avg:  0.0, Max:  0.0, Diff:  0.0, Sum:  0.0, Workers: 4
[4533.148s][debug][gc,phases      ] GC(84)     Dead                           Min: 0, Avg:  0.0, Max: 0, Diff: 0, Sum: 0, Workers: 4
[4533.148s][debug][gc,phases      ] GC(84)     Total                          Min: 0, Avg:  0.0, Max: 0, Diff: 0, Sum: 0, Workers: 4
[4533.148s][debug][gc,phases      ] GC(84)   StringDedup Requests1 Weak     Min:  0.0, Avg:  0.0, Max:  0.0, Diff:  0.0, Sum:  0.0, Workers: 4
[4533.148s][debug][gc,phases      ] GC(84)     Dead                           Min: 0, Avg:  0.0, Max: 0, Diff: 0, Sum: 0, Workers: 4
[4533.148s][debug][gc,phases      ] GC(84)     Total                          Min: 0, Avg:  0.0, Max: 0, Diff: 0, Sum: 0, Workers: 4
[4533.148s][debug][gc,phases      ] GC(84)   Weak JFR Old Object Samples    Min:  0.0, Avg:  0.0, Max:  0.0, Diff:  0.0, Sum:  0.0, Workers: 4
[4533.148s][debug][gc,phases      ] GC(84)     Dead                           Min: 0, Avg:  0.0, Max: 0, Diff: 0, Sum: 0, Workers: 4
[4533.148s][debug][gc,phases      ] GC(84)     Total                          Min: 0, Avg:  0.0, Max: 0, Diff: 0, Sum: 0, Workers: 4
[4533.148s][debug][gc,phases      ] GC(84) Weak Processing 0.422ms
[4533.148s][debug][gc,age         ] GC(84) Desired survivor size 54525952 bytes, new threshold 1 (max threshold 15)
[4533.148s][info ][gc,heap        ] GC(84) PSYoungGen: 2011134K(2034176K)->8336K(2041344K) Eden: 1985536K(1985536K)->0K(1985536K) From: 25598K(48640K)->8336K(55808K)
[4533.148s][info ][gc,heap        ] GC(84) ParOldGen: 620651K(621056K)->642312K(642560K)
[4533.148s][info ][gc,metaspace   ] GC(84) Metaspace: 106129K(107520K)->106129K(107520K) NonClass: 90156K(90944K)->90156K(90944K) Class: 15973K(16576K)->15973K(16576K)
[4533.148s][info ][gc             ] GC(84) Pause Young (Allocation Failure) 2570M->635M(2621M) 12.583ms
[4533.148s][info ][gc,cpu         ] GC(84) User=0.04s Sys=0.01s Real=0.01s
[4533.148s][info ][safepoint      ] Safepoint "ParallelGCFailedAllocation", Time since last: 19300163132 ns, Reaching safepoint: 7200 ns, Cleanup: 4000 ns, At safepoint: 12679205 ns, Total: 12690405 ns
[4545.149s][info ][safepoint      ] Safepoint "Cleanup", Time since last: 12000865355 ns, Reaching safepoint: 9300 ns, Cleanup: 14700 ns, At safepoint: 27000 ns, Total: 51000 ns
[4585.853s][info ][safepoint      ] Safepoint "Cleanup", Time since last: 40703781955 ns, Reaching safepoint: 6400 ns, Cleanup: 9900 ns, At safepoint: 2400 ns, Total: 18700 ns
[4597.854s][info ][safepoint      ] Safepoint "Cleanup", Time since last: 12000902600 ns, Reaching safepoint: 7000 ns, Cleanup: 10800 ns, At safepoint: 2300 ns, Total: 20100 ns
[4602.855s][info ][safepoint      ] Safepoint "Cleanup", Time since last: 5000430337 ns, Reaching safepoint: 5900 ns, Cleanup: 6999 ns, At safepoint: 2200 ns, Total: 15099 ns
[4604.855s][info ][safepoint      ] Safepoint "Cleanup", Time since last: 2000184508 ns, Reaching safepoint: 7700 ns, Cleanup: 17500 ns, At safepoint: 20499 ns, Total: 45699 ns
[4605.933s][info ][gc,start       ] GC(85) Pause Young (Allocation Failure)
[4605.938s][debug][gc,phases      ] GC(85) Scavenge 4.797ms
[4605.938s][debug][gc,ref         ] GC(85) Skipped SoftWeakFinalRefsPhase of Reference Processing: no references
[4605.938s][debug][gc,ref         ] GC(85) Skipped KeepAliveFinalRefsPhase of Reference Processing: no references
[4605.938s][debug][gc,ref         ] GC(85) ReferenceProcessor::execute queues: 1, RefProcThreadModel::Single, marks_oops_alive: false
[4605.938s][debug][gc,phases      ] GC(85) Reference Processing 0.097ms
[4605.938s][debug][gc,phases      ] GC(85)   VM Weak                        Min:  0.0, Avg:  0.0, Max:  0.0, Diff:  0.0, Sum:  0.0, Workers: 4
[4605.938s][debug][gc,phases      ] GC(85)     Dead                           Min: 0, Avg:  0.0, Max: 0, Diff: 0, Sum: 0, Workers: 4
[4605.938s][debug][gc,phases      ] GC(85)     Total                          Min: 0, Avg: 267.0, Max: 556, Diff: 556, Sum: 1068, Workers: 4
[4605.938s][debug][gc,phases      ] GC(85)   ObjectSynchronizer Weak        Min:  0.0, Avg:  0.0, Max:  0.0, Diff:  0.0, Sum:  0.0, Workers: 4
[4605.938s][debug][gc,phases      ] GC(85)     Dead                           Min: 0, Avg:  0.0, Max: 0, Diff: 0, Sum: 0, Workers: 4
[4605.938s][debug][gc,phases      ] GC(85)     Total                          Min: 0, Avg:  1.0, Max: 4, Diff: 4, Sum: 4, Workers: 4
[4605.938s][debug][gc,phases      ] GC(85)   JVMTI Tag Weak OopStorage      Min:  0.0, Avg:  0.0, Max:  0.0, Diff:  0.0, Sum:  0.0, Workers: 4
[4605.938s][debug][gc,phases      ] GC(85)     Dead                           Min: 0, Avg:  0.0, Max: 0, Diff: 0, Sum: 0, Workers: 4
[4605.938s][debug][gc,phases      ] GC(85)     Total                          Min: 0, Avg:  0.0, Max: 0, Diff: 0, Sum: 0, Workers: 4
[4605.938s][debug][gc,phases      ] GC(85)   StringTable Weak               Min:  0.1, Avg:  0.1, Max:  0.1, Diff:  0.0, Sum:  0.5, Workers: 4
[4605.938s][debug][gc,phases      ] GC(85)     Dead                           Min: 0, Avg:  0.0, Max: 0, Diff: 0, Sum: 0, Workers: 4
[4605.938s][debug][gc,phases      ] GC(85)     Total                          Min: 10523, Avg: 11478.2, Max: 13055, Diff: 2532, Sum: 45913, Workers: 4
[4605.938s][debug][gc,phases      ] GC(85)   ResolvedMethodTable Weak       Min:  0.0, Avg:  0.0, Max:  0.0, Diff:  0.0, Sum:  0.2, Workers: 4
[4605.938s][debug][gc,phases      ] GC(85)     Dead                           Min: 0, Avg:  4.0, Max: 16, Diff: 16, Sum: 16, Workers: 4
[4605.938s][debug][gc,phases      ] GC(85)     Total                          Min: 3765, Avg: 4009.0, Max: 4348, Diff: 583, Sum: 16036, Workers: 4
[4605.938s][debug][gc,phases      ] GC(85)   JNI Weak                       Min:  0.0, Avg:  0.0, Max:  0.0, Diff:  0.0, Sum:  0.0, Workers: 4
[4605.938s][debug][gc,phases      ] GC(85)     Dead                           Min: 0, Avg:  0.0, Max: 0, Diff: 0, Sum: 0, Workers: 4
[4605.938s][debug][gc,phases      ] GC(85)     Total                          Min: 0, Avg: 12.0, Max: 48, Diff: 48, Sum: 48, Workers: 4
[4605.938s][debug][gc,phases      ] GC(85)   StringDedup Table Weak         Min:  0.0, Avg:  0.0, Max:  0.0, Diff:  0.0, Sum:  0.0, Workers: 4
[4605.938s][debug][gc,phases      ] GC(85)     Dead                           Min: 0, Avg:  0.0, Max: 0, Diff: 0, Sum: 0, Workers: 4
[4605.938s][debug][gc,phases      ] GC(85)     Total                          Min: 0, Avg:  0.0, Max: 0, Diff: 0, Sum: 0, Workers: 4
[4605.938s][debug][gc,phases      ] GC(85)   StringDedup Requests0 Weak     Min:  0.0, Avg:  0.0, Max:  0.0, Diff:  0.0, Sum:  0.0, Workers: 4
[4605.938s][debug][gc,phases      ] GC(85)     Dead                           Min: 0, Avg:  0.0, Max: 0, Diff: 0, Sum: 0, Workers: 4
[4605.938s][debug][gc,phases      ] GC(85)     Total                          Min: 0, Avg:  0.0, Max: 0, Diff: 0, Sum: 0, Workers: 4
[4605.938s][debug][gc,phases      ] GC(85)   StringDedup Requests1 Weak     Min:  0.0, Avg:  0.0, Max:  0.0, Diff:  0.0, Sum:  0.0, Workers: 4
[4605.938s][debug][gc,phases      ] GC(85)     Dead                           Min: 0, Avg:  0.0, Max: 0, Diff: 0, Sum: 0, Workers: 4
[4605.938s][debug][gc,phases      ] GC(85)     Total                          Min: 0, Avg:  0.0, Max: 0, Diff: 0, Sum: 0, Workers: 4
[4605.938s][debug][gc,phases      ] GC(85)   Weak JFR Old Object Samples    Min:  0.0, Avg:  0.0, Max:  0.0, Diff:  0.0, Sum:  0.0, Workers: 4
[4605.938s][debug][gc,phases      ] GC(85)     Dead                           Min: 0, Avg:  0.0, Max: 0, Diff: 0, Sum: 0, Workers: 4
[4605.938s][debug][gc,phases      ] GC(85)     Total                          Min: 0, Avg:  0.0, Max: 0, Diff: 0, Sum: 0, Workers: 4
[4605.938s][debug][gc,phases      ] GC(85) Weak Processing 0.366ms
[4605.938s][debug][gc,age         ] GC(85) Desired survivor size 51904512 bytes, new threshold 1 (max threshold 15)
[4605.938s][info ][gc,heap        ] GC(85) PSYoungGen: 1993872K(2041344K)->8192K(2046464K) Eden: 1985536K(1985536K)->0K(1993216K) From: 8336K(55808K)->8192K(53248K)
[4605.938s][info ][gc,heap        ] GC(85) ParOldGen: 642312K(642560K)->645353K(645632K)
[4605.938s][info ][gc,metaspace   ] GC(85) Metaspace: 106132K(107520K)->106132K(107520K) NonClass: 90159K(90944K)->90159K(90944K) Class: 15973K(16576K)->15973K(16576K)
[4605.938s][info ][gc             ] GC(85) Pause Young (Allocation Failure) 2574M->638M(2629M) 5.369ms
[4605.938s][info ][gc,cpu         ] GC(85) User=0.01s Sys=0.01s Real=0.00s
[4605.938s][info ][safepoint      ] Safepoint "ParallelGCFailedAllocation", Time since last: 1077886875 ns, Reaching safepoint: 6600 ns, Cleanup: 4100 ns, At safepoint: 5437559 ns, Total: 5448259 ns
[4613.939s][info ][safepoint      ] Safepoint "Cleanup", Time since last: 8000598391 ns, Reaching safepoint: 7100 ns, Cleanup: 8600 ns, At safepoint: 1900 ns, Total: 17600 ns
[4617.939s][info ][safepoint      ] Safepoint "Cleanup", Time since last: 4000314379 ns, Reaching safepoint: 5400 ns, Cleanup: 14000 ns, At safepoint: 1800 ns, Total: 21200 ns
[4618.939s][info ][safepoint      ] Safepoint "Cleanup", Time since last: 1000120042 ns, Reaching safepoint: 7300 ns, Cleanup: 13000 ns, At safepoint: 2500 ns, Total: 22800 ns
[4619.939s][info ][safepoint      ] Safepoint "Cleanup", Time since last: 1000109142 ns, Reaching safepoint: 6000 ns, Cleanup: 8600 ns, At safepoint: 2100 ns, Total: 16700 ns
[4626.870s][info ][safepoint      ] Safepoint "Cleanup", Time since last: 6930816319 ns, Reaching safepoint: 7000 ns, Cleanup: 13800 ns, At safepoint: 2500 ns, Total: 23300 ns
[4631.871s][info ][safepoint      ] Safepoint "Cleanup", Time since last: 5000397818 ns, Reaching safepoint: 5900 ns, Cleanup: 11600 ns, At safepoint: 1900 ns, Total: 19400 ns
[4637.734s][info ][gc,start       ] GC(86) Pause Young (Allocation Failure)
[4637.745s][debug][gc,phases      ] GC(86) Scavenge 10.576ms
[4637.745s][debug][gc,ref         ] GC(86) Skipped SoftWeakFinalRefsPhase of Reference Processing: no references
[4637.745s][debug][gc,ref         ] GC(86) Skipped KeepAliveFinalRefsPhase of Reference Processing: no references
[4637.745s][debug][gc,ref         ] GC(86) ReferenceProcessor::execute queues: 1, RefProcThreadModel::Single, marks_oops_alive: false
[4637.745s][debug][gc,phases      ] GC(86) Reference Processing 0.098ms
[4637.745s][debug][gc,phases      ] GC(86)   VM Weak                        Min:  0.0, Avg:  0.0, Max:  0.0, Diff:  0.0, Sum:  0.0, Workers: 4
[4637.745s][debug][gc,phases      ] GC(86)     Dead                           Min: 0, Avg:  0.0, Max: 0, Diff: 0, Sum: 0, Workers: 4
[4637.745s][debug][gc,phases      ] GC(86)     Total                          Min: 0, Avg: 267.0, Max: 684, Diff: 684, Sum: 1068, Workers: 4
[4637.745s][debug][gc,phases      ] GC(86)   ObjectSynchronizer Weak        Min:  0.0, Avg:  0.0, Max:  0.0, Diff:  0.0, Sum:  0.0, Workers: 4
[4637.745s][debug][gc,phases      ] GC(86)     Dead                           Min: 0, Avg:  0.0, Max: 0, Diff: 0, Sum: 0, Workers: 4
[4637.745s][debug][gc,phases      ] GC(86)     Total                          Min: 0, Avg:  1.0, Max: 4, Diff: 4, Sum: 4, Workers: 4
[4637.745s][debug][gc,phases      ] GC(86)   JVMTI Tag Weak OopStorage      Min:  0.0, Avg:  0.0, Max:  0.0, Diff:  0.0, Sum:  0.0, Workers: 4
[4637.745s][debug][gc,phases      ] GC(86)     Dead                           Min: 0, Avg:  0.0, Max: 0, Diff: 0, Sum: 0, Workers: 4
[4637.745s][debug][gc,phases      ] GC(86)     Total                          Min: 0, Avg:  0.0, Max: 0, Diff: 0, Sum: 0, Workers: 4
[4637.745s][debug][gc,phases      ] GC(86)   StringTable Weak               Min:  0.0, Avg:  0.1, Max:  0.1, Diff:  0.1, Sum:  0.4, Workers: 4
[4637.745s][debug][gc,phases      ] GC(86)     Dead                           Min: 0, Avg:  0.0, Max: 0, Diff: 0, Sum: 0, Workers: 4
[4637.745s][debug][gc,phases      ] GC(86)     Total                          Min: 0, Avg: 11478.2, Max: 20223, Diff: 20223, Sum: 45913, Workers: 4
[4637.745s][debug][gc,phases      ] GC(86)   ResolvedMethodTable Weak       Min:  0.0, Avg:  0.0, Max:  0.0, Diff:  0.0, Sum:  0.1, Workers: 4
[4637.745s][debug][gc,phases      ] GC(86)     Dead                           Min: 0, Avg:  4.0, Max: 16, Diff: 16, Sum: 16, Workers: 4
[4637.745s][debug][gc,phases      ] GC(86)     Total                          Min: 0, Avg: 4009.0, Max: 6766, Diff: 6766, Sum: 16036, Workers: 4
[4637.745s][debug][gc,phases      ] GC(86)   JNI Weak                       Min:  0.0, Avg:  0.0, Max:  0.0, Diff:  0.0, Sum:  0.0, Workers: 4
[4637.745s][debug][gc,phases      ] GC(86)     Dead                           Min: 0, Avg:  0.0, Max: 0, Diff: 0, Sum: 0, Workers: 4
[4637.745s][debug][gc,phases      ] GC(86)     Total                          Min: 0, Avg: 12.0, Max: 48, Diff: 48, Sum: 48, Workers: 4
[4637.745s][debug][gc,phases      ] GC(86)   StringDedup Table Weak         Min:  0.0, Avg:  0.0, Max:  0.0, Diff:  0.0, Sum:  0.0, Workers: 4
[4637.745s][debug][gc,phases      ] GC(86)     Dead                           Min: 0, Avg:  0.0, Max: 0, Diff: 0, Sum: 0, Workers: 4
[4637.745s][debug][gc,phases      ] GC(86)     Total                          Min: 0, Avg:  0.0, Max: 0, Diff: 0, Sum: 0, Workers: 4
[4637.745s][debug][gc,phases      ] GC(86)   StringDedup Requests0 Weak     Min:  0.0, Avg:  0.0, Max:  0.0, Diff:  0.0, Sum:  0.0, Workers: 4
[4637.745s][debug][gc,phases      ] GC(86)     Dead                           Min: 0, Avg:  0.0, Max: 0, Diff: 0, Sum: 0, Workers: 4
[4637.745s][debug][gc,phases      ] GC(86)     Total                          Min: 0, Avg:  0.0, Max: 0, Diff: 0, Sum: 0, Workers: 4
[4637.745s][debug][gc,phases      ] GC(86)   StringDedup Requests1 Weak     Min:  0.0, Avg:  0.0, Max:  0.0, Diff:  0.0, Sum:  0.0, Workers: 4
[4637.745s][debug][gc,phases      ] GC(86)     Dead                           Min: 0, Avg:  0.0, Max: 0, Diff: 0, Sum: 0, Workers: 4
[4637.745s][debug][gc,phases      ] GC(86)     Total                          Min: 0, Avg:  0.0, Max: 0, Diff: 0, Sum: 0, Workers: 4
[4637.745s][debug][gc,phases      ] GC(86)   Weak JFR Old Object Samples    Min:  0.0, Avg:  0.0, Max:  0.0, Diff:  0.0, Sum:  0.0, Workers: 4
[4637.745s][debug][gc,phases      ] GC(86)     Dead                           Min: 0, Avg:  0.0, Max: 0, Diff: 0, Sum: 0, Workers: 4
[4637.745s][debug][gc,phases      ] GC(86)     Total                          Min: 0, Avg:  0.0, Max: 0, Diff: 0, Sum: 0, Workers: 4
[4637.745s][debug][gc,phases      ] GC(86) Weak Processing 0.395ms
[4637.745s][debug][gc,age         ] GC(86) Desired survivor size 52428800 bytes, new threshold 1 (max threshold 15)
[4637.745s][info ][gc,heap        ] GC(86) PSYoungGen: 2001408K(2046464K)->25536K(2043904K) Eden: 1993216K(1993216K)->0K(1993216K) From: 8192K(53248K)->25536K(50688K)
[4637.745s][info ][gc,heap        ] GC(86) ParOldGen: 645353K(645632K)->648745K(649216K)
[4637.745s][info ][gc,metaspace   ] GC(86) Metaspace: 106141K(107520K)->106141K(107520K) NonClass: 90168K(90944K)->90168K(90944K) Class: 15973K(16576K)->15973K(16576K)
[4637.745s][info ][gc             ] GC(86) Pause Young (Allocation Failure) 2584M->658M(2630M) 11.195ms
[4637.745s][info ][gc,cpu         ] GC(86) User=0.04s Sys=0.00s Real=0.01s
[4637.745s][info ][safepoint      ] Safepoint "ParallelGCFailedAllocation", Time since last: 5863305470 ns, Reaching safepoint: 79900 ns, Cleanup: 8900 ns, At safepoint: 11275716 ns, Total: 11364516 ns
[4639.745s][info ][safepoint      ] Safepoint "Cleanup", Time since last: 2000165680 ns, Reaching safepoint: 7900 ns, Cleanup: 10500 ns, At safepoint: 1900 ns, Total: 20300 ns
[4640.746s][info ][safepoint      ] Safepoint "Cleanup", Time since last: 1000113940 ns, Reaching safepoint: 6700 ns, Cleanup: 8200 ns, At safepoint: 2200 ns, Total: 17100 ns
[4645.746s][info ][safepoint      ] Safepoint "Cleanup", Time since last: 5000374389 ns, Reaching safepoint: 7899 ns, Cleanup: 12600 ns, At safepoint: 2600 ns, Total: 23099 ns
[4646.746s][info ][safepoint      ] Safepoint "Cleanup", Time since last: 1000116561 ns, Reaching safepoint: 6900 ns, Cleanup: 12400 ns, At safepoint: 2100 ns, Total: 21400 ns
[4647.746s][info ][safepoint      ] Safepoint "Cleanup", Time since last: 1000112161 ns, Reaching safepoint: 8000 ns, Cleanup: 9999 ns, At safepoint: 2100 ns, Total: 20099 ns
[4663.747s][info ][safepoint      ] Safepoint "Cleanup", Time since last: 16001133334 ns, Reaching safepoint: 7400 ns, Cleanup: 10100 ns, At safepoint: 2000 ns, Total: 19500 ns
[4680.749s][info ][safepoint      ] Safepoint "Cleanup", Time since last: 17001213319 ns, Reaching safepoint: 6500 ns, Cleanup: 9300 ns, At safepoint: 2200 ns, Total: 18000 ns
[4685.887s][info ][safepoint      ] Safepoint "Cleanup", Time since last: 5138499616 ns, Reaching safepoint: 6900 ns, Cleanup: 12100 ns, At safepoint: 1800 ns, Total: 20800 ns
[4691.888s][info ][safepoint      ] Safepoint "Cleanup", Time since last: 6000476605 ns, Reaching safepoint: 6900 ns, Cleanup: 10400 ns, At safepoint: 1900 ns, Total: 19200 ns
[4695.888s][info ][safepoint      ] Safepoint "Cleanup", Time since last: 4000326836 ns, Reaching safepoint: 6400 ns, Cleanup: 7700 ns, At safepoint: 1799 ns, Total: 15899 ns
[4700.534s][info ][gc,start       ] GC(87) Pause Young (Allocation Failure)
[4700.548s][debug][gc,phases      ] GC(87) Scavenge 14.125ms
[4700.548s][debug][gc,ref         ] GC(87) ReferenceProcessor::execute queues: 1, RefProcThreadModel::Single, marks_oops_alive: false
[4700.548s][debug][gc,ref         ] GC(87) Skipped KeepAliveFinalRefsPhase of Reference Processing: no references
[4700.548s][debug][gc,ref         ] GC(87) ReferenceProcessor::execute queues: 1, RefProcThreadModel::Single, marks_oops_alive: false
[4700.548s][debug][gc,phases      ] GC(87) Reference Processing 0.104ms
[4700.548s][debug][gc,phases      ] GC(87)   VM Weak                        Min:  0.0, Avg:  0.0, Max:  0.0, Diff:  0.0, Sum:  0.0, Workers: 4
[4700.548s][debug][gc,phases      ] GC(87)     Dead                           Min: 0, Avg:  0.0, Max: 0, Diff: 0, Sum: 0, Workers: 4
[4700.548s][debug][gc,phases      ] GC(87)     Total                          Min: 0, Avg: 267.0, Max: 876, Diff: 876, Sum: 1068, Workers: 4
[4700.548s][debug][gc,phases      ] GC(87)   ObjectSynchronizer Weak        Min:  0.0, Avg:  0.0, Max:  0.0, Diff:  0.0, Sum:  0.0, Workers: 4
[4700.548s][debug][gc,phases      ] GC(87)     Dead                           Min: 0, Avg:  0.0, Max: 0, Diff: 0, Sum: 0, Workers: 4
[4700.548s][debug][gc,phases      ] GC(87)     Total                          Min: 0, Avg:  0.8, Max: 3, Diff: 3, Sum: 3, Workers: 4
[4700.548s][debug][gc,phases      ] GC(87)   JVMTI Tag Weak OopStorage      Min:  0.0, Avg:  0.0, Max:  0.0, Diff:  0.0, Sum:  0.0, Workers: 4
[4700.548s][debug][gc,phases      ] GC(87)     Dead                           Min: 0, Avg:  0.0, Max: 0, Diff: 0, Sum: 0, Workers: 4
[4700.548s][debug][gc,phases      ] GC(87)     Total                          Min: 0, Avg:  0.0, Max: 0, Diff: 0, Sum: 0, Workers: 4
[4700.548s][debug][gc,phases      ] GC(87)   StringTable Weak               Min:  0.0, Avg:  0.1, Max:  0.1, Diff:  0.1, Sum:  0.4, Workers: 4
[4700.548s][debug][gc,phases      ] GC(87)     Dead                           Min: 0, Avg:  0.2, Max: 1, Diff: 1, Sum: 1, Workers: 4
[4700.548s][debug][gc,phases      ] GC(87)     Total                          Min: 0, Avg: 11478.8, Max: 19072, Diff: 19072, Sum: 45915, Workers: 4
[4700.548s][debug][gc,phases      ] GC(87)   ResolvedMethodTable Weak       Min:  0.0, Avg:  0.0, Max:  0.0, Diff:  0.0, Sum:  0.2, Workers: 4
[4700.548s][debug][gc,phases      ] GC(87)     Dead                           Min: 0, Avg:  4.2, Max: 16, Diff: 16, Sum: 17, Workers: 4
[4700.548s][debug][gc,phases      ] GC(87)     Total                          Min: 2944, Avg: 4009.8, Max: 4527, Diff: 1583, Sum: 16039, Workers: 4
[4700.548s][debug][gc,phases      ] GC(87)   JNI Weak                       Min:  0.0, Avg:  0.0, Max:  0.0, Diff:  0.0, Sum:  0.0, Workers: 4
[4700.548s][debug][gc,phases      ] GC(87)     Dead                           Min: 0, Avg:  0.0, Max: 0, Diff: 0, Sum: 0, Workers: 4
[4700.548s][debug][gc,phases      ] GC(87)     Total                          Min: 0, Avg: 12.0, Max: 48, Diff: 48, Sum: 48, Workers: 4
[4700.548s][debug][gc,phases      ] GC(87)   StringDedup Table Weak         Min:  0.0, Avg:  0.0, Max:  0.0, Diff:  0.0, Sum:  0.0, Workers: 4
[4700.548s][debug][gc,phases      ] GC(87)     Dead                           Min: 0, Avg:  0.0, Max: 0, Diff: 0, Sum: 0, Workers: 4
[4700.548s][debug][gc,phases      ] GC(87)     Total                          Min: 0, Avg:  0.0, Max: 0, Diff: 0, Sum: 0, Workers: 4
[4700.548s][debug][gc,phases      ] GC(87)   StringDedup Requests0 Weak     Min:  0.0, Avg:  0.0, Max:  0.0, Diff:  0.0, Sum:  0.0, Workers: 4
[4700.548s][debug][gc,phases      ] GC(87)     Dead                           Min: 0, Avg:  0.0, Max: 0, Diff: 0, Sum: 0, Workers: 4
[4700.548s][debug][gc,phases      ] GC(87)     Total                          Min: 0, Avg:  0.0, Max: 0, Diff: 0, Sum: 0, Workers: 4
[4700.548s][debug][gc,phases      ] GC(87)   StringDedup Requests1 Weak     Min:  0.0, Avg:  0.0, Max:  0.0, Diff:  0.0, Sum:  0.0, Workers: 4
[4700.548s][debug][gc,phases      ] GC(87)     Dead                           Min: 0, Avg:  0.0, Max: 0, Diff: 0, Sum: 0, Workers: 4
[4700.548s][debug][gc,phases      ] GC(87)     Total                          Min: 0, Avg:  0.0, Max: 0, Diff: 0, Sum: 0, Workers: 4
[4700.548s][debug][gc,phases      ] GC(87)   Weak JFR Old Object Samples    Min:  0.0, Avg:  0.0, Max:  0.0, Diff:  0.0, Sum:  0.0, Workers: 4
[4700.548s][debug][gc,phases      ] GC(87)     Dead                           Min: 0, Avg:  0.0, Max: 0, Diff: 0, Sum: 0, Workers: 4
[4700.548s][debug][gc,phases      ] GC(87)     Total                          Min: 0, Avg:  0.0, Max: 0, Diff: 0, Sum: 0, Workers: 4
[4700.548s][debug][gc,phases      ] GC(87) Weak Processing 0.414ms
[4700.548s][debug][gc,age         ] GC(87) Desired survivor size 48758784 bytes, new threshold 1 (max threshold 15)
[4700.548s][info ][gc,heap        ] GC(87) PSYoungGen: 2018752K(2043904K)->15712K(2049536K) Eden: 1993216K(1993216K)->0K(1998336K) From: 25536K(50688K)->15712K(51200K)
[4700.548s][info ][gc,heap        ] GC(87) ParOldGen: 648745K(649216K)->670574K(670720K)
[4700.548s][info ][gc,metaspace   ] GC(87) Metaspace: 106154K(107520K)->106154K(107520K) NonClass: 90180K(90944K)->90180K(90944K) Class: 15974K(16576K)->15974K(16576K)
[4700.548s][info ][gc             ] GC(87) Pause Young (Allocation Failure) 2604M->670M(2656M) 14.777ms
[4700.548s][info ][gc,cpu         ] GC(87) User=0.04s Sys=0.01s Real=0.01s
[4700.548s][info ][safepoint      ] Safepoint "ParallelGCFailedAllocation", Time since last: 4645482436 ns, Reaching safepoint: 78499 ns, Cleanup: 3700 ns, At safepoint: 14852191 ns, Total: 14934390 ns
[4707.549s][info ][safepoint      ] Safepoint "Cleanup", Time since last: 7000513809 ns, Reaching safepoint: 6100 ns, Cleanup: 16399 ns, At safepoint: 2300 ns, Total: 24799 ns
[4708.549s][info ][safepoint      ] Safepoint "Cleanup", Time since last: 1000111789 ns, Reaching safepoint: 6800 ns, Cleanup: 16999 ns, At safepoint: 2200 ns, Total: 25999 ns
[4717.550s][info ][safepoint      ] Safepoint "Cleanup", Time since last: 9000681478 ns, Reaching safepoint: 8800 ns, Cleanup: 11400 ns, At safepoint: 2400 ns, Total: 22600 ns
[4721.550s][info ][safepoint      ] Safepoint "Cleanup", Time since last: 4000298335 ns, Reaching safepoint: 8200 ns, Cleanup: 9900 ns, At safepoint: 2600 ns, Total: 20700 ns
[4731.551s][info ][safepoint      ] Safepoint "Cleanup", Time since last: 10000769212 ns, Reaching safepoint: 83799 ns, Cleanup: 11400 ns, At safepoint: 6800 ns, Total: 101999 ns
[4734.552s][info ][safepoint      ] Safepoint "Cleanup", Time since last: 3000530738 ns, Reaching safepoint: 8000 ns, Cleanup: 15199 ns, At safepoint: 2600 ns, Total: 25799 ns
[4743.904s][info ][safepoint      ] Safepoint "Cleanup", Time since last: 9352384778 ns, Reaching safepoint: 6700 ns, Cleanup: 10500 ns, At safepoint: 1900 ns, Total: 19100 ns
[4751.905s][info ][safepoint      ] Safepoint "Cleanup", Time since last: 8000567455 ns, Reaching safepoint: 6199 ns, Cleanup: 9000 ns, At safepoint: 24700 ns, Total: 39899 ns
[4752.905s][info ][safepoint      ] Safepoint "Cleanup", Time since last: 1000108400 ns, Reaching safepoint: 6400 ns, Cleanup: 9000 ns, At safepoint: 2200 ns, Total: 17600 ns
[4754.390s][info ][safepoint      ] Safepoint "Cleanup", Time since last: 1485469715 ns, Reaching safepoint: 7299 ns, Cleanup: 17700 ns, At safepoint: 2400 ns, Total: 27399 ns
[4760.391s][info ][safepoint      ] Safepoint "Cleanup", Time since last: 6000456550 ns, Reaching safepoint: 7600 ns, Cleanup: 10000 ns, At safepoint: 2600 ns, Total: 20200 ns
[4772.991s][info ][safepoint      ] Safepoint "ParallelGCFailedAllocation", Time since last: 12599953634 ns, Reaching safepoint: 83800 ns, Cleanup: 3700 ns, At safepoint: 20100 ns, Total: 107600 ns
[4772.991s][info ][gc,start       ] GC(88) Pause Young (GCLocker Initiated GC)
[4773.005s][debug][gc,phases      ] GC(88) Scavenge 13.246ms
[4773.005s][debug][gc,ref         ] GC(88) Skipped SoftWeakFinalRefsPhase of Reference Processing: no references
[4773.005s][debug][gc,ref         ] GC(88) Skipped KeepAliveFinalRefsPhase of Reference Processing: no references
[4773.005s][debug][gc,ref         ] GC(88) ReferenceProcessor::execute queues: 1, RefProcThreadModel::Single, marks_oops_alive: false
[4773.005s][debug][gc,phases      ] GC(88) Reference Processing 0.099ms
[4773.005s][debug][gc,phases      ] GC(88)   VM Weak                        Min:  0.0, Avg:  0.0, Max:  0.0, Diff:  0.0, Sum:  0.0, Workers: 4
[4773.005s][debug][gc,phases      ] GC(88)     Dead                           Min: 0, Avg:  0.0, Max: 0, Diff: 0, Sum: 0, Workers: 4
[4773.005s][debug][gc,phases      ] GC(88)     Total                          Min: 0, Avg: 267.0, Max: 576, Diff: 576, Sum: 1068, Workers: 4
[4773.005s][debug][gc,phases      ] GC(88)   ObjectSynchronizer Weak        Min:  0.0, Avg:  0.0, Max:  0.0, Diff:  0.0, Sum:  0.0, Workers: 4
[4773.005s][debug][gc,phases      ] GC(88)     Dead                           Min: 0, Avg:  0.0, Max: 0, Diff: 0, Sum: 0, Workers: 4
[4773.005s][debug][gc,phases      ] GC(88)     Total                          Min: 0, Avg:  1.0, Max: 4, Diff: 4, Sum: 4, Workers: 4
[4773.005s][debug][gc,phases      ] GC(88)   JVMTI Tag Weak OopStorage      Min:  0.0, Avg:  0.0, Max:  0.0, Diff:  0.0, Sum:  0.0, Workers: 4
[4773.005s][debug][gc,phases      ] GC(88)     Dead                           Min: 0, Avg:  0.0, Max: 0, Diff: 0, Sum: 0, Workers: 4
[4773.005s][debug][gc,phases      ] GC(88)     Total                          Min: 0, Avg:  0.0, Max: 0, Diff: 0, Sum: 0, Workers: 4
[4773.005s][debug][gc,phases      ] GC(88)   StringTable Weak               Min:  0.0, Avg:  0.1, Max:  0.2, Diff:  0.2, Sum:  0.4, Workers: 4
[4773.005s][debug][gc,phases      ] GC(88)     Dead                           Min: 0, Avg:  0.0, Max: 0, Diff: 0, Sum: 0, Workers: 4
[4773.005s][debug][gc,phases      ] GC(88)     Total                          Min: 0, Avg: 11479.0, Max: 27293, Diff: 27293, Sum: 45916, Workers: 4
[4773.005s][debug][gc,phases      ] GC(88)   ResolvedMethodTable Weak       Min:  0.0, Avg:  0.0, Max:  0.1, Diff:  0.1, Sum:  0.1, Workers: 4
[4773.005s][debug][gc,phases      ] GC(88)     Dead                           Min: 0, Avg:  8.2, Max: 31, Diff: 31, Sum: 33, Workers: 4
[4773.005s][debug][gc,phases      ] GC(88)     Total                          Min: 0, Avg: 4011.2, Max: 9277, Diff: 9277, Sum: 16045, Workers: 4
[4773.005s][debug][gc,phases      ] GC(88)   JNI Weak                       Min:  0.0, Avg:  0.0, Max:  0.0, Diff:  0.0, Sum:  0.0, Workers: 4
[4773.005s][debug][gc,phases      ] GC(88)     Dead                           Min: 0, Avg:  0.0, Max: 0, Diff: 0, Sum: 0, Workers: 4
[4773.005s][debug][gc,phases      ] GC(88)     Total                          Min: 0, Avg: 12.0, Max: 48, Diff: 48, Sum: 48, Workers: 4
[4773.005s][debug][gc,phases      ] GC(88)   StringDedup Table Weak         Min:  0.0, Avg:  0.0, Max:  0.0, Diff:  0.0, Sum:  0.0, Workers: 4
[4773.005s][debug][gc,phases      ] GC(88)     Dead                           Min: 0, Avg:  0.0, Max: 0, Diff: 0, Sum: 0, Workers: 4
[4773.005s][debug][gc,phases      ] GC(88)     Total                          Min: 0, Avg:  0.0, Max: 0, Diff: 0, Sum: 0, Workers: 4
[4773.005s][debug][gc,phases      ] GC(88)   StringDedup Requests0 Weak     Min:  0.0, Avg:  0.0, Max:  0.0, Diff:  0.0, Sum:  0.0, Workers: 4
[4773.005s][debug][gc,phases      ] GC(88)     Dead                           Min: 0, Avg:  0.0, Max: 0, Diff: 0, Sum: 0, Workers: 4
[4773.005s][debug][gc,phases      ] GC(88)     Total                          Min: 0, Avg:  0.0, Max: 0, Diff: 0, Sum: 0, Workers: 4
[4773.005s][debug][gc,phases      ] GC(88)   StringDedup Requests1 Weak     Min:  0.0, Avg:  0.0, Max:  0.0, Diff:  0.0, Sum:  0.0, Workers: 4
[4773.005s][debug][gc,phases      ] GC(88)     Dead                           Min: 0, Avg:  0.0, Max: 0, Diff: 0, Sum: 0, Workers: 4
[4773.005s][debug][gc,phases      ] GC(88)     Total                          Min: 0, Avg:  0.0, Max: 0, Diff: 0, Sum: 0, Workers: 4
[4773.005s][debug][gc,phases      ] GC(88)   Weak JFR Old Object Samples    Min:  0.0, Avg:  0.0, Max:  0.0, Diff:  0.0, Sum:  0.0, Workers: 4
[4773.005s][debug][gc,phases      ] GC(88)     Dead                           Min: 0, Avg:  0.0, Max: 0, Diff: 0, Sum: 0, Workers: 4
[4773.005s][debug][gc,phases      ] GC(88)     Total                          Min: 0, Avg:  0.0, Max: 0, Diff: 0, Sum: 0, Workers: 4
[4773.005s][debug][gc,phases      ] GC(88) Weak Processing 0.470ms
[4773.005s][debug][gc,age         ] GC(88) Desired survivor size 46137344 bytes, new threshold 1 (max threshold 15)
[4773.005s][info ][gc,heap        ] GC(88) PSYoungGen: 2014048K(2049536K)->11764K(2045952K) Eden: 1998336K(1998336K)->0K(1998336K) From: 15712K(51200K)->11764K(47616K)
[4773.005s][info ][gc,heap        ] GC(88) ParOldGen: 670629K(670720K)->682398K(682496K)
[4773.005s][info ][gc,metaspace   ] GC(88) Metaspace: 106157K(107520K)->106157K(107520K) NonClass: 90183K(90944K)->90183K(90944K) Class: 15974K(16576K)->15974K(16576K)
[4773.005s][info ][gc             ] GC(88) Pause Young (GCLocker Initiated GC) 2621M->677M(2664M) 13.922ms
[4773.005s][info ][gc,cpu         ] GC(88) User=0.04s Sys=0.00s Real=0.02s
[4773.005s][info ][safepoint      ] Safepoint "ParallelGCSystemGC", Time since last: 529096 ns, Reaching safepoint: 75399 ns, Cleanup: 1300 ns, At safepoint: 13994097 ns, Total: 14070796 ns
[4813.924s][info ][safepoint      ] Safepoint "Cleanup", Time since last: 40918738246 ns, Reaching safepoint: 9300 ns, Cleanup: 27600 ns, At safepoint: 2800 ns, Total: 39700 ns
[4866.115s][info ][gc,start       ] GC(89) Pause Young (Allocation Failure)
[4866.122s][debug][gc,phases      ] GC(89) Scavenge 6.100ms
[4866.122s][debug][gc,ref         ] GC(89) Skipped SoftWeakFinalRefsPhase of Reference Processing: no references
[4866.122s][debug][gc,ref         ] GC(89) Skipped KeepAliveFinalRefsPhase of Reference Processing: no references
[4866.122s][debug][gc,ref         ] GC(89) ReferenceProcessor::execute queues: 1, RefProcThreadModel::Single, marks_oops_alive: false
[4866.122s][debug][gc,phases      ] GC(89) Reference Processing 0.099ms
[4866.122s][debug][gc,phases      ] GC(89)   VM Weak                        Min:  0.0, Avg:  0.0, Max:  0.0, Diff:  0.0, Sum:  0.0, Workers: 4
[4866.122s][debug][gc,phases      ] GC(89)     Dead                           Min: 0, Avg:  0.0, Max: 0, Diff: 0, Sum: 0, Workers: 4
[4866.122s][debug][gc,phases      ] GC(89)     Total                          Min: 0, Avg: 267.0, Max: 896, Diff: 896, Sum: 1068, Workers: 4
[4866.122s][debug][gc,phases      ] GC(89)   ObjectSynchronizer Weak        Min:  0.0, Avg:  0.0, Max:  0.0, Diff:  0.0, Sum:  0.0, Workers: 4
[4866.122s][debug][gc,phases      ] GC(89)     Dead                           Min: 0, Avg:  0.0, Max: 0, Diff: 0, Sum: 0, Workers: 4
[4866.122s][debug][gc,phases      ] GC(89)     Total                          Min: 0, Avg:  0.8, Max: 3, Diff: 3, Sum: 3, Workers: 4
[4866.122s][debug][gc,phases      ] GC(89)   JVMTI Tag Weak OopStorage      Min:  0.0, Avg:  0.0, Max:  0.0, Diff:  0.0, Sum:  0.0, Workers: 4
[4866.122s][debug][gc,phases      ] GC(89)     Dead                           Min: 0, Avg:  0.0, Max: 0, Diff: 0, Sum: 0, Workers: 4
[4866.122s][debug][gc,phases      ] GC(89)     Total                          Min: 0, Avg:  0.0, Max: 0, Diff: 0, Sum: 0, Workers: 4
[4866.122s][debug][gc,phases      ] GC(89)   StringTable Weak               Min:  0.0, Avg:  0.1, Max:  0.1, Diff:  0.1, Sum:  0.4, Workers: 4
[4866.122s][debug][gc,phases      ] GC(89)     Dead                           Min: 0, Avg:  0.0, Max: 0, Diff: 0, Sum: 0, Workers: 4
[4866.122s][debug][gc,phases      ] GC(89)     Total                          Min: 0, Avg: 11479.2, Max: 19391, Diff: 19391, Sum: 45917, Workers: 4
[4866.122s][debug][gc,phases      ] GC(89)   ResolvedMethodTable Weak       Min:  0.0, Avg:  0.0, Max:  0.0, Diff:  0.0, Sum:  0.1, Workers: 4
[4866.122s][debug][gc,phases      ] GC(89)     Dead                           Min: 0, Avg:  4.0, Max: 14, Diff: 14, Sum: 16, Workers: 4
[4866.122s][debug][gc,phases      ] GC(89)     Total                          Min: 0, Avg: 4011.0, Max: 6645, Diff: 6645, Sum: 16044, Workers: 4
[4866.122s][debug][gc,phases      ] GC(89)   JNI Weak                       Min:  0.0, Avg:  0.0, Max:  0.0, Diff:  0.0, Sum:  0.0, Workers: 4
[4866.122s][debug][gc,phases      ] GC(89)     Dead                           Min: 0, Avg:  0.0, Max: 0, Diff: 0, Sum: 0, Workers: 4
[4866.122s][debug][gc,phases      ] GC(89)     Total                          Min: 0, Avg: 12.0, Max: 48, Diff: 48, Sum: 48, Workers: 4
[4866.122s][debug][gc,phases      ] GC(89)   StringDedup Table Weak         Min:  0.0, Avg:  0.0, Max:  0.0, Diff:  0.0, Sum:  0.0, Workers: 4
[4866.122s][debug][gc,phases      ] GC(89)     Dead                           Min: 0, Avg:  0.0, Max: 0, Diff: 0, Sum: 0, Workers: 4
[4866.122s][debug][gc,phases      ] GC(89)     Total                          Min: 0, Avg:  0.0, Max: 0, Diff: 0, Sum: 0, Workers: 4
[4866.122s][debug][gc,phases      ] GC(89)   StringDedup Requests0 Weak     Min:  0.0, Avg:  0.0, Max:  0.0, Diff:  0.0, Sum:  0.0, Workers: 4
[4866.122s][debug][gc,phases      ] GC(89)     Dead                           Min: 0, Avg:  0.0, Max: 0, Diff: 0, Sum: 0, Workers: 4
[4866.122s][debug][gc,phases      ] GC(89)     Total                          Min: 0, Avg:  0.0, Max: 0, Diff: 0, Sum: 0, Workers: 4
[4866.122s][debug][gc,phases      ] GC(89)   StringDedup Requests1 Weak     Min:  0.0, Avg:  0.0, Max:  0.0, Diff:  0.0, Sum:  0.0, Workers: 4
[4866.122s][debug][gc,phases      ] GC(89)     Dead                           Min: 0, Avg:  0.0, Max: 0, Diff: 0, Sum: 0, Workers: 4
[4866.122s][debug][gc,phases      ] GC(89)     Total                          Min: 0, Avg:  0.0, Max: 0, Diff: 0, Sum: 0, Workers: 4
[4866.122s][debug][gc,phases      ] GC(89)   Weak JFR Old Object Samples    Min:  0.0, Avg:  0.0, Max:  0.0, Diff:  0.0, Sum:  0.0, Workers: 4
[4866.122s][debug][gc,phases      ] GC(89)     Dead                           Min: 0, Avg:  0.0, Max: 0, Diff: 0, Sum: 0, Workers: 4
[4866.122s][debug][gc,phases      ] GC(89)     Total                          Min: 0, Avg:  0.0, Max: 0, Diff: 0, Sum: 0, Workers: 4
[4866.122s][debug][gc,phases      ] GC(89) Weak Processing 0.390ms
[4866.122s][debug][gc,age         ] GC(89) Desired survivor size 45088768 bytes, new threshold 1 (max threshold 15)
[4866.122s][info ][gc,heap        ] GC(89) PSYoungGen: 2010100K(2045952K)->6032K(2053120K) Eden: 1998336K(1998336K)->0K(2008064K) From: 11764K(47616K)->6032K(45056K)
[4866.122s][info ][gc,heap        ] GC(89) ParOldGen: 682400K(682496K)->688852K(689152K)
[4866.122s][info ][gc,metaspace   ] GC(89) Metaspace: 106168K(107520K)->106168K(107520K) NonClass: 90193K(90944K)->90193K(90944K) Class: 15974K(16576K)->15974K(16576K)
[4866.122s][info ][gc             ] GC(89) Pause Young (Allocation Failure) 2629M->678M(2678M) 6.718ms
[4866.122s][info ][gc,cpu         ] GC(89) User=0.03s Sys=0.00s Real=0.00s
[4866.122s][info ][safepoint      ] Safepoint "ParallelGCFailedAllocation", Time since last: 52191263107 ns, Reaching safepoint: 7400 ns, Cleanup: 4100 ns, At safepoint: 6798450 ns, Total: 6809950 ns
[4883.123s][info ][safepoint      ] Safepoint "Cleanup", Time since last: 17001225160 ns, Reaching safepoint: 6700 ns, Cleanup: 9600 ns, At safepoint: 2500 ns, Total: 18800 ns
[4884.124s][info ][safepoint      ] Safepoint "Cleanup", Time since last: 1000116990 ns, Reaching safepoint: 7700 ns, Cleanup: 11800 ns, At safepoint: 2300 ns, Total: 21800 ns
[4887.124s][info ][safepoint      ] Safepoint "Cleanup", Time since last: 3000251970 ns, Reaching safepoint: 7800 ns, Cleanup: 12300 ns, At safepoint: 2300 ns, Total: 22400 ns
[4889.124s][info ][safepoint      ] Safepoint "Cleanup", Time since last: 2000191080 ns, Reaching safepoint: 8600 ns, Cleanup: 16100 ns, At safepoint: 2699 ns, Total: 27399 ns
[4902.125s][info ][safepoint      ] Safepoint "Cleanup", Time since last: 13000989938 ns, Reaching safepoint: 6200 ns, Cleanup: 16599 ns, At safepoint: 19900 ns, Total: 42699 ns
[4904.125s][info ][safepoint      ] Safepoint "Cleanup", Time since last: 2000189229 ns, Reaching safepoint: 8200 ns, Cleanup: 13000 ns, At safepoint: 3500 ns, Total: 24700 ns
[4913.126s][info ][safepoint      ] Safepoint "Cleanup", Time since last: 9000673788 ns, Reaching safepoint: 7300 ns, Cleanup: 10700 ns, At safepoint: 2300 ns, Total: 20300 ns
[4916.126s][info ][safepoint      ] Safepoint "Cleanup", Time since last: 3000246941 ns, Reaching safepoint: 6400 ns, Cleanup: 11500 ns, At safepoint: 2000 ns, Total: 19900 ns
[4948.960s][info ][safepoint      ] Safepoint "Cleanup", Time since last: 32833521638 ns, Reaching safepoint: 7500 ns, Cleanup: 18899 ns, At safepoint: 1800 ns, Total: 28199 ns
[4950.960s][info ][safepoint      ] Safepoint "Cleanup", Time since last: 2000185787 ns, Reaching safepoint: 6800 ns, Cleanup: 10100 ns, At safepoint: 2400 ns, Total: 19300 ns
[4964.104s][info ][gc,start       ] GC(90) Pause Young (Allocation Failure)
[4964.109s][debug][gc,phases      ] GC(90) Scavenge 4.831ms
[4964.109s][debug][gc,ref         ] GC(90) ReferenceProcessor::execute queues: 1, RefProcThreadModel::Single, marks_oops_alive: false
[4964.109s][debug][gc,ref         ] GC(90) Skipped KeepAliveFinalRefsPhase of Reference Processing: no references
[4964.109s][debug][gc,ref         ] GC(90) ReferenceProcessor::execute queues: 1, RefProcThreadModel::Single, marks_oops_alive: false
[4964.109s][debug][gc,phases      ] GC(90) Reference Processing 0.099ms
[4964.109s][debug][gc,phases      ] GC(90)   VM Weak                        Min:  0.0, Avg:  0.0, Max:  0.0, Diff:  0.0, Sum:  0.0, Workers: 4
[4964.109s][debug][gc,phases      ] GC(90)     Dead                           Min: 0, Avg:  0.0, Max: 0, Diff: 0, Sum: 0, Workers: 4
[4964.109s][debug][gc,phases      ] GC(90)     Total                          Min: 0, Avg: 267.0, Max: 876, Diff: 876, Sum: 1068, Workers: 4
[4964.109s][debug][gc,phases      ] GC(90)   ObjectSynchronizer Weak        Min:  0.0, Avg:  0.0, Max:  0.0, Diff:  0.0, Sum:  0.0, Workers: 4
[4964.109s][debug][gc,phases      ] GC(90)     Dead                           Min: 0, Avg:  0.0, Max: 0, Diff: 0, Sum: 0, Workers: 4
[4964.109s][debug][gc,phases      ] GC(90)     Total                          Min: 0, Avg:  0.8, Max: 3, Diff: 3, Sum: 3, Workers: 4
[4964.109s][debug][gc,phases      ] GC(90)   JVMTI Tag Weak OopStorage      Min:  0.0, Avg:  0.0, Max:  0.0, Diff:  0.0, Sum:  0.0, Workers: 4
[4964.109s][debug][gc,phases      ] GC(90)     Dead                           Min: 0, Avg:  0.0, Max: 0, Diff: 0, Sum: 0, Workers: 4
[4964.109s][debug][gc,phases      ] GC(90)     Total                          Min: 0, Avg:  0.0, Max: 0, Diff: 0, Sum: 0, Workers: 4
[4964.109s][debug][gc,phases      ] GC(90)   StringTable Weak               Min:  0.0, Avg:  0.1, Max:  0.1, Diff:  0.1, Sum:  0.4, Workers: 4
[4964.109s][debug][gc,phases      ] GC(90)     Dead                           Min: 0, Avg:  0.0, Max: 0, Diff: 0, Sum: 0, Workers: 4
[4964.109s][debug][gc,phases      ] GC(90)     Total                          Min: 0, Avg: 11480.2, Max: 20286, Diff: 20286, Sum: 45921, Workers: 4
[4964.109s][debug][gc,phases      ] GC(90)   ResolvedMethodTable Weak       Min:  0.0, Avg:  0.0, Max:  0.0, Diff:  0.0, Sum:  0.1, Workers: 4
[4964.109s][debug][gc,phases      ] GC(90)     Dead                           Min: 0, Avg:  4.0, Max: 14, Diff: 14, Sum: 16, Workers: 4
[4964.109s][debug][gc,phases      ] GC(90)     Total                          Min: 0, Avg: 4012.0, Max: 6656, Diff: 6656, Sum: 16048, Workers: 4
[4964.109s][debug][gc,phases      ] GC(90)   JNI Weak                       Min:  0.0, Avg:  0.0, Max:  0.0, Diff:  0.0, Sum:  0.0, Workers: 4
[4964.109s][debug][gc,phases      ] GC(90)     Dead                           Min: 0, Avg:  0.0, Max: 0, Diff: 0, Sum: 0, Workers: 4
[4964.109s][debug][gc,phases      ] GC(90)     Total                          Min: 0, Avg: 12.0, Max: 48, Diff: 48, Sum: 48, Workers: 4
[4964.110s][debug][gc,phases      ] GC(90)   StringDedup Table Weak         Min:  0.0, Avg:  0.0, Max:  0.0, Diff:  0.0, Sum:  0.0, Workers: 4
[4964.110s][debug][gc,phases      ] GC(90)     Dead                           Min: 0, Avg:  0.0, Max: 0, Diff: 0, Sum: 0, Workers: 4
[4964.110s][debug][gc,phases      ] GC(90)     Total                          Min: 0, Avg:  0.0, Max: 0, Diff: 0, Sum: 0, Workers: 4
[4964.110s][debug][gc,phases      ] GC(90)   StringDedup Requests0 Weak     Min:  0.0, Avg:  0.0, Max:  0.0, Diff:  0.0, Sum:  0.0, Workers: 4
[4964.110s][debug][gc,phases      ] GC(90)     Dead                           Min: 0, Avg:  0.0, Max: 0, Diff: 0, Sum: 0, Workers: 4
[4964.110s][debug][gc,phases      ] GC(90)     Total                          Min: 0, Avg:  0.0, Max: 0, Diff: 0, Sum: 0, Workers: 4
[4964.110s][debug][gc,phases      ] GC(90)   StringDedup Requests1 Weak     Min:  0.0, Avg:  0.0, Max:  0.0, Diff:  0.0, Sum:  0.0, Workers: 4
[4964.110s][debug][gc,phases      ] GC(90)     Dead                           Min: 0, Avg:  0.0, Max: 0, Diff: 0, Sum: 0, Workers: 4
[4964.110s][debug][gc,phases      ] GC(90)     Total                          Min: 0, Avg:  0.0, Max: 0, Diff: 0, Sum: 0, Workers: 4
[4964.110s][debug][gc,phases      ] GC(90)   Weak JFR Old Object Samples    Min:  0.0, Avg:  0.0, Max:  0.0, Diff:  0.0, Sum:  0.0, Workers: 4
[4964.110s][debug][gc,phases      ] GC(90)     Dead                           Min: 0, Avg:  0.0, Max: 0, Diff: 0, Sum: 0, Workers: 4
[4964.110s][debug][gc,phases      ] GC(90)     Total                          Min: 0, Avg:  0.0, Max: 0, Diff: 0, Sum: 0, Workers: 4
[4964.110s][debug][gc,phases      ] GC(90) Weak Processing 0.387ms
[4964.110s][debug][gc,age         ] GC(90) Desired survivor size 43515904 bytes, new threshold 1 (max threshold 15)
[4964.110s][info ][gc,heap        ] GC(90) PSYoungGen: 2014096K(2053120K)->5584K(2052096K) Eden: 2008064K(2008064K)->0K(2008064K) From: 6032K(45056K)->5584K(44032K)
[4964.110s][info ][gc,heap        ] GC(90) ParOldGen: 688852K(689152K)->689556K(689664K)
[4964.110s][info ][gc,metaspace   ] GC(90) Metaspace: 106195K(107520K)->106195K(107520K) NonClass: 90220K(90944K)->90220K(90944K) Class: 15975K(16576K)->15975K(16576K)
[4964.110s][info ][gc             ] GC(90) Pause Young (Allocation Failure) 2639M->678M(2677M) 5.454ms
[4964.110s][info ][gc,cpu         ] GC(90) User=0.01s Sys=0.00s Real=0.00s
[4964.110s][info ][safepoint      ] Safepoint "ParallelGCFailedAllocation", Time since last: 13144104911 ns, Reaching safepoint: 6800 ns, Cleanup: 3800 ns, At safepoint: 5559459 ns, Total: 5570059 ns
[4983.111s][info ][safepoint      ] Safepoint "Cleanup", Time since last: 19001355999 ns, Reaching safepoint: 6700 ns, Cleanup: 12000 ns, At safepoint: 2900 ns, Total: 21600 ns
[4990.112s][info ][safepoint      ] Safepoint "Cleanup", Time since last: 7000550698 ns, Reaching safepoint: 6600 ns, Cleanup: 9700 ns, At safepoint: 2000 ns, Total: 18300 ns
[4997.112s][info ][safepoint      ] Safepoint "Cleanup", Time since last: 7000536273 ns, Reaching safepoint: 6200 ns, Cleanup: 19200 ns, At safepoint: 2000 ns, Total: 27400 ns
[5105.998s][info ][safepoint      ] Safepoint "Cleanup", Time since last: 108886173584 ns, Reaching safepoint: 7000 ns, Cleanup: 11700 ns, At safepoint: 2400 ns, Total: 21100 ns
[5116.999s][info ][safepoint      ] Safepoint "Cleanup", Time since last: 11001046851 ns, Reaching safepoint: 7600 ns, Cleanup: 12900 ns, At safepoint: 28400 ns, Total: 48900 ns
[5117.973s][info ][safepoint      ] Safepoint "JFRCheckpoint", Time since last: 970018708 ns, Reaching safepoint: 3132973 ns, Cleanup: 33399 ns, At safepoint: 33900 ns, Total: 3200272 ns
[5117.977s][info ][gc,heap,exit   ] Heap
[5117.977s][info ][gc,heap,exit   ]  PSYoungGen      total 2052096K, used 1125761K [0x0000000780000000, 0x0000000800000000, 0x0000000800000000)
[5117.977s][info ][gc,heap,exit   ]   eden space 2008064K, 55% used [0x0000000780000000,0x00000007c45ec5f8,0x00000007fa900000)
[5117.977s][info ][gc,heap,exit   ]   from space 44032K, 12% used [0x00000007fa900000,0x00000007fae740f0,0x00000007fd400000)
[5117.977s][info ][gc,heap,exit   ]   to   space 42496K, 0% used [0x00000007fd680000,0x00000007fd680000,0x0000000800000000)
[5117.977s][info ][gc,heap,exit   ]  ParOldGen       total 689664K, used 689556K [0x00000006c0000000, 0x00000006ea180000, 0x0000000780000000)
[5117.977s][info ][gc,heap,exit   ]   object space 689664K, 99% used [0x00000006c0000000,0x00000006ea1651a8,0x00000006ea180000)
[5117.977s][info ][gc,heap,exit   ]  Metaspace       used 106296K, committed 107648K, reserved 1179648K
[5117.977s][info ][gc,heap,exit   ]   class space    used 15984K, committed 16576K, reserved 1048576K
