[0.020s][info][gc,init] CardTable entry size: 512
[0.020s][info][gc     ] Using Parallel
[0.023s][info][gc,init] Version: 21.0.4+7-LTS (release)
[0.023s][info][gc,init] CPUs: 4 total, 4 available
[0.023s][info][gc,init] Memory: 15991M
[0.023s][info][gc,init] Large Page Support: Disabled
[0.023s][info][gc,init] NUMA Support: Disabled
[0.023s][info][gc,init] Compressed Oops: Enabled (Zero based)
[0.023s][info][gc,init] Alignments: Space 512K, Generation 512K, Heap 2M
[0.023s][info][gc,init] Heap Min Capacity: 2054M
[0.023s][info][gc,init] Heap Initial Capacity: 2054M
[0.023s][info][gc,init] Heap Max Capacity: 5G
[0.023s][info][gc,init] Pre-touch: Disabled
[0.023s][info][gc,init] Parallel Workers: 4
[0.061s][info][gc,metaspace] CDS archive(s) mapped at: [0x00007f96bc000000-0x00007f96bccae000-0x00007f96bccae000), size 13295616, SharedBaseAddress: 0x00007f96bc000000, ArchiveRelocationMode: 1.
[0.061s][info][gc,metaspace] Compressed class space mapped at: 0x00007f96bd000000-0x00007f96fd000000, reserved size: 1073741824
[0.061s][info][gc,metaspace] Narrow klass base: 0x00007f96bc000000, Narrow klass shift: 0, Narrow klass range: 0x100000000
[0.449s][info][safepoint   ] Safepoint "ICBufferFull", Time since last: 377701695 ns, Reaching safepoint: 76402 ns, Cleanup: 119604 ns, At safepoint: 6600 ns, Total: 202606 ns
[0.674s][info][safepoint   ] Safepoint "RedefineClasses", Time since last: 214809425 ns, Reaching safepoint: 4901 ns, Cleanup: 159904 ns, At safepoint: 10041682 ns, Total: 10206487 ns
[0.875s][info][safepoint   ] Safepoint "JFRCheckpoint", Time since last: 200616427 ns, Reaching safepoint: 4000 ns, Cleanup: 59002 ns, At safepoint: 11700 ns, Total: 74702 ns
[1.774s][info][safepoint   ] Safepoint "ICBufferFull", Time since last: 898703210 ns, Reaching safepoint: 89303 ns, Cleanup: 153404 ns, At safepoint: 7800 ns, Total: 250507 ns
[2.085s][info][safepoint   ] Safepoint "ICBufferFull", Time since last: 310854320 ns, Reaching safepoint: 4900 ns, Cleanup: 149904 ns, At safepoint: 7301 ns, Total: 162105 ns
[2.556s][info][gc,start    ] GC(0) Pause Young (Metadata GC Threshold)
[2.576s][debug][gc,phases   ] GC(0) Scavenge 20.272ms
[2.577s][debug][gc,ref      ] GC(0) ReferenceProcessor::execute queues: 2, RefProcThreadModel::Multi, marks_oops_alive: false
[2.577s][debug][gc,ref      ] GC(0) Skipped KeepAliveFinalRefsPhase of Reference Processing: no references
[2.577s][debug][gc,ref      ] GC(0) ReferenceProcessor::execute queues: 1, RefProcThreadModel::Single, marks_oops_alive: false
[2.577s][debug][gc,phases   ] GC(0) Reference Processing 0.418ms
[2.577s][debug][gc,phases   ] GC(0)   VM Weak                        Min:  0.0, Avg:  0.0, Max:  0.0, Diff:  0.0, Sum:  0.0, Workers: 4
[2.577s][debug][gc,phases   ] GC(0)     Dead                           Min: 0, Avg:  0.0, Max: 0, Diff: 0, Sum: 0, Workers: 4
[2.577s][debug][gc,phases   ] GC(0)     Total                          Min: 0, Avg: 58.5, Max: 192, Diff: 192, Sum: 234, Workers: 4
[2.577s][debug][gc,phases   ] GC(0)   ObjectSynchronizer Weak        Min:  0.0, Avg:  0.0, Max:  0.0, Diff:  0.0, Sum:  0.0, Workers: 4
[2.577s][debug][gc,phases   ] GC(0)     Dead                           Min: 0, Avg:  0.5, Max: 2, Diff: 2, Sum: 2, Workers: 4
[2.577s][debug][gc,phases   ] GC(0)     Total                          Min: 0, Avg:  2.2, Max: 9, Diff: 9, Sum: 9, Workers: 4
[2.577s][debug][gc,phases   ] GC(0)   JVMTI Tag Weak OopStorage      Min:  0.0, Avg:  0.0, Max:  0.0, Diff:  0.0, Sum:  0.0, Workers: 4
[2.577s][debug][gc,phases   ] GC(0)     Dead                           Min: 0, Avg:  0.0, Max: 0, Diff: 0, Sum: 0, Workers: 4
[2.577s][debug][gc,phases   ] GC(0)     Total                          Min: 0, Avg:  0.0, Max: 0, Diff: 0, Sum: 0, Workers: 4
[2.577s][debug][gc,phases   ] GC(0)   StringTable Weak               Min:  0.0, Avg:  0.1, Max:  0.1, Diff:  0.1, Sum:  0.3, Workers: 4
[2.577s][debug][gc,phases   ] GC(0)     Dead                           Min: 0, Avg:  6.5, Max: 22, Diff: 22, Sum: 26, Workers: 4
[2.577s][debug][gc,phases   ] GC(0)     Total                          Min: 0, Avg: 1770.0, Max: 4520, Diff: 4520, Sum: 7080, Workers: 4
[2.577s][debug][gc,phases   ] GC(0)   ResolvedMethodTable Weak       Min:  0.0, Avg:  0.0, Max:  0.0, Diff:  0.0, Sum:  0.1, Workers: 4
[2.577s][debug][gc,phases   ] GC(0)     Dead                           Min: 0, Avg: 81.0, Max: 191, Diff: 191, Sum: 324, Workers: 4
[2.577s][debug][gc,phases   ] GC(0)     Total                          Min: 0, Avg: 429.5, Max: 1078, Diff: 1078, Sum: 1718, Workers: 4
[2.577s][debug][gc,phases   ] GC(0)   JNI Weak                       Min:  0.0, Avg:  0.0, Max:  0.0, Diff:  0.0, Sum:  0.0, Workers: 4
[2.577s][debug][gc,phases   ] GC(0)     Dead                           Min: 0, Avg:  0.0, Max: 0, Diff: 0, Sum: 0, Workers: 4
[2.577s][debug][gc,phases   ] GC(0)     Total                          Min: 0, Avg: 12.0, Max: 48, Diff: 48, Sum: 48, Workers: 4
[2.577s][debug][gc,phases   ] GC(0)   StringDedup Table Weak         Min:  0.0, Avg:  0.0, Max:  0.0, Diff:  0.0, Sum:  0.0, Workers: 4
[2.577s][debug][gc,phases   ] GC(0)     Dead                           Min: 0, Avg:  0.0, Max: 0, Diff: 0, Sum: 0, Workers: 4
[2.577s][debug][gc,phases   ] GC(0)     Total                          Min: 0, Avg:  0.0, Max: 0, Diff: 0, Sum: 0, Workers: 4
[2.577s][debug][gc,phases   ] GC(0)   StringDedup Requests0 Weak     Min:  0.0, Avg:  0.0, Max:  0.0, Diff:  0.0, Sum:  0.0, Workers: 4
[2.577s][debug][gc,phases   ] GC(0)     Dead                           Min: 0, Avg:  0.0, Max: 0, Diff: 0, Sum: 0, Workers: 4
[2.577s][debug][gc,phases   ] GC(0)     Total                          Min: 0, Avg:  0.0, Max: 0, Diff: 0, Sum: 0, Workers: 4
[2.577s][debug][gc,phases   ] GC(0)   StringDedup Requests1 Weak     Min:  0.0, Avg:  0.0, Max:  0.0, Diff:  0.0, Sum:  0.0, Workers: 4
[2.577s][debug][gc,phases   ] GC(0)     Dead                           Min: 0, Avg:  0.0, Max: 0, Diff: 0, Sum: 0, Workers: 4
[2.577s][debug][gc,phases   ] GC(0)     Total                          Min: 0, Avg:  0.0, Max: 0, Diff: 0, Sum: 0, Workers: 4
[2.577s][debug][gc,phases   ] GC(0)   Weak JFR Old Object Samples    Min:  0.0, Avg:  0.0, Max:  0.0, Diff:  0.0, Sum:  0.0, Workers: 4
[2.577s][debug][gc,phases   ] GC(0)     Dead                           Min: 0, Avg:  0.0, Max: 0, Diff: 0, Sum: 0, Workers: 4
[2.577s][debug][gc,phases   ] GC(0)     Total                          Min: 0, Avg:  0.0, Max: 0, Diff: 0, Sum: 0, Workers: 4
[2.577s][debug][gc,phases   ] GC(0) Weak Processing 0.425ms
[2.577s][debug][gc,age      ] GC(0) Desired survivor size 536870912 bytes, new threshold 7 (max threshold 15)
[2.577s][info ][gc,heap     ] GC(0) PSYoungGen: 349451K(1572864K)->37203K(1572864K) Eden: 349451K(1048576K)->0K(1048576K) From: 0K(524288K)->37203K(524288K)
[2.577s][info ][gc,heap     ] GC(0) ParOldGen: 1054K(6144K)->1126K(6144K)
[2.577s][info ][gc,metaspace] GC(0) Metaspace: 21102K(21504K)->21102K(21504K) NonClass: 18780K(18944K)->18780K(18944K) Class: 2322K(2560K)->2322K(2560K)
[2.577s][info ][gc          ] GC(0) Pause Young (Metadata GC Threshold) 342M->37M(1542M) 21.554ms
[2.577s][info ][gc,cpu      ] GC(0) User=0.05s Sys=0.03s Real=0.02s
[2.577s][debug][gc,phases   ] GC(1) Pre Compact 0.009ms
[2.577s][info ][gc,start    ] GC(1) Pause Full (Metadata GC Threshold)
[2.577s][info ][gc,phases,start] GC(1) Marking Phase
[2.588s][debug][gc,phases      ] GC(1) Par Mark 10.215ms
[2.588s][debug][gc,ref         ] GC(1) ReferenceProcessor::execute queues: 2, RefProcThreadModel::Multi, marks_oops_alive: false
[2.588s][debug][gc,ref         ] GC(1) ReferenceProcessor::execute queues: 4, RefProcThreadModel::Multi, marks_oops_alive: true
[2.588s][debug][gc,ref         ] GC(1) ReferenceProcessor::execute queues: 1, RefProcThreadModel::Single, marks_oops_alive: false
[2.588s][debug][gc,phases      ] GC(1) Reference Processing 0.500ms
[2.588s][debug][gc,phases      ] GC(1)   VM Weak                        Min:  0.0, Avg:  0.0, Max:  0.0, Diff:  0.0, Sum:  0.0, Workers: 4
[2.588s][debug][gc,phases      ] GC(1)     Dead                           Min: 0, Avg:  0.0, Max: 0, Diff: 0, Sum: 0, Workers: 4
[2.588s][debug][gc,phases      ] GC(1)     Total                          Min: 0, Avg: 58.5, Max: 128, Diff: 128, Sum: 234, Workers: 4
[2.588s][debug][gc,phases      ] GC(1)   ObjectSynchronizer Weak        Min:  0.0, Avg:  0.0, Max:  0.0, Diff:  0.0, Sum:  0.0, Workers: 4
[2.588s][debug][gc,phases      ] GC(1)     Dead                           Min: 0, Avg:  0.0, Max: 0, Diff: 0, Sum: 0, Workers: 4
[2.588s][debug][gc,phases      ] GC(1)     Total                          Min: 0, Avg:  2.2, Max: 9, Diff: 9, Sum: 9, Workers: 4
[2.588s][debug][gc,phases      ] GC(1)   JVMTI Tag Weak OopStorage      Min:  0.0, Avg:  0.0, Max:  0.0, Diff:  0.0, Sum:  0.0, Workers: 4
[2.588s][debug][gc,phases      ] GC(1)     Dead                           Min: 0, Avg:  0.0, Max: 0, Diff: 0, Sum: 0, Workers: 4
[2.588s][debug][gc,phases      ] GC(1)     Total                          Min: 0, Avg:  0.0, Max: 0, Diff: 0, Sum: 0, Workers: 4
[2.588s][debug][gc,phases      ] GC(1)   StringTable Weak               Min:  0.0, Avg:  0.0, Max:  0.0, Diff:  0.0, Sum:  0.1, Workers: 4
[2.588s][debug][gc,phases      ] GC(1)     Dead                           Min: 0, Avg:  0.0, Max: 0, Diff: 0, Sum: 0, Workers: 4
[2.588s][debug][gc,phases      ] GC(1)     Total                          Min: 0, Avg: 1770.0, Max: 2624, Diff: 2624, Sum: 7080, Workers: 4
[2.588s][debug][gc,phases      ] GC(1)   ResolvedMethodTable Weak       Min:  0.0, Avg:  0.0, Max:  0.0, Diff:  0.0, Sum:  0.0, Workers: 4
[2.588s][debug][gc,phases      ] GC(1)     Dead                           Min: 0, Avg:  0.0, Max: 0, Diff: 0, Sum: 0, Workers: 4
[2.588s][debug][gc,phases      ] GC(1)     Total                          Min: 0, Avg: 429.5, Max: 576, Diff: 576, Sum: 1718, Workers: 4
[2.588s][debug][gc,phases      ] GC(1)   JNI Weak                       Min:  0.0, Avg:  0.0, Max:  0.0, Diff:  0.0, Sum:  0.0, Workers: 4
[2.588s][debug][gc,phases      ] GC(1)     Dead                           Min: 0, Avg:  0.0, Max: 0, Diff: 0, Sum: 0, Workers: 4
[2.588s][debug][gc,phases      ] GC(1)     Total                          Min: 0, Avg: 12.0, Max: 48, Diff: 48, Sum: 48, Workers: 4
[2.588s][debug][gc,phases      ] GC(1)   StringDedup Table Weak         Min:  0.0, Avg:  0.0, Max:  0.0, Diff:  0.0, Sum:  0.0, Workers: 4
[2.588s][debug][gc,phases      ] GC(1)     Dead                           Min: 0, Avg:  0.0, Max: 0, Diff: 0, Sum: 0, Workers: 4
[2.588s][debug][gc,phases      ] GC(1)     Total                          Min: 0, Avg:  0.0, Max: 0, Diff: 0, Sum: 0, Workers: 4
[2.588s][debug][gc,phases      ] GC(1)   StringDedup Requests0 Weak     Min:  0.0, Avg:  0.0, Max:  0.0, Diff:  0.0, Sum:  0.0, Workers: 4
[2.588s][debug][gc,phases      ] GC(1)     Dead                           Min: 0, Avg:  0.0, Max: 0, Diff: 0, Sum: 0, Workers: 4
[2.588s][debug][gc,phases      ] GC(1)     Total                          Min: 0, Avg:  0.0, Max: 0, Diff: 0, Sum: 0, Workers: 4
[2.588s][debug][gc,phases      ] GC(1)   StringDedup Requests1 Weak     Min:  0.0, Avg:  0.0, Max:  0.0, Diff:  0.0, Sum:  0.0, Workers: 4
[2.588s][debug][gc,phases      ] GC(1)     Dead                           Min: 0, Avg:  0.0, Max: 0, Diff: 0, Sum: 0, Workers: 4
[2.588s][debug][gc,phases      ] GC(1)     Total                          Min: 0, Avg:  0.0, Max: 0, Diff: 0, Sum: 0, Workers: 4
[2.588s][debug][gc,phases      ] GC(1)   Weak JFR Old Object Samples    Min:  0.0, Avg:  0.0, Max:  0.0, Diff:  0.0, Sum:  0.0, Workers: 4
[2.588s][debug][gc,phases      ] GC(1)     Dead                           Min: 0, Avg:  0.0, Max: 0, Diff: 0, Sum: 0, Workers: 4
[2.589s][debug][gc,phases      ] GC(1)     Total                          Min: 0, Avg:  0.0, Max: 0, Diff: 0, Sum: 0, Workers: 4
[2.589s][debug][gc,phases      ] GC(1) Weak Processing 0.290ms
[2.589s][debug][gc,phases      ] GC(1) ClassLoaderData 0.038ms
[2.589s][debug][gc,phases      ] GC(1) Trigger cleanups 0.000ms
[2.596s][debug][gc,phases      ] GC(1) Purge Unlinked NMethods 0.001ms
[2.596s][debug][gc,phases      ] GC(1) Unregister NMethods 0.020ms
[2.596s][debug][gc,phases      ] GC(1) Free Code Blobs 0.003ms
[2.596s][debug][gc,phases      ] GC(1) Class Unloading 7.609ms
[2.596s][debug][gc,phases      ] GC(1) Report Object Count 0.001ms
[2.596s][info ][gc,phases      ] GC(1) Marking Phase 18.700ms
[2.596s][info ][gc,phases,start] GC(1) Summary Phase
[2.596s][info ][gc,phases      ] GC(1) Summary Phase 0.008ms
[2.596s][info ][gc,phases,start] GC(1) Adjust Roots
[2.600s][info ][gc,phases      ] GC(1) Adjust Roots 3.949ms
[2.600s][info ][gc,phases,start] GC(1) Compaction Phase
[2.621s][info ][gc,phases      ] GC(1) Compaction Phase 20.674ms
[2.621s][info ][gc,phases,start] GC(1) Post Compact
[2.622s][debug][gc,phases      ] GC(1) Purge Class Loader Data 1.100ms
[2.623s][info ][gc,phases      ] GC(1) Post Compact 2.355ms
[2.623s][info ][gc,heap        ] GC(1) PSYoungGen: 37203K(1572864K)->32385K(1572864K) Eden: 0K(1048576K)->0K(1048576K) From: 37203K(524288K)->32385K(524288K)
[2.623s][info ][gc,heap        ] GC(1) ParOldGen: 1126K(6144K)->5669K(6144K)
[2.623s][info ][gc,metaspace   ] GC(1) Metaspace: 21102K(21504K)->21102K(21504K) NonClass: 18780K(18944K)->18780K(18944K) Class: 2322K(2560K)->2322K(2560K)
[2.623s][info ][gc             ] GC(1) Pause Full (Metadata GC Threshold) 37M->37M(1542M) 45.822ms
[2.623s][info ][gc,cpu         ] GC(1) User=0.11s Sys=0.01s Real=0.05s
[2.623s][info ][safepoint      ] Safepoint "CollectForMetadataAllocation", Time since last: 470455424 ns, Reaching safepoint: 83104 ns, Cleanup: 134106 ns, At safepoint: 67523475 ns, Total: 67740685 ns
[3.076s][info ][safepoint      ] Safepoint "ICBufferFull", Time since last: 452274562 ns, Reaching safepoint: 5301 ns, Cleanup: 169108 ns, At safepoint: 2800 ns, Total: 177209 ns
[3.316s][info ][safepoint      ] Safepoint "ICBufferFull", Time since last: 239700169 ns, Reaching safepoint: 6400 ns, Cleanup: 176908 ns, At safepoint: 2800 ns, Total: 186108 ns
[3.416s][info ][safepoint      ] Safepoint "ICBufferFull", Time since last: 100384220 ns, Reaching safepoint: 4400 ns, Cleanup: 131006 ns, At safepoint: 5400 ns, Total: 140806 ns
[3.917s][info ][safepoint      ] Safepoint "ICBufferFull", Time since last: 500714040 ns, Reaching safepoint: 4600 ns, Cleanup: 176909 ns, At safepoint: 2700 ns, Total: 184209 ns
[4.045s][info ][gc,start       ] GC(2) Pause Young (Metadata GC Threshold)
[4.082s][debug][gc,phases      ] GC(2) Scavenge 37.578ms
[4.083s][debug][gc,ref         ] GC(2) ReferenceProcessor::execute queues: 4, RefProcThreadModel::Multi, marks_oops_alive: false
[4.083s][debug][gc,ref         ] GC(2) Skipped KeepAliveFinalRefsPhase of Reference Processing: no references
[4.083s][debug][gc,ref         ] GC(2) ReferenceProcessor::execute queues: 2, RefProcThreadModel::Multi, marks_oops_alive: false
[4.083s][debug][gc,phases      ] GC(2) Reference Processing 0.785ms
[4.083s][debug][gc,phases      ] GC(2)   VM Weak                        Min:  0.0, Avg:  0.0, Max:  0.0, Diff:  0.0, Sum:  0.0, Workers: 4
[4.083s][debug][gc,phases      ] GC(2)     Dead                           Min: 0, Avg:  0.0, Max: 0, Diff: 0, Sum: 0, Workers: 4
[4.083s][debug][gc,phases      ] GC(2)     Total                          Min: 0, Avg: 75.2, Max: 173, Diff: 173, Sum: 301, Workers: 4
[4.083s][debug][gc,phases      ] GC(2)   ObjectSynchronizer Weak        Min:  0.0, Avg:  0.0, Max:  0.0, Diff:  0.0, Sum:  0.0, Workers: 4
[4.083s][debug][gc,phases      ] GC(2)     Dead                           Min: 0, Avg:  0.0, Max: 0, Diff: 0, Sum: 0, Workers: 4
[4.083s][debug][gc,phases      ] GC(2)     Total                          Min: 0, Avg:  2.2, Max: 9, Diff: 9, Sum: 9, Workers: 4
[4.083s][debug][gc,phases      ] GC(2)   JVMTI Tag Weak OopStorage      Min:  0.0, Avg:  0.0, Max:  0.0, Diff:  0.0, Sum:  0.0, Workers: 4
[4.083s][debug][gc,phases      ] GC(2)     Dead                           Min: 0, Avg:  0.0, Max: 0, Diff: 0, Sum: 0, Workers: 4
[4.083s][debug][gc,phases      ] GC(2)     Total                          Min: 0, Avg:  0.0, Max: 0, Diff: 0, Sum: 0, Workers: 4
[4.083s][debug][gc,phases      ] GC(2)   StringTable Weak               Min:  0.2, Avg:  0.2, Max:  0.2, Diff:  0.0, Sum:  0.7, Workers: 4
[4.083s][debug][gc,phases      ] GC(2)     Dead                           Min: 0, Avg:  3.8, Max: 11, Diff: 11, Sum: 15, Workers: 4
[4.083s][debug][gc,phases      ] GC(2)     Total                          Min: 3456, Avg: 3550.8, Max: 3648, Diff: 192, Sum: 14203, Workers: 4
[4.083s][debug][gc,phases      ] GC(2)   ResolvedMethodTable Weak       Min:  0.1, Avg:  0.1, Max:  0.1, Diff:  0.0, Sum:  0.2, Workers: 4
[4.083s][debug][gc,phases      ] GC(2)     Dead                           Min: 365, Avg: 432.0, Max: 576, Diff: 211, Sum: 1728, Workers: 4
[4.083s][debug][gc,phases      ] GC(2)     Total                          Min: 1088, Avg: 1170.2, Max: 1280, Diff: 192, Sum: 4681, Workers: 4
[4.083s][debug][gc,phases      ] GC(2)   JNI Weak                       Min:  0.0, Avg:  0.0, Max:  0.0, Diff:  0.0, Sum:  0.0, Workers: 4
[4.083s][debug][gc,phases      ] GC(2)     Dead                           Min: 0, Avg:  0.0, Max: 0, Diff: 0, Sum: 0, Workers: 4
[4.083s][debug][gc,phases      ] GC(2)     Total                          Min: 0, Avg: 12.0, Max: 48, Diff: 48, Sum: 48, Workers: 4
[4.083s][debug][gc,phases      ] GC(2)   StringDedup Table Weak         Min:  0.0, Avg:  0.0, Max:  0.0, Diff:  0.0, Sum:  0.0, Workers: 4
[4.083s][debug][gc,phases      ] GC(2)     Dead                           Min: 0, Avg:  0.0, Max: 0, Diff: 0, Sum: 0, Workers: 4
[4.083s][debug][gc,phases      ] GC(2)     Total                          Min: 0, Avg:  0.0, Max: 0, Diff: 0, Sum: 0, Workers: 4
[4.083s][debug][gc,phases      ] GC(2)   StringDedup Requests0 Weak     Min:  0.0, Avg:  0.0, Max:  0.0, Diff:  0.0, Sum:  0.0, Workers: 4
[4.083s][debug][gc,phases      ] GC(2)     Dead                           Min: 0, Avg:  0.0, Max: 0, Diff: 0, Sum: 0, Workers: 4
[4.083s][debug][gc,phases      ] GC(2)     Total                          Min: 0, Avg:  0.0, Max: 0, Diff: 0, Sum: 0, Workers: 4
[4.084s][debug][gc,phases      ] GC(2)   StringDedup Requests1 Weak     Min:  0.0, Avg:  0.0, Max:  0.0, Diff:  0.0, Sum:  0.0, Workers: 4
[4.084s][debug][gc,phases      ] GC(2)     Dead                           Min: 0, Avg:  0.0, Max: 0, Diff: 0, Sum: 0, Workers: 4
[4.084s][debug][gc,phases      ] GC(2)     Total                          Min: 0, Avg:  0.0, Max: 0, Diff: 0, Sum: 0, Workers: 4
[4.084s][debug][gc,phases      ] GC(2)   Weak JFR Old Object Samples    Min:  0.0, Avg:  0.0, Max:  0.0, Diff:  0.0, Sum:  0.0, Workers: 4
[4.084s][debug][gc,phases      ] GC(2)     Dead                           Min: 0, Avg:  0.0, Max: 0, Diff: 0, Sum: 0, Workers: 4
[4.084s][debug][gc,phases      ] GC(2)     Total                          Min: 0, Avg:  0.0, Max: 0, Diff: 0, Sum: 0, Workers: 4
[4.084s][debug][gc,phases      ] GC(2) Weak Processing 0.627ms
[4.084s][debug][gc,age         ] GC(2) Desired survivor size 536870912 bytes, new threshold 7 (max threshold 15)
[4.084s][info ][gc,heap        ] GC(2) PSYoungGen: 431069K(1572864K)->55695K(1572864K) Eden: 398684K(1048576K)->0K(1048576K) From: 32385K(524288K)->55695K(524288K)
[4.084s][info ][gc,heap        ] GC(2) ParOldGen: 5669K(6144K)->5685K(6144K)
[4.084s][info ][gc,metaspace   ] GC(2) Metaspace: 35438K(35840K)->35438K(35840K) NonClass: 30822K(31040K)->30822K(31040K) Class: 4616K(4800K)->4616K(4800K)
[4.084s][info ][gc             ] GC(2) Pause Young (Metadata GC Threshold) 426M->59M(1542M) 39.143ms
[4.084s][info ][gc,cpu         ] GC(2) User=0.13s Sys=0.01s Real=0.04s
[4.084s][debug][gc,phases      ] GC(3) Pre Compact 0.009ms
[4.084s][info ][gc,start       ] GC(3) Pause Full (Metadata GC Threshold)
[4.084s][info ][gc,phases,start] GC(3) Marking Phase
[4.107s][debug][gc,phases      ] GC(3) Par Mark 22.772ms
[4.107s][debug][gc,ref         ] GC(3) ReferenceProcessor::execute queues: 4, RefProcThreadModel::Multi, marks_oops_alive: false
[4.107s][debug][gc,ref         ] GC(3) ReferenceProcessor::execute queues: 4, RefProcThreadModel::Multi, marks_oops_alive: true
[4.107s][debug][gc,ref         ] GC(3) ReferenceProcessor::execute queues: 1, RefProcThreadModel::Single, marks_oops_alive: false
[4.107s][debug][gc,phases      ] GC(3) Reference Processing 0.553ms
[4.107s][debug][gc,phases      ] GC(3)   VM Weak                        Min:  0.0, Avg:  0.0, Max:  0.0, Diff:  0.0, Sum:  0.0, Workers: 4
[4.107s][debug][gc,phases      ] GC(3)     Dead                           Min: 0, Avg:  0.0, Max: 0, Diff: 0, Sum: 0, Workers: 4
[4.107s][debug][gc,phases      ] GC(3)     Total                          Min: 0, Avg: 75.2, Max: 256, Diff: 256, Sum: 301, Workers: 4
[4.107s][debug][gc,phases      ] GC(3)   ObjectSynchronizer Weak        Min:  0.0, Avg:  0.0, Max:  0.0, Diff:  0.0, Sum:  0.0, Workers: 4
[4.107s][debug][gc,phases      ] GC(3)     Dead                           Min: 0, Avg:  0.0, Max: 0, Diff: 0, Sum: 0, Workers: 4
[4.107s][debug][gc,phases      ] GC(3)     Total                          Min: 0, Avg:  2.2, Max: 9, Diff: 9, Sum: 9, Workers: 4
[4.107s][debug][gc,phases      ] GC(3)   JVMTI Tag Weak OopStorage      Min:  0.0, Avg:  0.0, Max:  0.0, Diff:  0.0, Sum:  0.0, Workers: 4
[4.107s][debug][gc,phases      ] GC(3)     Dead                           Min: 0, Avg:  0.0, Max: 0, Diff: 0, Sum: 0, Workers: 4
[4.107s][debug][gc,phases      ] GC(3)     Total                          Min: 0, Avg:  0.0, Max: 0, Diff: 0, Sum: 0, Workers: 4
[4.107s][debug][gc,phases      ] GC(3)   StringTable Weak               Min:  0.1, Avg:  0.1, Max:  0.1, Diff:  0.0, Sum:  0.3, Workers: 4
[4.107s][debug][gc,phases      ] GC(3)     Dead                           Min: 0, Avg:  0.0, Max: 0, Diff: 0, Sum: 0, Workers: 4
[4.107s][debug][gc,phases      ] GC(3)     Total                          Min: 3456, Avg: 3550.8, Max: 3584, Diff: 128, Sum: 14203, Workers: 4
[4.107s][debug][gc,phases      ] GC(3)   ResolvedMethodTable Weak       Min:  0.0, Avg:  0.0, Max:  0.0, Diff:  0.0, Sum:  0.1, Workers: 4
[4.107s][debug][gc,phases      ] GC(3)     Dead                           Min: 0, Avg:  0.0, Max: 0, Diff: 0, Sum: 0, Workers: 4
[4.107s][debug][gc,phases      ] GC(3)     Total                          Min: 1097, Avg: 1170.2, Max: 1216, Diff: 119, Sum: 4681, Workers: 4
[4.107s][debug][gc,phases      ] GC(3)   JNI Weak                       Min:  0.0, Avg:  0.0, Max:  0.0, Diff:  0.0, Sum:  0.0, Workers: 4
[4.107s][debug][gc,phases      ] GC(3)     Dead                           Min: 0, Avg:  0.0, Max: 0, Diff: 0, Sum: 0, Workers: 4
[4.107s][debug][gc,phases      ] GC(3)     Total                          Min: 0, Avg: 12.0, Max: 48, Diff: 48, Sum: 48, Workers: 4
[4.107s][debug][gc,phases      ] GC(3)   StringDedup Table Weak         Min:  0.0, Avg:  0.0, Max:  0.0, Diff:  0.0, Sum:  0.0, Workers: 4
[4.107s][debug][gc,phases      ] GC(3)     Dead                           Min: 0, Avg:  0.0, Max: 0, Diff: 0, Sum: 0, Workers: 4
[4.107s][debug][gc,phases      ] GC(3)     Total                          Min: 0, Avg:  0.0, Max: 0, Diff: 0, Sum: 0, Workers: 4
[4.107s][debug][gc,phases      ] GC(3)   StringDedup Requests0 Weak     Min:  0.0, Avg:  0.0, Max:  0.0, Diff:  0.0, Sum:  0.0, Workers: 4
[4.107s][debug][gc,phases      ] GC(3)     Dead                           Min: 0, Avg:  0.0, Max: 0, Diff: 0, Sum: 0, Workers: 4
[4.107s][debug][gc,phases      ] GC(3)     Total                          Min: 0, Avg:  0.0, Max: 0, Diff: 0, Sum: 0, Workers: 4
[4.107s][debug][gc,phases      ] GC(3)   StringDedup Requests1 Weak     Min:  0.0, Avg:  0.0, Max:  0.0, Diff:  0.0, Sum:  0.0, Workers: 4
[4.107s][debug][gc,phases      ] GC(3)     Dead                           Min: 0, Avg:  0.0, Max: 0, Diff: 0, Sum: 0, Workers: 4
[4.107s][debug][gc,phases      ] GC(3)     Total                          Min: 0, Avg:  0.0, Max: 0, Diff: 0, Sum: 0, Workers: 4
[4.107s][debug][gc,phases      ] GC(3)   Weak JFR Old Object Samples    Min:  0.0, Avg:  0.0, Max:  0.0, Diff:  0.0, Sum:  0.0, Workers: 4
[4.107s][debug][gc,phases      ] GC(3)     Dead                           Min: 0, Avg:  0.0, Max: 0, Diff: 0, Sum: 0, Workers: 4
[4.107s][debug][gc,phases      ] GC(3)     Total                          Min: 0, Avg:  0.0, Max: 0, Diff: 0, Sum: 0, Workers: 4
[4.107s][debug][gc,phases      ] GC(3) Weak Processing 0.305ms
[4.108s][debug][gc,phases      ] GC(3) ClassLoaderData 0.052ms
[4.108s][debug][gc,phases      ] GC(3) Trigger cleanups 0.000ms
[4.117s][debug][gc,phases      ] GC(3) Purge Unlinked NMethods 0.682ms
[4.118s][debug][gc,phases      ] GC(3) Unregister NMethods 0.024ms
[4.118s][debug][gc,phases      ] GC(3) Free Code Blobs 0.134ms
[4.118s][debug][gc,phases      ] GC(3) Class Unloading 10.230ms
[4.118s][debug][gc,phases      ] GC(3) Report Object Count 0.001ms
[4.118s][info ][gc,phases      ] GC(3) Marking Phase 33.970ms
[4.118s][info ][gc,phases,start] GC(3) Summary Phase
[4.118s][info ][gc,phases      ] GC(3) Summary Phase 0.008ms
[4.118s][info ][gc,phases,start] GC(3) Adjust Roots
[4.125s][info ][gc,phases      ] GC(3) Adjust Roots 7.174ms
[4.125s][info ][gc,phases,start] GC(3) Compaction Phase
[4.304s][info ][gc,phases      ] GC(3) Compaction Phase 179.436ms
[4.304s][info ][gc,phases,start] GC(3) Post Compact
[4.307s][debug][gc,phases      ] GC(3) Purge Class Loader Data 2.053ms
[4.307s][info ][gc,phases      ] GC(3) Post Compact 2.945ms
[4.307s][info ][gc,heap        ] GC(3) PSYoungGen: 55695K(1572864K)->55556K(1572864K) Eden: 0K(1048576K)->0K(1048576K) From: 55695K(524288K)->55556K(524288K)
[4.307s][info ][gc,heap        ] GC(3) ParOldGen: 5685K(6144K)->5647K(6144K)
[4.307s][info ][gc,metaspace   ] GC(3) Metaspace: 35438K(35840K)->35438K(35840K) NonClass: 30822K(31040K)->30822K(31040K) Class: 4616K(4800K)->4616K(4800K)
[4.307s][info ][gc             ] GC(3) Pause Full (Metadata GC Threshold) 59M->59M(1542M) 223.708ms
[4.307s][info ][gc,cpu         ] GC(3) User=0.48s Sys=0.01s Real=0.22s
[4.307s][info ][safepoint      ] Safepoint "CollectForMetadataAllocation", Time since last: 127369488 ns, Reaching safepoint: 3800 ns, Cleanup: 46002 ns, At safepoint: 262990764 ns, Total: 263040566 ns
[4.509s][info ][safepoint      ] Safepoint "ICBufferFull", Time since last: 201782586 ns, Reaching safepoint: 5201 ns, Cleanup: 164207 ns, At safepoint: 6201 ns, Total: 175609 ns
[4.628s][info ][safepoint      ] Safepoint "ICBufferFull", Time since last: 118760583 ns, Reaching safepoint: 6100 ns, Cleanup: 169408 ns, At safepoint: 6000 ns, Total: 181508 ns
[4.764s][info ][safepoint      ] Safepoint "ICBufferFull", Time since last: 135738582 ns, Reaching safepoint: 4800 ns, Cleanup: 158607 ns, At safepoint: 6301 ns, Total: 169708 ns
[4.953s][info ][safepoint      ] Safepoint "ICBufferFull", Time since last: 188487461 ns, Reaching safepoint: 5700 ns, Cleanup: 149407 ns, At safepoint: 2800 ns, Total: 157907 ns
[5.191s][info ][safepoint      ] Safepoint "ICBufferFull", Time since last: 237882584 ns, Reaching safepoint: 167808 ns, Cleanup: 146107 ns, At safepoint: 5800 ns, Total: 319715 ns
[5.369s][info ][safepoint      ] Safepoint "ICBufferFull", Time since last: 177901564 ns, Reaching safepoint: 4100 ns, Cleanup: 151607 ns, At safepoint: 4700 ns, Total: 160407 ns
[5.731s][info ][safepoint      ] Safepoint "ICBufferFull", Time since last: 361272685 ns, Reaching safepoint: 102704 ns, Cleanup: 160608 ns, At safepoint: 5100 ns, Total: 268412 ns
[6.165s][info ][safepoint      ] Safepoint "ICBufferFull", Time since last: 434321219 ns, Reaching safepoint: 3900 ns, Cleanup: 166108 ns, At safepoint: 7000 ns, Total: 177008 ns
[6.674s][info ][gc,start       ] GC(4) Pause Young (Metadata GC Threshold)
[6.720s][debug][gc,phases      ] GC(4) Scavenge 46.036ms
[6.721s][debug][gc,ref         ] GC(4) ReferenceProcessor::execute queues: 4, RefProcThreadModel::Multi, marks_oops_alive: false
[6.723s][debug][gc,ref         ] GC(4) Skipped KeepAliveFinalRefsPhase of Reference Processing: no references
[6.723s][debug][gc,ref         ] GC(4) ReferenceProcessor::execute queues: 4, RefProcThreadModel::Multi, marks_oops_alive: false
[6.723s][debug][gc,phases      ] GC(4) Reference Processing 2.710ms
[6.724s][debug][gc,phases      ] GC(4)   VM Weak                        Min:  0.0, Avg:  0.0, Max:  0.0, Diff:  0.0, Sum:  0.0, Workers: 4
[6.724s][debug][gc,phases      ] GC(4)     Dead                           Min: 0, Avg:  0.0, Max: 0, Diff: 0, Sum: 0, Workers: 4
[6.724s][debug][gc,phases      ] GC(4)     Total                          Min: 0, Avg: 120.2, Max: 320, Diff: 320, Sum: 481, Workers: 4
[6.724s][debug][gc,phases      ] GC(4)   ObjectSynchronizer Weak        Min:  0.0, Avg:  0.0, Max:  0.0, Diff:  0.0, Sum:  0.0, Workers: 4
[6.724s][debug][gc,phases      ] GC(4)     Dead                           Min: 0, Avg:  0.0, Max: 0, Diff: 0, Sum: 0, Workers: 4
[6.724s][debug][gc,phases      ] GC(4)     Total                          Min: 0, Avg:  2.2, Max: 9, Diff: 9, Sum: 9, Workers: 4
[6.724s][debug][gc,phases      ] GC(4)   JVMTI Tag Weak OopStorage      Min:  0.0, Avg:  0.0, Max:  0.0, Diff:  0.0, Sum:  0.0, Workers: 4
[6.724s][debug][gc,phases      ] GC(4)     Dead                           Min: 0, Avg:  0.0, Max: 0, Diff: 0, Sum: 0, Workers: 4
[6.724s][debug][gc,phases      ] GC(4)     Total                          Min: 0, Avg:  0.0, Max: 0, Diff: 0, Sum: 0, Workers: 4
[6.724s][debug][gc,phases      ] GC(4)   StringTable Weak               Min:  0.0, Avg:  0.3, Max:  0.4, Diff:  0.4, Sum:  1.2, Workers: 4
[6.724s][debug][gc,phases      ] GC(4)     Dead                           Min: 0, Avg:  3.0, Max: 6, Diff: 6, Sum: 12, Workers: 4
[6.724s][debug][gc,phases      ] GC(4)     Total                          Min: 0, Avg: 6764.2, Max: 9536, Diff: 9536, Sum: 27057, Workers: 4
[6.724s][debug][gc,phases      ] GC(4)   ResolvedMethodTable Weak       Min:  0.0, Avg:  0.2, Max:  0.2, Diff:  0.2, Sum:  0.7, Workers: 4
[6.724s][debug][gc,phases      ] GC(4)     Dead                           Min: 0, Avg: 964.2, Max: 1332, Diff: 1332, Sum: 3857, Workers: 4
[6.724s][debug][gc,phases      ] GC(4)     Total                          Min: 0, Avg: 2807.0, Max: 3840, Diff: 3840, Sum: 11228, Workers: 4
[6.724s][debug][gc,phases      ] GC(4)   JNI Weak                       Min:  0.0, Avg:  0.0, Max:  0.0, Diff:  0.0, Sum:  0.0, Workers: 4
[6.724s][debug][gc,phases      ] GC(4)     Dead                           Min: 0, Avg:  0.0, Max: 0, Diff: 0, Sum: 0, Workers: 4
[6.724s][debug][gc,phases      ] GC(4)     Total                          Min: 0, Avg: 12.2, Max: 49, Diff: 49, Sum: 49, Workers: 4
[6.724s][debug][gc,phases      ] GC(4)   StringDedup Table Weak         Min:  0.0, Avg:  0.0, Max:  0.0, Diff:  0.0, Sum:  0.0, Workers: 4
[6.724s][debug][gc,phases      ] GC(4)     Dead                           Min: 0, Avg:  0.0, Max: 0, Diff: 0, Sum: 0, Workers: 4
[6.724s][debug][gc,phases      ] GC(4)     Total                          Min: 0, Avg:  0.0, Max: 0, Diff: 0, Sum: 0, Workers: 4
[6.724s][debug][gc,phases      ] GC(4)   StringDedup Requests0 Weak     Min:  0.0, Avg:  0.0, Max:  0.0, Diff:  0.0, Sum:  0.0, Workers: 4
[6.724s][debug][gc,phases      ] GC(4)     Dead                           Min: 0, Avg:  0.0, Max: 0, Diff: 0, Sum: 0, Workers: 4
[6.724s][debug][gc,phases      ] GC(4)     Total                          Min: 0, Avg:  0.0, Max: 0, Diff: 0, Sum: 0, Workers: 4
[6.724s][debug][gc,phases      ] GC(4)   StringDedup Requests1 Weak     Min:  0.0, Avg:  0.0, Max:  0.0, Diff:  0.0, Sum:  0.0, Workers: 4
[6.724s][debug][gc,phases      ] GC(4)     Dead                           Min: 0, Avg:  0.0, Max: 0, Diff: 0, Sum: 0, Workers: 4
[6.724s][debug][gc,phases      ] GC(4)     Total                          Min: 0, Avg:  0.0, Max: 0, Diff: 0, Sum: 0, Workers: 4
[6.724s][debug][gc,phases      ] GC(4)   Weak JFR Old Object Samples    Min:  0.0, Avg:  0.0, Max:  0.0, Diff:  0.0, Sum:  0.0, Workers: 4
[6.724s][debug][gc,phases      ] GC(4)     Dead                           Min: 0, Avg:  0.0, Max: 0, Diff: 0, Sum: 0, Workers: 4
[6.724s][debug][gc,phases      ] GC(4)     Total                          Min: 0, Avg:  0.0, Max: 0, Diff: 0, Sum: 0, Workers: 4
[6.724s][debug][gc,phases      ] GC(4) Weak Processing 0.963ms
[6.724s][debug][gc,age         ] GC(4) Desired survivor size 536870912 bytes, new threshold 7 (max threshold 15)
[6.724s][info ][gc,heap        ] GC(4) PSYoungGen: 495973K(1572864K)->77386K(1572864K) Eden: 440417K(1048576K)->0K(1048576K) From: 55556K(524288K)->77386K(524288K)
[6.724s][info ][gc,heap        ] GC(4) ParOldGen: 5647K(6144K)->5671K(6144K)
[6.724s][info ][gc,metaspace   ] GC(4) Metaspace: 59060K(59776K)->59060K(59776K) NonClass: 49620K(49984K)->49620K(49984K) Class: 9440K(9792K)->9440K(9792K)
[6.724s][info ][gc             ] GC(4) Pause Young (Metadata GC Threshold) 489M->81M(1542M) 49.903ms
[6.724s][info ][gc,cpu         ] GC(4) User=0.16s Sys=0.03s Real=0.05s
[6.724s][debug][gc,phases      ] GC(5) Pre Compact 0.013ms
[6.724s][info ][gc,start       ] GC(5) Pause Full (Metadata GC Threshold)
[6.724s][info ][gc,phases,start] GC(5) Marking Phase
[6.767s][debug][gc,phases      ] GC(5) Par Mark 42.586ms
[6.767s][debug][gc,ref         ] GC(5) ReferenceProcessor::execute queues: 4, RefProcThreadModel::Multi, marks_oops_alive: false
[6.768s][debug][gc,ref         ] GC(5) ReferenceProcessor::execute queues: 4, RefProcThreadModel::Multi, marks_oops_alive: true
[6.768s][debug][gc,ref         ] GC(5) ReferenceProcessor::execute queues: 1, RefProcThreadModel::Single, marks_oops_alive: false
[6.768s][debug][gc,phases      ] GC(5) Reference Processing 0.928ms
[6.768s][debug][gc,phases      ] GC(5)   VM Weak                        Min:  0.0, Avg:  0.0, Max:  0.0, Diff:  0.0, Sum:  0.0, Workers: 4
[6.768s][debug][gc,phases      ] GC(5)     Dead                           Min: 0, Avg:  0.0, Max: 0, Diff: 0, Sum: 0, Workers: 4
[6.768s][debug][gc,phases      ] GC(5)     Total                          Min: 0, Avg: 120.2, Max: 192, Diff: 192, Sum: 481, Workers: 4
[6.768s][debug][gc,phases      ] GC(5)   ObjectSynchronizer Weak        Min:  0.0, Avg:  0.0, Max:  0.0, Diff:  0.0, Sum:  0.0, Workers: 4
[6.768s][debug][gc,phases      ] GC(5)     Dead                           Min: 0, Avg:  0.0, Max: 0, Diff: 0, Sum: 0, Workers: 4
[6.768s][debug][gc,phases      ] GC(5)     Total                          Min: 0, Avg:  2.2, Max: 9, Diff: 9, Sum: 9, Workers: 4
[6.768s][debug][gc,phases      ] GC(5)   JVMTI Tag Weak OopStorage      Min:  0.0, Avg:  0.0, Max:  0.0, Diff:  0.0, Sum:  0.0, Workers: 4
[6.768s][debug][gc,phases      ] GC(5)     Dead                           Min: 0, Avg:  0.0, Max: 0, Diff: 0, Sum: 0, Workers: 4
[6.768s][debug][gc,phases      ] GC(5)     Total                          Min: 0, Avg:  0.0, Max: 0, Diff: 0, Sum: 0, Workers: 4
[6.768s][debug][gc,phases      ] GC(5)   StringTable Weak               Min:  0.1, Avg:  0.1, Max:  0.1, Diff:  0.0, Sum:  0.5, Workers: 4
[6.768s][debug][gc,phases      ] GC(5)     Dead                           Min: 0, Avg:  0.0, Max: 0, Diff: 0, Sum: 0, Workers: 4
[6.768s][debug][gc,phases      ] GC(5)     Total                          Min: 6400, Avg: 6764.2, Max: 6976, Diff: 576, Sum: 27057, Workers: 4
[6.768s][debug][gc,phases      ] GC(5)   ResolvedMethodTable Weak       Min:  0.0, Avg:  0.0, Max:  0.0, Diff:  0.0, Sum:  0.2, Workers: 4
[6.768s][debug][gc,phases      ] GC(5)     Dead                           Min: 0, Avg:  0.0, Max: 0, Diff: 0, Sum: 0, Workers: 4
[6.768s][debug][gc,phases      ] GC(5)     Total                          Min: 2688, Avg: 2807.0, Max: 2880, Diff: 192, Sum: 11228, Workers: 4
[6.768s][debug][gc,phases      ] GC(5)   JNI Weak                       Min:  0.0, Avg:  0.0, Max:  0.0, Diff:  0.0, Sum:  0.0, Workers: 4
[6.768s][debug][gc,phases      ] GC(5)     Dead                           Min: 0, Avg:  0.0, Max: 0, Diff: 0, Sum: 0, Workers: 4
[6.768s][debug][gc,phases      ] GC(5)     Total                          Min: 0, Avg: 12.2, Max: 49, Diff: 49, Sum: 49, Workers: 4
[6.768s][debug][gc,phases      ] GC(5)   StringDedup Table Weak         Min:  0.0, Avg:  0.0, Max:  0.0, Diff:  0.0, Sum:  0.0, Workers: 4
[6.768s][debug][gc,phases      ] GC(5)     Dead                           Min: 0, Avg:  0.0, Max: 0, Diff: 0, Sum: 0, Workers: 4
[6.768s][debug][gc,phases      ] GC(5)     Total                          Min: 0, Avg:  0.0, Max: 0, Diff: 0, Sum: 0, Workers: 4
[6.768s][debug][gc,phases      ] GC(5)   StringDedup Requests0 Weak     Min:  0.0, Avg:  0.0, Max:  0.0, Diff:  0.0, Sum:  0.0, Workers: 4
[6.768s][debug][gc,phases      ] GC(5)     Dead                           Min: 0, Avg:  0.0, Max: 0, Diff: 0, Sum: 0, Workers: 4
[6.768s][debug][gc,phases      ] GC(5)     Total                          Min: 0, Avg:  0.0, Max: 0, Diff: 0, Sum: 0, Workers: 4
[6.768s][debug][gc,phases      ] GC(5)   StringDedup Requests1 Weak     Min:  0.0, Avg:  0.0, Max:  0.0, Diff:  0.0, Sum:  0.0, Workers: 4
[6.768s][debug][gc,phases      ] GC(5)     Dead                           Min: 0, Avg:  0.0, Max: 0, Diff: 0, Sum: 0, Workers: 4
[6.768s][debug][gc,phases      ] GC(5)     Total                          Min: 0, Avg:  0.0, Max: 0, Diff: 0, Sum: 0, Workers: 4
[6.768s][debug][gc,phases      ] GC(5)   Weak JFR Old Object Samples    Min:  0.0, Avg:  0.0, Max:  0.0, Diff:  0.0, Sum:  0.0, Workers: 4
[6.768s][debug][gc,phases      ] GC(5)     Dead                           Min: 0, Avg:  0.0, Max: 0, Diff: 0, Sum: 0, Workers: 4
[6.768s][debug][gc,phases      ] GC(5)     Total                          Min: 0, Avg:  0.0, Max: 0, Diff: 0, Sum: 0, Workers: 4
[6.768s][debug][gc,phases      ] GC(5) Weak Processing 0.399ms
[6.768s][debug][gc,phases      ] GC(5) ClassLoaderData 0.082ms
[6.768s][debug][gc,phases      ] GC(5) Trigger cleanups 0.000ms
[6.780s][debug][gc,phases      ] GC(5) Purge Unlinked NMethods 0.221ms
[6.780s][debug][gc,phases      ] GC(5) Unregister NMethods 0.070ms
[6.780s][debug][gc,phases      ] GC(5) Free Code Blobs 0.041ms
[6.780s][debug][gc,phases      ] GC(5) Class Unloading 12.344ms
[6.780s][debug][gc,phases      ] GC(5) Report Object Count 0.001ms
[6.780s][info ][gc,phases      ] GC(5) Marking Phase 56.345ms
[6.780s][info ][gc,phases,start] GC(5) Summary Phase
[6.781s][info ][gc,phases      ] GC(5) Summary Phase 0.009ms
[6.781s][info ][gc,phases,start] GC(5) Adjust Roots
[6.790s][info ][gc,phases      ] GC(5) Adjust Roots 9.374ms
[6.790s][info ][gc,phases,start] GC(5) Compaction Phase
[7.109s][info ][gc,phases      ] GC(5) Compaction Phase 319.417ms
[7.109s][info ][gc,phases,start] GC(5) Post Compact
[7.110s][debug][gc,phases      ] GC(5) Purge Class Loader Data 0.345ms
[7.111s][info ][gc,phases      ] GC(5) Post Compact 1.253ms
[7.111s][info ][gc,heap        ] GC(5) PSYoungGen: 77386K(1572864K)->77176K(1572864K) Eden: 0K(1048576K)->0K(1048576K) From: 77386K(524288K)->77176K(524288K)
[7.111s][info ][gc,heap        ] GC(5) ParOldGen: 5671K(6144K)->5607K(6144K)
[7.111s][info ][gc,metaspace   ] GC(5) Metaspace: 59060K(59776K)->59060K(59776K) NonClass: 49620K(49984K)->49620K(49984K) Class: 9440K(9792K)->9440K(9792K)
[7.111s][info ][gc             ] GC(5) Pause Full (Metadata GC Threshold) 81M->80M(1542M) 386.574ms
[7.111s][info ][gc,cpu         ] GC(5) User=0.80s Sys=0.03s Real=0.39s
[7.111s][info ][safepoint      ] Safepoint "CollectForMetadataAllocation", Time since last: 508782319 ns, Reaching safepoint: 5300 ns, Cleanup: 99005 ns, At safepoint: 436658300 ns, Total: 436762605 ns
[7.927s][info ][safepoint      ] Safepoint "ICBufferFull", Time since last: 816304706 ns, Reaching safepoint: 83403 ns, Cleanup: 188009 ns, At safepoint: 5600 ns, Total: 277012 ns
[8.190s][info ][safepoint      ] Safepoint "ICBufferFull", Time since last: 262622745 ns, Reaching safepoint: 6200 ns, Cleanup: 166807 ns, At safepoint: 10101 ns, Total: 183108 ns
[8.332s][info ][safepoint      ] Safepoint "ICBufferFull", Time since last: 137415845 ns, Reaching safepoint: 3991479 ns, Cleanup: 170607 ns, At safepoint: 10201 ns, Total: 4172287 ns
[8.434s][info ][safepoint      ] Safepoint "ICBufferFull", Time since last: 102271573 ns, Reaching safepoint: 81104 ns, Cleanup: 128806 ns, At safepoint: 4200 ns, Total: 214110 ns
[8.581s][info ][safepoint      ] Safepoint "ICBufferFull", Time since last: 146962572 ns, Reaching safepoint: 3600 ns, Cleanup: 134906 ns, At safepoint: 1800 ns, Total: 140306 ns
[8.770s][info ][safepoint      ] Safepoint "ICBufferFull", Time since last: 188300221 ns, Reaching safepoint: 6001 ns, Cleanup: 127905 ns, At safepoint: 3201 ns, Total: 137107 ns
[8.943s][info ][safepoint      ] Safepoint "ICBufferFull", Time since last: 173051739 ns, Reaching safepoint: 81703 ns, Cleanup: 162807 ns, At safepoint: 9201 ns, Total: 253711 ns
[9.249s][info ][safepoint      ] Safepoint "ICBufferFull", Time since last: 305254051 ns, Reaching safepoint: 79904 ns, Cleanup: 165107 ns, At safepoint: 8800 ns, Total: 253811 ns
[9.459s][info ][safepoint      ] Safepoint "ICBufferFull", Time since last: 209956990 ns, Reaching safepoint: 7000 ns, Cleanup: 156507 ns, At safepoint: 5000 ns, Total: 168507 ns
[9.692s][info ][safepoint      ] Safepoint "ICBufferFull", Time since last: 232698907 ns, Reaching safepoint: 85604 ns, Cleanup: 184608 ns, At safepoint: 8700 ns, Total: 278912 ns
[10.152s][info ][safepoint      ] Safepoint "ICBufferFull", Time since last: 459857065 ns, Reaching safepoint: 98005 ns, Cleanup: 171908 ns, At safepoint: 13000 ns, Total: 282913 ns
[10.317s][info ][safepoint      ] Safepoint "ICBufferFull", Time since last: 164693265 ns, Reaching safepoint: 82804 ns, Cleanup: 140506 ns, At safepoint: 12601 ns, Total: 235911 ns
[11.317s][info ][safepoint      ] Safepoint "Cleanup", Time since last: 1000116226 ns, Reaching safepoint: 84604 ns, Cleanup: 95704 ns, At safepoint: 10800 ns, Total: 191108 ns
[12.317s][info ][safepoint      ] Safepoint "Cleanup", Time since last: 1000127027 ns, Reaching safepoint: 86504 ns, Cleanup: 19100 ns, At safepoint: 11701 ns, Total: 117305 ns
[13.110s][info ][safepoint      ] Safepoint "ICBufferFull", Time since last: 792250630 ns, Reaching safepoint: 86004 ns, Cleanup: 151907 ns, At safepoint: 8000 ns, Total: 245911 ns
[13.206s][info ][safepoint      ] Safepoint "ICBufferFull", Time since last: 95577574 ns, Reaching safepoint: 8001 ns, Cleanup: 133506 ns, At safepoint: 7800 ns, Total: 149307 ns
[13.313s][info ][safepoint      ] Safepoint "ICBufferFull", Time since last: 106807076 ns, Reaching safepoint: 87204 ns, Cleanup: 174908 ns, At safepoint: 15201 ns, Total: 277313 ns
[13.414s][info ][safepoint      ] Safepoint "ICBufferFull", Time since last: 101215026 ns, Reaching safepoint: 89604 ns, Cleanup: 161808 ns, At safepoint: 13800 ns, Total: 265212 ns
[13.515s][info ][safepoint      ] Safepoint "ICBufferFull", Time since last: 100832109 ns, Reaching safepoint: 128906 ns, Cleanup: 357516 ns, At safepoint: 16701 ns, Total: 503123 ns
[13.701s][info ][safepoint      ] Safepoint "ICBufferFull", Time since last: 184825265 ns, Reaching safepoint: 222010 ns, Cleanup: 157307 ns, At safepoint: 15901 ns, Total: 395218 ns
[13.906s][info ][safepoint      ] Safepoint "ICBufferFull", Time since last: 205545192 ns, Reaching safepoint: 85404 ns, Cleanup: 168908 ns, At safepoint: 9500 ns, Total: 263812 ns
[14.139s][info ][safepoint      ] Safepoint "ICBufferFull", Time since last: 232022176 ns, Reaching safepoint: 87904 ns, Cleanup: 152207 ns, At safepoint: 17501 ns, Total: 257612 ns
[14.285s][info ][safepoint      ] Safepoint "ParallelGCFailedAllocation", Time since last: 146348945 ns, Reaching safepoint: 157207 ns, Cleanup: 128605 ns, At safepoint: 20801 ns, Total: 306613 ns
[14.287s][info ][gc,start       ] GC(6) Pause Young (GCLocker Initiated GC)
[14.387s][debug][gc,phases      ] GC(6) Scavenge 100.547ms
[14.388s][debug][gc,ref         ] GC(6) ReferenceProcessor::execute queues: 4, RefProcThreadModel::Multi, marks_oops_alive: false
[14.388s][debug][gc,ref         ] GC(6) Skipped KeepAliveFinalRefsPhase of Reference Processing: no references
[14.388s][debug][gc,ref         ] GC(6) ReferenceProcessor::execute queues: 4, RefProcThreadModel::Multi, marks_oops_alive: false
[14.389s][debug][gc,phases      ] GC(6) Reference Processing 1.132ms
[14.390s][debug][gc,phases      ] GC(6)   VM Weak                        Min:  0.0, Avg:  0.0, Max:  0.0, Diff:  0.0, Sum:  0.0, Workers: 4
[14.390s][debug][gc,phases      ] GC(6)     Dead                           Min: 0, Avg:  0.0, Max: 0, Diff: 0, Sum: 0, Workers: 4
[14.390s][debug][gc,phases      ] GC(6)     Total                          Min: 0, Avg: 172.0, Max: 256, Diff: 256, Sum: 688, Workers: 4
[14.390s][debug][gc,phases      ] GC(6)   ObjectSynchronizer Weak        Min:  0.0, Avg:  0.0, Max:  0.0, Diff:  0.0, Sum:  0.0, Workers: 4
[14.391s][debug][gc,phases      ] GC(6)     Dead                           Min: 0, Avg:  4.0, Max: 10, Diff: 10, Sum: 16, Workers: 4
[14.391s][debug][gc,phases      ] GC(6)     Total                          Min: 0, Avg: 106.8, Max: 192, Diff: 192, Sum: 427, Workers: 4
[14.391s][debug][gc,phases      ] GC(6)   JVMTI Tag Weak OopStorage      Min:  0.0, Avg:  0.0, Max:  0.0, Diff:  0.0, Sum:  0.0, Workers: 4
[14.391s][debug][gc,phases      ] GC(6)     Dead                           Min: 0, Avg:  0.0, Max: 0, Diff: 0, Sum: 0, Workers: 4
[14.391s][debug][gc,phases      ] GC(6)     Total                          Min: 0, Avg:  0.0, Max: 0, Diff: 0, Sum: 0, Workers: 4
[14.391s][debug][gc,phases      ] GC(6)   StringTable Weak               Min:  0.0, Avg:  0.4, Max:  0.6, Diff:  0.6, Sum:  1.7, Workers: 4
[14.391s][debug][gc,phases      ] GC(6)     Dead                           Min: 0, Avg:  6.8, Max: 12, Diff: 12, Sum: 27, Workers: 4
[14.391s][debug][gc,phases      ] GC(6)     Total                          Min: 0, Avg: 9864.0, Max: 16832, Diff: 16832, Sum: 39456, Workers: 4
[14.391s][debug][gc,phases      ] GC(6)   ResolvedMethodTable Weak       Min:  0.0, Avg:  0.5, Max:  1.2, Diff:  1.2, Sum:  1.8, Workers: 4
[14.391s][debug][gc,phases      ] GC(6)     Dead                           Min: 0, Avg: 715.0, Max: 1336, Diff: 1336, Sum: 2860, Workers: 4
[14.391s][debug][gc,phases      ] GC(6)     Total                          Min: 0, Avg: 3646.0, Max: 6080, Diff: 6080, Sum: 14584, Workers: 4
[14.391s][debug][gc,phases      ] GC(6)   JNI Weak                       Min:  0.0, Avg:  0.0, Max:  0.0, Diff:  0.0, Sum:  0.0, Workers: 4
[14.391s][debug][gc,phases      ] GC(6)     Dead                           Min: 0, Avg:  0.0, Max: 0, Diff: 0, Sum: 0, Workers: 4
[14.391s][debug][gc,phases      ] GC(6)     Total                          Min: 0, Avg: 29.8, Max: 64, Diff: 64, Sum: 119, Workers: 4
[14.391s][debug][gc,phases      ] GC(6)   StringDedup Table Weak         Min:  0.0, Avg:  0.0, Max:  0.0, Diff:  0.0, Sum:  0.0, Workers: 4
[14.391s][debug][gc,phases      ] GC(6)     Dead                           Min: 0, Avg:  0.0, Max: 0, Diff: 0, Sum: 0, Workers: 4
[14.391s][debug][gc,phases      ] GC(6)     Total                          Min: 0, Avg:  0.0, Max: 0, Diff: 0, Sum: 0, Workers: 4
[14.391s][debug][gc,phases      ] GC(6)   StringDedup Requests0 Weak     Min:  0.0, Avg:  0.0, Max:  0.0, Diff:  0.0, Sum:  0.0, Workers: 4
[14.391s][debug][gc,phases      ] GC(6)     Dead                           Min: 0, Avg:  0.0, Max: 0, Diff: 0, Sum: 0, Workers: 4
[14.391s][debug][gc,phases      ] GC(6)     Total                          Min: 0, Avg:  0.0, Max: 0, Diff: 0, Sum: 0, Workers: 4
[14.391s][debug][gc,phases      ] GC(6)   StringDedup Requests1 Weak     Min:  0.0, Avg:  0.0, Max:  0.0, Diff:  0.0, Sum:  0.0, Workers: 4
[14.391s][debug][gc,phases      ] GC(6)     Dead                           Min: 0, Avg:  0.0, Max: 0, Diff: 0, Sum: 0, Workers: 4
[14.391s][debug][gc,phases      ] GC(6)     Total                          Min: 0, Avg:  0.0, Max: 0, Diff: 0, Sum: 0, Workers: 4
[14.391s][debug][gc,phases      ] GC(6)   Weak JFR Old Object Samples    Min:  0.0, Avg:  0.0, Max:  0.0, Diff:  0.0, Sum:  0.0, Workers: 4
[14.391s][debug][gc,phases      ] GC(6)     Dead                           Min: 0, Avg:  0.0, Max: 0, Diff: 0, Sum: 0, Workers: 4
[14.391s][debug][gc,phases      ] GC(6)     Total                          Min: 0, Avg:  0.0, Max: 0, Diff: 0, Sum: 0, Workers: 4
[14.391s][debug][gc,phases      ] GC(6) Weak Processing 2.036ms
[14.391s][debug][gc,age         ] GC(6) Desired survivor size 536870912 bytes, new threshold 7 (max threshold 15)
[14.391s][info ][gc,heap        ] GC(6) PSYoungGen: 1125752K(1572864K)->162194K(1572864K) Eden: 1048576K(1048576K)->0K(1048576K) From: 77176K(524288K)->162194K(524288K)
[14.391s][info ][gc,heap        ] GC(6) ParOldGen: 5607K(6144K)->5655K(6144K)
[14.391s][info ][gc,metaspace   ] GC(6) Metaspace: 87138K(88064K)->87138K(88064K) NonClass: 73460K(73984K)->73460K(73984K) Class: 13678K(14080K)->13678K(14080K)
[14.391s][info ][gc             ] GC(6) Pause Young (GCLocker Initiated GC) 1104M->163M(1542M) 103.859ms
[14.391s][info ][gc,cpu         ] GC(6) User=0.34s Sys=0.04s Real=0.11s
[14.391s][info ][safepoint      ] Safepoint "ParallelGCSystemGC", Time since last: 1339460 ns, Reaching safepoint: 79004 ns, Cleanup: 4000 ns, At safepoint: 103952749 ns, Total: 104035753 ns
[14.703s][info ][safepoint      ] Safepoint "ICBufferFull", Time since last: 312289066 ns, Reaching safepoint: 8800 ns, Cleanup: 173008 ns, At safepoint: 9300 ns, Total: 191108 ns
[14.856s][info ][safepoint      ] Safepoint "ICBufferFull", Time since last: 152131203 ns, Reaching safepoint: 8101 ns, Cleanup: 205409 ns, At safepoint: 10901 ns, Total: 224411 ns
[14.991s][info ][safepoint      ] Safepoint "ICBufferFull", Time since last: 135222871 ns, Reaching safepoint: 9201 ns, Cleanup: 152606 ns, At safepoint: 3600 ns, Total: 165407 ns
[15.072s][info ][safepoint      ] Safepoint "ICBufferFull", Time since last: 81174299 ns, Reaching safepoint: 10300 ns, Cleanup: 154006 ns, At safepoint: 10101 ns, Total: 174407 ns
[15.148s][info ][safepoint      ] Safepoint "ICBufferFull", Time since last: 75625480 ns, Reaching safepoint: 90504 ns, Cleanup: 155806 ns, At safepoint: 16001 ns, Total: 262311 ns
[15.298s][info ][safepoint      ] Safepoint "ICBufferFull", Time since last: 149921008 ns, Reaching safepoint: 89004 ns, Cleanup: 148706 ns, At safepoint: 20601 ns, Total: 258311 ns
[15.589s][info ][safepoint      ] Safepoint "ICBufferFull", Time since last: 290035131 ns, Reaching safepoint: 87603 ns, Cleanup: 160806 ns, At safepoint: 11701 ns, Total: 260110 ns
[15.891s][info ][safepoint      ] Safepoint "ICBufferFull", Time since last: 301677190 ns, Reaching safepoint: 9900 ns, Cleanup: 176007 ns, At safepoint: 8200 ns, Total: 194107 ns
[16.680s][info ][safepoint      ] Safepoint "ICBufferFull", Time since last: 789440614 ns, Reaching safepoint: 7300 ns, Cleanup: 160406 ns, At safepoint: 2700 ns, Total: 170406 ns
[17.379s][info ][safepoint      ] Safepoint "ICBufferFull", Time since last: 698360424 ns, Reaching safepoint: 82603 ns, Cleanup: 177807 ns, At safepoint: 6801 ns, Total: 267211 ns
[18.094s][info ][safepoint      ] Safepoint "ICBufferFull", Time since last: 714495760 ns, Reaching safepoint: 10900 ns, Cleanup: 197908 ns, At safepoint: 9500 ns, Total: 218308 ns
[18.591s][info ][safepoint      ] Safepoint "ICBufferFull", Time since last: 497768118 ns, Reaching safepoint: 6600 ns, Cleanup: 168607 ns, At safepoint: 4300 ns, Total: 179507 ns
[18.726s][info ][safepoint      ] Safepoint "ICBufferFull", Time since last: 134532102 ns, Reaching safepoint: 97204 ns, Cleanup: 174207 ns, At safepoint: 10001 ns, Total: 281412 ns
[18.805s][info ][safepoint      ] Safepoint "ICBufferFull", Time since last: 78501693 ns, Reaching safepoint: 83904 ns, Cleanup: 148806 ns, At safepoint: 14500 ns, Total: 247210 ns
[18.872s][info ][safepoint      ] Safepoint "ICBufferFull", Time since last: 63912219 ns, Reaching safepoint: 3190326 ns, Cleanup: 169107 ns, At safepoint: 24500 ns, Total: 3383933 ns
[19.040s][info ][safepoint      ] Safepoint "ICBufferFull", Time since last: 167261693 ns, Reaching safepoint: 10700 ns, Cleanup: 190808 ns, At safepoint: 8000 ns, Total: 209508 ns
[19.283s][info ][safepoint      ] Safepoint "ICBufferFull", Time since last: 242889473 ns, Reaching safepoint: 91503 ns, Cleanup: 160007 ns, At safepoint: 13700 ns, Total: 265210 ns
[19.454s][info ][safepoint      ] Safepoint "ICBufferFull", Time since last: 170972538 ns, Reaching safepoint: 88204 ns, Cleanup: 166407 ns, At safepoint: 12000 ns, Total: 266611 ns
[19.685s][info ][safepoint      ] Safepoint "ICBufferFull", Time since last: 230988404 ns, Reaching safepoint: 84803 ns, Cleanup: 173507 ns, At safepoint: 12600 ns, Total: 270910 ns
[20.007s][info ][safepoint      ] Safepoint "ICBufferFull", Time since last: 321484571 ns, Reaching safepoint: 9500 ns, Cleanup: 187708 ns, At safepoint: 3300 ns, Total: 200508 ns
[20.286s][info ][safepoint      ] Safepoint "ICBufferFull", Time since last: 278209064 ns, Reaching safepoint: 82804 ns, Cleanup: 152906 ns, At safepoint: 16200 ns, Total: 251910 ns
[20.735s][info ][safepoint      ] Safepoint "ICBufferFull", Time since last: 449575119 ns, Reaching safepoint: 88504 ns, Cleanup: 179207 ns, At safepoint: 23001 ns, Total: 290712 ns
[20.939s][info ][gc,start       ] GC(7) Pause Young (Allocation Failure)
[21.052s][debug][gc,phases      ] GC(7) Scavenge 112.979ms
[21.053s][debug][gc,ref         ] GC(7) ReferenceProcessor::execute queues: 4, RefProcThreadModel::Multi, marks_oops_alive: false
[21.054s][debug][gc,ref         ] GC(7) Skipped KeepAliveFinalRefsPhase of Reference Processing: no references
[21.054s][debug][gc,ref         ] GC(7) ReferenceProcessor::execute queues: 2, RefProcThreadModel::Multi, marks_oops_alive: false
[21.054s][debug][gc,phases      ] GC(7) Reference Processing 1.630ms
[21.055s][debug][gc,phases      ] GC(7)   VM Weak                        Min:  0.0, Avg:  0.0, Max:  0.0, Diff:  0.0, Sum:  0.1, Workers: 4
[21.055s][debug][gc,phases      ] GC(7)     Dead                           Min: 0, Avg:  0.0, Max: 0, Diff: 0, Sum: 0, Workers: 4
[21.055s][debug][gc,phases      ] GC(7)     Total                          Min: 128, Avg: 231.5, Max: 350, Diff: 222, Sum: 926, Workers: 4
[21.055s][debug][gc,phases      ] GC(7)   ObjectSynchronizer Weak        Min:  0.0, Avg:  0.0, Max:  0.0, Diff:  0.0, Sum:  0.0, Workers: 4
[21.055s][debug][gc,phases      ] GC(7)     Dead                           Min: 0, Avg:  1.8, Max: 6, Diff: 6, Sum: 7, Workers: 4
[21.055s][debug][gc,phases      ] GC(7)     Total                          Min: 64, Avg: 108.8, Max: 128, Diff: 64, Sum: 435, Workers: 4
[21.055s][debug][gc,phases      ] GC(7)   JVMTI Tag Weak OopStorage      Min:  0.0, Avg:  0.0, Max:  0.0, Diff:  0.0, Sum:  0.0, Workers: 4
[21.055s][debug][gc,phases      ] GC(7)     Dead                           Min: 0, Avg:  0.0, Max: 0, Diff: 0, Sum: 0, Workers: 4
[21.055s][debug][gc,phases      ] GC(7)     Total                          Min: 0, Avg:  0.0, Max: 0, Diff: 0, Sum: 0, Workers: 4
[21.055s][debug][gc,phases      ] GC(7)   StringTable Weak               Min:  0.5, Avg:  0.5, Max:  0.5, Diff:  0.0, Sum:  2.0, Workers: 4
[21.055s][debug][gc,phases      ] GC(7)     Dead                           Min: 2, Avg:  4.2, Max: 6, Diff: 4, Sum: 17, Workers: 4
[21.055s][debug][gc,phases      ] GC(7)     Total                          Min: 10176, Avg: 10739.2, Max: 11136, Diff: 960, Sum: 42957, Workers: 4
[21.055s][debug][gc,phases      ] GC(7)   ResolvedMethodTable Weak       Min:  0.2, Avg:  0.2, Max:  0.2, Diff:  0.0, Sum:  0.8, Workers: 4
[21.055s][debug][gc,phases      ] GC(7)     Dead                           Min: 257, Avg: 282.2, Max: 345, Diff: 88, Sum: 1129, Workers: 4
[21.055s][debug][gc,phases      ] GC(7)     Total                          Min: 3520, Avg: 3711.2, Max: 3837, Diff: 317, Sum: 14845, Workers: 4
[21.055s][debug][gc,phases      ] GC(7)   JNI Weak                       Min:  0.0, Avg:  0.0, Max:  0.0, Diff:  0.0, Sum:  0.0, Workers: 4
[21.055s][debug][gc,phases      ] GC(7)     Dead                           Min: 0, Avg:  0.0, Max: 0, Diff: 0, Sum: 0, Workers: 4
[21.055s][debug][gc,phases      ] GC(7)     Total                          Min: 0, Avg: 17.5, Max: 49, Diff: 49, Sum: 70, Workers: 4
[21.055s][debug][gc,phases      ] GC(7)   StringDedup Table Weak         Min:  0.0, Avg:  0.0, Max:  0.0, Diff:  0.0, Sum:  0.0, Workers: 4
[21.055s][debug][gc,phases      ] GC(7)     Dead                           Min: 0, Avg:  0.0, Max: 0, Diff: 0, Sum: 0, Workers: 4
[21.055s][debug][gc,phases      ] GC(7)     Total                          Min: 0, Avg:  0.0, Max: 0, Diff: 0, Sum: 0, Workers: 4
[21.055s][debug][gc,phases      ] GC(7)   StringDedup Requests0 Weak     Min:  0.0, Avg:  0.0, Max:  0.0, Diff:  0.0, Sum:  0.0, Workers: 4
[21.055s][debug][gc,phases      ] GC(7)     Dead                           Min: 0, Avg:  0.0, Max: 0, Diff: 0, Sum: 0, Workers: 4
[21.055s][debug][gc,phases      ] GC(7)     Total                          Min: 0, Avg:  0.0, Max: 0, Diff: 0, Sum: 0, Workers: 4
[21.055s][debug][gc,phases      ] GC(7)   StringDedup Requests1 Weak     Min:  0.0, Avg:  0.0, Max:  0.0, Diff:  0.0, Sum:  0.0, Workers: 4
[21.055s][debug][gc,phases      ] GC(7)     Dead                           Min: 0, Avg:  0.0, Max: 0, Diff: 0, Sum: 0, Workers: 4
[21.055s][debug][gc,phases      ] GC(7)     Total                          Min: 0, Avg:  0.0, Max: 0, Diff: 0, Sum: 0, Workers: 4
[21.055s][debug][gc,phases      ] GC(7)   Weak JFR Old Object Samples    Min:  0.0, Avg:  0.0, Max:  0.0, Diff:  0.0, Sum:  0.0, Workers: 4
[21.055s][debug][gc,phases      ] GC(7)     Dead                           Min: 0, Avg:  0.0, Max: 0, Diff: 0, Sum: 0, Workers: 4
[21.055s][debug][gc,phases      ] GC(7)     Total                          Min: 0, Avg:  0.0, Max: 0, Diff: 0, Sum: 0, Workers: 4
[21.055s][debug][gc,phases      ] GC(7) Weak Processing 0.973ms
[21.055s][debug][gc,age         ] GC(7) Desired survivor size 245366784 bytes, new threshold 6 (max threshold 15)
[21.055s][info ][gc,heap        ] GC(7) PSYoungGen: 1210770K(1572864K)->216458K(1572864K) Eden: 1048576K(1048576K)->0K(1048576K) From: 162194K(524288K)->216458K(524288K)
[21.055s][info ][gc,heap        ] GC(7) ParOldGen: 5675K(6144K)->6003K(6144K)
[21.055s][info ][gc,metaspace   ] GC(7) Metaspace: 97567K(98688K)->97567K(98688K) NonClass: 82428K(83072K)->82428K(83072K) Class: 15139K(15616K)->15139K(15616K)
[21.055s][info ][gc             ] GC(7) Pause Young (Allocation Failure) 1187M->217M(1542M) 115.753ms
[21.055s][info ][gc,cpu         ] GC(7) User=0.34s Sys=0.09s Real=0.12s
[21.055s][info ][safepoint      ] Safepoint "ParallelGCFailedAllocation", Time since last: 203360488 ns, Reaching safepoint: 88304 ns, Cleanup: 78703 ns, At safepoint: 115863703 ns, Total: 116030710 ns
[21.585s][info ][safepoint      ] Safepoint "ICBufferFull", Time since last: 529989297 ns, Reaching safepoint: 92004 ns, Cleanup: 185709 ns, At safepoint: 14200 ns, Total: 291913 ns
[21.963s][info ][safepoint      ] Safepoint "ParallelGCSystemGC", Time since last: 377769563 ns, Reaching safepoint: 8400 ns, Cleanup: 105405 ns, At safepoint: 14501 ns, Total: 128306 ns
[21.963s][info ][gc,start       ] GC(8) Pause Young (GCLocker Initiated GC)
[22.089s][debug][gc,phases      ] GC(8) Scavenge 125.833ms
[22.090s][debug][gc,ref         ] GC(8) ReferenceProcessor::execute queues: 4, RefProcThreadModel::Multi, marks_oops_alive: false
[22.091s][debug][gc,ref         ] GC(8) Skipped KeepAliveFinalRefsPhase of Reference Processing: no references
[22.091s][debug][gc,ref         ] GC(8) ReferenceProcessor::execute queues: 1, RefProcThreadModel::Single, marks_oops_alive: false
[22.091s][debug][gc,phases      ] GC(8) Reference Processing 1.295ms
[22.091s][debug][gc,phases      ] GC(8)   VM Weak                        Min:  0.0, Avg:  0.0, Max:  0.0, Diff:  0.0, Sum:  0.1, Workers: 4
[22.091s][debug][gc,phases      ] GC(8)     Dead                           Min: 0, Avg:  0.0, Max: 0, Diff: 0, Sum: 0, Workers: 4
[22.091s][debug][gc,phases      ] GC(8)     Total                          Min: 128, Avg: 232.8, Max: 384, Diff: 256, Sum: 931, Workers: 4
[22.092s][debug][gc,phases      ] GC(8)   ObjectSynchronizer Weak        Min:  0.0, Avg:  0.0, Max:  0.0, Diff:  0.0, Sum:  0.0, Workers: 4
[22.092s][debug][gc,phases      ] GC(8)     Dead                           Min: 0, Avg:  0.0, Max: 0, Diff: 0, Sum: 0, Workers: 4
[22.092s][debug][gc,phases      ] GC(8)     Total                          Min: 64, Avg: 108.8, Max: 128, Diff: 64, Sum: 435, Workers: 4
[22.092s][debug][gc,phases      ] GC(8)   JVMTI Tag Weak OopStorage      Min:  0.0, Avg:  0.0, Max:  0.0, Diff:  0.0, Sum:  0.0, Workers: 4
[22.092s][debug][gc,phases      ] GC(8)     Dead                           Min: 0, Avg:  0.0, Max: 0, Diff: 0, Sum: 0, Workers: 4
[22.092s][debug][gc,phases      ] GC(8)     Total                          Min: 0, Avg:  0.0, Max: 0, Diff: 0, Sum: 0, Workers: 4
[22.092s][debug][gc,phases      ] GC(8)   StringTable Weak               Min:  0.6, Avg:  0.6, Max:  0.6, Diff:  0.0, Sum:  2.4, Workers: 4
[22.092s][debug][gc,phases      ] GC(8)     Dead                           Min: 0, Avg:  0.5, Max: 2, Diff: 2, Sum: 2, Workers: 4
[22.092s][debug][gc,phases      ] GC(8)     Total                          Min: 10186, Avg: 10786.5, Max: 11328, Diff: 1142, Sum: 43146, Workers: 4
[22.092s][debug][gc,phases      ] GC(8)   ResolvedMethodTable Weak       Min:  0.2, Avg:  0.2, Max:  0.2, Diff:  0.0, Sum:  0.9, Workers: 4
[22.092s][debug][gc,phases      ] GC(8)     Dead                           Min: 0, Avg:  8.2, Max: 22, Diff: 22, Sum: 33, Workers: 4
[22.092s][debug][gc,phases      ] GC(8)     Total                          Min: 3645, Avg: 3725.2, Max: 3775, Diff: 130, Sum: 14901, Workers: 4
[22.092s][debug][gc,phases      ] GC(8)   JNI Weak                       Min:  0.0, Avg:  0.0, Max:  0.0, Diff:  0.0, Sum:  0.0, Workers: 4
[22.092s][debug][gc,phases      ] GC(8)     Dead                           Min: 0, Avg:  0.0, Max: 0, Diff: 0, Sum: 0, Workers: 4
[22.092s][debug][gc,phases      ] GC(8)     Total                          Min: 0, Avg: 17.8, Max: 49, Diff: 49, Sum: 71, Workers: 4
[22.092s][debug][gc,phases      ] GC(8)   StringDedup Table Weak         Min:  0.0, Avg:  0.0, Max:  0.0, Diff:  0.0, Sum:  0.0, Workers: 4
[22.092s][debug][gc,phases      ] GC(8)     Dead                           Min: 0, Avg:  0.0, Max: 0, Diff: 0, Sum: 0, Workers: 4
[22.092s][debug][gc,phases      ] GC(8)     Total                          Min: 0, Avg:  0.0, Max: 0, Diff: 0, Sum: 0, Workers: 4
[22.092s][debug][gc,phases      ] GC(8)   StringDedup Requests0 Weak     Min:  0.0, Avg:  0.0, Max:  0.0, Diff:  0.0, Sum:  0.0, Workers: 4
[22.092s][debug][gc,phases      ] GC(8)     Dead                           Min: 0, Avg:  0.0, Max: 0, Diff: 0, Sum: 0, Workers: 4
[22.092s][debug][gc,phases      ] GC(8)     Total                          Min: 0, Avg:  0.0, Max: 0, Diff: 0, Sum: 0, Workers: 4
[22.092s][debug][gc,phases      ] GC(8)   StringDedup Requests1 Weak     Min:  0.0, Avg:  0.0, Max:  0.0, Diff:  0.0, Sum:  0.0, Workers: 4
[22.092s][debug][gc,phases      ] GC(8)     Dead                           Min: 0, Avg:  0.0, Max: 0, Diff: 0, Sum: 0, Workers: 4
[22.092s][debug][gc,phases      ] GC(8)     Total                          Min: 0, Avg:  0.0, Max: 0, Diff: 0, Sum: 0, Workers: 4
[22.092s][debug][gc,phases      ] GC(8)   Weak JFR Old Object Samples    Min:  0.0, Avg:  0.0, Max:  0.0, Diff:  0.0, Sum:  0.0, Workers: 4
[22.092s][debug][gc,phases      ] GC(8)     Dead                           Min: 0, Avg:  0.0, Max: 0, Diff: 0, Sum: 0, Workers: 4
[22.092s][debug][gc,phases      ] GC(8)     Total                          Min: 0, Avg:  0.0, Max: 0, Diff: 0, Sum: 0, Workers: 4
[22.092s][debug][gc,phases      ] GC(8) Weak Processing 1.230ms
[22.092s][debug][gc,age         ] GC(8) Desired survivor size 296747008 bytes, new threshold 5 (max threshold 15)
[22.092s][info ][gc,heap        ] GC(8) PSYoungGen: 743452K(1572864K)->236417K(1757184K) Eden: 526994K(1048576K)->0K(1517568K) From: 216458K(524288K)->236417K(239616K)
[22.092s][info ][gc,heap        ] GC(8) ParOldGen: 6003K(6144K)->6011K(6144K)
[22.092s][info ][gc,metaspace   ] GC(8) Metaspace: 97896K(99136K)->97896K(99136K) NonClass: 82731K(83456K)->82731K(83456K) Class: 15165K(15680K)->15165K(15680K)
[22.092s][info ][gc             ] GC(8) Pause Young (GCLocker Initiated GC) 731M->236M(1722M) 128.513ms
[22.092s][info ][gc,cpu         ] GC(8) User=0.36s Sys=0.12s Real=0.13s
[22.092s][info ][safepoint      ] Safepoint "ParallelGCSystemGC", Time since last: 182808 ns, Reaching safepoint: 78003 ns, Cleanup: 1300 ns, At safepoint: 128619876 ns, Total: 128699179 ns
[22.631s][info ][safepoint      ] Safepoint "ICBufferFull", Time since last: 538563382 ns, Reaching safepoint: 91404 ns, Cleanup: 156507 ns, At safepoint: 15501 ns, Total: 263412 ns
[23.631s][info ][safepoint      ] Safepoint "Cleanup", Time since last: 1000133737 ns, Reaching safepoint: 94003 ns, Cleanup: 150405 ns, At safepoint: 7400 ns, Total: 251808 ns
[24.586s][info ][safepoint      ] Safepoint "ICBufferFull", Time since last: 954506833 ns, Reaching safepoint: 8800 ns, Cleanup: 163206 ns, At safepoint: 4500 ns, Total: 176506 ns
[25.178s][info ][safepoint      ] Safepoint "ICBufferFull", Time since last: 591819157 ns, Reaching safepoint: 8701 ns, Cleanup: 183306 ns, At safepoint: 2900 ns, Total: 194907 ns
[25.988s][info ][safepoint      ] Safepoint "ICBufferFull", Time since last: 810244971 ns, Reaching safepoint: 89403 ns, Cleanup: 176106 ns, At safepoint: 12000 ns, Total: 277509 ns
[26.989s][info ][safepoint      ] Safepoint "Cleanup", Time since last: 1000127402 ns, Reaching safepoint: 7900 ns, Cleanup: 177106 ns, At safepoint: 2201 ns, Total: 187207 ns
[27.989s][info ][safepoint      ] Safepoint "Cleanup", Time since last: 1000122227 ns, Reaching safepoint: 7001 ns, Cleanup: 149606 ns, At safepoint: 2500 ns, Total: 159107 ns
[28.031s][info ][gc,start       ] GC(9) Pause Young (Metadata GC Threshold)
[28.136s][debug][gc,phases      ] GC(9) Scavenge 104.766ms
[28.136s][debug][gc,ref         ] GC(9) ReferenceProcessor::execute queues: 4, RefProcThreadModel::Multi, marks_oops_alive: false
[28.137s][debug][gc,ref         ] GC(9) Skipped KeepAliveFinalRefsPhase of Reference Processing: no references
[28.137s][debug][gc,ref         ] GC(9) ReferenceProcessor::execute queues: 1, RefProcThreadModel::Single, marks_oops_alive: false
[28.137s][debug][gc,phases      ] GC(9) Reference Processing 1.053ms
[28.138s][debug][gc,phases      ] GC(9)   VM Weak                        Min:  0.0, Avg:  0.0, Max:  0.0, Diff:  0.0, Sum:  0.0, Workers: 4
[28.138s][debug][gc,phases      ] GC(9)     Dead                           Min: 0, Avg:  0.0, Max: 0, Diff: 0, Sum: 0, Workers: 4
[28.138s][debug][gc,phases      ] GC(9)     Total                          Min: 128, Avg: 236.8, Max: 384, Diff: 256, Sum: 947, Workers: 4
[28.138s][debug][gc,phases      ] GC(9)   ObjectSynchronizer Weak        Min:  0.0, Avg:  0.0, Max:  0.0, Diff:  0.0, Sum:  0.0, Workers: 4
[28.138s][debug][gc,phases      ] GC(9)     Dead                           Min: 0, Avg:  0.0, Max: 0, Diff: 0, Sum: 0, Workers: 4
[28.138s][debug][gc,phases      ] GC(9)     Total                          Min: 64, Avg: 108.8, Max: 128, Diff: 64, Sum: 435, Workers: 4
[28.138s][debug][gc,phases      ] GC(9)   JVMTI Tag Weak OopStorage      Min:  0.0, Avg:  0.0, Max:  0.0, Diff:  0.0, Sum:  0.0, Workers: 4
[28.138s][debug][gc,phases      ] GC(9)     Dead                           Min: 0, Avg:  0.0, Max: 0, Diff: 0, Sum: 0, Workers: 4
[28.138s][debug][gc,phases      ] GC(9)     Total                          Min: 0, Avg:  0.0, Max: 0, Diff: 0, Sum: 0, Workers: 4
[28.138s][debug][gc,phases      ] GC(9)   StringTable Weak               Min:  0.5, Avg:  0.5, Max:  0.5, Diff:  0.0, Sum:  2.1, Workers: 4
[28.138s][debug][gc,phases      ] GC(9)     Dead                           Min: 0, Avg:  0.5, Max: 1, Diff: 1, Sum: 2, Workers: 4
[28.138s][debug][gc,phases      ] GC(9)     Total                          Min: 10368, Avg: 10857.0, Max: 11237, Diff: 869, Sum: 43428, Workers: 4
[28.138s][debug][gc,phases      ] GC(9)   ResolvedMethodTable Weak       Min:  0.2, Avg:  0.2, Max:  0.2, Diff:  0.0, Sum:  0.7, Workers: 4
[28.138s][debug][gc,phases      ] GC(9)     Dead                           Min: 0, Avg:  1.0, Max: 2, Diff: 2, Sum: 4, Workers: 4
[28.138s][debug][gc,phases      ] GC(9)     Total                          Min: 3647, Avg: 3740.5, Max: 3904, Diff: 257, Sum: 14962, Workers: 4
[28.138s][debug][gc,phases      ] GC(9)   JNI Weak                       Min:  0.0, Avg:  0.0, Max:  0.0, Diff:  0.0, Sum:  0.0, Workers: 4
[28.138s][debug][gc,phases      ] GC(9)     Dead                           Min: 0, Avg:  0.0, Max: 0, Diff: 0, Sum: 0, Workers: 4
[28.138s][debug][gc,phases      ] GC(9)     Total                          Min: 0, Avg: 12.2, Max: 49, Diff: 49, Sum: 49, Workers: 4
[28.138s][debug][gc,phases      ] GC(9)   StringDedup Table Weak         Min:  0.0, Avg:  0.0, Max:  0.0, Diff:  0.0, Sum:  0.0, Workers: 4
[28.138s][debug][gc,phases      ] GC(9)     Dead                           Min: 0, Avg:  0.0, Max: 0, Diff: 0, Sum: 0, Workers: 4
[28.138s][debug][gc,phases      ] GC(9)     Total                          Min: 0, Avg:  0.0, Max: 0, Diff: 0, Sum: 0, Workers: 4
[28.138s][debug][gc,phases      ] GC(9)   StringDedup Requests0 Weak     Min:  0.0, Avg:  0.0, Max:  0.0, Diff:  0.0, Sum:  0.0, Workers: 4
[28.138s][debug][gc,phases      ] GC(9)     Dead                           Min: 0, Avg:  0.0, Max: 0, Diff: 0, Sum: 0, Workers: 4
[28.138s][debug][gc,phases      ] GC(9)     Total                          Min: 0, Avg:  0.0, Max: 0, Diff: 0, Sum: 0, Workers: 4
[28.138s][debug][gc,phases      ] GC(9)   StringDedup Requests1 Weak     Min:  0.0, Avg:  0.0, Max:  0.0, Diff:  0.0, Sum:  0.0, Workers: 4
[28.138s][debug][gc,phases      ] GC(9)     Dead                           Min: 0, Avg:  0.0, Max: 0, Diff: 0, Sum: 0, Workers: 4
[28.138s][debug][gc,phases      ] GC(9)     Total                          Min: 0, Avg:  0.0, Max: 0, Diff: 0, Sum: 0, Workers: 4
[28.138s][debug][gc,phases      ] GC(9)   Weak JFR Old Object Samples    Min:  0.0, Avg:  0.0, Max:  0.0, Diff:  0.0, Sum:  0.0, Workers: 4
[28.138s][debug][gc,phases      ] GC(9)     Dead                           Min: 0, Avg:  0.0, Max: 0, Diff: 0, Sum: 0, Workers: 4
[28.138s][debug][gc,phases      ] GC(9)     Total                          Min: 0, Avg:  0.0, Max: 0, Diff: 0, Sum: 0, Workers: 4
[28.138s][debug][gc,phases      ] GC(9) Weak Processing 0.954ms
[28.138s][debug][gc,age         ] GC(9) Desired survivor size 301989888 bytes, new threshold 4 (max threshold 15)
[28.138s][info ][gc,heap        ] GC(9) PSYoungGen: 778170K(1757184K)->184372K(1702400K) Eden: 541752K(1517568K)->0K(1517568K) From: 236417K(239616K)->184372K(184832K)
[28.138s][info ][gc,heap        ] GC(9) ParOldGen: 6011K(6144K)->60243K(60416K)
[28.138s][info ][gc,metaspace   ] GC(9) Metaspace: 98484K(99648K)->98484K(99648K) NonClass: 83297K(83968K)->83297K(83968K) Class: 15187K(15680K)->15187K(15680K)
[28.138s][info ][gc             ] GC(9) Pause Young (Metadata GC Threshold) 765M->238M(1721M) 106.941ms
[28.138s][info ][gc,cpu         ] GC(9) User=0.31s Sys=0.09s Real=0.10s
[28.138s][debug][gc,phases      ] GC(10) Pre Compact 0.013ms
[28.138s][info ][gc,start       ] GC(10) Pause Full (Metadata GC Threshold)
[28.138s][info ][gc,phases,start] GC(10) Marking Phase
[28.233s][debug][gc,phases      ] GC(10) Par Mark 95.254ms
[28.234s][debug][gc,ref         ] GC(10) ReferenceProcessor::execute queues: 4, RefProcThreadModel::Multi, marks_oops_alive: false
[28.234s][debug][gc,ref         ] GC(10) Skipped KeepAliveFinalRefsPhase of Reference Processing: no references
[28.234s][debug][gc,ref         ] GC(10) ReferenceProcessor::execute queues: 1, RefProcThreadModel::Single, marks_oops_alive: false
[28.234s][debug][gc,phases      ] GC(10) Reference Processing 0.518ms
[28.234s][debug][gc,phases      ] GC(10)   VM Weak                        Min:  0.0, Avg:  0.0, Max:  0.0, Diff:  0.0, Sum:  0.0, Workers: 4
[28.234s][debug][gc,phases      ] GC(10)     Dead                           Min: 0, Avg:  2.0, Max: 7, Diff: 7, Sum: 8, Workers: 4
[28.234s][debug][gc,phases      ] GC(10)     Total                          Min: 64, Avg: 236.8, Max: 320, Diff: 256, Sum: 947, Workers: 4
[28.234s][debug][gc,phases      ] GC(10)   ObjectSynchronizer Weak        Min:  0.0, Avg:  0.0, Max:  0.0, Diff:  0.0, Sum:  0.0, Workers: 4
[28.234s][debug][gc,phases      ] GC(10)     Dead                           Min: 0, Avg:  0.0, Max: 0, Diff: 0, Sum: 0, Workers: 4
[28.234s][debug][gc,phases      ] GC(10)     Total                          Min: 64, Avg: 108.8, Max: 128, Diff: 64, Sum: 435, Workers: 4
[28.234s][debug][gc,phases      ] GC(10)   JVMTI Tag Weak OopStorage      Min:  0.0, Avg:  0.0, Max:  0.0, Diff:  0.0, Sum:  0.0, Workers: 4
[28.234s][debug][gc,phases      ] GC(10)     Dead                           Min: 0, Avg:  0.0, Max: 0, Diff: 0, Sum: 0, Workers: 4
[28.234s][debug][gc,phases      ] GC(10)     Total                          Min: 0, Avg:  0.0, Max: 0, Diff: 0, Sum: 0, Workers: 4
[28.234s][debug][gc,phases      ] GC(10)   StringTable Weak               Min:  0.2, Avg:  0.2, Max:  0.2, Diff:  0.0, Sum:  0.8, Workers: 4
[28.234s][debug][gc,phases      ] GC(10)     Dead                           Min: 0, Avg:  0.0, Max: 0, Diff: 0, Sum: 0, Workers: 4
[28.234s][debug][gc,phases      ] GC(10)     Total                          Min: 10687, Avg: 10857.0, Max: 11072, Diff: 385, Sum: 43428, Workers: 4
[28.234s][debug][gc,phases      ] GC(10)   ResolvedMethodTable Weak       Min:  0.1, Avg:  0.1, Max:  0.1, Diff:  0.0, Sum:  0.2, Workers: 4
[28.234s][debug][gc,phases      ] GC(10)     Dead                           Min: 0, Avg:  2.0, Max: 5, Diff: 5, Sum: 8, Workers: 4
[28.234s][debug][gc,phases      ] GC(10)     Total                          Min: 3647, Avg: 3740.5, Max: 3839, Diff: 192, Sum: 14962, Workers: 4
[28.234s][debug][gc,phases      ] GC(10)   JNI Weak                       Min:  0.0, Avg:  0.0, Max:  0.0, Diff:  0.0, Sum:  0.0, Workers: 4
[28.234s][debug][gc,phases      ] GC(10)     Dead                           Min: 0, Avg:  0.0, Max: 0, Diff: 0, Sum: 0, Workers: 4
[28.234s][debug][gc,phases      ] GC(10)     Total                          Min: 0, Avg: 12.2, Max: 49, Diff: 49, Sum: 49, Workers: 4
[28.234s][debug][gc,phases      ] GC(10)   StringDedup Table Weak         Min:  0.0, Avg:  0.0, Max:  0.0, Diff:  0.0, Sum:  0.0, Workers: 4
[28.234s][debug][gc,phases      ] GC(10)     Dead                           Min: 0, Avg:  0.0, Max: 0, Diff: 0, Sum: 0, Workers: 4
[28.235s][debug][gc,phases      ] GC(10)     Total                          Min: 0, Avg:  0.0, Max: 0, Diff: 0, Sum: 0, Workers: 4
[28.235s][debug][gc,phases      ] GC(10)   StringDedup Requests0 Weak     Min:  0.0, Avg:  0.0, Max:  0.0, Diff:  0.0, Sum:  0.0, Workers: 4
[28.235s][debug][gc,phases      ] GC(10)     Dead                           Min: 0, Avg:  0.0, Max: 0, Diff: 0, Sum: 0, Workers: 4
[28.235s][debug][gc,phases      ] GC(10)     Total                          Min: 0, Avg:  0.0, Max: 0, Diff: 0, Sum: 0, Workers: 4
[28.235s][debug][gc,phases      ] GC(10)   StringDedup Requests1 Weak     Min:  0.0, Avg:  0.0, Max:  0.0, Diff:  0.0, Sum:  0.0, Workers: 4
[28.235s][debug][gc,phases      ] GC(10)     Dead                           Min: 0, Avg:  0.0, Max: 0, Diff: 0, Sum: 0, Workers: 4
[28.235s][debug][gc,phases      ] GC(10)     Total                          Min: 0, Avg:  0.0, Max: 0, Diff: 0, Sum: 0, Workers: 4
[28.235s][debug][gc,phases      ] GC(10)   Weak JFR Old Object Samples    Min:  0.0, Avg:  0.0, Max:  0.0, Diff:  0.0, Sum:  0.0, Workers: 4
[28.235s][debug][gc,phases      ] GC(10)     Dead                           Min: 0, Avg:  0.0, Max: 0, Diff: 0, Sum: 0, Workers: 4
[28.235s][debug][gc,phases      ] GC(10)     Total                          Min: 0, Avg:  0.0, Max: 0, Diff: 0, Sum: 0, Workers: 4
[28.235s][debug][gc,phases      ] GC(10) Weak Processing 0.507ms
[28.235s][debug][gc,phases      ] GC(10) ClassLoaderData 0.534ms
[28.235s][debug][gc,phases      ] GC(10) Trigger cleanups 0.007ms
[28.279s][debug][gc,phases      ] GC(10) Purge Unlinked NMethods 0.432ms
[28.279s][debug][gc,phases      ] GC(10) Unregister NMethods 0.240ms
[28.279s][debug][gc,phases      ] GC(10) Free Code Blobs 0.076ms
[28.291s][debug][gc,phases      ] GC(10) Class Unloading 56.207ms
[28.291s][debug][gc,phases      ] GC(10) Report Object Count 0.001ms
[28.291s][info ][gc,phases      ] GC(10) Marking Phase 152.613ms
[28.291s][info ][gc,phases,start] GC(10) Summary Phase
[28.291s][info ][gc,phases      ] GC(10) Summary Phase 0.012ms
[28.291s][info ][gc,phases,start] GC(10) Adjust Roots
[28.319s][info ][gc,phases      ] GC(10) Adjust Roots 28.359ms
[28.319s][info ][gc,phases,start] GC(10) Compaction Phase
[28.948s][info ][gc,phases      ] GC(10) Compaction Phase 628.497ms
[28.948s][info ][gc,phases,start] GC(10) Post Compact
[28.950s][debug][gc,phases      ] GC(10) Purge Class Loader Data 1.564ms
[28.953s][info ][gc,phases      ] GC(10) Post Compact 4.907ms
[28.953s][info ][gc,heap        ] GC(10) PSYoungGen: 184372K(1702400K)->182634K(1702400K) Eden: 0K(1517568K)->0K(1517568K) From: 184372K(184832K)->182634K(184832K)
[28.953s][info ][gc,heap        ] GC(10) ParOldGen: 60243K(60416K)->59933K(60416K)
[28.953s][info ][gc,metaspace   ] GC(10) Metaspace: 98484K(99648K)->98471K(99648K) NonClass: 83297K(83968K)->83288K(83968K) Class: 15187K(15680K)->15183K(15680K)
[28.953s][info ][gc             ] GC(10) Pause Full (Metadata GC Threshold) 238M->236M(1721M) 814.601ms
[28.953s][info ][gc,cpu         ] GC(10) User=1.92s Sys=0.02s Real=0.82s
[28.957s][info ][safepoint      ] Safepoint "CollectForMetadataAllocation", Time since last: 42171948 ns, Reaching safepoint: 11800 ns, Cleanup: 13701 ns, At safepoint: 926184969 ns, Total: 926210470 ns
[29.958s][info ][safepoint      ] Safepoint "Cleanup", Time since last: 1000143808 ns, Reaching safepoint: 8701 ns, Cleanup: 185108 ns, At safepoint: 2600 ns, Total: 196409 ns
[30.958s][info ][safepoint      ] Safepoint "Cleanup", Time since last: 1000116507 ns, Reaching safepoint: 9800 ns, Cleanup: 63303 ns, At safepoint: 2800 ns, Total: 75903 ns
[31.958s][info ][safepoint      ] Safepoint "Cleanup", Time since last: 1000107677 ns, Reaching safepoint: 7401 ns, Cleanup: 89703 ns, At safepoint: 2600 ns, Total: 99704 ns
[32.958s][info ][safepoint      ] Safepoint "Cleanup", Time since last: 1000117440 ns, Reaching safepoint: 12200 ns, Cleanup: 87204 ns, At safepoint: 9200 ns, Total: 108604 ns
[33.958s][info ][safepoint      ] Safepoint "Cleanup", Time since last: 1000111539 ns, Reaching safepoint: 5000 ns, Cleanup: 20901 ns, At safepoint: 2300 ns, Total: 28201 ns
[34.959s][info ][safepoint      ] Safepoint "Cleanup", Time since last: 1000109439 ns, Reaching safepoint: 7701 ns, Cleanup: 42601 ns, At safepoint: 2300 ns, Total: 52602 ns
[35.959s][info ][safepoint      ] Safepoint "Cleanup", Time since last: 1000134341 ns, Reaching safepoint: 8800 ns, Cleanup: 49102 ns, At safepoint: 2900 ns, Total: 60802 ns
[36.959s][info ][safepoint      ] Safepoint "Cleanup", Time since last: 1000120839 ns, Reaching safepoint: 13501 ns, Cleanup: 71203 ns, At safepoint: 3100 ns, Total: 87804 ns
[37.959s][info ][safepoint      ] Safepoint "Cleanup", Time since last: 1000115339 ns, Reaching safepoint: 10701 ns, Cleanup: 24601 ns, At safepoint: 2500 ns, Total: 37802 ns
[38.959s][info ][safepoint      ] Safepoint "Cleanup", Time since last: 1000122852 ns, Reaching safepoint: 11601 ns, Cleanup: 45002 ns, At safepoint: 2900 ns, Total: 59503 ns
[39.960s][info ][safepoint      ] Safepoint "Cleanup", Time since last: 1000124874 ns, Reaching safepoint: 9001 ns, Cleanup: 44701 ns, At safepoint: 16001 ns, Total: 69703 ns
[40.960s][info ][safepoint      ] Safepoint "Cleanup", Time since last: 1000106861 ns, Reaching safepoint: 8500 ns, Cleanup: 40802 ns, At safepoint: 2300 ns, Total: 51602 ns
[41.960s][info ][safepoint      ] Safepoint "Cleanup", Time since last: 1000108061 ns, Reaching safepoint: 8301 ns, Cleanup: 32501 ns, At safepoint: 2600 ns, Total: 43402 ns
[42.960s][info ][safepoint      ] Safepoint "Cleanup", Time since last: 1000105661 ns, Reaching safepoint: 9401 ns, Cleanup: 146705 ns, At safepoint: 3800 ns, Total: 159906 ns
[43.960s][info ][safepoint      ] Safepoint "Cleanup", Time since last: 1000125320 ns, Reaching safepoint: 10701 ns, Cleanup: 172907 ns, At safepoint: 4000 ns, Total: 187608 ns
[44.961s][info ][safepoint      ] Safepoint "Cleanup", Time since last: 1000502941 ns, Reaching safepoint: 166707 ns, Cleanup: 73903 ns, At safepoint: 7401 ns, Total: 248011 ns
[45.961s][info ][safepoint      ] Safepoint "Cleanup", Time since last: 1000115825 ns, Reaching safepoint: 8300 ns, Cleanup: 101704 ns, At safepoint: 3200 ns, Total: 113204 ns
[46.962s][info ][safepoint      ] Safepoint "Cleanup", Time since last: 1000117125 ns, Reaching safepoint: 11201 ns, Cleanup: 33601 ns, At safepoint: 2800 ns, Total: 47602 ns
[48.756s][info ][safepoint      ] Safepoint "Cleanup", Time since last: 1794861378 ns, Reaching safepoint: 10500 ns, Cleanup: 38502 ns, At safepoint: 2500 ns, Total: 51502 ns
[50.491s][info ][safepoint      ] Safepoint "Cleanup", Time since last: 1734068325 ns, Reaching safepoint: 8701 ns, Cleanup: 85803 ns, At safepoint: 3200 ns, Total: 97704 ns
[51.491s][info ][safepoint      ] Safepoint "Cleanup", Time since last: 1000155815 ns, Reaching safepoint: 9101 ns, Cleanup: 44702 ns, At safepoint: 3400 ns, Total: 57203 ns
[52.491s][info ][safepoint      ] Safepoint "Cleanup", Time since last: 1000119913 ns, Reaching safepoint: 9101 ns, Cleanup: 22101 ns, At safepoint: 2300 ns, Total: 33502 ns
[53.491s][info ][safepoint      ] Safepoint "Cleanup", Time since last: 1000130814 ns, Reaching safepoint: 8700 ns, Cleanup: 30401 ns, At safepoint: 3201 ns, Total: 42302 ns
[54.491s][info ][safepoint      ] Safepoint "Cleanup", Time since last: 1000134814 ns, Reaching safepoint: 9700 ns, Cleanup: 35902 ns, At safepoint: 2900 ns, Total: 48502 ns
[55.492s][info ][safepoint      ] Safepoint "Cleanup", Time since last: 1000127944 ns, Reaching safepoint: 8600 ns, Cleanup: 51602 ns, At safepoint: 2700 ns, Total: 62902 ns
[56.492s][info ][safepoint      ] Safepoint "Cleanup", Time since last: 1000124026 ns, Reaching safepoint: 7901 ns, Cleanup: 32001 ns, At safepoint: 2500 ns, Total: 42402 ns
[57.492s][info ][safepoint      ] Safepoint "Cleanup", Time since last: 1000132226 ns, Reaching safepoint: 8901 ns, Cleanup: 38901 ns, At safepoint: 3100 ns, Total: 50902 ns
[58.492s][info ][safepoint      ] Safepoint "Cleanup", Time since last: 1000127927 ns, Reaching safepoint: 6800 ns, Cleanup: 15001 ns, At safepoint: 2000 ns, Total: 23801 ns
[59.492s][info ][safepoint      ] Safepoint "Cleanup", Time since last: 1000116225 ns, Reaching safepoint: 80704 ns, Cleanup: 41501 ns, At safepoint: 9601 ns, Total: 131806 ns
[61.107s][info ][safepoint      ] Safepoint "Cleanup", Time since last: 1614279237 ns, Reaching safepoint: 12800 ns, Cleanup: 65103 ns, At safepoint: 3200 ns, Total: 81103 ns
[62.107s][info ][safepoint      ] Safepoint "Cleanup", Time since last: 1000137426 ns, Reaching safepoint: 11901 ns, Cleanup: 92004 ns, At safepoint: 3200 ns, Total: 107105 ns
[63.107s][info ][safepoint      ] Safepoint "Cleanup", Time since last: 1000128147 ns, Reaching safepoint: 8700 ns, Cleanup: 51602 ns, At safepoint: 2801 ns, Total: 63103 ns
[64.107s][info ][safepoint      ] Safepoint "Cleanup", Time since last: 1000148815 ns, Reaching safepoint: 10500 ns, Cleanup: 56103 ns, At safepoint: 3100 ns, Total: 69703 ns
[65.108s][info ][safepoint      ] Safepoint "Cleanup", Time since last: 1000158616 ns, Reaching safepoint: 12900 ns, Cleanup: 133605 ns, At safepoint: 3201 ns, Total: 149706 ns
[66.108s][info ][safepoint      ] Safepoint "Cleanup", Time since last: 1000143915 ns, Reaching safepoint: 12300 ns, Cleanup: 35002 ns, At safepoint: 2800 ns, Total: 50102 ns
[67.108s][info ][safepoint      ] Safepoint "Cleanup", Time since last: 1000155715 ns, Reaching safepoint: 11401 ns, Cleanup: 31901 ns, At safepoint: 3200 ns, Total: 46502 ns
[68.108s][info ][safepoint      ] Safepoint "Cleanup", Time since last: 1000145116 ns, Reaching safepoint: 11600 ns, Cleanup: 27001 ns, At safepoint: 2700 ns, Total: 41301 ns
[69.108s][info ][safepoint      ] Safepoint "Cleanup", Time since last: 1000152216 ns, Reaching safepoint: 10600 ns, Cleanup: 31502 ns, At safepoint: 3200 ns, Total: 45302 ns
[70.109s][info ][safepoint      ] Safepoint "Cleanup", Time since last: 1000157515 ns, Reaching safepoint: 11501 ns, Cleanup: 31101 ns, At safepoint: 2900 ns, Total: 45502 ns
[71.109s][info ][safepoint      ] Safepoint "Cleanup", Time since last: 1000186435 ns, Reaching safepoint: 13100 ns, Cleanup: 32901 ns, At safepoint: 2901 ns, Total: 48902 ns
[72.109s][info ][safepoint      ] Safepoint "Cleanup", Time since last: 1000142245 ns, Reaching safepoint: 10700 ns, Cleanup: 32802 ns, At safepoint: 2600 ns, Total: 46102 ns
[73.109s][info ][safepoint      ] Safepoint "Cleanup", Time since last: 1000146945 ns, Reaching safepoint: 10501 ns, Cleanup: 39501 ns, At safepoint: 2700 ns, Total: 52702 ns
[74.109s][info ][safepoint      ] Safepoint "Cleanup", Time since last: 1000146646 ns, Reaching safepoint: 11500 ns, Cleanup: 25401 ns, At safepoint: 33201 ns, Total: 70102 ns
[75.110s][info ][safepoint      ] Safepoint "Cleanup", Time since last: 1000175947 ns, Reaching safepoint: 11901 ns, Cleanup: 53902 ns, At safepoint: 2800 ns, Total: 68603 ns
[76.110s][info ][safepoint      ] Safepoint "Cleanup", Time since last: 1000173146 ns, Reaching safepoint: 11101 ns, Cleanup: 89603 ns, At safepoint: 2800 ns, Total: 103504 ns
[77.110s][info ][safepoint      ] Safepoint "Cleanup", Time since last: 1000150946 ns, Reaching safepoint: 10900 ns, Cleanup: 76303 ns, At safepoint: 2400 ns, Total: 89603 ns
[78.110s][info ][safepoint      ] Safepoint "Cleanup", Time since last: 1000159346 ns, Reaching safepoint: 12601 ns, Cleanup: 43002 ns, At safepoint: 3100 ns, Total: 58703 ns
[79.111s][info ][safepoint      ] Safepoint "Cleanup", Time since last: 1000148100 ns, Reaching safepoint: 12200 ns, Cleanup: 81402 ns, At safepoint: 3100 ns, Total: 96702 ns
[80.111s][info ][safepoint      ] Safepoint "Cleanup", Time since last: 1000150496 ns, Reaching safepoint: 11600 ns, Cleanup: 61502 ns, At safepoint: 3200 ns, Total: 76302 ns
[81.111s][info ][safepoint      ] Safepoint "Cleanup", Time since last: 1000153795 ns, Reaching safepoint: 12000 ns, Cleanup: 23401 ns, At safepoint: 2600 ns, Total: 38001 ns
[82.111s][info ][safepoint      ] Safepoint "Cleanup", Time since last: 1000135495 ns, Reaching safepoint: 10600 ns, Cleanup: 15700 ns, At safepoint: 2801 ns, Total: 29101 ns
[83.111s][info ][safepoint      ] Safepoint "Cleanup", Time since last: 1000137949 ns, Reaching safepoint: 14700 ns, Cleanup: 26501 ns, At safepoint: 3601 ns, Total: 44802 ns
[84.112s][info ][safepoint      ] Safepoint "Cleanup", Time since last: 1000146773 ns, Reaching safepoint: 11600 ns, Cleanup: 35002 ns, At safepoint: 2600 ns, Total: 49202 ns
[85.112s][info ][safepoint      ] Safepoint "Cleanup", Time since last: 1000134172 ns, Reaching safepoint: 8401 ns, Cleanup: 19000 ns, At safepoint: 2700 ns, Total: 30101 ns
[86.112s][info ][safepoint      ] Safepoint "Cleanup", Time since last: 1000153074 ns, Reaching safepoint: 11300 ns, Cleanup: 26701 ns, At safepoint: 6301 ns, Total: 44302 ns
[87.112s][info ][safepoint      ] Safepoint "Cleanup", Time since last: 1000154617 ns, Reaching safepoint: 12000 ns, Cleanup: 21201 ns, At safepoint: 3000 ns, Total: 36201 ns
[88.113s][info ][safepoint      ] Safepoint "Cleanup", Time since last: 1000133831 ns, Reaching safepoint: 11101 ns, Cleanup: 151406 ns, At safepoint: 3100 ns, Total: 165607 ns
[89.113s][info ][safepoint      ] Safepoint "Cleanup", Time since last: 1000136331 ns, Reaching safepoint: 11601 ns, Cleanup: 44201 ns, At safepoint: 2700 ns, Total: 58502 ns
[90.113s][info ][safepoint      ] Safepoint "Cleanup", Time since last: 1000128031 ns, Reaching safepoint: 10601 ns, Cleanup: 54002 ns, At safepoint: 2600 ns, Total: 67203 ns
[91.113s][info ][safepoint      ] Safepoint "Cleanup", Time since last: 1000143532 ns, Reaching safepoint: 42401 ns, Cleanup: 38202 ns, At safepoint: 4300 ns, Total: 84903 ns
[92.113s][info ][safepoint      ] Safepoint "Cleanup", Time since last: 1000146332 ns, Reaching safepoint: 10100 ns, Cleanup: 41002 ns, At safepoint: 2600 ns, Total: 53702 ns
[93.114s][info ][safepoint      ] Safepoint "Cleanup", Time since last: 1000138831 ns, Reaching safepoint: 9800 ns, Cleanup: 28902 ns, At safepoint: 3000 ns, Total: 41702 ns
[94.114s][info ][safepoint      ] Safepoint "Cleanup", Time since last: 1000143731 ns, Reaching safepoint: 14801 ns, Cleanup: 16900 ns, At safepoint: 3101 ns, Total: 34802 ns
[94.529s][info ][gc,start       ] GC(11) Pause Young (Allocation Failure)
[94.635s][debug][gc,phases      ] GC(11) Scavenge 105.596ms
[94.635s][debug][gc,ref         ] GC(11) ReferenceProcessor::execute queues: 1, RefProcThreadModel::Single, marks_oops_alive: false
[94.635s][debug][gc,ref         ] GC(11) Skipped KeepAliveFinalRefsPhase of Reference Processing: no references
[94.635s][debug][gc,ref         ] GC(11) ReferenceProcessor::execute queues: 1, RefProcThreadModel::Single, marks_oops_alive: false
[94.635s][debug][gc,phases      ] GC(11) Reference Processing 0.191ms
[94.636s][debug][gc,phases      ] GC(11)   VM Weak                        Min:  0.0, Avg:  0.0, Max:  0.0, Diff:  0.0, Sum:  0.0, Workers: 4
[94.636s][debug][gc,phases      ] GC(11)     Dead                           Min: 0, Avg:  0.0, Max: 0, Diff: 0, Sum: 0, Workers: 4
[94.636s][debug][gc,phases      ] GC(11)     Total                          Min: 0, Avg: 240.5, Max: 512, Diff: 512, Sum: 962, Workers: 4
[94.636s][debug][gc,phases      ] GC(11)   ObjectSynchronizer Weak        Min:  0.0, Avg:  0.0, Max:  0.0, Diff:  0.0, Sum:  0.0, Workers: 4
[94.636s][debug][gc,phases      ] GC(11)     Dead                           Min: 0, Avg:  0.0, Max: 0, Diff: 0, Sum: 0, Workers: 4
[94.636s][debug][gc,phases      ] GC(11)     Total                          Min: 0, Avg:  1.2, Max: 5, Diff: 5, Sum: 5, Workers: 4
[94.636s][debug][gc,phases      ] GC(11)   JVMTI Tag Weak OopStorage      Min:  0.0, Avg:  0.0, Max:  0.0, Diff:  0.0, Sum:  0.0, Workers: 4
[94.636s][debug][gc,phases      ] GC(11)     Dead                           Min: 0, Avg:  0.0, Max: 0, Diff: 0, Sum: 0, Workers: 4
[94.636s][debug][gc,phases      ] GC(11)     Total                          Min: 0, Avg:  0.0, Max: 0, Diff: 0, Sum: 0, Workers: 4
[94.636s][debug][gc,phases      ] GC(11)   StringTable Weak               Min:  0.2, Avg:  0.5, Max:  0.6, Diff:  0.4, Sum:  2.0, Workers: 4
[94.636s][debug][gc,phases      ] GC(11)     Dead                           Min: 0, Avg:  1.2, Max: 3, Diff: 3, Sum: 5, Workers: 4
[94.636s][debug][gc,phases      ] GC(11)     Total                          Min: 3712, Avg: 10997.0, Max: 15104, Diff: 11392, Sum: 43988, Workers: 4
[94.636s][debug][gc,phases      ] GC(11)   ResolvedMethodTable Weak       Min:  0.2, Avg:  0.2, Max:  0.2, Diff:  0.0, Sum:  0.8, Workers: 4
[94.636s][debug][gc,phases      ] GC(11)     Dead                           Min: 4, Avg: 16.0, Max: 42, Diff: 38, Sum: 64, Workers: 4
[94.636s][debug][gc,phases      ] GC(11)     Total                          Min: 3583, Avg: 3802.8, Max: 3904, Diff: 321, Sum: 15211, Workers: 4
[94.636s][debug][gc,phases      ] GC(11)   JNI Weak                       Min:  0.0, Avg:  0.0, Max:  0.0, Diff:  0.0, Sum:  0.0, Workers: 4
[94.636s][debug][gc,phases      ] GC(11)     Dead                           Min: 0, Avg:  0.0, Max: 0, Diff: 0, Sum: 0, Workers: 4
[94.636s][debug][gc,phases      ] GC(11)     Total                          Min: 0, Avg: 12.0, Max: 48, Diff: 48, Sum: 48, Workers: 4
[94.636s][debug][gc,phases      ] GC(11)   StringDedup Table Weak         Min:  0.0, Avg:  0.0, Max:  0.0, Diff:  0.0, Sum:  0.0, Workers: 4
[94.636s][debug][gc,phases      ] GC(11)     Dead                           Min: 0, Avg:  0.0, Max: 0, Diff: 0, Sum: 0, Workers: 4
[94.636s][debug][gc,phases      ] GC(11)     Total                          Min: 0, Avg:  0.0, Max: 0, Diff: 0, Sum: 0, Workers: 4
[94.636s][debug][gc,phases      ] GC(11)   StringDedup Requests0 Weak     Min:  0.0, Avg:  0.0, Max:  0.0, Diff:  0.0, Sum:  0.0, Workers: 4
[94.636s][debug][gc,phases      ] GC(11)     Dead                           Min: 0, Avg:  0.0, Max: 0, Diff: 0, Sum: 0, Workers: 4
[94.636s][debug][gc,phases      ] GC(11)     Total                          Min: 0, Avg:  0.0, Max: 0, Diff: 0, Sum: 0, Workers: 4
[94.636s][debug][gc,phases      ] GC(11)   StringDedup Requests1 Weak     Min:  0.0, Avg:  0.0, Max:  0.0, Diff:  0.0, Sum:  0.0, Workers: 4
[94.636s][debug][gc,phases      ] GC(11)     Dead                           Min: 0, Avg:  0.0, Max: 0, Diff: 0, Sum: 0, Workers: 4
[94.636s][debug][gc,phases      ] GC(11)     Total                          Min: 0, Avg:  0.0, Max: 0, Diff: 0, Sum: 0, Workers: 4
[94.636s][debug][gc,phases      ] GC(11)   Weak JFR Old Object Samples    Min:  0.0, Avg:  0.0, Max:  0.0, Diff:  0.0, Sum:  0.0, Workers: 4
[94.636s][debug][gc,phases      ] GC(11)     Dead                           Min: 0, Avg:  0.0, Max: 0, Diff: 0, Sum: 0, Workers: 4
[94.636s][debug][gc,phases      ] GC(11)     Total                          Min: 0, Avg:  0.0, Max: 0, Diff: 0, Sum: 0, Workers: 4
[94.636s][debug][gc,phases      ] GC(11) Weak Processing 1.086ms
[94.636s][debug][gc,age         ] GC(11) Desired survivor size 292028416 bytes, new threshold 3 (max threshold 15)
[94.636s][info ][gc,heap        ] GC(11) PSYoungGen: 1700202K(1702400K)->91577K(1811968K) Eden: 1517568K(1517568K)->0K(1517056K) From: 182634K(184832K)->91577K(294912K)
[94.636s][info ][gc,heap        ] GC(11) ParOldGen: 59933K(60416K)->159344K(159744K)
[94.636s][info ][gc,metaspace   ] GC(11) Metaspace: 99841K(101056K)->99841K(101056K) NonClass: 84518K(85184K)->84518K(85184K) Class: 15322K(15872K)->15322K(15872K)
[94.636s][info ][gc             ] GC(11) Pause Young (Allocation Failure) 1718M->245M(1925M) 107.061ms
[94.636s][info ][gc,cpu         ] GC(11) User=0.32s Sys=0.07s Real=0.10s
[94.636s][info ][safepoint      ] Safepoint "ParallelGCFailedAllocation", Time since last: 415502615 ns, Reaching safepoint: 8100 ns, Cleanup: 11501 ns, At safepoint: 107192683 ns, Total: 107212284 ns
[95.637s][info ][safepoint      ] Safepoint "Cleanup", Time since last: 1000218368 ns, Reaching safepoint: 11401 ns, Cleanup: 39401 ns, At safepoint: 2700 ns, Total: 53502 ns
[96.637s][info ][safepoint      ] Safepoint "Cleanup", Time since last: 1000130830 ns, Reaching safepoint: 9701 ns, Cleanup: 24101 ns, At safepoint: 2400 ns, Total: 36202 ns
[97.637s][info ][safepoint      ] Safepoint "Cleanup", Time since last: 1000138630 ns, Reaching safepoint: 10101 ns, Cleanup: 45601 ns, At safepoint: 3300 ns, Total: 59002 ns
[98.637s][info ][safepoint      ] Safepoint "Cleanup", Time since last: 1000148331 ns, Reaching safepoint: 13201 ns, Cleanup: 22801 ns, At safepoint: 3100 ns, Total: 39102 ns
[99.637s][info ][safepoint      ] Safepoint "Cleanup", Time since last: 1000134930 ns, Reaching safepoint: 9300 ns, Cleanup: 23901 ns, At safepoint: 7301 ns, Total: 40502 ns
[100.638s][info ][safepoint      ] Safepoint "Cleanup", Time since last: 1000136330 ns, Reaching safepoint: 7600 ns, Cleanup: 46802 ns, At safepoint: 2300 ns, Total: 56702 ns
[101.638s][info ][safepoint      ] Safepoint "Cleanup", Time since last: 1000140531 ns, Reaching safepoint: 8700 ns, Cleanup: 21801 ns, At safepoint: 2600 ns, Total: 33101 ns
[102.638s][info ][safepoint      ] Safepoint "Cleanup", Time since last: 1000152631 ns, Reaching safepoint: 11300 ns, Cleanup: 13801 ns, At safepoint: 3000 ns, Total: 28101 ns
[103.638s][info ][safepoint      ] Safepoint "Cleanup", Time since last: 1000152895 ns, Reaching safepoint: 13100 ns, Cleanup: 79903 ns, At safepoint: 2800 ns, Total: 95803 ns
[104.638s][info ][safepoint      ] Safepoint "Cleanup", Time since last: 1000139087 ns, Reaching safepoint: 13200 ns, Cleanup: 66903 ns, At safepoint: 2600 ns, Total: 82703 ns
[105.639s][info ][safepoint      ] Safepoint "Cleanup", Time since last: 1000157287 ns, Reaching safepoint: 11700 ns, Cleanup: 34101 ns, At safepoint: 3400 ns, Total: 49201 ns
[106.639s][info ][safepoint      ] Safepoint "Cleanup", Time since last: 1000164488 ns, Reaching safepoint: 11000 ns, Cleanup: 50802 ns, At safepoint: 2900 ns, Total: 64702 ns
[107.639s][info ][safepoint      ] Safepoint "Cleanup", Time since last: 1000154887 ns, Reaching safepoint: 10800 ns, Cleanup: 41502 ns, At safepoint: 3100 ns, Total: 55402 ns
[108.640s][info ][safepoint      ] Safepoint "Cleanup", Time since last: 1000379495 ns, Reaching safepoint: 115804 ns, Cleanup: 27001 ns, At safepoint: 17601 ns, Total: 160406 ns
[109.640s][info ][safepoint      ] Safepoint "Cleanup", Time since last: 1000172387 ns, Reaching safepoint: 11701 ns, Cleanup: 21801 ns, At safepoint: 2600 ns, Total: 36102 ns
[110.640s][info ][safepoint      ] Safepoint "Cleanup", Time since last: 1000154487 ns, Reaching safepoint: 8900 ns, Cleanup: 12000 ns, At safepoint: 2500 ns, Total: 23400 ns
[112.640s][info ][safepoint      ] Safepoint "Cleanup", Time since last: 2000250244 ns, Reaching safepoint: 11200 ns, Cleanup: 13400 ns, At safepoint: 2601 ns, Total: 27201 ns
[113.640s][info ][safepoint      ] Safepoint "Cleanup", Time since last: 1000177063 ns, Reaching safepoint: 14300 ns, Cleanup: 20601 ns, At safepoint: 4200 ns, Total: 39101 ns
[114.641s][info ][safepoint      ] Safepoint "Cleanup", Time since last: 1000163963 ns, Reaching safepoint: 12100 ns, Cleanup: 36302 ns, At safepoint: 2800 ns, Total: 51202 ns
[115.641s][info ][safepoint      ] Safepoint "Cleanup", Time since last: 1000176263 ns, Reaching safepoint: 12500 ns, Cleanup: 17001 ns, At safepoint: 2900 ns, Total: 32401 ns
[116.641s][info ][safepoint      ] Safepoint "Cleanup", Time since last: 1000148062 ns, Reaching safepoint: 12001 ns, Cleanup: 15000 ns, At safepoint: 2800 ns, Total: 29801 ns
[117.641s][info ][safepoint      ] Safepoint "Cleanup", Time since last: 1000187264 ns, Reaching safepoint: 18101 ns, Cleanup: 25401 ns, At safepoint: 3200 ns, Total: 46702 ns
[118.642s][info ][safepoint      ] Safepoint "Cleanup", Time since last: 1000172563 ns, Reaching safepoint: 10900 ns, Cleanup: 18501 ns, At safepoint: 3000 ns, Total: 32401 ns
[119.642s][info ][safepoint      ] Safepoint "Cleanup", Time since last: 1000144551 ns, Reaching safepoint: 10000 ns, Cleanup: 36101 ns, At safepoint: 2700 ns, Total: 48801 ns
[121.128s][info ][safepoint      ] Safepoint "Cleanup", Time since last: 1485785661 ns, Reaching safepoint: 51001 ns, Cleanup: 23801 ns, At safepoint: 10300 ns, Total: 85102 ns
[122.128s][info ][safepoint      ] Safepoint "Cleanup", Time since last: 1000141896 ns, Reaching safepoint: 84302 ns, Cleanup: 13900 ns, At safepoint: 6700 ns, Total: 104902 ns
[124.128s][info ][safepoint      ] Safepoint "Cleanup", Time since last: 2000211986 ns, Reaching safepoint: 84903 ns, Cleanup: 19401 ns, At safepoint: 6900 ns, Total: 111204 ns
[125.128s][info ][safepoint      ] Safepoint "Cleanup", Time since last: 1000133523 ns, Reaching safepoint: 80103 ns, Cleanup: 11901 ns, At safepoint: 7000 ns, Total: 99004 ns
[126.129s][info ][safepoint      ] Safepoint "Cleanup", Time since last: 1000123523 ns, Reaching safepoint: 81803 ns, Cleanup: 36001 ns, At safepoint: 7100 ns, Total: 124904 ns
[127.129s][info ][safepoint      ] Safepoint "Cleanup", Time since last: 1000124798 ns, Reaching safepoint: 79403 ns, Cleanup: 25400 ns, At safepoint: 7301 ns, Total: 112104 ns
[128.129s][info ][safepoint      ] Safepoint "Cleanup", Time since last: 1000160422 ns, Reaching safepoint: 102504 ns, Cleanup: 75503 ns, At safepoint: 10000 ns, Total: 188007 ns
[129.130s][info ][safepoint      ] Safepoint "Cleanup", Time since last: 1000216825 ns, Reaching safepoint: 81303 ns, Cleanup: 17001 ns, At safepoint: 7800 ns, Total: 106104 ns
[130.130s][info ][safepoint      ] Safepoint "Cleanup", Time since last: 1000129621 ns, Reaching safepoint: 80403 ns, Cleanup: 72403 ns, At safepoint: 7200 ns, Total: 160006 ns
[131.130s][info ][safepoint      ] Safepoint "Cleanup", Time since last: 1000148522 ns, Reaching safepoint: 85704 ns, Cleanup: 26201 ns, At safepoint: 8800 ns, Total: 120705 ns
[132.130s][info ][safepoint      ] Safepoint "Cleanup", Time since last: 1000141222 ns, Reaching safepoint: 111904 ns, Cleanup: 27801 ns, At safepoint: 9000 ns, Total: 148705 ns
[133.131s][info ][safepoint      ] Safepoint "Cleanup", Time since last: 1000148623 ns, Reaching safepoint: 82903 ns, Cleanup: 24700 ns, At safepoint: 7901 ns, Total: 115504 ns
[134.131s][info ][safepoint      ] Safepoint "Cleanup", Time since last: 1000133321 ns, Reaching safepoint: 86604 ns, Cleanup: 10800 ns, At safepoint: 12800 ns, Total: 110204 ns
[135.131s][info ][safepoint      ] Safepoint "Cleanup", Time since last: 1000151497 ns, Reaching safepoint: 82703 ns, Cleanup: 12501 ns, At safepoint: 8500 ns, Total: 103704 ns
[138.132s][info ][safepoint      ] Safepoint "Cleanup", Time since last: 3000301746 ns, Reaching safepoint: 65902 ns, Cleanup: 29901 ns, At safepoint: 9100 ns, Total: 104903 ns
[140.132s][info ][safepoint      ] Safepoint "Cleanup", Time since last: 2000220965 ns, Reaching safepoint: 84203 ns, Cleanup: 17701 ns, At safepoint: 9800 ns, Total: 111704 ns
[141.132s][info ][safepoint      ] Safepoint "Cleanup", Time since last: 1000128883 ns, Reaching safepoint: 94103 ns, Cleanup: 13101 ns, At safepoint: 7400 ns, Total: 114604 ns
[143.132s][info ][safepoint      ] Safepoint "Cleanup", Time since last: 2000202562 ns, Reaching safepoint: 80003 ns, Cleanup: 11900 ns, At safepoint: 7200 ns, Total: 99103 ns
[144.133s][info ][safepoint      ] Safepoint "Cleanup", Time since last: 1000156553 ns, Reaching safepoint: 79802 ns, Cleanup: 25401 ns, At safepoint: 7301 ns, Total: 112504 ns
[145.133s][info ][safepoint      ] Safepoint "Cleanup", Time since last: 1000120151 ns, Reaching safepoint: 79602 ns, Cleanup: 8601 ns, At safepoint: 7100 ns, Total: 95303 ns
[146.133s][info ][safepoint      ] Safepoint "Cleanup", Time since last: 1000121651 ns, Reaching safepoint: 7700 ns, Cleanup: 22601 ns, At safepoint: 2500 ns, Total: 32801 ns
[147.133s][info ][safepoint      ] Safepoint "Cleanup", Time since last: 1000146252 ns, Reaching safepoint: 88103 ns, Cleanup: 17801 ns, At safepoint: 11100 ns, Total: 117004 ns
[148.134s][info ][safepoint      ] Safepoint "Cleanup", Time since last: 1000164852 ns, Reaching safepoint: 7101 ns, Cleanup: 10300 ns, At safepoint: 2100 ns, Total: 19501 ns
[150.134s][info ][safepoint      ] Safepoint "Cleanup", Time since last: 2000188900 ns, Reaching safepoint: 7400 ns, Cleanup: 13901 ns, At safepoint: 2500 ns, Total: 23801 ns
[151.134s][info ][safepoint      ] Safepoint "Cleanup", Time since last: 1000116051 ns, Reaching safepoint: 7200 ns, Cleanup: 17701 ns, At safepoint: 2600 ns, Total: 27501 ns
[152.134s][info ][safepoint      ] Safepoint "Cleanup", Time since last: 1000124130 ns, Reaching safepoint: 83302 ns, Cleanup: 18801 ns, At safepoint: 7300 ns, Total: 109403 ns
[153.134s][info ][safepoint      ] Safepoint "Cleanup", Time since last: 1000158899 ns, Reaching safepoint: 7601 ns, Cleanup: 19500 ns, At safepoint: 2500 ns, Total: 29601 ns
[154.134s][info ][safepoint      ] Safepoint "Cleanup", Time since last: 1000131899 ns, Reaching safepoint: 7600 ns, Cleanup: 11100 ns, At safepoint: 2200 ns, Total: 20900 ns
[155.135s][info ][safepoint      ] Safepoint "Cleanup", Time since last: 1000122698 ns, Reaching safepoint: 7101 ns, Cleanup: 10800 ns, At safepoint: 2500 ns, Total: 20401 ns
[159.135s][info ][safepoint      ] Safepoint "Cleanup", Time since last: 4000342727 ns, Reaching safepoint: 6900 ns, Cleanup: 11101 ns, At safepoint: 2300 ns, Total: 20301 ns
[160.135s][info ][safepoint      ] Safepoint "Cleanup", Time since last: 1000134390 ns, Reaching safepoint: 8400 ns, Cleanup: 11500 ns, At safepoint: 2600 ns, Total: 22500 ns
[161.135s][info ][safepoint      ] Safepoint "Cleanup", Time since last: 1000125589 ns, Reaching safepoint: 8100 ns, Cleanup: 23001 ns, At safepoint: 2700 ns, Total: 33801 ns
[164.136s][info ][safepoint      ] Safepoint "Cleanup", Time since last: 3000287864 ns, Reaching safepoint: 9800 ns, Cleanup: 22901 ns, At safepoint: 2800 ns, Total: 35501 ns
[165.136s][info ][safepoint      ] Safepoint "Cleanup", Time since last: 1000197884 ns, Reaching safepoint: 8800 ns, Cleanup: 15601 ns, At safepoint: 2600 ns, Total: 27001 ns
[166.136s][info ][safepoint      ] Safepoint "Cleanup", Time since last: 1000122567 ns, Reaching safepoint: 8600 ns, Cleanup: 8500 ns, At safepoint: 3100 ns, Total: 20200 ns
[166.628s][info ][gc,start       ] GC(12) Pause Young (Allocation Failure)
[166.670s][debug][gc,phases      ] GC(12) Scavenge 41.695ms
[166.670s][debug][gc,ref         ] GC(12) ReferenceProcessor::execute queues: 1, RefProcThreadModel::Single, marks_oops_alive: false
[166.670s][debug][gc,ref         ] GC(12) Skipped KeepAliveFinalRefsPhase of Reference Processing: no references
[166.670s][debug][gc,ref         ] GC(12) ReferenceProcessor::execute queues: 1, RefProcThreadModel::Single, marks_oops_alive: false
[166.670s][debug][gc,phases      ] GC(12) Reference Processing 0.140ms
[166.670s][debug][gc,phases      ] GC(12)   VM Weak                        Min:  0.0, Avg:  0.0, Max:  0.0, Diff:  0.0, Sum:  0.0, Workers: 4
[166.670s][debug][gc,phases      ] GC(12)     Dead                           Min: 0, Avg:  0.0, Max: 0, Diff: 0, Sum: 0, Workers: 4
[166.670s][debug][gc,phases      ] GC(12)     Total                          Min: 0, Avg: 241.2, Max: 896, Diff: 896, Sum: 965, Workers: 4
[166.670s][debug][gc,phases      ] GC(12)   ObjectSynchronizer Weak        Min:  0.0, Avg:  0.0, Max:  0.0, Diff:  0.0, Sum:  0.0, Workers: 4
[166.670s][debug][gc,phases      ] GC(12)     Dead                           Min: 0, Avg:  0.0, Max: 0, Diff: 0, Sum: 0, Workers: 4
[166.670s][debug][gc,phases      ] GC(12)     Total                          Min: 0, Avg:  1.0, Max: 4, Diff: 4, Sum: 4, Workers: 4
[166.670s][debug][gc,phases      ] GC(12)   JVMTI Tag Weak OopStorage      Min:  0.0, Avg:  0.0, Max:  0.0, Diff:  0.0, Sum:  0.0, Workers: 4
[166.670s][debug][gc,phases      ] GC(12)     Dead                           Min: 0, Avg:  0.0, Max: 0, Diff: 0, Sum: 0, Workers: 4
[166.670s][debug][gc,phases      ] GC(12)     Total                          Min: 0, Avg:  0.0, Max: 0, Diff: 0, Sum: 0, Workers: 4
[166.670s][debug][gc,phases      ] GC(12)   StringTable Weak               Min:  0.0, Avg:  0.1, Max:  0.2, Diff:  0.2, Sum:  0.6, Workers: 4
[166.670s][debug][gc,phases      ] GC(12)     Dead                           Min: 0, Avg:  0.8, Max: 2, Diff: 2, Sum: 3, Workers: 4
[166.670s][debug][gc,phases      ] GC(12)     Total                          Min: 0, Avg: 11026.0, Max: 15808, Diff: 15808, Sum: 44104, Workers: 4
[166.670s][debug][gc,phases      ] GC(12)   ResolvedMethodTable Weak       Min:  0.0, Avg:  0.1, Max:  0.1, Diff:  0.1, Sum:  0.3, Workers: 4
[166.670s][debug][gc,phases      ] GC(12)     Dead                           Min: 0, Avg:  5.0, Max: 10, Diff: 10, Sum: 20, Workers: 4
[166.670s][debug][gc,phases      ] GC(12)     Total                          Min: 0, Avg: 3809.8, Max: 5695, Diff: 5695, Sum: 15239, Workers: 4
[166.670s][debug][gc,phases      ] GC(12)   JNI Weak                       Min:  0.0, Avg:  0.0, Max:  0.0, Diff:  0.0, Sum:  0.0, Workers: 4
[166.670s][debug][gc,phases      ] GC(12)     Dead                           Min: 0, Avg:  0.0, Max: 0, Diff: 0, Sum: 0, Workers: 4
[166.670s][debug][gc,phases      ] GC(12)     Total                          Min: 0, Avg: 12.0, Max: 48, Diff: 48, Sum: 48, Workers: 4
[166.670s][debug][gc,phases      ] GC(12)   StringDedup Table Weak         Min:  0.0, Avg:  0.0, Max:  0.0, Diff:  0.0, Sum:  0.0, Workers: 4
[166.670s][debug][gc,phases      ] GC(12)     Dead                           Min: 0, Avg:  0.0, Max: 0, Diff: 0, Sum: 0, Workers: 4
[166.670s][debug][gc,phases      ] GC(12)     Total                          Min: 0, Avg:  0.0, Max: 0, Diff: 0, Sum: 0, Workers: 4
[166.670s][debug][gc,phases      ] GC(12)   StringDedup Requests0 Weak     Min:  0.0, Avg:  0.0, Max:  0.0, Diff:  0.0, Sum:  0.0, Workers: 4
[166.670s][debug][gc,phases      ] GC(12)     Dead                           Min: 0, Avg:  0.0, Max: 0, Diff: 0, Sum: 0, Workers: 4
[166.670s][debug][gc,phases      ] GC(12)     Total                          Min: 0, Avg:  0.0, Max: 0, Diff: 0, Sum: 0, Workers: 4
[166.670s][debug][gc,phases      ] GC(12)   StringDedup Requests1 Weak     Min:  0.0, Avg:  0.0, Max:  0.0, Diff:  0.0, Sum:  0.0, Workers: 4
[166.670s][debug][gc,phases      ] GC(12)     Dead                           Min: 0, Avg:  0.0, Max: 0, Diff: 0, Sum: 0, Workers: 4
[166.670s][debug][gc,phases      ] GC(12)     Total                          Min: 0, Avg:  0.0, Max: 0, Diff: 0, Sum: 0, Workers: 4
[166.670s][debug][gc,phases      ] GC(12)   Weak JFR Old Object Samples    Min:  0.0, Avg:  0.0, Max:  0.0, Diff:  0.0, Sum:  0.0, Workers: 4
[166.671s][debug][gc,phases      ] GC(12)     Dead                           Min: 0, Avg:  0.0, Max: 0, Diff: 0, Sum: 0, Workers: 4
[166.671s][debug][gc,phases      ] GC(12)     Total                          Min: 0, Avg:  0.0, Max: 0, Diff: 0, Sum: 0, Workers: 4
[166.671s][debug][gc,phases      ] GC(12) Weak Processing 0.547ms
[166.671s][debug][gc,age         ] GC(12) Desired survivor size 296222720 bytes, new threshold 2 (max threshold 15)
[166.671s][info ][gc,heap        ] GC(12) PSYoungGen: 1608633K(1811968K)->17248K(1802240K) Eden: 1517056K(1517056K)->0K(1517056K) From: 91577K(294912K)->17248K(285184K)
[166.671s][info ][gc,heap        ] GC(12) ParOldGen: 159344K(159744K)->238818K(239104K)
[166.671s][info ][gc,metaspace   ] GC(12) Metaspace: 100142K(101376K)->100142K(101376K) NonClass: 84801K(85504K)->84801K(85504K) Class: 15340K(15872K)->15340K(15872K)
[166.671s][info ][gc             ] GC(12) Pause Young (Allocation Failure) 1726M->250M(1993M) 42.552ms
[166.671s][info ][gc,cpu         ] GC(12) User=0.10s Sys=0.06s Real=0.04s
[166.671s][info ][safepoint      ] Safepoint "ParallelGCFailedAllocation", Time since last: 491994200 ns, Reaching safepoint: 7500 ns, Cleanup: 5101 ns, At safepoint: 42640499 ns, Total: 42653100 ns
[168.671s][info ][safepoint      ] Safepoint "Cleanup", Time since last: 2000188406 ns, Reaching safepoint: 10800 ns, Cleanup: 22101 ns, At safepoint: 3200 ns, Total: 36101 ns
[169.671s][info ][safepoint      ] Safepoint "Cleanup", Time since last: 1000151756 ns, Reaching safepoint: 10501 ns, Cleanup: 17200 ns, At safepoint: 3000 ns, Total: 30701 ns
[170.672s][info ][safepoint      ] Safepoint "Cleanup", Time since last: 1000600872 ns, Reaching safepoint: 15100 ns, Cleanup: 20101 ns, At safepoint: 3500 ns, Total: 38701 ns
[171.672s][info ][safepoint      ] Safepoint "Cleanup", Time since last: 1000151556 ns, Reaching safepoint: 10201 ns, Cleanup: 21701 ns, At safepoint: 2800 ns, Total: 34702 ns
[172.672s][info ][safepoint      ] Safepoint "Cleanup", Time since last: 1000147656 ns, Reaching safepoint: 10300 ns, Cleanup: 15301 ns, At safepoint: 2900 ns, Total: 28501 ns
[174.672s][info ][safepoint      ] Safepoint "Cleanup", Time since last: 2000249510 ns, Reaching safepoint: 15701 ns, Cleanup: 18801 ns, At safepoint: 3300 ns, Total: 37802 ns
[176.673s][info ][safepoint      ] Safepoint "Cleanup", Time since last: 2000244758 ns, Reaching safepoint: 9800 ns, Cleanup: 20800 ns, At safepoint: 2501 ns, Total: 33101 ns
[180.147s][info ][safepoint      ] Safepoint "Cleanup", Time since last: 3474652625 ns, Reaching safepoint: 3800 ns, Cleanup: 16001 ns, At safepoint: 4700 ns, Total: 24501 ns
[181.147s][info ][safepoint      ] Safepoint "Cleanup", Time since last: 1000155526 ns, Reaching safepoint: 11101 ns, Cleanup: 15300 ns, At safepoint: 2700 ns, Total: 29101 ns
[182.148s][info ][safepoint      ] Safepoint "Cleanup", Time since last: 1000129026 ns, Reaching safepoint: 7900 ns, Cleanup: 11400 ns, At safepoint: 2400 ns, Total: 21700 ns
[184.148s][info ][safepoint      ] Safepoint "Cleanup", Time since last: 2000242434 ns, Reaching safepoint: 10900 ns, Cleanup: 15600 ns, At safepoint: 3301 ns, Total: 29801 ns
[186.148s][info ][safepoint      ] Safepoint "Cleanup", Time since last: 2000389285 ns, Reaching safepoint: 13200 ns, Cleanup: 15601 ns, At safepoint: 2600 ns, Total: 31401 ns
[190.149s][info ][safepoint      ] Safepoint "Cleanup", Time since last: 4000418258 ns, Reaching safepoint: 11900 ns, Cleanup: 20301 ns, At safepoint: 2800 ns, Total: 35001 ns
[191.149s][info ][safepoint      ] Safepoint "Cleanup", Time since last: 1000135390 ns, Reaching safepoint: 10901 ns, Cleanup: 21901 ns, At safepoint: 3000 ns, Total: 35802 ns
[192.149s][info ][safepoint      ] Safepoint "Cleanup", Time since last: 1000134320 ns, Reaching safepoint: 11700 ns, Cleanup: 17301 ns, At safepoint: 3000 ns, Total: 32001 ns
[194.149s][info ][safepoint      ] Safepoint "Cleanup", Time since last: 2000234495 ns, Reaching safepoint: 10600 ns, Cleanup: 13901 ns, At safepoint: 2800 ns, Total: 27301 ns
[195.150s][info ][safepoint      ] Safepoint "Cleanup", Time since last: 1000139148 ns, Reaching safepoint: 10600 ns, Cleanup: 23101 ns, At safepoint: 2900 ns, Total: 36601 ns
[196.150s][info ][safepoint      ] Safepoint "Cleanup", Time since last: 1000143495 ns, Reaching safepoint: 10200 ns, Cleanup: 18200 ns, At safepoint: 2701 ns, Total: 31101 ns
[198.150s][info ][safepoint      ] Safepoint "Cleanup", Time since last: 2000233964 ns, Reaching safepoint: 10201 ns, Cleanup: 16200 ns, At safepoint: 3000 ns, Total: 29401 ns
[200.150s][info ][safepoint      ] Safepoint "Cleanup", Time since last: 2000209297 ns, Reaching safepoint: 10300 ns, Cleanup: 18401 ns, At safepoint: 3300 ns, Total: 32001 ns
[201.150s][info ][safepoint      ] Safepoint "Cleanup", Time since last: 1000159945 ns, Reaching safepoint: 11400 ns, Cleanup: 20201 ns, At safepoint: 3200 ns, Total: 34801 ns
[202.151s][info ][safepoint      ] Safepoint "Cleanup", Time since last: 1000168445 ns, Reaching safepoint: 11001 ns, Cleanup: 21200 ns, At safepoint: 38901 ns, Total: 71102 ns
[204.151s][info ][safepoint      ] Safepoint "Cleanup", Time since last: 2000197487 ns, Reaching safepoint: 10500 ns, Cleanup: 25701 ns, At safepoint: 3000 ns, Total: 39201 ns
[206.151s][info ][safepoint      ] Safepoint "Cleanup", Time since last: 2000255665 ns, Reaching safepoint: 11700 ns, Cleanup: 19701 ns, At safepoint: 2900 ns, Total: 34301 ns
[208.151s][info ][safepoint      ] Safepoint "Cleanup", Time since last: 2000238327 ns, Reaching safepoint: 11200 ns, Cleanup: 16501 ns, At safepoint: 3200 ns, Total: 30901 ns
[209.152s][info ][safepoint      ] Safepoint "Cleanup", Time since last: 1000165983 ns, Reaching safepoint: 11400 ns, Cleanup: 15301 ns, At safepoint: 3400 ns, Total: 30101 ns
[210.152s][info ][safepoint      ] Safepoint "Cleanup", Time since last: 1000194683 ns, Reaching safepoint: 12101 ns, Cleanup: 20900 ns, At safepoint: 3200 ns, Total: 36201 ns
[211.152s][info ][safepoint      ] Safepoint "Cleanup", Time since last: 1000141882 ns, Reaching safepoint: 11401 ns, Cleanup: 19500 ns, At safepoint: 3400 ns, Total: 34301 ns
[212.152s][info ][safepoint      ] Safepoint "Cleanup", Time since last: 1000183684 ns, Reaching safepoint: 11600 ns, Cleanup: 15001 ns, At safepoint: 3000 ns, Total: 29601 ns
[213.152s][info ][safepoint      ] Safepoint "Cleanup", Time since last: 1000156382 ns, Reaching safepoint: 10900 ns, Cleanup: 16401 ns, At safepoint: 2900 ns, Total: 30201 ns
[214.153s][info ][safepoint      ] Safepoint "Cleanup", Time since last: 1000151482 ns, Reaching safepoint: 10900 ns, Cleanup: 20401 ns, At safepoint: 2900 ns, Total: 34201 ns
[215.153s][info ][safepoint      ] Safepoint "Cleanup", Time since last: 1000129782 ns, Reaching safepoint: 7300 ns, Cleanup: 13500 ns, At safepoint: 2600 ns, Total: 23400 ns
[217.153s][info ][safepoint      ] Safepoint "Cleanup", Time since last: 2000261011 ns, Reaching safepoint: 11101 ns, Cleanup: 18300 ns, At safepoint: 3300 ns, Total: 32701 ns
[218.153s][info ][safepoint      ] Safepoint "Cleanup", Time since last: 1000144188 ns, Reaching safepoint: 10701 ns, Cleanup: 22200 ns, At safepoint: 3000 ns, Total: 35901 ns
[219.153s][info ][safepoint      ] Safepoint "Cleanup", Time since last: 1000150689 ns, Reaching safepoint: 10300 ns, Cleanup: 14300 ns, At safepoint: 2900 ns, Total: 27500 ns
[220.154s][info ][safepoint      ] Safepoint "Cleanup", Time since last: 1000176089 ns, Reaching safepoint: 12901 ns, Cleanup: 26201 ns, At safepoint: 3000 ns, Total: 42102 ns
[221.154s][info ][safepoint      ] Safepoint "Cleanup", Time since last: 1000146888 ns, Reaching safepoint: 8100 ns, Cleanup: 14800 ns, At safepoint: 2901 ns, Total: 25801 ns
[222.154s][info ][safepoint      ] Safepoint "Cleanup", Time since last: 1000131087 ns, Reaching safepoint: 10800 ns, Cleanup: 29001 ns, At safepoint: 3000 ns, Total: 42801 ns
[223.154s][info ][safepoint      ] Safepoint "Cleanup", Time since last: 1000136288 ns, Reaching safepoint: 10701 ns, Cleanup: 24700 ns, At safepoint: 3300 ns, Total: 38701 ns
[225.154s][info ][safepoint      ] Safepoint "Cleanup", Time since last: 2000253809 ns, Reaching safepoint: 10700 ns, Cleanup: 14001 ns, At safepoint: 2800 ns, Total: 27501 ns
[226.155s][info ][safepoint      ] Safepoint "Cleanup", Time since last: 1000135232 ns, Reaching safepoint: 10700 ns, Cleanup: 13200 ns, At safepoint: 2801 ns, Total: 26701 ns
[227.155s][info ][safepoint      ] Safepoint "Cleanup", Time since last: 1000135531 ns, Reaching safepoint: 10801 ns, Cleanup: 16800 ns, At safepoint: 3000 ns, Total: 30601 ns
[229.155s][info ][safepoint      ] Safepoint "Cleanup", Time since last: 2000241463 ns, Reaching safepoint: 11600 ns, Cleanup: 14401 ns, At safepoint: 2700 ns, Total: 28701 ns
[230.155s][info ][safepoint      ] Safepoint "Cleanup", Time since last: 1000150832 ns, Reaching safepoint: 11900 ns, Cleanup: 16201 ns, At safepoint: 3100 ns, Total: 31201 ns
[231.155s][info ][safepoint      ] Safepoint "Cleanup", Time since last: 1000157832 ns, Reaching safepoint: 11001 ns, Cleanup: 20200 ns, At safepoint: 3201 ns, Total: 34402 ns
[233.156s][info ][safepoint      ] Safepoint "Cleanup", Time since last: 2000235474 ns, Reaching safepoint: 14801 ns, Cleanup: 19901 ns, At safepoint: 3300 ns, Total: 38002 ns
[235.156s][info ][safepoint      ] Safepoint "Cleanup", Time since last: 2000237100 ns, Reaching safepoint: 10901 ns, Cleanup: 16800 ns, At safepoint: 3900 ns, Total: 31601 ns
[236.156s][info ][safepoint      ] Safepoint "Cleanup", Time since last: 1000141852 ns, Reaching safepoint: 11800 ns, Cleanup: 23901 ns, At safepoint: 2900 ns, Total: 38601 ns
[237.156s][info ][safepoint      ] Safepoint "Cleanup", Time since last: 1000142951 ns, Reaching safepoint: 12200 ns, Cleanup: 19701 ns, At safepoint: 3200 ns, Total: 35101 ns
[238.157s][info ][safepoint      ] Safepoint "Cleanup", Time since last: 1000140551 ns, Reaching safepoint: 13501 ns, Cleanup: 65402 ns, At safepoint: 2700 ns, Total: 81603 ns
[240.157s][info ][safepoint      ] Safepoint "Cleanup", Time since last: 2000250164 ns, Reaching safepoint: 11400 ns, Cleanup: 22101 ns, At safepoint: 2900 ns, Total: 36401 ns
[242.032s][info ][gc,start       ] GC(13) Pause Young (Allocation Failure)
[242.042s][debug][gc,phases      ] GC(13) Scavenge 9.963ms
[242.042s][debug][gc,ref         ] GC(13) ReferenceProcessor::execute queues: 1, RefProcThreadModel::Single, marks_oops_alive: false
[242.042s][debug][gc,ref         ] GC(13) Skipped KeepAliveFinalRefsPhase of Reference Processing: no references
[242.042s][debug][gc,ref         ] GC(13) ReferenceProcessor::execute queues: 1, RefProcThreadModel::Single, marks_oops_alive: false
[242.042s][debug][gc,phases      ] GC(13) Reference Processing 0.127ms
[242.042s][debug][gc,phases      ] GC(13)   VM Weak                        Min:  0.0, Avg:  0.0, Max:  0.0, Diff:  0.0, Sum:  0.0, Workers: 4
[242.042s][debug][gc,phases      ] GC(13)     Dead                           Min: 0, Avg:  0.0, Max: 0, Diff: 0, Sum: 0, Workers: 4
[242.042s][debug][gc,phases      ] GC(13)     Total                          Min: 0, Avg: 241.2, Max: 512, Diff: 512, Sum: 965, Workers: 4
[242.042s][debug][gc,phases      ] GC(13)   ObjectSynchronizer Weak        Min:  0.0, Avg:  0.0, Max:  0.0, Diff:  0.0, Sum:  0.0, Workers: 4
[242.042s][debug][gc,phases      ] GC(13)     Dead                           Min: 0, Avg:  0.0, Max: 0, Diff: 0, Sum: 0, Workers: 4
[242.042s][debug][gc,phases      ] GC(13)     Total                          Min: 0, Avg:  0.8, Max: 3, Diff: 3, Sum: 3, Workers: 4
[242.042s][debug][gc,phases      ] GC(13)   JVMTI Tag Weak OopStorage      Min:  0.0, Avg:  0.0, Max:  0.0, Diff:  0.0, Sum:  0.0, Workers: 4
[242.042s][debug][gc,phases      ] GC(13)     Dead                           Min: 0, Avg:  0.0, Max: 0, Diff: 0, Sum: 0, Workers: 4
[242.042s][debug][gc,phases      ] GC(13)     Total                          Min: 0, Avg:  0.0, Max: 0, Diff: 0, Sum: 0, Workers: 4
[242.042s][debug][gc,phases      ] GC(13)   StringTable Weak               Min:  0.0, Avg:  0.1, Max:  0.2, Diff:  0.2, Sum:  0.5, Workers: 4
[242.042s][debug][gc,phases      ] GC(13)     Dead                           Min: 0, Avg:  0.2, Max: 1, Diff: 1, Sum: 1, Workers: 4
[242.042s][debug][gc,phases      ] GC(13)     Total                          Min: 0, Avg: 11046.0, Max: 15832, Diff: 15832, Sum: 44184, Workers: 4
[242.042s][debug][gc,phases      ] GC(13)   ResolvedMethodTable Weak       Min:  0.0, Avg:  0.0, Max:  0.1, Diff:  0.1, Sum:  0.2, Workers: 4
[242.042s][debug][gc,phases      ] GC(13)     Dead                           Min: 0, Avg:  4.5, Max: 18, Diff: 18, Sum: 18, Workers: 4
[242.042s][debug][gc,phases      ] GC(13)     Total                          Min: 0, Avg: 3813.0, Max: 5551, Diff: 5551, Sum: 15252, Workers: 4
[242.042s][debug][gc,phases      ] GC(13)   JNI Weak                       Min:  0.0, Avg:  0.0, Max:  0.0, Diff:  0.0, Sum:  0.0, Workers: 4
[242.042s][debug][gc,phases      ] GC(13)     Dead                           Min: 0, Avg:  0.0, Max: 0, Diff: 0, Sum: 0, Workers: 4
[242.042s][debug][gc,phases      ] GC(13)     Total                          Min: 0, Avg: 12.0, Max: 48, Diff: 48, Sum: 48, Workers: 4
[242.042s][debug][gc,phases      ] GC(13)   StringDedup Table Weak         Min:  0.0, Avg:  0.0, Max:  0.0, Diff:  0.0, Sum:  0.0, Workers: 4
[242.042s][debug][gc,phases      ] GC(13)     Dead                           Min: 0, Avg:  0.0, Max: 0, Diff: 0, Sum: 0, Workers: 4
[242.042s][debug][gc,phases      ] GC(13)     Total                          Min: 0, Avg:  0.0, Max: 0, Diff: 0, Sum: 0, Workers: 4
[242.042s][debug][gc,phases      ] GC(13)   StringDedup Requests0 Weak     Min:  0.0, Avg:  0.0, Max:  0.0, Diff:  0.0, Sum:  0.0, Workers: 4
[242.042s][debug][gc,phases      ] GC(13)     Dead                           Min: 0, Avg:  0.0, Max: 0, Diff: 0, Sum: 0, Workers: 4
[242.042s][debug][gc,phases      ] GC(13)     Total                          Min: 0, Avg:  0.0, Max: 0, Diff: 0, Sum: 0, Workers: 4
[242.042s][debug][gc,phases      ] GC(13)   StringDedup Requests1 Weak     Min:  0.0, Avg:  0.0, Max:  0.0, Diff:  0.0, Sum:  0.0, Workers: 4
[242.042s][debug][gc,phases      ] GC(13)     Dead                           Min: 0, Avg:  0.0, Max: 0, Diff: 0, Sum: 0, Workers: 4
[242.042s][debug][gc,phases      ] GC(13)     Total                          Min: 0, Avg:  0.0, Max: 0, Diff: 0, Sum: 0, Workers: 4
[242.042s][debug][gc,phases      ] GC(13)   Weak JFR Old Object Samples    Min:  0.0, Avg:  0.0, Max:  0.0, Diff:  0.0, Sum:  0.0, Workers: 4
[242.042s][debug][gc,phases      ] GC(13)     Dead                           Min: 0, Avg:  0.0, Max: 0, Diff: 0, Sum: 0, Workers: 4
[242.042s][debug][gc,phases      ] GC(13)     Total                          Min: 0, Avg:  0.0, Max: 0, Diff: 0, Sum: 0, Workers: 4
[242.042s][debug][gc,phases      ] GC(13) Weak Processing 0.494ms
[242.042s][debug][gc,age         ] GC(13) Desired survivor size 299368448 bytes, new threshold 1 (max threshold 15)
[242.042s][info ][gc,heap        ] GC(13) PSYoungGen: 1534304K(1802240K)->3648K(1801728K) Eden: 1517056K(1517056K)->0K(1512448K) From: 17248K(285184K)->3648K(289280K)
[242.042s][info ][gc,heap        ] GC(13) ParOldGen: 238818K(239104K)->253366K(253440K)
[242.042s][info ][gc,metaspace   ] GC(13) Metaspace: 100378K(101632K)->100378K(101632K) NonClass: 85023K(85760K)->85023K(85760K) Class: 15354K(15872K)->15354K(15872K)
[242.042s][info ][gc             ] GC(13) Pause Young (Allocation Failure) 1731M->250M(2007M) 10.744ms
[242.042s][info ][gc,cpu         ] GC(13) User=0.03s Sys=0.01s Real=0.01s
[242.042s][info ][safepoint      ] Safepoint "ParallelGCFailedAllocation", Time since last: 1874718534 ns, Reaching safepoint: 8500 ns, Cleanup: 9200 ns, At safepoint: 10830592 ns, Total: 10848292 ns
[243.043s][info ][safepoint      ] Safepoint "Cleanup", Time since last: 1000099459 ns, Reaching safepoint: 8900 ns, Cleanup: 12400 ns, At safepoint: 2500 ns, Total: 23800 ns
[244.043s][info ][safepoint      ] Safepoint "Cleanup", Time since last: 1000137959 ns, Reaching safepoint: 7801 ns, Cleanup: 18100 ns, At safepoint: 2900 ns, Total: 28801 ns
[245.043s][info ][safepoint      ] Safepoint "Cleanup", Time since last: 1000130703 ns, Reaching safepoint: 8901 ns, Cleanup: 16300 ns, At safepoint: 2600 ns, Total: 27801 ns
[246.043s][info ][safepoint      ] Safepoint "Cleanup", Time since last: 1000125061 ns, Reaching safepoint: 8700 ns, Cleanup: 13401 ns, At safepoint: 2800 ns, Total: 24901 ns
[247.043s][info ][safepoint      ] Safepoint "Cleanup", Time since last: 1000125261 ns, Reaching safepoint: 10200 ns, Cleanup: 16300 ns, At safepoint: 2900 ns, Total: 29400 ns
[249.043s][info ][safepoint      ] Safepoint "Cleanup", Time since last: 2000207447 ns, Reaching safepoint: 9201 ns, Cleanup: 16000 ns, At safepoint: 2600 ns, Total: 27801 ns
[250.044s][info ][safepoint      ] Safepoint "Cleanup", Time since last: 1000133581 ns, Reaching safepoint: 20201 ns, Cleanup: 16200 ns, At safepoint: 2600 ns, Total: 39001 ns
[251.044s][info ][safepoint      ] Safepoint "Cleanup", Time since last: 1000148882 ns, Reaching safepoint: 7500 ns, Cleanup: 27201 ns, At safepoint: 2400 ns, Total: 37101 ns
[252.044s][info ][safepoint      ] Safepoint "Cleanup", Time since last: 1000136281 ns, Reaching safepoint: 10400 ns, Cleanup: 22301 ns, At safepoint: 2700 ns, Total: 35401 ns
[253.044s][info ][safepoint      ] Safepoint "Cleanup", Time since last: 1000140281 ns, Reaching safepoint: 11000 ns, Cleanup: 14001 ns, At safepoint: 2700 ns, Total: 27701 ns
[254.044s][info ][safepoint      ] Safepoint "Cleanup", Time since last: 1000122881 ns, Reaching safepoint: 7800 ns, Cleanup: 17500 ns, At safepoint: 2300 ns, Total: 27600 ns
[256.044s][info ][safepoint      ] Safepoint "Cleanup", Time since last: 2000196407 ns, Reaching safepoint: 8600 ns, Cleanup: 49402 ns, At safepoint: 2500 ns, Total: 60502 ns
[257.045s][info ][safepoint      ] Safepoint "Cleanup", Time since last: 1000134429 ns, Reaching safepoint: 10500 ns, Cleanup: 26501 ns, At safepoint: 2500 ns, Total: 39501 ns
[258.045s][info ][safepoint      ] Safepoint "Cleanup", Time since last: 1000129228 ns, Reaching safepoint: 9901 ns, Cleanup: 38001 ns, At safepoint: 2800 ns, Total: 50702 ns
[259.045s][info ][safepoint      ] Safepoint "Cleanup", Time since last: 1000129729 ns, Reaching safepoint: 10300 ns, Cleanup: 13600 ns, At safepoint: 3000 ns, Total: 26900 ns
[260.045s][info ][safepoint      ] Safepoint "Cleanup", Time since last: 1000131529 ns, Reaching safepoint: 9300 ns, Cleanup: 34202 ns, At safepoint: 2600 ns, Total: 46102 ns
[261.045s][info ][safepoint      ] Safepoint "Cleanup", Time since last: 1000135428 ns, Reaching safepoint: 10201 ns, Cleanup: 35701 ns, At safepoint: 2500 ns, Total: 48402 ns
[262.046s][info ][safepoint      ] Safepoint "Cleanup", Time since last: 1000128029 ns, Reaching safepoint: 10000 ns, Cleanup: 20500 ns, At safepoint: 2501 ns, Total: 33001 ns
[263.046s][info ][safepoint      ] Safepoint "Cleanup", Time since last: 1000145500 ns, Reaching safepoint: 8601 ns, Cleanup: 14600 ns, At safepoint: 2600 ns, Total: 25801 ns
[264.046s][info ][safepoint      ] Safepoint "Cleanup", Time since last: 1000130847 ns, Reaching safepoint: 10601 ns, Cleanup: 15000 ns, At safepoint: 2700 ns, Total: 28301 ns
[265.046s][info ][safepoint      ] Safepoint "Cleanup", Time since last: 1000130707 ns, Reaching safepoint: 9201 ns, Cleanup: 13900 ns, At safepoint: 2400 ns, Total: 25501 ns
[272.047s][info ][safepoint      ] Safepoint "Cleanup", Time since last: 7000641705 ns, Reaching safepoint: 8801 ns, Cleanup: 34801 ns, At safepoint: 2500 ns, Total: 46102 ns
[276.047s][info ][safepoint      ] Safepoint "Cleanup", Time since last: 4000357519 ns, Reaching safepoint: 8800 ns, Cleanup: 21300 ns, At safepoint: 2701 ns, Total: 32801 ns
[277.047s][info ][safepoint      ] Safepoint "Cleanup", Time since last: 1000137581 ns, Reaching safepoint: 7400 ns, Cleanup: 11900 ns, At safepoint: 2600 ns, Total: 21900 ns
[278.047s][info ][safepoint      ] Safepoint "Cleanup", Time since last: 1000114881 ns, Reaching safepoint: 6600 ns, Cleanup: 35301 ns, At safepoint: 2400 ns, Total: 44301 ns
[279.048s][info ][safepoint      ] Safepoint "Cleanup", Time since last: 1000143482 ns, Reaching safepoint: 7800 ns, Cleanup: 11300 ns, At safepoint: 2600 ns, Total: 21700 ns
[280.048s][info ][safepoint      ] Safepoint "Cleanup", Time since last: 1000128957 ns, Reaching safepoint: 8300 ns, Cleanup: 28601 ns, At safepoint: 2400 ns, Total: 39301 ns
[282.048s][info ][safepoint      ] Safepoint "Cleanup", Time since last: 2000189338 ns, Reaching safepoint: 9800 ns, Cleanup: 13701 ns, At safepoint: 2800 ns, Total: 26301 ns
[287.049s][info ][safepoint      ] Safepoint "Cleanup", Time since last: 5000509842 ns, Reaching safepoint: 10201 ns, Cleanup: 13500 ns, At safepoint: 3000 ns, Total: 26701 ns
[288.049s][info ][safepoint      ] Safepoint "Cleanup", Time since last: 1000145078 ns, Reaching safepoint: 9300 ns, Cleanup: 16401 ns, At safepoint: 3000 ns, Total: 28701 ns
[289.049s][info ][safepoint      ] Safepoint "Cleanup", Time since last: 1000271252 ns, Reaching safepoint: 25401 ns, Cleanup: 36301 ns, At safepoint: 5200 ns, Total: 66902 ns
[291.049s][info ][safepoint      ] Safepoint "Cleanup", Time since last: 2000281998 ns, Reaching safepoint: 8800 ns, Cleanup: 18801 ns, At safepoint: 3000 ns, Total: 30601 ns
[292.049s][info ][safepoint      ] Safepoint "Cleanup", Time since last: 1000128748 ns, Reaching safepoint: 9900 ns, Cleanup: 14201 ns, At safepoint: 2500 ns, Total: 26601 ns
[295.050s][info ][safepoint      ] Safepoint "Cleanup", Time since last: 3000297542 ns, Reaching safepoint: 12701 ns, Cleanup: 13700 ns, At safepoint: 3400 ns, Total: 29801 ns
[297.050s][info ][safepoint      ] Safepoint "Cleanup", Time since last: 2000223260 ns, Reaching safepoint: 12100 ns, Cleanup: 17401 ns, At safepoint: 2300 ns, Total: 31801 ns
[298.050s][info ][safepoint      ] Safepoint "Cleanup", Time since last: 1000127303 ns, Reaching safepoint: 7700 ns, Cleanup: 22200 ns, At safepoint: 2600 ns, Total: 32500 ns
[300.050s][info ][safepoint      ] Safepoint "Cleanup", Time since last: 2000186769 ns, Reaching safepoint: 8000 ns, Cleanup: 17101 ns, At safepoint: 2800 ns, Total: 27901 ns
[301.187s][info ][safepoint      ] Safepoint "Cleanup", Time since last: 1136633501 ns, Reaching safepoint: 8000 ns, Cleanup: 7400 ns, At safepoint: 2600 ns, Total: 18000 ns
[302.187s][info ][safepoint      ] Safepoint "Cleanup", Time since last: 1000129530 ns, Reaching safepoint: 7600 ns, Cleanup: 14301 ns, At safepoint: 2800 ns, Total: 24701 ns
[303.187s][info ][safepoint      ] Safepoint "Cleanup", Time since last: 1000131729 ns, Reaching safepoint: 8101 ns, Cleanup: 17900 ns, At safepoint: 2700 ns, Total: 28701 ns
[304.188s][info ][safepoint      ] Safepoint "Cleanup", Time since last: 1000122947 ns, Reaching safepoint: 26100 ns, Cleanup: 12001 ns, At safepoint: 3000 ns, Total: 41101 ns
[305.188s][info ][safepoint      ] Safepoint "Cleanup", Time since last: 1000136202 ns, Reaching safepoint: 10801 ns, Cleanup: 18400 ns, At safepoint: 3200 ns, Total: 32401 ns
[307.188s][info ][safepoint      ] Safepoint "Cleanup", Time since last: 2000190603 ns, Reaching safepoint: 7700 ns, Cleanup: 12600 ns, At safepoint: 2800 ns, Total: 23100 ns
[309.188s][info ][safepoint      ] Safepoint "Cleanup", Time since last: 2000206703 ns, Reaching safepoint: 8401 ns, Cleanup: 16300 ns, At safepoint: 2500 ns, Total: 27201 ns
[310.188s][info ][safepoint      ] Safepoint "Cleanup", Time since last: 1000145603 ns, Reaching safepoint: 8600 ns, Cleanup: 15701 ns, At safepoint: 2900 ns, Total: 27201 ns
[311.189s][info ][safepoint      ] Safepoint "Cleanup", Time since last: 1000125502 ns, Reaching safepoint: 7500 ns, Cleanup: 13301 ns, At safepoint: 2600 ns, Total: 23401 ns
[313.189s][info ][safepoint      ] Safepoint "Cleanup", Time since last: 2000217928 ns, Reaching safepoint: 9101 ns, Cleanup: 12100 ns, At safepoint: 2900 ns, Total: 24101 ns
[314.180s][info ][gc,start       ] GC(14) Pause Young (Allocation Failure)
[314.184s][debug][gc,phases      ] GC(14) Scavenge 3.666ms
[314.184s][debug][gc,ref         ] GC(14) ReferenceProcessor::execute queues: 1, RefProcThreadModel::Single, marks_oops_alive: false
[314.184s][debug][gc,ref         ] GC(14) Skipped KeepAliveFinalRefsPhase of Reference Processing: no references
[314.184s][debug][gc,ref         ] GC(14) ReferenceProcessor::execute queues: 1, RefProcThreadModel::Single, marks_oops_alive: false
[314.184s][debug][gc,phases      ] GC(14) Reference Processing 0.131ms
[314.185s][debug][gc,phases      ] GC(14)   VM Weak                        Min:  0.0, Avg:  0.0, Max:  0.0, Diff:  0.0, Sum:  0.0, Workers: 4
[314.185s][debug][gc,phases      ] GC(14)     Dead                           Min: 0, Avg:  0.0, Max: 0, Diff: 0, Sum: 0, Workers: 4
[314.185s][debug][gc,phases      ] GC(14)     Total                          Min: 0, Avg: 243.2, Max: 384, Diff: 384, Sum: 973, Workers: 4
[314.185s][debug][gc,phases      ] GC(14)   ObjectSynchronizer Weak        Min:  0.0, Avg:  0.0, Max:  0.0, Diff:  0.0, Sum:  0.0, Workers: 4
[314.185s][debug][gc,phases      ] GC(14)     Dead                           Min: 0, Avg:  0.0, Max: 0, Diff: 0, Sum: 0, Workers: 4
[314.185s][debug][gc,phases      ] GC(14)     Total                          Min: 0, Avg:  0.8, Max: 3, Diff: 3, Sum: 3, Workers: 4
[314.185s][debug][gc,phases      ] GC(14)   JVMTI Tag Weak OopStorage      Min:  0.0, Avg:  0.0, Max:  0.0, Diff:  0.0, Sum:  0.0, Workers: 4
[314.185s][debug][gc,phases      ] GC(14)     Dead                           Min: 0, Avg:  0.0, Max: 0, Diff: 0, Sum: 0, Workers: 4
[314.185s][debug][gc,phases      ] GC(14)     Total                          Min: 0, Avg:  0.0, Max: 0, Diff: 0, Sum: 0, Workers: 4
[314.185s][debug][gc,phases      ] GC(14)   StringTable Weak               Min:  0.0, Avg:  0.1, Max:  0.2, Diff:  0.2, Sum:  0.5, Workers: 4
[314.185s][debug][gc,phases      ] GC(14)     Dead                           Min: 0, Avg:  0.5, Max: 1, Diff: 1, Sum: 2, Workers: 4
[314.185s][debug][gc,phases      ] GC(14)     Total                          Min: 0, Avg: 11077.8, Max: 15831, Diff: 15831, Sum: 44311, Workers: 4
[314.185s][debug][gc,phases      ] GC(14)   ResolvedMethodTable Weak       Min:  0.0, Avg:  0.0, Max:  0.1, Diff:  0.1, Sum:  0.2, Workers: 4
[314.185s][debug][gc,phases      ] GC(14)     Dead                           Min: 0, Avg: 10.5, Max: 24, Diff: 24, Sum: 42, Workers: 4
[314.185s][debug][gc,phases      ] GC(14)     Total                          Min: 0, Avg: 3843.2, Max: 5440, Diff: 5440, Sum: 15373, Workers: 4
[314.185s][debug][gc,phases      ] GC(14)   JNI Weak                       Min:  0.0, Avg:  0.0, Max:  0.0, Diff:  0.0, Sum:  0.0, Workers: 4
[314.185s][debug][gc,phases      ] GC(14)     Dead                           Min: 0, Avg:  0.0, Max: 0, Diff: 0, Sum: 0, Workers: 4
[314.185s][debug][gc,phases      ] GC(14)     Total                          Min: 0, Avg: 13.2, Max: 48, Diff: 48, Sum: 53, Workers: 4
[314.185s][debug][gc,phases      ] GC(14)   StringDedup Table Weak         Min:  0.0, Avg:  0.0, Max:  0.0, Diff:  0.0, Sum:  0.0, Workers: 4
[314.185s][debug][gc,phases      ] GC(14)     Dead                           Min: 0, Avg:  0.0, Max: 0, Diff: 0, Sum: 0, Workers: 4
[314.185s][debug][gc,phases      ] GC(14)     Total                          Min: 0, Avg:  0.0, Max: 0, Diff: 0, Sum: 0, Workers: 4
[314.185s][debug][gc,phases      ] GC(14)   StringDedup Requests0 Weak     Min:  0.0, Avg:  0.0, Max:  0.0, Diff:  0.0, Sum:  0.0, Workers: 4
[314.185s][debug][gc,phases      ] GC(14)     Dead                           Min: 0, Avg:  0.0, Max: 0, Diff: 0, Sum: 0, Workers: 4
[314.185s][debug][gc,phases      ] GC(14)     Total                          Min: 0, Avg:  0.0, Max: 0, Diff: 0, Sum: 0, Workers: 4
[314.185s][debug][gc,phases      ] GC(14)   StringDedup Requests1 Weak     Min:  0.0, Avg:  0.0, Max:  0.0, Diff:  0.0, Sum:  0.0, Workers: 4
[314.185s][debug][gc,phases      ] GC(14)     Dead                           Min: 0, Avg:  0.0, Max: 0, Diff: 0, Sum: 0, Workers: 4
[314.185s][debug][gc,phases      ] GC(14)     Total                          Min: 0, Avg:  0.0, Max: 0, Diff: 0, Sum: 0, Workers: 4
[314.185s][debug][gc,phases      ] GC(14)   Weak JFR Old Object Samples    Min:  0.0, Avg:  0.0, Max:  0.0, Diff:  0.0, Sum:  0.0, Workers: 4
[314.185s][debug][gc,phases      ] GC(14)     Dead                           Min: 0, Avg:  0.0, Max: 0, Diff: 0, Sum: 0, Workers: 4
[314.185s][debug][gc,phases      ] GC(14)     Total                          Min: 0, Avg:  0.0, Max: 0, Diff: 0, Sum: 0, Workers: 4
[314.185s][debug][gc,phases      ] GC(14) Weak Processing 0.478ms
[314.185s][debug][gc,age         ] GC(14) Desired survivor size 298319872 bytes, new threshold 1 (max threshold 15)
[314.185s][info ][gc,heap        ] GC(14) PSYoungGen: 1516096K(1801728K)->3520K(1804800K) Eden: 1512448K(1512448K)->0K(1512448K) From: 3648K(289280K)->3520K(292352K)
[314.185s][info ][gc,heap        ] GC(14) ParOldGen: 253366K(253440K)->254178K(254464K)
[314.185s][info ][gc,metaspace   ] GC(14) Metaspace: 100882K(102208K)->100882K(102208K) NonClass: 85468K(86208K)->85468K(86208K) Class: 15413K(16000K)->15413K(16000K)
[314.185s][info ][gc             ] GC(14) Pause Young (Allocation Failure) 1727M->251M(2011M) 4.439ms
[314.185s][info ][gc,cpu         ] GC(14) User=0.02s Sys=0.00s Real=0.00s
[314.185s][info ][safepoint      ] Safepoint "ParallelGCFailedAllocation", Time since last: 991400210 ns, Reaching safepoint: 85202 ns, Cleanup: 135304 ns, At safepoint: 4531827 ns, Total: 4752333 ns
[315.185s][info ][safepoint      ] Safepoint "Cleanup", Time since last: 1000130753 ns, Reaching safepoint: 14201 ns, Cleanup: 33601 ns, At safepoint: 4600 ns, Total: 52402 ns
[316.185s][info ][safepoint      ] Safepoint "Cleanup", Time since last: 1000155954 ns, Reaching safepoint: 7900 ns, Cleanup: 11401 ns, At safepoint: 2300 ns, Total: 21601 ns
[318.186s][info ][safepoint      ] Safepoint "Cleanup", Time since last: 2000202805 ns, Reaching safepoint: 8100 ns, Cleanup: 28201 ns, At safepoint: 2800 ns, Total: 39101 ns
[319.537s][info ][safepoint      ] Safepoint "Cleanup", Time since last: 1351478816 ns, Reaching safepoint: 5300 ns, Cleanup: 9700 ns, At safepoint: 2200 ns, Total: 17200 ns
[320.540s][info ][safepoint      ] Safepoint "Cleanup", Time since last: 1003279277 ns, Reaching safepoint: 8000 ns, Cleanup: 43101 ns, At safepoint: 2600 ns, Total: 53701 ns
[322.541s][info ][safepoint      ] Safepoint "Cleanup", Time since last: 2000192493 ns, Reaching safepoint: 7500 ns, Cleanup: 16101 ns, At safepoint: 2200 ns, Total: 25801 ns
[323.541s][info ][safepoint      ] Safepoint "Cleanup", Time since last: 1000134897 ns, Reaching safepoint: 12801 ns, Cleanup: 18100 ns, At safepoint: 2900 ns, Total: 33801 ns
[324.541s][info ][safepoint      ] Safepoint "Cleanup", Time since last: 1000130498 ns, Reaching safepoint: 7800 ns, Cleanup: 16200 ns, At safepoint: 2301 ns, Total: 26301 ns
[325.541s][info ][safepoint      ] Safepoint "Cleanup", Time since last: 1000137579 ns, Reaching safepoint: 8100 ns, Cleanup: 17001 ns, At safepoint: 2700 ns, Total: 27801 ns
[329.541s][info ][safepoint      ] Safepoint "Cleanup", Time since last: 4000356726 ns, Reaching safepoint: 8200 ns, Cleanup: 13501 ns, At safepoint: 3000 ns, Total: 24701 ns
[331.542s][info ][safepoint      ] Safepoint "Cleanup", Time since last: 2000193596 ns, Reaching safepoint: 7000 ns, Cleanup: 16001 ns, At safepoint: 2700 ns, Total: 25701 ns
[332.542s][info ][safepoint      ] Safepoint "Cleanup", Time since last: 1000129549 ns, Reaching safepoint: 11100 ns, Cleanup: 15201 ns, At safepoint: 2700 ns, Total: 29001 ns
[333.542s][info ][safepoint      ] Safepoint "Cleanup", Time since last: 1000126049 ns, Reaching safepoint: 7800 ns, Cleanup: 10900 ns, At safepoint: 2900 ns, Total: 21600 ns
[334.542s][info ][safepoint      ] Safepoint "Cleanup", Time since last: 1000129650 ns, Reaching safepoint: 8600 ns, Cleanup: 15300 ns, At safepoint: 2600 ns, Total: 26500 ns
[335.542s][info ][safepoint      ] Safepoint "Cleanup", Time since last: 1000123048 ns, Reaching safepoint: 7300 ns, Cleanup: 7400 ns, At safepoint: 2300 ns, Total: 17000 ns
[337.543s][info ][safepoint      ] Safepoint "Cleanup", Time since last: 2000243709 ns, Reaching safepoint: 8200 ns, Cleanup: 14301 ns, At safepoint: 2700 ns, Total: 25201 ns
[338.543s][info ][safepoint      ] Safepoint "Cleanup", Time since last: 1000094303 ns, Reaching safepoint: 11801 ns, Cleanup: 25200 ns, At safepoint: 3701 ns, Total: 40702 ns
[340.543s][info ][safepoint      ] Safepoint "Cleanup", Time since last: 2000201807 ns, Reaching safepoint: 8900 ns, Cleanup: 9401 ns, At safepoint: 2900 ns, Total: 21201 ns
[342.543s][info ][safepoint      ] Safepoint "Cleanup", Time since last: 2000257709 ns, Reaching safepoint: 11300 ns, Cleanup: 13101 ns, At safepoint: 3600 ns, Total: 28001 ns
[343.543s][info ][safepoint      ] Safepoint "Cleanup", Time since last: 1000156774 ns, Reaching safepoint: 13000 ns, Cleanup: 16001 ns, At safepoint: 3200 ns, Total: 32201 ns
[344.543s][info ][safepoint      ] Safepoint "Cleanup", Time since last: 1000128719 ns, Reaching safepoint: 8500 ns, Cleanup: 13300 ns, At safepoint: 2601 ns, Total: 24401 ns
[345.544s][info ][safepoint      ] Safepoint "Cleanup", Time since last: 1000151219 ns, Reaching safepoint: 7300 ns, Cleanup: 21301 ns, At safepoint: 2800 ns, Total: 31401 ns
[346.544s][info ][safepoint      ] Safepoint "Cleanup", Time since last: 1000189321 ns, Reaching safepoint: 14300 ns, Cleanup: 16701 ns, At safepoint: 3000 ns, Total: 34001 ns
[348.544s][info ][safepoint      ] Safepoint "Cleanup", Time since last: 2000252337 ns, Reaching safepoint: 12001 ns, Cleanup: 14600 ns, At safepoint: 2800 ns, Total: 29401 ns
[349.544s][info ][safepoint      ] Safepoint "Cleanup", Time since last: 1000142120 ns, Reaching safepoint: 14100 ns, Cleanup: 17500 ns, At safepoint: 3401 ns, Total: 35001 ns
[351.545s][info ][safepoint      ] Safepoint "Cleanup", Time since last: 2000215717 ns, Reaching safepoint: 8701 ns, Cleanup: 11200 ns, At safepoint: 2500 ns, Total: 22401 ns
[355.545s][info ][safepoint      ] Safepoint "Cleanup", Time since last: 4000356607 ns, Reaching safepoint: 10900 ns, Cleanup: 15700 ns, At safepoint: 2600 ns, Total: 29200 ns
[356.545s][info ][safepoint      ] Safepoint "Cleanup", Time since last: 1000152829 ns, Reaching safepoint: 14300 ns, Cleanup: 24801 ns, At safepoint: 4000 ns, Total: 43101 ns
[359.545s][info ][safepoint      ] Safepoint "Cleanup", Time since last: 3000283624 ns, Reaching safepoint: 12601 ns, Cleanup: 16200 ns, At safepoint: 3200 ns, Total: 32001 ns
[360.546s][info ][safepoint      ] Safepoint "Cleanup", Time since last: 1000146659 ns, Reaching safepoint: 11201 ns, Cleanup: 21800 ns, At safepoint: 3100 ns, Total: 36101 ns
[361.546s][info ][safepoint      ] Safepoint "Cleanup", Time since last: 1000162460 ns, Reaching safepoint: 13800 ns, Cleanup: 22701 ns, At safepoint: 3400 ns, Total: 39901 ns
[364.546s][info ][safepoint      ] Safepoint "Cleanup", Time since last: 3000337175 ns, Reaching safepoint: 10300 ns, Cleanup: 14101 ns, At safepoint: 3300 ns, Total: 27701 ns
[367.547s][info ][safepoint      ] Safepoint "Cleanup", Time since last: 3000464679 ns, Reaching safepoint: 13100 ns, Cleanup: 22001 ns, At safepoint: 2800 ns, Total: 37901 ns
[369.547s][info ][safepoint      ] Safepoint "Cleanup", Time since last: 2000228663 ns, Reaching safepoint: 8700 ns, Cleanup: 12200 ns, At safepoint: 2501 ns, Total: 23401 ns
[370.547s][info ][safepoint      ] Safepoint "Cleanup", Time since last: 1000145382 ns, Reaching safepoint: 11900 ns, Cleanup: 15801 ns, At safepoint: 2900 ns, Total: 30601 ns
[371.547s][info ][safepoint      ] Safepoint "Cleanup", Time since last: 1000144682 ns, Reaching safepoint: 12501 ns, Cleanup: 16200 ns, At safepoint: 2900 ns, Total: 31601 ns
[372.548s][info ][safepoint      ] Safepoint "Cleanup", Time since last: 1000163683 ns, Reaching safepoint: 36001 ns, Cleanup: 29901 ns, At safepoint: 4400 ns, Total: 70302 ns
[373.548s][info ][safepoint      ] Safepoint "Cleanup", Time since last: 1000171183 ns, Reaching safepoint: 12300 ns, Cleanup: 16301 ns, At safepoint: 3100 ns, Total: 31701 ns
[380.549s][info ][safepoint      ] Safepoint "Cleanup", Time since last: 7000666821 ns, Reaching safepoint: 17700 ns, Cleanup: 23201 ns, At safepoint: 4300 ns, Total: 45201 ns
[382.549s][info ][safepoint      ] Safepoint "Cleanup", Time since last: 2000232488 ns, Reaching safepoint: 11800 ns, Cleanup: 18900 ns, At safepoint: 3100 ns, Total: 33800 ns
[385.549s][info ][safepoint      ] Safepoint "Cleanup", Time since last: 3000348055 ns, Reaching safepoint: 10801 ns, Cleanup: 14300 ns, At safepoint: 2500 ns, Total: 27601 ns
[387.549s][info ][safepoint      ] Safepoint "Cleanup", Time since last: 2000277537 ns, Reaching safepoint: 19500 ns, Cleanup: 26701 ns, At safepoint: 3500 ns, Total: 49701 ns
[388.413s][info ][gc,start       ] GC(15) Pause Young (Allocation Failure)
[388.416s][debug][gc,phases      ] GC(15) Scavenge 3.011ms
[388.416s][debug][gc,ref         ] GC(15) ReferenceProcessor::execute queues: 1, RefProcThreadModel::Single, marks_oops_alive: false
[388.416s][debug][gc,ref         ] GC(15) Skipped KeepAliveFinalRefsPhase of Reference Processing: no references
[388.416s][debug][gc,ref         ] GC(15) ReferenceProcessor::execute queues: 1, RefProcThreadModel::Single, marks_oops_alive: false
[388.416s][debug][gc,phases      ] GC(15) Reference Processing 0.139ms
[388.416s][debug][gc,phases      ] GC(15)   VM Weak                        Min:  0.0, Avg:  0.0, Max:  0.0, Diff:  0.0, Sum:  0.0, Workers: 4
[388.416s][debug][gc,phases      ] GC(15)     Dead                           Min: 0, Avg:  0.0, Max: 0, Diff: 0, Sum: 0, Workers: 4
[388.416s][debug][gc,phases      ] GC(15)     Total                          Min: 0, Avg: 243.2, Max: 781, Diff: 781, Sum: 973, Workers: 4
[388.416s][debug][gc,phases      ] GC(15)   ObjectSynchronizer Weak        Min:  0.0, Avg:  0.0, Max:  0.0, Diff:  0.0, Sum:  0.0, Workers: 4
[388.416s][debug][gc,phases      ] GC(15)     Dead                           Min: 0, Avg:  0.0, Max: 0, Diff: 0, Sum: 0, Workers: 4
[388.416s][debug][gc,phases      ] GC(15)     Total                          Min: 0, Avg:  0.8, Max: 3, Diff: 3, Sum: 3, Workers: 4
[388.416s][debug][gc,phases      ] GC(15)   JVMTI Tag Weak OopStorage      Min:  0.0, Avg:  0.0, Max:  0.0, Diff:  0.0, Sum:  0.0, Workers: 4
[388.416s][debug][gc,phases      ] GC(15)     Dead                           Min: 0, Avg:  0.0, Max: 0, Diff: 0, Sum: 0, Workers: 4
[388.416s][debug][gc,phases      ] GC(15)     Total                          Min: 0, Avg:  0.0, Max: 0, Diff: 0, Sum: 0, Workers: 4
[388.416s][debug][gc,phases      ] GC(15)   StringTable Weak               Min:  0.0, Avg:  0.1, Max:  0.2, Diff:  0.2, Sum:  0.5, Workers: 4
[388.416s][debug][gc,phases      ] GC(15)     Dead                           Min: 0, Avg:  0.2, Max: 1, Diff: 1, Sum: 1, Workers: 4
[388.416s][debug][gc,phases      ] GC(15)     Total                          Min: 0, Avg: 11095.8, Max: 15040, Diff: 15040, Sum: 44383, Workers: 4
[388.416s][debug][gc,phases      ] GC(15)   ResolvedMethodTable Weak       Min:  0.0, Avg:  0.0, Max:  0.1, Diff:  0.1, Sum:  0.2, Workers: 4
[388.416s][debug][gc,phases      ] GC(15)     Dead                           Min: 0, Avg:  5.8, Max: 23, Diff: 23, Sum: 23, Workers: 4
[388.416s][debug][gc,phases      ] GC(15)     Total                          Min: 0, Avg: 3851.2, Max: 5440, Diff: 5440, Sum: 15405, Workers: 4
[388.416s][debug][gc,phases      ] GC(15)   JNI Weak                       Min:  0.0, Avg:  0.0, Max:  0.0, Diff:  0.0, Sum:  0.0, Workers: 4
[388.416s][debug][gc,phases      ] GC(15)     Dead                           Min: 0, Avg:  0.0, Max: 0, Diff: 0, Sum: 0, Workers: 4
[388.416s][debug][gc,phases      ] GC(15)     Total                          Min: 0, Avg: 12.0, Max: 48, Diff: 48, Sum: 48, Workers: 4
[388.416s][debug][gc,phases      ] GC(15)   StringDedup Table Weak         Min:  0.0, Avg:  0.0, Max:  0.0, Diff:  0.0, Sum:  0.0, Workers: 4
[388.416s][debug][gc,phases      ] GC(15)     Dead                           Min: 0, Avg:  0.0, Max: 0, Diff: 0, Sum: 0, Workers: 4
[388.416s][debug][gc,phases      ] GC(15)     Total                          Min: 0, Avg:  0.0, Max: 0, Diff: 0, Sum: 0, Workers: 4
[388.416s][debug][gc,phases      ] GC(15)   StringDedup Requests0 Weak     Min:  0.0, Avg:  0.0, Max:  0.0, Diff:  0.0, Sum:  0.0, Workers: 4
[388.416s][debug][gc,phases      ] GC(15)     Dead                           Min: 0, Avg:  0.0, Max: 0, Diff: 0, Sum: 0, Workers: 4
[388.416s][debug][gc,phases      ] GC(15)     Total                          Min: 0, Avg:  0.0, Max: 0, Diff: 0, Sum: 0, Workers: 4
[388.416s][debug][gc,phases      ] GC(15)   StringDedup Requests1 Weak     Min:  0.0, Avg:  0.0, Max:  0.0, Diff:  0.0, Sum:  0.0, Workers: 4
[388.416s][debug][gc,phases      ] GC(15)     Dead                           Min: 0, Avg:  0.0, Max: 0, Diff: 0, Sum: 0, Workers: 4
[388.416s][debug][gc,phases      ] GC(15)     Total                          Min: 0, Avg:  0.0, Max: 0, Diff: 0, Sum: 0, Workers: 4
[388.416s][debug][gc,phases      ] GC(15)   Weak JFR Old Object Samples    Min:  0.0, Avg:  0.0, Max:  0.0, Diff:  0.0, Sum:  0.0, Workers: 4
[388.416s][debug][gc,phases      ] GC(15)     Dead                           Min: 0, Avg:  0.0, Max: 0, Diff: 0, Sum: 0, Workers: 4
[388.416s][debug][gc,phases      ] GC(15)     Total                          Min: 0, Avg:  0.0, Max: 0, Diff: 0, Sum: 0, Workers: 4
[388.416s][debug][gc,phases      ] GC(15) Weak Processing 0.474ms
[388.416s][debug][gc,age         ] GC(15) Desired survivor size 295174144 bytes, new threshold 1 (max threshold 15)
[388.416s][info ][gc,heap        ] GC(15) PSYoungGen: 1515968K(1804800K)->2528K(1808896K) Eden: 1512448K(1512448K)->0K(1517568K) From: 3520K(292352K)->2528K(291328K)
[388.416s][info ][gc,heap        ] GC(15) ParOldGen: 254178K(254464K)->255471K(255488K)
[388.416s][info ][gc,metaspace   ] GC(15) Metaspace: 101042K(102336K)->101042K(102336K) NonClass: 85613K(86336K)->85613K(86336K) Class: 15428K(16000K)->15428K(16000K)
[388.417s][info ][gc             ] GC(15) Pause Young (Allocation Failure) 1728M->251M(2016M) 3.794ms
[388.417s][info ][gc,cpu         ] GC(15) User=0.01s Sys=0.01s Real=0.00s
[388.417s][info ][safepoint      ] Safepoint "ParallelGCFailedAllocation", Time since last: 863173607 ns, Reaching safepoint: 10900 ns, Cleanup: 5700 ns, At safepoint: 3882607 ns, Total: 3899207 ns
[392.417s][info ][safepoint      ] Safepoint "Cleanup", Time since last: 4000311924 ns, Reaching safepoint: 7300 ns, Cleanup: 13501 ns, At safepoint: 2700 ns, Total: 23501 ns
[394.417s][info ][safepoint      ] Safepoint "Cleanup", Time since last: 2000189254 ns, Reaching safepoint: 7500 ns, Cleanup: 12301 ns, At safepoint: 2100 ns, Total: 21901 ns
[396.417s][info ][safepoint      ] Safepoint "Cleanup", Time since last: 2000225455 ns, Reaching safepoint: 14401 ns, Cleanup: 78602 ns, At safepoint: 4100 ns, Total: 97103 ns
[400.418s][info ][safepoint      ] Safepoint "Cleanup", Time since last: 4000365409 ns, Reaching safepoint: 8400 ns, Cleanup: 14400 ns, At safepoint: 2500 ns, Total: 25300 ns
[401.418s][info ][safepoint      ] Safepoint "Cleanup", Time since last: 1000132648 ns, Reaching safepoint: 10100 ns, Cleanup: 21701 ns, At safepoint: 2700 ns, Total: 34501 ns
[404.418s][info ][safepoint      ] Safepoint "Cleanup", Time since last: 3000285641 ns, Reaching safepoint: 7800 ns, Cleanup: 16800 ns, At safepoint: 2500 ns, Total: 27100 ns
[405.418s][info ][safepoint      ] Safepoint "Cleanup", Time since last: 1000132975 ns, Reaching safepoint: 10200 ns, Cleanup: 14700 ns, At safepoint: 2800 ns, Total: 27700 ns
[409.419s][info ][safepoint      ] Safepoint "Cleanup", Time since last: 4000369284 ns, Reaching safepoint: 10001 ns, Cleanup: 14400 ns, At safepoint: 2900 ns, Total: 27301 ns
[411.419s][info ][safepoint      ] Safepoint "Cleanup", Time since last: 2000207949 ns, Reaching safepoint: 10800 ns, Cleanup: 14000 ns, At safepoint: 2700 ns, Total: 27500 ns
[414.419s][info ][safepoint      ] Safepoint "Cleanup", Time since last: 3000281822 ns, Reaching safepoint: 10000 ns, Cleanup: 16901 ns, At safepoint: 2900 ns, Total: 29801 ns
[416.420s][info ][safepoint      ] Safepoint "Cleanup", Time since last: 2000210609 ns, Reaching safepoint: 9200 ns, Cleanup: 15500 ns, At safepoint: 2700 ns, Total: 27400 ns
[418.420s][info ][safepoint      ] Safepoint "Cleanup", Time since last: 2000200983 ns, Reaching safepoint: 9001 ns, Cleanup: 12700 ns, At safepoint: 2900 ns, Total: 24601 ns
[420.420s][info ][safepoint      ] Safepoint "Cleanup", Time since last: 2000206083 ns, Reaching safepoint: 10101 ns, Cleanup: 75002 ns, At safepoint: 2600 ns, Total: 87703 ns
[421.421s][info ][safepoint      ] Safepoint "Cleanup", Time since last: 1000941213 ns, Reaching safepoint: 10300 ns, Cleanup: 30701 ns, At safepoint: 3000 ns, Total: 44001 ns
[422.421s][info ][safepoint      ] Safepoint "Cleanup", Time since last: 1000130492 ns, Reaching safepoint: 9301 ns, Cleanup: 33500 ns, At safepoint: 2601 ns, Total: 45402 ns
[423.421s][info ][safepoint      ] Safepoint "Cleanup", Time since last: 1000128634 ns, Reaching safepoint: 7500 ns, Cleanup: 12201 ns, At safepoint: 2300 ns, Total: 22001 ns
[426.835s][info ][safepoint      ] Safepoint "Cleanup", Time since last: 3413284956 ns, Reaching safepoint: 6701 ns, Cleanup: 8800 ns, At safepoint: 2300 ns, Total: 17801 ns
[427.835s][info ][safepoint      ] Safepoint "Cleanup", Time since last: 1000156879 ns, Reaching safepoint: 82202 ns, Cleanup: 16100 ns, At safepoint: 6100 ns, Total: 104402 ns
[428.835s][info ][safepoint      ] Safepoint "Cleanup", Time since last: 1000115279 ns, Reaching safepoint: 7900 ns, Cleanup: 15301 ns, At safepoint: 2700 ns, Total: 25901 ns
[429.835s][info ][safepoint      ] Safepoint "Cleanup", Time since last: 1000126405 ns, Reaching safepoint: 7500 ns, Cleanup: 12600 ns, At safepoint: 3101 ns, Total: 23201 ns
[430.835s][info ][safepoint      ] Safepoint "Cleanup", Time since last: 1000121405 ns, Reaching safepoint: 7500 ns, Cleanup: 25901 ns, At safepoint: 2200 ns, Total: 35601 ns
[431.836s][info ][safepoint      ] Safepoint "Cleanup", Time since last: 1000124396 ns, Reaching safepoint: 9000 ns, Cleanup: 22101 ns, At safepoint: 2900 ns, Total: 34001 ns
[433.836s][info ][safepoint      ] Safepoint "Cleanup", Time since last: 2000191227 ns, Reaching safepoint: 7300 ns, Cleanup: 8800 ns, At safepoint: 2201 ns, Total: 18301 ns
[434.836s][info ][safepoint      ] Safepoint "Cleanup", Time since last: 1000122114 ns, Reaching safepoint: 8500 ns, Cleanup: 18801 ns, At safepoint: 2800 ns, Total: 30101 ns
[436.836s][info ][safepoint      ] Safepoint "Cleanup", Time since last: 2000206127 ns, Reaching safepoint: 7601 ns, Cleanup: 12000 ns, At safepoint: 2400 ns, Total: 22001 ns
[439.837s][info ][safepoint      ] Safepoint "Cleanup", Time since last: 3000293167 ns, Reaching safepoint: 7900 ns, Cleanup: 23300 ns, At safepoint: 2601 ns, Total: 33801 ns
[442.837s][info ][safepoint      ] Safepoint "Cleanup", Time since last: 3000290476 ns, Reaching safepoint: 9801 ns, Cleanup: 21800 ns, At safepoint: 33601 ns, Total: 65202 ns
[443.837s][info ][safepoint      ] Safepoint "Cleanup", Time since last: 1000128860 ns, Reaching safepoint: 81202 ns, Cleanup: 11400 ns, At safepoint: 7700 ns, Total: 100302 ns
[444.837s][info ][safepoint      ] Safepoint "Cleanup", Time since last: 1000119360 ns, Reaching safepoint: 7900 ns, Cleanup: 23400 ns, At safepoint: 2200 ns, Total: 33500 ns
[445.837s][info ][safepoint      ] Safepoint "Cleanup", Time since last: 1000121822 ns, Reaching safepoint: 7800 ns, Cleanup: 20101 ns, At safepoint: 2600 ns, Total: 30501 ns
[446.838s][info ][safepoint      ] Safepoint "Cleanup", Time since last: 1000133007 ns, Reaching safepoint: 8700 ns, Cleanup: 15400 ns, At safepoint: 3300 ns, Total: 27400 ns
[447.838s][info ][safepoint      ] Safepoint "Cleanup", Time since last: 1000145118 ns, Reaching safepoint: 8100 ns, Cleanup: 12900 ns, At safepoint: 3100 ns, Total: 24100 ns
[448.838s][info ][safepoint      ] Safepoint "Cleanup", Time since last: 1000127635 ns, Reaching safepoint: 7300 ns, Cleanup: 9500 ns, At safepoint: 2401 ns, Total: 19201 ns
[452.838s][info ][safepoint      ] Safepoint "Cleanup", Time since last: 4000347634 ns, Reaching safepoint: 7400 ns, Cleanup: 14201 ns, At safepoint: 2700 ns, Total: 24301 ns
[453.838s][info ][safepoint      ] Safepoint "Cleanup", Time since last: 1000128135 ns, Reaching safepoint: 7500 ns, Cleanup: 24201 ns, At safepoint: 2500 ns, Total: 34201 ns
[454.839s][info ][safepoint      ] Safepoint "Cleanup", Time since last: 1000120834 ns, Reaching safepoint: 7700 ns, Cleanup: 16201 ns, At safepoint: 2400 ns, Total: 26301 ns
[455.839s][info ][safepoint      ] Safepoint "Cleanup", Time since last: 1000125448 ns, Reaching safepoint: 7800 ns, Cleanup: 21000 ns, At safepoint: 2100 ns, Total: 30900 ns
[459.839s][info ][safepoint      ] Safepoint "Cleanup", Time since last: 4000368849 ns, Reaching safepoint: 7700 ns, Cleanup: 12400 ns, At safepoint: 3100 ns, Total: 23200 ns
[461.839s][info ][safepoint      ] Safepoint "Cleanup", Time since last: 2000205225 ns, Reaching safepoint: 8600 ns, Cleanup: 16001 ns, At safepoint: 3100 ns, Total: 27701 ns
[461.984s][info ][gc,start       ] GC(16) Pause Young (Allocation Failure)
[461.987s][debug][gc,phases      ] GC(16) Scavenge 2.855ms
[461.987s][debug][gc,ref         ] GC(16) ReferenceProcessor::execute queues: 1, RefProcThreadModel::Single, marks_oops_alive: false
[461.987s][debug][gc,ref         ] GC(16) Skipped KeepAliveFinalRefsPhase of Reference Processing: no references
[461.987s][debug][gc,ref         ] GC(16) ReferenceProcessor::execute queues: 1, RefProcThreadModel::Single, marks_oops_alive: false
[461.987s][debug][gc,phases      ] GC(16) Reference Processing 0.147ms
[461.987s][debug][gc,phases      ] GC(16)   VM Weak                        Min:  0.0, Avg:  0.0, Max:  0.0, Diff:  0.0, Sum:  0.0, Workers: 4
[461.987s][debug][gc,phases      ] GC(16)     Dead                           Min: 0, Avg:  0.0, Max: 0, Diff: 0, Sum: 0, Workers: 4
[461.987s][debug][gc,phases      ] GC(16)     Total                          Min: 0, Avg: 246.8, Max: 795, Diff: 795, Sum: 987, Workers: 4
[461.987s][debug][gc,phases      ] GC(16)   ObjectSynchronizer Weak        Min:  0.0, Avg:  0.0, Max:  0.0, Diff:  0.0, Sum:  0.0, Workers: 4
[461.987s][debug][gc,phases      ] GC(16)     Dead                           Min: 0, Avg:  0.0, Max: 0, Diff: 0, Sum: 0, Workers: 4
[461.987s][debug][gc,phases      ] GC(16)     Total                          Min: 0, Avg:  0.8, Max: 3, Diff: 3, Sum: 3, Workers: 4
[461.987s][debug][gc,phases      ] GC(16)   JVMTI Tag Weak OopStorage      Min:  0.0, Avg:  0.0, Max:  0.0, Diff:  0.0, Sum:  0.0, Workers: 4
[461.987s][debug][gc,phases      ] GC(16)     Dead                           Min: 0, Avg:  0.0, Max: 0, Diff: 0, Sum: 0, Workers: 4
[461.987s][debug][gc,phases      ] GC(16)     Total                          Min: 0, Avg:  0.0, Max: 0, Diff: 0, Sum: 0, Workers: 4
[461.987s][debug][gc,phases      ] GC(16)   StringTable Weak               Min:  0.0, Avg:  0.1, Max:  0.2, Diff:  0.2, Sum:  0.5, Workers: 4
[461.987s][debug][gc,phases      ] GC(16)     Dead                           Min: 0, Avg:  0.8, Max: 2, Diff: 2, Sum: 3, Workers: 4
[461.987s][debug][gc,phases      ] GC(16)     Total                          Min: 0, Avg: 11109.8, Max: 15104, Diff: 15104, Sum: 44439, Workers: 4
[461.987s][debug][gc,phases      ] GC(16)   ResolvedMethodTable Weak       Min:  0.0, Avg:  0.0, Max:  0.1, Diff:  0.1, Sum:  0.2, Workers: 4
[461.987s][debug][gc,phases      ] GC(16)     Dead                           Min: 0, Avg: 11.0, Max: 19, Diff: 19, Sum: 44, Workers: 4
[461.987s][debug][gc,phases      ] GC(16)     Total                          Min: 0, Avg: 3869.2, Max: 5500, Diff: 5500, Sum: 15477, Workers: 4
[461.987s][debug][gc,phases      ] GC(16)   JNI Weak                       Min:  0.0, Avg:  0.0, Max:  0.0, Diff:  0.0, Sum:  0.0, Workers: 4
[461.987s][debug][gc,phases      ] GC(16)     Dead                           Min: 0, Avg:  0.0, Max: 0, Diff: 0, Sum: 0, Workers: 4
[461.987s][debug][gc,phases      ] GC(16)     Total                          Min: 0, Avg: 12.0, Max: 48, Diff: 48, Sum: 48, Workers: 4
[461.987s][debug][gc,phases      ] GC(16)   StringDedup Table Weak         Min:  0.0, Avg:  0.0, Max:  0.0, Diff:  0.0, Sum:  0.0, Workers: 4
[461.987s][debug][gc,phases      ] GC(16)     Dead                           Min: 0, Avg:  0.0, Max: 0, Diff: 0, Sum: 0, Workers: 4
[461.987s][debug][gc,phases      ] GC(16)     Total                          Min: 0, Avg:  0.0, Max: 0, Diff: 0, Sum: 0, Workers: 4
[461.987s][debug][gc,phases      ] GC(16)   StringDedup Requests0 Weak     Min:  0.0, Avg:  0.0, Max:  0.0, Diff:  0.0, Sum:  0.0, Workers: 4
[461.987s][debug][gc,phases      ] GC(16)     Dead                           Min: 0, Avg:  0.0, Max: 0, Diff: 0, Sum: 0, Workers: 4
[461.987s][debug][gc,phases      ] GC(16)     Total                          Min: 0, Avg:  0.0, Max: 0, Diff: 0, Sum: 0, Workers: 4
[461.987s][debug][gc,phases      ] GC(16)   StringDedup Requests1 Weak     Min:  0.0, Avg:  0.0, Max:  0.0, Diff:  0.0, Sum:  0.0, Workers: 4
[461.987s][debug][gc,phases      ] GC(16)     Dead                           Min: 0, Avg:  0.0, Max: 0, Diff: 0, Sum: 0, Workers: 4
[461.987s][debug][gc,phases      ] GC(16)     Total                          Min: 0, Avg:  0.0, Max: 0, Diff: 0, Sum: 0, Workers: 4
[461.987s][debug][gc,phases      ] GC(16)   Weak JFR Old Object Samples    Min:  0.0, Avg:  0.0, Max:  0.0, Diff:  0.0, Sum:  0.0, Workers: 4
[461.987s][debug][gc,phases      ] GC(16)     Dead                           Min: 0, Avg:  0.0, Max: 0, Diff: 0, Sum: 0, Workers: 4
[461.987s][debug][gc,phases      ] GC(16)     Total                          Min: 0, Avg:  0.0, Max: 0, Diff: 0, Sum: 0, Workers: 4
[461.987s][debug][gc,phases      ] GC(16) Weak Processing 0.472ms
[461.987s][debug][gc,age         ] GC(16) Desired survivor size 289406976 bytes, new threshold 1 (max threshold 15)
[461.987s][info ][gc,heap        ] GC(16) PSYoungGen: 1520096K(1808896K)->3104K(1805824K) Eden: 1517567K(1517568K)->0K(1517568K) From: 2528K(291328K)->3104K(288256K)
[461.987s][info ][gc,heap        ] GC(16) ParOldGen: 255471K(255488K)->256207K(256512K)
[461.987s][info ][gc,metaspace   ] GC(16) Metaspace: 101237K(102592K)->101237K(102592K) NonClass: 85783K(86528K)->85783K(86528K) Class: 15453K(16064K)->15453K(16064K)
[461.987s][info ][gc             ] GC(16) Pause Young (Allocation Failure) 1733M->253M(2014M) 3.635ms
[461.987s][info ][gc,cpu         ] GC(16) User=0.01s Sys=0.00s Real=0.00s
[461.987s][info ][safepoint      ] Safepoint "ParallelGCFailedAllocation", Time since last: 144287089 ns, Reaching safepoint: 7800 ns, Cleanup: 5000 ns, At safepoint: 3725198 ns, Total: 3737998 ns
[462.988s][info ][safepoint      ] Safepoint "Cleanup", Time since last: 1000104262 ns, Reaching safepoint: 8401 ns, Cleanup: 38501 ns, At safepoint: 3000 ns, Total: 49902 ns
[464.988s][info ][safepoint      ] Safepoint "Cleanup", Time since last: 2000228539 ns, Reaching safepoint: 11100 ns, Cleanup: 19401 ns, At safepoint: 2900 ns, Total: 33401 ns
[465.988s][info ][safepoint      ] Safepoint "Cleanup", Time since last: 1000151182 ns, Reaching safepoint: 7700 ns, Cleanup: 13101 ns, At safepoint: 2900 ns, Total: 23701 ns
[468.988s][info ][safepoint      ] Safepoint "Cleanup", Time since last: 3000293542 ns, Reaching safepoint: 8400 ns, Cleanup: 12401 ns, At safepoint: 2700 ns, Total: 23501 ns
[471.989s][info ][safepoint      ] Safepoint "Cleanup", Time since last: 3000325246 ns, Reaching safepoint: 8101 ns, Cleanup: 23100 ns, At safepoint: 14401 ns, Total: 45602 ns
[472.989s][info ][safepoint      ] Safepoint "Cleanup", Time since last: 1000140471 ns, Reaching safepoint: 8100 ns, Cleanup: 23601 ns, At safepoint: 3000 ns, Total: 34701 ns
[473.989s][info ][safepoint      ] Safepoint "Cleanup", Time since last: 1000155372 ns, Reaching safepoint: 16801 ns, Cleanup: 30301 ns, At safepoint: 3500 ns, Total: 50602 ns
[474.989s][info ][safepoint      ] Safepoint "Cleanup", Time since last: 1000151172 ns, Reaching safepoint: 9900 ns, Cleanup: 16700 ns, At safepoint: 2800 ns, Total: 29400 ns
[475.989s][info ][safepoint      ] Safepoint "Cleanup", Time since last: 1000155973 ns, Reaching safepoint: 11300 ns, Cleanup: 22401 ns, At safepoint: 3400 ns, Total: 37101 ns
[476.990s][info ][safepoint      ] Safepoint "Cleanup", Time since last: 1000145771 ns, Reaching safepoint: 9801 ns, Cleanup: 14900 ns, At safepoint: 2900 ns, Total: 27601 ns
[477.990s][info ][safepoint      ] Safepoint "Cleanup", Time since last: 1000138972 ns, Reaching safepoint: 9000 ns, Cleanup: 12701 ns, At safepoint: 2800 ns, Total: 24501 ns
[479.990s][info ][safepoint      ] Safepoint "Cleanup", Time since last: 2000203245 ns, Reaching safepoint: 8800 ns, Cleanup: 16000 ns, At safepoint: 2800 ns, Total: 27600 ns
[480.990s][info ][safepoint      ] Safepoint "Cleanup", Time since last: 1000131190 ns, Reaching safepoint: 10200 ns, Cleanup: 14201 ns, At safepoint: 3100 ns, Total: 27501 ns
[483.990s][info ][safepoint      ] Safepoint "Cleanup", Time since last: 3000287038 ns, Reaching safepoint: 9901 ns, Cleanup: 14000 ns, At safepoint: 2700 ns, Total: 26601 ns
[484.991s][info ][safepoint      ] Safepoint "Cleanup", Time since last: 1000123552 ns, Reaching safepoint: 8900 ns, Cleanup: 11901 ns, At safepoint: 2400 ns, Total: 23201 ns
[485.991s][info ][safepoint      ] Safepoint "Cleanup", Time since last: 1000156852 ns, Reaching safepoint: 9801 ns, Cleanup: 21400 ns, At safepoint: 3300 ns, Total: 34501 ns
[486.991s][info ][safepoint      ] Safepoint "Cleanup", Time since last: 1000165853 ns, Reaching safepoint: 7800 ns, Cleanup: 19301 ns, At safepoint: 3200 ns, Total: 30301 ns
[487.991s][info ][safepoint      ] Safepoint "Cleanup", Time since last: 1000145462 ns, Reaching safepoint: 11701 ns, Cleanup: 17500 ns, At safepoint: 3000 ns, Total: 32201 ns
[488.991s][info ][safepoint      ] Safepoint "Cleanup", Time since last: 1000155547 ns, Reaching safepoint: 11200 ns, Cleanup: 19200 ns, At safepoint: 2701 ns, Total: 33101 ns
[490.992s][info ][safepoint      ] Safepoint "Cleanup", Time since last: 2000229090 ns, Reaching safepoint: 10701 ns, Cleanup: 17100 ns, At safepoint: 3100 ns, Total: 30901 ns
[492.992s][info ][safepoint      ] Safepoint "Cleanup", Time since last: 2000251691 ns, Reaching safepoint: 10801 ns, Cleanup: 19400 ns, At safepoint: 2600 ns, Total: 32801 ns
[493.992s][info ][safepoint      ] Safepoint "Cleanup", Time since last: 1000141846 ns, Reaching safepoint: 9100 ns, Cleanup: 11801 ns, At safepoint: 2300 ns, Total: 23201 ns
[494.992s][info ][safepoint      ] Safepoint "Cleanup", Time since last: 1000131946 ns, Reaching safepoint: 8700 ns, Cleanup: 26000 ns, At safepoint: 3101 ns, Total: 37801 ns
[496.992s][info ][safepoint      ] Safepoint "Cleanup", Time since last: 2000198646 ns, Reaching safepoint: 8300 ns, Cleanup: 12601 ns, At safepoint: 2900 ns, Total: 23801 ns
[498.993s][info ][safepoint      ] Safepoint "Cleanup", Time since last: 2000236828 ns, Reaching safepoint: 13700 ns, Cleanup: 17300 ns, At safepoint: 3500 ns, Total: 34500 ns
[500.993s][info ][safepoint      ] Safepoint "Cleanup", Time since last: 2000254529 ns, Reaching safepoint: 11400 ns, Cleanup: 15201 ns, At safepoint: 3300 ns, Total: 29901 ns
[503.993s][info ][safepoint      ] Safepoint "Cleanup", Time since last: 3000313531 ns, Reaching safepoint: 11300 ns, Cleanup: 16300 ns, At safepoint: 3301 ns, Total: 30901 ns
[504.994s][info ][safepoint      ] Safepoint "Cleanup", Time since last: 1000155069 ns, Reaching safepoint: 8401 ns, Cleanup: 18100 ns, At safepoint: 10300 ns, Total: 36801 ns
[507.994s][info ][safepoint      ] Safepoint "Cleanup", Time since last: 3000294806 ns, Reaching safepoint: 11700 ns, Cleanup: 15300 ns, At safepoint: 2900 ns, Total: 29900 ns
[514.995s][info ][safepoint      ] Safepoint "Cleanup", Time since last: 7000717743 ns, Reaching safepoint: 11100 ns, Cleanup: 14601 ns, At safepoint: 3100 ns, Total: 28801 ns
[519.995s][info ][safepoint      ] Safepoint "Cleanup", Time since last: 5000535479 ns, Reaching safepoint: 13101 ns, Cleanup: 20800 ns, At safepoint: 3600 ns, Total: 37501 ns
[521.996s][info ][safepoint      ] Safepoint "Cleanup", Time since last: 2000258899 ns, Reaching safepoint: 10400 ns, Cleanup: 15200 ns, At safepoint: 2800 ns, Total: 28400 ns
[529.996s][info ][safepoint      ] Safepoint "Cleanup", Time since last: 8000863534 ns, Reaching safepoint: 11500 ns, Cleanup: 17800 ns, At safepoint: 3300 ns, Total: 32600 ns
[531.997s][info ][safepoint      ] Safepoint "Cleanup", Time since last: 2000227599 ns, Reaching safepoint: 9801 ns, Cleanup: 12500 ns, At safepoint: 3200 ns, Total: 25501 ns
[532.628s][info ][gc,start       ] GC(17) Pause Young (Allocation Failure)
[532.631s][debug][gc,phases      ] GC(17) Scavenge 2.186ms
[532.631s][debug][gc,ref         ] GC(17) ReferenceProcessor::execute queues: 1, RefProcThreadModel::Single, marks_oops_alive: false
[532.631s][debug][gc,ref         ] GC(17) Skipped KeepAliveFinalRefsPhase of Reference Processing: no references
[532.631s][debug][gc,ref         ] GC(17) ReferenceProcessor::execute queues: 1, RefProcThreadModel::Single, marks_oops_alive: false
[532.631s][debug][gc,phases      ] GC(17) Reference Processing 0.123ms
[532.631s][debug][gc,phases      ] GC(17)   VM Weak                        Min:  0.0, Avg:  0.0, Max:  0.0, Diff:  0.0, Sum:  0.0, Workers: 4
[532.631s][debug][gc,phases      ] GC(17)     Dead                           Min: 0, Avg:  0.0, Max: 0, Diff: 0, Sum: 0, Workers: 4
[532.631s][debug][gc,phases      ] GC(17)     Total                          Min: 0, Avg: 246.8, Max: 704, Diff: 704, Sum: 987, Workers: 4
[532.631s][debug][gc,phases      ] GC(17)   ObjectSynchronizer Weak        Min:  0.0, Avg:  0.0, Max:  0.0, Diff:  0.0, Sum:  0.0, Workers: 4
[532.631s][debug][gc,phases      ] GC(17)     Dead                           Min: 0, Avg:  0.0, Max: 0, Diff: 0, Sum: 0, Workers: 4
[532.631s][debug][gc,phases      ] GC(17)     Total                          Min: 0, Avg:  0.8, Max: 3, Diff: 3, Sum: 3, Workers: 4
[532.631s][debug][gc,phases      ] GC(17)   JVMTI Tag Weak OopStorage      Min:  0.0, Avg:  0.0, Max:  0.0, Diff:  0.0, Sum:  0.0, Workers: 4
[532.631s][debug][gc,phases      ] GC(17)     Dead                           Min: 0, Avg:  0.0, Max: 0, Diff: 0, Sum: 0, Workers: 4
[532.631s][debug][gc,phases      ] GC(17)     Total                          Min: 0, Avg:  0.0, Max: 0, Diff: 0, Sum: 0, Workers: 4
[532.631s][debug][gc,phases      ] GC(17)   StringTable Weak               Min:  0.1, Avg:  0.1, Max:  0.1, Diff:  0.0, Sum:  0.5, Workers: 4
[532.631s][debug][gc,phases      ] GC(17)     Dead                           Min: 0, Avg:  0.0, Max: 0, Diff: 0, Sum: 0, Workers: 4
[532.631s][debug][gc,phases      ] GC(17)     Total                          Min: 10751, Avg: 11113.2, Max: 11456, Diff: 705, Sum: 44453, Workers: 4
[532.631s][debug][gc,phases      ] GC(17)   ResolvedMethodTable Weak       Min:  0.0, Avg:  0.0, Max:  0.0, Diff:  0.0, Sum:  0.2, Workers: 4
[532.631s][debug][gc,phases      ] GC(17)     Dead                           Min: 0, Avg:  4.0, Max: 15, Diff: 15, Sum: 16, Workers: 4
[532.631s][debug][gc,phases      ] GC(17)     Total                          Min: 3834, Avg: 3869.5, Max: 3966, Diff: 132, Sum: 15478, Workers: 4
[532.631s][debug][gc,phases      ] GC(17)   JNI Weak                       Min:  0.0, Avg:  0.0, Max:  0.0, Diff:  0.0, Sum:  0.0, Workers: 4
[532.631s][debug][gc,phases      ] GC(17)     Dead                           Min: 0, Avg:  0.0, Max: 0, Diff: 0, Sum: 0, Workers: 4
[532.631s][debug][gc,phases      ] GC(17)     Total                          Min: 0, Avg: 12.0, Max: 48, Diff: 48, Sum: 48, Workers: 4
[532.631s][debug][gc,phases      ] GC(17)   StringDedup Table Weak         Min:  0.0, Avg:  0.0, Max:  0.0, Diff:  0.0, Sum:  0.0, Workers: 4
[532.631s][debug][gc,phases      ] GC(17)     Dead                           Min: 0, Avg:  0.0, Max: 0, Diff: 0, Sum: 0, Workers: 4
[532.631s][debug][gc,phases      ] GC(17)     Total                          Min: 0, Avg:  0.0, Max: 0, Diff: 0, Sum: 0, Workers: 4
[532.631s][debug][gc,phases      ] GC(17)   StringDedup Requests0 Weak     Min:  0.0, Avg:  0.0, Max:  0.0, Diff:  0.0, Sum:  0.0, Workers: 4
[532.631s][debug][gc,phases      ] GC(17)     Dead                           Min: 0, Avg:  0.0, Max: 0, Diff: 0, Sum: 0, Workers: 4
[532.631s][debug][gc,phases      ] GC(17)     Total                          Min: 0, Avg:  0.0, Max: 0, Diff: 0, Sum: 0, Workers: 4
[532.631s][debug][gc,phases      ] GC(17)   StringDedup Requests1 Weak     Min:  0.0, Avg:  0.0, Max:  0.0, Diff:  0.0, Sum:  0.0, Workers: 4
[532.631s][debug][gc,phases      ] GC(17)     Dead                           Min: 0, Avg:  0.0, Max: 0, Diff: 0, Sum: 0, Workers: 4
[532.631s][debug][gc,phases      ] GC(17)     Total                          Min: 0, Avg:  0.0, Max: 0, Diff: 0, Sum: 0, Workers: 4
[532.631s][debug][gc,phases      ] GC(17)   Weak JFR Old Object Samples    Min:  0.0, Avg:  0.0, Max:  0.0, Diff:  0.0, Sum:  0.0, Workers: 4
[532.631s][debug][gc,phases      ] GC(17)     Dead                           Min: 0, Avg:  0.0, Max: 0, Diff: 0, Sum: 0, Workers: 4
[532.631s][debug][gc,phases      ] GC(17)     Total                          Min: 0, Avg:  0.0, Max: 0, Diff: 0, Sum: 0, Workers: 4
[532.631s][debug][gc,phases      ] GC(17) Weak Processing 0.406ms
[532.631s][debug][gc,age         ] GC(17) Desired survivor size 282066944 bytes, new threshold 1 (max threshold 15)
[532.631s][info ][gc,heap        ] GC(17) PSYoungGen: 1520672K(1805824K)->2992K(1821696K) Eden: 1517568K(1517568K)->0K(1539072K) From: 3104K(288256K)->2992K(282624K)
[532.631s][info ][gc,heap        ] GC(17) ParOldGen: 256207K(256512K)->256739K(257024K)
[532.631s][info ][gc,metaspace   ] GC(17) Metaspace: 101302K(102656K)->101302K(102656K) NonClass: 85847K(86592K)->85847K(86592K) Class: 15455K(16064K)->15455K(16064K)
[532.631s][info ][gc             ] GC(17) Pause Young (Allocation Failure) 1735M->253M(2030M) 2.879ms
[532.631s][info ][gc,cpu         ] GC(17) User=0.01s Sys=0.00s Real=0.00s
[532.631s][info ][safepoint      ] Safepoint "ParallelGCFailedAllocation", Time since last: 631502375 ns, Reaching safepoint: 83802 ns, Cleanup: 4700 ns, At safepoint: 2969975 ns, Total: 3058477 ns
[535.632s][info ][safepoint      ] Safepoint "Cleanup", Time since last: 3000246392 ns, Reaching safepoint: 85302 ns, Cleanup: 12701 ns, At safepoint: 9500 ns, Total: 107503 ns
[536.632s][info ][safepoint      ] Safepoint "Cleanup", Time since last: 1000139691 ns, Reaching safepoint: 89003 ns, Cleanup: 13400 ns, At safepoint: 9100 ns, Total: 111503 ns
[538.632s][info ][safepoint      ] Safepoint "Cleanup", Time since last: 2000248483 ns, Reaching safepoint: 83502 ns, Cleanup: 13900 ns, At safepoint: 8900 ns, Total: 106302 ns
[539.632s][info ][safepoint      ] Safepoint "Cleanup", Time since last: 1000146392 ns, Reaching safepoint: 8100 ns, Cleanup: 15601 ns, At safepoint: 2700 ns, Total: 26401 ns
[543.633s][info ][safepoint      ] Safepoint "Cleanup", Time since last: 4000438360 ns, Reaching safepoint: 110103 ns, Cleanup: 15200 ns, At safepoint: 16000 ns, Total: 141303 ns
[545.633s][info ][safepoint      ] Safepoint "Cleanup", Time since last: 2000228171 ns, Reaching safepoint: 87403 ns, Cleanup: 28100 ns, At safepoint: 11701 ns, Total: 127204 ns
[546.633s][info ][safepoint      ] Safepoint "Cleanup", Time since last: 1000132886 ns, Reaching safepoint: 8800 ns, Cleanup: 20000 ns, At safepoint: 2800 ns, Total: 31600 ns
[547.634s][info ][safepoint      ] Safepoint "Cleanup", Time since last: 1000152287 ns, Reaching safepoint: 8800 ns, Cleanup: 33301 ns, At safepoint: 7500 ns, Total: 49601 ns
[548.634s][info ][safepoint      ] Safepoint "Cleanup", Time since last: 1000141086 ns, Reaching safepoint: 7700 ns, Cleanup: 12201 ns, At safepoint: 3000 ns, Total: 22901 ns
[549.634s][info ][safepoint      ] Safepoint "Cleanup", Time since last: 1000132386 ns, Reaching safepoint: 8400 ns, Cleanup: 12300 ns, At safepoint: 2600 ns, Total: 23300 ns
[551.634s][info ][safepoint      ] Safepoint "Cleanup", Time since last: 2000206872 ns, Reaching safepoint: 7000 ns, Cleanup: 11300 ns, At safepoint: 2600 ns, Total: 20900 ns
[552.634s][info ][safepoint      ] Safepoint "Cleanup", Time since last: 1000120564 ns, Reaching safepoint: 8100 ns, Cleanup: 73002 ns, At safepoint: 3100 ns, Total: 84202 ns
[553.635s][info ][safepoint      ] Safepoint "Cleanup", Time since last: 1000120063 ns, Reaching safepoint: 8000 ns, Cleanup: 28101 ns, At safepoint: 2800 ns, Total: 38901 ns
[554.635s][info ][safepoint      ] Safepoint "Cleanup", Time since last: 1000136764 ns, Reaching safepoint: 7300 ns, Cleanup: 23101 ns, At safepoint: 2900 ns, Total: 33301 ns
[555.635s][info ][safepoint      ] Safepoint "Cleanup", Time since last: 1000129564 ns, Reaching safepoint: 7000 ns, Cleanup: 16600 ns, At safepoint: 35301 ns, Total: 58901 ns
[556.635s][info ][safepoint      ] Safepoint "Cleanup", Time since last: 1000121664 ns, Reaching safepoint: 9200 ns, Cleanup: 16000 ns, At safepoint: 2700 ns, Total: 27900 ns
[557.635s][info ][safepoint      ] Safepoint "Cleanup", Time since last: 1000136164 ns, Reaching safepoint: 84202 ns, Cleanup: 12401 ns, At safepoint: 6100 ns, Total: 102703 ns
[558.636s][info ][safepoint      ] Safepoint "Cleanup", Time since last: 1000171965 ns, Reaching safepoint: 11300 ns, Cleanup: 14000 ns, At safepoint: 2600 ns, Total: 27900 ns
[560.636s][info ][safepoint      ] Safepoint "Cleanup", Time since last: 2000197695 ns, Reaching safepoint: 11500 ns, Cleanup: 15300 ns, At safepoint: 2900 ns, Total: 29700 ns
[561.636s][info ][safepoint      ] Safepoint "Cleanup", Time since last: 1000121530 ns, Reaching safepoint: 82303 ns, Cleanup: 10100 ns, At safepoint: 8100 ns, Total: 100503 ns
[565.636s][info ][safepoint      ] Safepoint "Cleanup", Time since last: 4000380518 ns, Reaching safepoint: 11100 ns, Cleanup: 14700 ns, At safepoint: 2700 ns, Total: 28500 ns
[566.637s][info ][safepoint      ] Safepoint "Cleanup", Time since last: 1000146331 ns, Reaching safepoint: 8300 ns, Cleanup: 13201 ns, At safepoint: 2700 ns, Total: 24201 ns
[567.637s][info ][safepoint      ] Safepoint "Cleanup", Time since last: 1000126630 ns, Reaching safepoint: 8700 ns, Cleanup: 13600 ns, At safepoint: 2500 ns, Total: 24800 ns
[568.637s][info ][safepoint      ] Safepoint "Cleanup", Time since last: 1000141948 ns, Reaching safepoint: 8901 ns, Cleanup: 18000 ns, At safepoint: 3200 ns, Total: 30101 ns
[570.637s][info ][safepoint      ] Safepoint "Cleanup", Time since last: 2000225504 ns, Reaching safepoint: 8800 ns, Cleanup: 22201 ns, At safepoint: 3000 ns, Total: 34001 ns
[571.637s][info ][safepoint      ] Safepoint "Cleanup", Time since last: 1000155653 ns, Reaching safepoint: 11800 ns, Cleanup: 17400 ns, At safepoint: 2800 ns, Total: 32000 ns
[573.638s][info ][safepoint      ] Safepoint "Cleanup", Time since last: 2000228004 ns, Reaching safepoint: 10600 ns, Cleanup: 18701 ns, At safepoint: 3100 ns, Total: 32401 ns
[579.638s][info ][safepoint      ] Safepoint "Cleanup", Time since last: 6000589474 ns, Reaching safepoint: 9601 ns, Cleanup: 13100 ns, At safepoint: 2700 ns, Total: 25401 ns
[580.638s][info ][safepoint      ] Safepoint "Cleanup", Time since last: 1000145617 ns, Reaching safepoint: 8900 ns, Cleanup: 12400 ns, At safepoint: 2500 ns, Total: 23800 ns
[581.639s][info ][safepoint      ] Safepoint "Cleanup", Time since last: 1000141617 ns, Reaching safepoint: 10000 ns, Cleanup: 15200 ns, At safepoint: 3000 ns, Total: 28200 ns
[582.639s][info ][safepoint      ] Safepoint "Cleanup", Time since last: 1000154317 ns, Reaching safepoint: 9700 ns, Cleanup: 15101 ns, At safepoint: 2500 ns, Total: 27301 ns
[583.639s][info ][safepoint      ] Safepoint "Cleanup", Time since last: 1000144016 ns, Reaching safepoint: 11200 ns, Cleanup: 13601 ns, At safepoint: 3400 ns, Total: 28201 ns
[584.639s][info ][safepoint      ] Safepoint "Cleanup", Time since last: 1000137043 ns, Reaching safepoint: 10501 ns, Cleanup: 12800 ns, At safepoint: 2500 ns, Total: 25801 ns
[585.639s][info ][safepoint      ] Safepoint "Cleanup", Time since last: 1000151229 ns, Reaching safepoint: 10200 ns, Cleanup: 17801 ns, At safepoint: 2800 ns, Total: 30801 ns
[587.640s][info ][safepoint      ] Safepoint "Cleanup", Time since last: 2000234556 ns, Reaching safepoint: 10700 ns, Cleanup: 106303 ns, At safepoint: 3400 ns, Total: 120403 ns
[589.640s][info ][safepoint      ] Safepoint "Cleanup", Time since last: 2000207655 ns, Reaching safepoint: 13601 ns, Cleanup: 16100 ns, At safepoint: 3300 ns, Total: 33001 ns
[590.640s][info ][safepoint      ] Safepoint "Cleanup", Time since last: 1000130828 ns, Reaching safepoint: 9101 ns, Cleanup: 28500 ns, At safepoint: 2700 ns, Total: 40301 ns
[592.640s][info ][safepoint      ] Safepoint "Cleanup", Time since last: 2000210163 ns, Reaching safepoint: 7000 ns, Cleanup: 15600 ns, At safepoint: 2800 ns, Total: 25400 ns
[594.640s][info ][safepoint      ] Safepoint "Cleanup", Time since last: 2000221636 ns, Reaching safepoint: 12200 ns, Cleanup: 20601 ns, At safepoint: 2800 ns, Total: 35601 ns
[597.641s][info ][safepoint      ] Safepoint "Cleanup", Time since last: 3000311603 ns, Reaching safepoint: 26501 ns, Cleanup: 18600 ns, At safepoint: 3800 ns, Total: 48901 ns
[605.300s][info ][safepoint      ] Safepoint "Cleanup", Time since last: 7659112078 ns, Reaching safepoint: 13900 ns, Cleanup: 19400 ns, At safepoint: 3100 ns, Total: 36400 ns
[607.078s][info ][gc,start       ] GC(18) Pause Young (Allocation Failure)
[607.081s][debug][gc,phases      ] GC(18) Scavenge 3.563ms
[607.081s][debug][gc,ref         ] GC(18) ReferenceProcessor::execute queues: 1, RefProcThreadModel::Single, marks_oops_alive: false
[607.081s][debug][gc,ref         ] GC(18) Skipped KeepAliveFinalRefsPhase of Reference Processing: no references
[607.081s][debug][gc,ref         ] GC(18) ReferenceProcessor::execute queues: 1, RefProcThreadModel::Single, marks_oops_alive: false
[607.081s][debug][gc,phases      ] GC(18) Reference Processing 0.142ms
[607.082s][debug][gc,phases      ] GC(18)   VM Weak                        Min:  0.0, Avg:  0.0, Max:  0.0, Diff:  0.0, Sum:  0.0, Workers: 4
[607.082s][debug][gc,phases      ] GC(18)     Dead                           Min: 0, Avg:  0.0, Max: 0, Diff: 0, Sum: 0, Workers: 4
[607.082s][debug][gc,phases      ] GC(18)     Total                          Min: 0, Avg: 247.0, Max: 512, Diff: 512, Sum: 988, Workers: 4
[607.082s][debug][gc,phases      ] GC(18)   ObjectSynchronizer Weak        Min:  0.0, Avg:  0.0, Max:  0.0, Diff:  0.0, Sum:  0.0, Workers: 4
[607.082s][debug][gc,phases      ] GC(18)     Dead                           Min: 0, Avg:  0.0, Max: 0, Diff: 0, Sum: 0, Workers: 4
[607.082s][debug][gc,phases      ] GC(18)     Total                          Min: 0, Avg:  0.8, Max: 3, Diff: 3, Sum: 3, Workers: 4
[607.082s][debug][gc,phases      ] GC(18)   JVMTI Tag Weak OopStorage      Min:  0.0, Avg:  0.0, Max:  0.0, Diff:  0.0, Sum:  0.0, Workers: 4
[607.082s][debug][gc,phases      ] GC(18)     Dead                           Min: 0, Avg:  0.0, Max: 0, Diff: 0, Sum: 0, Workers: 4
[607.082s][debug][gc,phases      ] GC(18)     Total                          Min: 0, Avg:  0.0, Max: 0, Diff: 0, Sum: 0, Workers: 4
[607.082s][debug][gc,phases      ] GC(18)   StringTable Weak               Min:  0.1, Avg:  0.1, Max:  0.1, Diff:  0.0, Sum:  0.5, Workers: 4
[607.082s][debug][gc,phases      ] GC(18)     Dead                           Min: 0, Avg:  0.2, Max: 1, Diff: 1, Sum: 1, Workers: 4
[607.082s][debug][gc,phases      ] GC(18)     Total                          Min: 10560, Avg: 11113.8, Max: 11967, Diff: 1407, Sum: 44455, Workers: 4
[607.082s][debug][gc,phases      ] GC(18)   ResolvedMethodTable Weak       Min:  0.0, Avg:  0.0, Max:  0.0, Diff:  0.0, Sum:  0.2, Workers: 4
[607.082s][debug][gc,phases      ] GC(18)     Dead                           Min: 0, Avg:  4.0, Max: 14, Diff: 14, Sum: 16, Workers: 4
[607.082s][debug][gc,phases      ] GC(18)     Total                          Min: 3582, Avg: 3870.5, Max: 4285, Diff: 703, Sum: 15482, Workers: 4
[607.082s][debug][gc,phases      ] GC(18)   JNI Weak                       Min:  0.0, Avg:  0.0, Max:  0.0, Diff:  0.0, Sum:  0.0, Workers: 4
[607.082s][debug][gc,phases      ] GC(18)     Dead                           Min: 0, Avg:  0.0, Max: 0, Diff: 0, Sum: 0, Workers: 4
[607.082s][debug][gc,phases      ] GC(18)     Total                          Min: 0, Avg: 12.0, Max: 48, Diff: 48, Sum: 48, Workers: 4
[607.082s][debug][gc,phases      ] GC(18)   StringDedup Table Weak         Min:  0.0, Avg:  0.0, Max:  0.0, Diff:  0.0, Sum:  0.0, Workers: 4
[607.082s][debug][gc,phases      ] GC(18)     Dead                           Min: 0, Avg:  0.0, Max: 0, Diff: 0, Sum: 0, Workers: 4
[607.082s][debug][gc,phases      ] GC(18)     Total                          Min: 0, Avg:  0.0, Max: 0, Diff: 0, Sum: 0, Workers: 4
[607.082s][debug][gc,phases      ] GC(18)   StringDedup Requests0 Weak     Min:  0.0, Avg:  0.0, Max:  0.0, Diff:  0.0, Sum:  0.0, Workers: 4
[607.082s][debug][gc,phases      ] GC(18)     Dead                           Min: 0, Avg:  0.0, Max: 0, Diff: 0, Sum: 0, Workers: 4
[607.082s][debug][gc,phases      ] GC(18)     Total                          Min: 0, Avg:  0.0, Max: 0, Diff: 0, Sum: 0, Workers: 4
[607.082s][debug][gc,phases      ] GC(18)   StringDedup Requests1 Weak     Min:  0.0, Avg:  0.0, Max:  0.0, Diff:  0.0, Sum:  0.0, Workers: 4
[607.082s][debug][gc,phases      ] GC(18)     Dead                           Min: 0, Avg:  0.0, Max: 0, Diff: 0, Sum: 0, Workers: 4
[607.082s][debug][gc,phases      ] GC(18)     Total                          Min: 0, Avg:  0.0, Max: 0, Diff: 0, Sum: 0, Workers: 4
[607.082s][debug][gc,phases      ] GC(18)   Weak JFR Old Object Samples    Min:  0.0, Avg:  0.0, Max:  0.0, Diff:  0.0, Sum:  0.0, Workers: 4
[607.082s][debug][gc,phases      ] GC(18)     Dead                           Min: 0, Avg:  0.0, Max: 0, Diff: 0, Sum: 0, Workers: 4
[607.082s][debug][gc,phases      ] GC(18)     Total                          Min: 0, Avg:  0.0, Max: 0, Diff: 0, Sum: 0, Workers: 4
[607.082s][debug][gc,phases      ] GC(18) Weak Processing 0.410ms
[607.082s][debug][gc,age         ] GC(18) Desired survivor size 272629760 bytes, new threshold 1 (max threshold 15)
[607.082s][info ][gc,heap        ] GC(18) PSYoungGen: 1542064K(1821696K)->5344K(1814528K) Eden: 1539072K(1539072K)->0K(1539072K) From: 2992K(282624K)->5344K(275456K)
[607.082s][info ][gc,heap        ] GC(18) ParOldGen: 256739K(257024K)->257511K(257536K)
[607.082s][info ][gc,metaspace   ] GC(18) Metaspace: 101373K(102720K)->101373K(102720K) NonClass: 85917K(86656K)->85917K(86656K) Class: 15456K(16064K)->15456K(16064K)
[607.082s][info ][gc             ] GC(18) Pause Young (Allocation Failure) 1756M->256M(2023M) 4.274ms
[607.082s][info ][gc,cpu         ] GC(18) User=0.02s Sys=0.00s Real=0.01s
[607.082s][info ][safepoint      ] Safepoint "ParallelGCFailedAllocation", Time since last: 1777391602 ns, Reaching safepoint: 83602 ns, Cleanup: 4901 ns, At safepoint: 4365208 ns, Total: 4453711 ns
[609.082s][info ][safepoint      ] Safepoint "Cleanup", Time since last: 2000173535 ns, Reaching safepoint: 81602 ns, Cleanup: 15200 ns, At safepoint: 7700 ns, Total: 104502 ns
[612.082s][info ][safepoint      ] Safepoint "Cleanup", Time since last: 3000272788 ns, Reaching safepoint: 81802 ns, Cleanup: 12101 ns, At safepoint: 7100 ns, Total: 101003 ns
[613.083s][info ][safepoint      ] Safepoint "Cleanup", Time since last: 1000131330 ns, Reaching safepoint: 8101 ns, Cleanup: 20800 ns, At safepoint: 2400 ns, Total: 31301 ns
[614.085s][info ][safepoint      ] Safepoint "Cleanup", Time since last: 1001891374 ns, Reaching safepoint: 14200 ns, Cleanup: 97702 ns, At safepoint: 3900 ns, Total: 115802 ns
[618.085s][info ][safepoint      ] Safepoint "Cleanup", Time since last: 4000370286 ns, Reaching safepoint: 10500 ns, Cleanup: 14101 ns, At safepoint: 2600 ns, Total: 27201 ns
[620.085s][info ][safepoint      ] Safepoint "Cleanup", Time since last: 2000202588 ns, Reaching safepoint: 9700 ns, Cleanup: 12400 ns, At safepoint: 3100 ns, Total: 25200 ns
[621.085s][info ][safepoint      ] Safepoint "Cleanup", Time since last: 1000133775 ns, Reaching safepoint: 10000 ns, Cleanup: 19900 ns, At safepoint: 3101 ns, Total: 33001 ns
[622.086s][info ][safepoint      ] Safepoint "Cleanup", Time since last: 1000128470 ns, Reaching safepoint: 81702 ns, Cleanup: 17800 ns, At safepoint: 7200 ns, Total: 106702 ns
[623.086s][info ][safepoint      ] Safepoint "Cleanup", Time since last: 1000129670 ns, Reaching safepoint: 9801 ns, Cleanup: 20600 ns, At safepoint: 2800 ns, Total: 33201 ns
[624.086s][info ][safepoint      ] Safepoint "Cleanup", Time since last: 1000158846 ns, Reaching safepoint: 16700 ns, Cleanup: 24401 ns, At safepoint: 4200 ns, Total: 45301 ns
[632.087s][info ][safepoint      ] Safepoint "Cleanup", Time since last: 8000742724 ns, Reaching safepoint: 9200 ns, Cleanup: 26000 ns, At safepoint: 3101 ns, Total: 38301 ns
[636.087s][info ][safepoint      ] Safepoint "Cleanup", Time since last: 4000399497 ns, Reaching safepoint: 9300 ns, Cleanup: 13801 ns, At safepoint: 2600 ns, Total: 25701 ns
[638.087s][info ][safepoint      ] Safepoint "Cleanup", Time since last: 2000200049 ns, Reaching safepoint: 10300 ns, Cleanup: 24201 ns, At safepoint: 2800 ns, Total: 37301 ns
[639.088s][info ][safepoint      ] Safepoint "Cleanup", Time since last: 1000158825 ns, Reaching safepoint: 9801 ns, Cleanup: 14800 ns, At safepoint: 2900 ns, Total: 27501 ns
[646.090s][info ][safepoint      ] Safepoint "Cleanup", Time since last: 7001827838 ns, Reaching safepoint: 11600 ns, Cleanup: 13801 ns, At safepoint: 2800 ns, Total: 28201 ns
[649.090s][info ][safepoint      ] Safepoint "Cleanup", Time since last: 3000315858 ns, Reaching safepoint: 12901 ns, Cleanup: 17600 ns, At safepoint: 37001 ns, Total: 67502 ns
[655.091s][info ][safepoint      ] Safepoint "Cleanup", Time since last: 6000693669 ns, Reaching safepoint: 12001 ns, Cleanup: 15400 ns, At safepoint: 3100 ns, Total: 30501 ns
[657.091s][info ][safepoint      ] Safepoint "Cleanup", Time since last: 2000247160 ns, Reaching safepoint: 10300 ns, Cleanup: 12500 ns, At safepoint: 3400 ns, Total: 26200 ns
[659.091s][info ][safepoint      ] Safepoint "Cleanup", Time since last: 2000223660 ns, Reaching safepoint: 9200 ns, Cleanup: 12800 ns, At safepoint: 2700 ns, Total: 24700 ns
[660.321s][info ][safepoint      ] Safepoint "Cleanup", Time since last: 1229554828 ns, Reaching safepoint: 3900 ns, Cleanup: 11901 ns, At safepoint: 4500 ns, Total: 20301 ns
[662.321s][info ][safepoint      ] Safepoint "Cleanup", Time since last: 2000249960 ns, Reaching safepoint: 11600 ns, Cleanup: 14400 ns, At safepoint: 3100 ns, Total: 29100 ns
[673.322s][info ][safepoint      ] Safepoint "Cleanup", Time since last: 11001007510 ns, Reaching safepoint: 10900 ns, Cleanup: 14000 ns, At safepoint: 3100 ns, Total: 28000 ns
[677.322s][info ][safepoint      ] Safepoint "Cleanup", Time since last: 4000375874 ns, Reaching safepoint: 9000 ns, Cleanup: 13000 ns, At safepoint: 2800 ns, Total: 24800 ns
[679.323s][info ][safepoint      ] Safepoint "Cleanup", Time since last: 2000214138 ns, Reaching safepoint: 9400 ns, Cleanup: 13600 ns, At safepoint: 3100 ns, Total: 26100 ns
[683.323s][info ][safepoint      ] Safepoint "Cleanup", Time since last: 4000371205 ns, Reaching safepoint: 9800 ns, Cleanup: 15300 ns, At safepoint: 2600 ns, Total: 27700 ns
[689.324s][info ][safepoint      ] Safepoint "Cleanup", Time since last: 6000559534 ns, Reaching safepoint: 9800 ns, Cleanup: 14901 ns, At safepoint: 3400 ns, Total: 28101 ns
[689.780s][info ][gc,start       ] GC(19) Pause Young (Allocation Failure)
[689.784s][debug][gc,phases      ] GC(19) Scavenge 4.289ms
[689.784s][debug][gc,ref         ] GC(19) ReferenceProcessor::execute queues: 1, RefProcThreadModel::Single, marks_oops_alive: false
[689.784s][debug][gc,ref         ] GC(19) Skipped KeepAliveFinalRefsPhase of Reference Processing: no references
[689.784s][debug][gc,ref         ] GC(19) Skipped PhantomRefsPhase of Reference Processing: no references
[689.784s][debug][gc,phases      ] GC(19) Reference Processing 0.123ms
[689.785s][debug][gc,phases      ] GC(19)   VM Weak                        Min:  0.0, Avg:  0.0, Max:  0.0, Diff:  0.0, Sum:  0.0, Workers: 4
[689.785s][debug][gc,phases      ] GC(19)     Dead                           Min: 0, Avg:  0.0, Max: 0, Diff: 0, Sum: 0, Workers: 4
[689.785s][debug][gc,phases      ] GC(19)     Total                          Min: 0, Avg: 247.0, Max: 988, Diff: 988, Sum: 988, Workers: 4
[689.785s][debug][gc,phases      ] GC(19)   ObjectSynchronizer Weak        Min:  0.0, Avg:  0.0, Max:  0.0, Diff:  0.0, Sum:  0.0, Workers: 4
[689.785s][debug][gc,phases      ] GC(19)     Dead                           Min: 0, Avg:  0.0, Max: 0, Diff: 0, Sum: 0, Workers: 4
[689.785s][debug][gc,phases      ] GC(19)     Total                          Min: 0, Avg:  0.8, Max: 3, Diff: 3, Sum: 3, Workers: 4
[689.785s][debug][gc,phases      ] GC(19)   JVMTI Tag Weak OopStorage      Min:  0.0, Avg:  0.0, Max:  0.0, Diff:  0.0, Sum:  0.0, Workers: 4
[689.785s][debug][gc,phases      ] GC(19)     Dead                           Min: 0, Avg:  0.0, Max: 0, Diff: 0, Sum: 0, Workers: 4
[689.785s][debug][gc,phases      ] GC(19)     Total                          Min: 0, Avg:  0.0, Max: 0, Diff: 0, Sum: 0, Workers: 4
[689.785s][debug][gc,phases      ] GC(19)   StringTable Weak               Min:  0.0, Avg:  0.1, Max:  0.2, Diff:  0.2, Sum:  0.5, Workers: 4
[689.785s][debug][gc,phases      ] GC(19)     Dead                           Min: 0, Avg:  0.0, Max: 0, Diff: 0, Sum: 0, Workers: 4
[689.785s][debug][gc,phases      ] GC(19)     Total                          Min: 0, Avg: 11117.0, Max: 15031, Diff: 15031, Sum: 44468, Workers: 4
[689.785s][debug][gc,phases      ] GC(19)   ResolvedMethodTable Weak       Min:  0.0, Avg:  0.0, Max:  0.1, Diff:  0.1, Sum:  0.2, Workers: 4
[689.785s][debug][gc,phases      ] GC(19)     Dead                           Min: 0, Avg:  4.0, Max: 14, Diff: 14, Sum: 16, Workers: 4
[689.785s][debug][gc,phases      ] GC(19)     Total                          Min: 0, Avg: 3870.5, Max: 5373, Diff: 5373, Sum: 15482, Workers: 4
[689.785s][debug][gc,phases      ] GC(19)   JNI Weak                       Min:  0.0, Avg:  0.0, Max:  0.0, Diff:  0.0, Sum:  0.0, Workers: 4
[689.785s][debug][gc,phases      ] GC(19)     Dead                           Min: 0, Avg:  0.0, Max: 0, Diff: 0, Sum: 0, Workers: 4
[689.785s][debug][gc,phases      ] GC(19)     Total                          Min: 0, Avg: 12.0, Max: 48, Diff: 48, Sum: 48, Workers: 4
[689.785s][debug][gc,phases      ] GC(19)   StringDedup Table Weak         Min:  0.0, Avg:  0.0, Max:  0.0, Diff:  0.0, Sum:  0.0, Workers: 4
[689.785s][debug][gc,phases      ] GC(19)     Dead                           Min: 0, Avg:  0.0, Max: 0, Diff: 0, Sum: 0, Workers: 4
[689.785s][debug][gc,phases      ] GC(19)     Total                          Min: 0, Avg:  0.0, Max: 0, Diff: 0, Sum: 0, Workers: 4
[689.785s][debug][gc,phases      ] GC(19)   StringDedup Requests0 Weak     Min:  0.0, Avg:  0.0, Max:  0.0, Diff:  0.0, Sum:  0.0, Workers: 4
[689.785s][debug][gc,phases      ] GC(19)     Dead                           Min: 0, Avg:  0.0, Max: 0, Diff: 0, Sum: 0, Workers: 4
[689.785s][debug][gc,phases      ] GC(19)     Total                          Min: 0, Avg:  0.0, Max: 0, Diff: 0, Sum: 0, Workers: 4
[689.785s][debug][gc,phases      ] GC(19)   StringDedup Requests1 Weak     Min:  0.0, Avg:  0.0, Max:  0.0, Diff:  0.0, Sum:  0.0, Workers: 4
[689.785s][debug][gc,phases      ] GC(19)     Dead                           Min: 0, Avg:  0.0, Max: 0, Diff: 0, Sum: 0, Workers: 4
[689.785s][debug][gc,phases      ] GC(19)     Total                          Min: 0, Avg:  0.0, Max: 0, Diff: 0, Sum: 0, Workers: 4
[689.785s][debug][gc,phases      ] GC(19)   Weak JFR Old Object Samples    Min:  0.0, Avg:  0.0, Max:  0.0, Diff:  0.0, Sum:  0.0, Workers: 4
[689.785s][debug][gc,phases      ] GC(19)     Dead                           Min: 0, Avg:  0.0, Max: 0, Diff: 0, Sum: 0, Workers: 4
[689.785s][debug][gc,phases      ] GC(19)     Total                          Min: 0, Avg:  0.0, Max: 0, Diff: 0, Sum: 0, Workers: 4
[689.785s][debug][gc,phases      ] GC(19) Weak Processing 0.468ms
[689.785s][debug][gc,age         ] GC(19) Desired survivor size 263192576 bytes, new threshold 1 (max threshold 15)
[689.785s][info ][gc,heap        ] GC(19) PSYoungGen: 1544416K(1814528K)->3152K(1840128K) Eden: 1539072K(1539072K)->0K(1573888K) From: 5344K(275456K)->3152K(266240K)
[689.785s][info ][gc,heap        ] GC(19) ParOldGen: 257511K(257536K)->260427K(260608K)
[689.785s][info ][gc,metaspace   ] GC(19) Metaspace: 101462K(102784K)->101462K(102784K) NonClass: 86005K(86720K)->86005K(86720K) Class: 15456K(16064K)->15456K(16064K)
[689.785s][info ][gc             ] GC(19) Pause Young (Allocation Failure) 1759M->257M(2051M) 5.040ms
[689.785s][info ][gc,cpu         ] GC(19) User=0.02s Sys=0.01s Real=0.00s
[689.785s][info ][safepoint      ] Safepoint "ParallelGCFailedAllocation", Time since last: 456044095 ns, Reaching safepoint: 7100 ns, Cleanup: 14400 ns, At safepoint: 5127622 ns, Total: 5149122 ns
[690.785s][info ][safepoint      ] Safepoint "Cleanup", Time since last: 1000108573 ns, Reaching safepoint: 11600 ns, Cleanup: 16201 ns, At safepoint: 2600 ns, Total: 30401 ns
[692.785s][info ][safepoint      ] Safepoint "Cleanup", Time since last: 2000208847 ns, Reaching safepoint: 8000 ns, Cleanup: 11000 ns, At safepoint: 2400 ns, Total: 21400 ns
[694.785s][info ][safepoint      ] Safepoint "Cleanup", Time since last: 2000202947 ns, Reaching safepoint: 8700 ns, Cleanup: 13400 ns, At safepoint: 2400 ns, Total: 24500 ns
[695.786s][info ][safepoint      ] Safepoint "Cleanup", Time since last: 1000171475 ns, Reaching safepoint: 11501 ns, Cleanup: 37500 ns, At safepoint: 3801 ns, Total: 52802 ns
[696.786s][info ][safepoint      ] Safepoint "Cleanup", Time since last: 1000139204 ns, Reaching safepoint: 8200 ns, Cleanup: 16301 ns, At safepoint: 2500 ns, Total: 27001 ns
[702.786s][info ][safepoint      ] Safepoint "Cleanup", Time since last: 6000596417 ns, Reaching safepoint: 9100 ns, Cleanup: 12400 ns, At safepoint: 2801 ns, Total: 24301 ns
[703.787s][info ][safepoint      ] Safepoint "Cleanup", Time since last: 1000146402 ns, Reaching safepoint: 8500 ns, Cleanup: 14000 ns, At safepoint: 2800 ns, Total: 25300 ns
[704.787s][info ][safepoint      ] Safepoint "Cleanup", Time since last: 1000182477 ns, Reaching safepoint: 12500 ns, Cleanup: 32201 ns, At safepoint: 2800 ns, Total: 47501 ns
[710.788s][info ][safepoint      ] Safepoint "Cleanup", Time since last: 6000620543 ns, Reaching safepoint: 11400 ns, Cleanup: 46801 ns, At safepoint: 2700 ns, Total: 60901 ns
[711.788s][info ][safepoint      ] Safepoint "Cleanup", Time since last: 1000201876 ns, Reaching safepoint: 15101 ns, Cleanup: 21800 ns, At safepoint: 3300 ns, Total: 40201 ns
[714.788s][info ][safepoint      ] Safepoint "Cleanup", Time since last: 3000356954 ns, Reaching safepoint: 11801 ns, Cleanup: 15500 ns, At safepoint: 2900 ns, Total: 30201 ns
[715.788s][info ][safepoint      ] Safepoint "Cleanup", Time since last: 1000138752 ns, Reaching safepoint: 11000 ns, Cleanup: 14600 ns, At safepoint: 3000 ns, Total: 28600 ns
[718.789s][info ][safepoint      ] Safepoint "Cleanup", Time since last: 3000354554 ns, Reaching safepoint: 12900 ns, Cleanup: 14300 ns, At safepoint: 3100 ns, Total: 30300 ns
[720.344s][info ][safepoint      ] Safepoint "Cleanup", Time since last: 1555316415 ns, Reaching safepoint: 3700 ns, Cleanup: 15200 ns, At safepoint: 4400 ns, Total: 23300 ns
[726.345s][info ][safepoint      ] Safepoint "Cleanup", Time since last: 6000565063 ns, Reaching safepoint: 12801 ns, Cleanup: 20800 ns, At safepoint: 3000 ns, Total: 36601 ns
[728.345s][info ][safepoint      ] Safepoint "Cleanup", Time since last: 2000212129 ns, Reaching safepoint: 10400 ns, Cleanup: 19201 ns, At safepoint: 3000 ns, Total: 32601 ns
[729.345s][info ][safepoint      ] Safepoint "Cleanup", Time since last: 1000163681 ns, Reaching safepoint: 14800 ns, Cleanup: 44302 ns, At safepoint: 3100 ns, Total: 62202 ns
[730.345s][info ][safepoint      ] Safepoint "Cleanup", Time since last: 1000147981 ns, Reaching safepoint: 14700 ns, Cleanup: 19600 ns, At safepoint: 3301 ns, Total: 37601 ns
[731.346s][info ][safepoint      ] Safepoint "Cleanup", Time since last: 1000133980 ns, Reaching safepoint: 11801 ns, Cleanup: 32500 ns, At safepoint: 2800 ns, Total: 47101 ns
[734.346s][info ][safepoint      ] Safepoint "Cleanup", Time since last: 3000310640 ns, Reaching safepoint: 15501 ns, Cleanup: 26100 ns, At safepoint: 3601 ns, Total: 45202 ns
[740.346s][info ][safepoint      ] Safepoint "Cleanup", Time since last: 6000560871 ns, Reaching safepoint: 10101 ns, Cleanup: 16200 ns, At safepoint: 2700 ns, Total: 29001 ns
[744.347s][info ][safepoint      ] Safepoint "Cleanup", Time since last: 4000369394 ns, Reaching safepoint: 11301 ns, Cleanup: 15800 ns, At safepoint: 2900 ns, Total: 30001 ns
[747.347s][info ][safepoint      ] Safepoint "Cleanup", Time since last: 3000281306 ns, Reaching safepoint: 12101 ns, Cleanup: 19300 ns, At safepoint: 3300 ns, Total: 34701 ns
[748.347s][info ][safepoint      ] Safepoint "Cleanup", Time since last: 1000133470 ns, Reaching safepoint: 10200 ns, Cleanup: 15501 ns, At safepoint: 3100 ns, Total: 28801 ns
[749.347s][info ][safepoint      ] Safepoint "Cleanup", Time since last: 1000124669 ns, Reaching safepoint: 12501 ns, Cleanup: 14000 ns, At safepoint: 3000 ns, Total: 29501 ns
[752.348s][info ][safepoint      ] Safepoint "Cleanup", Time since last: 3000292951 ns, Reaching safepoint: 11900 ns, Cleanup: 22900 ns, At safepoint: 2701 ns, Total: 37501 ns
[759.348s][info ][safepoint      ] Safepoint "Cleanup", Time since last: 7000600734 ns, Reaching safepoint: 14701 ns, Cleanup: 17200 ns, At safepoint: 3500 ns, Total: 35401 ns
[760.349s][info ][safepoint      ] Safepoint "Cleanup", Time since last: 1000143620 ns, Reaching safepoint: 11400 ns, Cleanup: 15600 ns, At safepoint: 2600 ns, Total: 29600 ns
[761.349s][info ][safepoint      ] Safepoint "Cleanup", Time since last: 1000156838 ns, Reaching safepoint: 10901 ns, Cleanup: 14200 ns, At safepoint: 3200 ns, Total: 28301 ns
[764.349s][info ][safepoint      ] Safepoint "Cleanup", Time since last: 3000312710 ns, Reaching safepoint: 15900 ns, Cleanup: 18101 ns, At safepoint: 2800 ns, Total: 36801 ns
[770.350s][info ][safepoint      ] Safepoint "Cleanup", Time since last: 6000792638 ns, Reaching safepoint: 18800 ns, Cleanup: 22201 ns, At safepoint: 4000 ns, Total: 45001 ns
[775.032s][info ][gc,start       ] GC(20) Pause Young (Allocation Failure)
[775.034s][debug][gc,phases      ] GC(20) Scavenge 2.545ms
[775.035s][debug][gc,ref         ] GC(20) ReferenceProcessor::execute queues: 1, RefProcThreadModel::Single, marks_oops_alive: false
[775.035s][debug][gc,ref         ] GC(20) Skipped KeepAliveFinalRefsPhase of Reference Processing: no references
[775.035s][debug][gc,ref         ] GC(20) Skipped PhantomRefsPhase of Reference Processing: no references
[775.035s][debug][gc,phases      ] GC(20) Reference Processing 0.124ms
[775.035s][debug][gc,phases      ] GC(20)   VM Weak                        Min:  0.0, Avg:  0.0, Max:  0.0, Diff:  0.0, Sum:  0.0, Workers: 4
[775.035s][debug][gc,phases      ] GC(20)     Dead                           Min: 0, Avg:  0.0, Max: 0, Diff: 0, Sum: 0, Workers: 4
[775.035s][debug][gc,phases      ] GC(20)     Total                          Min: 0, Avg: 247.0, Max: 832, Diff: 832, Sum: 988, Workers: 4
[775.035s][debug][gc,phases      ] GC(20)   ObjectSynchronizer Weak        Min:  0.0, Avg:  0.0, Max:  0.0, Diff:  0.0, Sum:  0.0, Workers: 4
[775.035s][debug][gc,phases      ] GC(20)     Dead                           Min: 0, Avg:  0.0, Max: 0, Diff: 0, Sum: 0, Workers: 4
[775.035s][debug][gc,phases      ] GC(20)     Total                          Min: 0, Avg:  1.0, Max: 4, Diff: 4, Sum: 4, Workers: 4
[775.035s][debug][gc,phases      ] GC(20)   JVMTI Tag Weak OopStorage      Min:  0.0, Avg:  0.0, Max:  0.0, Diff:  0.0, Sum:  0.0, Workers: 4
[775.035s][debug][gc,phases      ] GC(20)     Dead                           Min: 0, Avg:  0.0, Max: 0, Diff: 0, Sum: 0, Workers: 4
[775.035s][debug][gc,phases      ] GC(20)     Total                          Min: 0, Avg:  0.0, Max: 0, Diff: 0, Sum: 0, Workers: 4
[775.035s][debug][gc,phases      ] GC(20)   StringTable Weak               Min:  0.0, Avg:  0.1, Max:  0.2, Diff:  0.2, Sum:  0.5, Workers: 4
[775.035s][debug][gc,phases      ] GC(20)     Dead                           Min: 0, Avg:  0.0, Max: 0, Diff: 0, Sum: 0, Workers: 4
[775.035s][debug][gc,phases      ] GC(20)     Total                          Min: 0, Avg: 11122.0, Max: 16000, Diff: 16000, Sum: 44488, Workers: 4
[775.035s][debug][gc,phases      ] GC(20)   ResolvedMethodTable Weak       Min:  0.0, Avg:  0.0, Max:  0.1, Diff:  0.1, Sum:  0.2, Workers: 4
[775.035s][debug][gc,phases      ] GC(20)     Dead                           Min: 0, Avg:  4.0, Max: 15, Diff: 15, Sum: 16, Workers: 4
[775.035s][debug][gc,phases      ] GC(20)     Total                          Min: 0, Avg: 3870.5, Max: 5566, Diff: 5566, Sum: 15482, Workers: 4
[775.035s][debug][gc,phases      ] GC(20)   JNI Weak                       Min:  0.0, Avg:  0.0, Max:  0.0, Diff:  0.0, Sum:  0.0, Workers: 4
[775.035s][debug][gc,phases      ] GC(20)     Dead                           Min: 0, Avg:  0.0, Max: 0, Diff: 0, Sum: 0, Workers: 4
[775.035s][debug][gc,phases      ] GC(20)     Total                          Min: 0, Avg: 12.0, Max: 48, Diff: 48, Sum: 48, Workers: 4
[775.035s][debug][gc,phases      ] GC(20)   StringDedup Table Weak         Min:  0.0, Avg:  0.0, Max:  0.0, Diff:  0.0, Sum:  0.0, Workers: 4
[775.035s][debug][gc,phases      ] GC(20)     Dead                           Min: 0, Avg:  0.0, Max: 0, Diff: 0, Sum: 0, Workers: 4
[775.035s][debug][gc,phases      ] GC(20)     Total                          Min: 0, Avg:  0.0, Max: 0, Diff: 0, Sum: 0, Workers: 4
[775.035s][debug][gc,phases      ] GC(20)   StringDedup Requests0 Weak     Min:  0.0, Avg:  0.0, Max:  0.0, Diff:  0.0, Sum:  0.0, Workers: 4
[775.035s][debug][gc,phases      ] GC(20)     Dead                           Min: 0, Avg:  0.0, Max: 0, Diff: 0, Sum: 0, Workers: 4
[775.035s][debug][gc,phases      ] GC(20)     Total                          Min: 0, Avg:  0.0, Max: 0, Diff: 0, Sum: 0, Workers: 4
[775.035s][debug][gc,phases      ] GC(20)   StringDedup Requests1 Weak     Min:  0.0, Avg:  0.0, Max:  0.0, Diff:  0.0, Sum:  0.0, Workers: 4
[775.035s][debug][gc,phases      ] GC(20)     Dead                           Min: 0, Avg:  0.0, Max: 0, Diff: 0, Sum: 0, Workers: 4
[775.035s][debug][gc,phases      ] GC(20)     Total                          Min: 0, Avg:  0.0, Max: 0, Diff: 0, Sum: 0, Workers: 4
[775.035s][debug][gc,phases      ] GC(20)   Weak JFR Old Object Samples    Min:  0.0, Avg:  0.0, Max:  0.0, Diff:  0.0, Sum:  0.0, Workers: 4
[775.035s][debug][gc,phases      ] GC(20)     Dead                           Min: 0, Avg:  0.0, Max: 0, Diff: 0, Sum: 0, Workers: 4
[775.035s][debug][gc,phases      ] GC(20)     Total                          Min: 0, Avg:  0.0, Max: 0, Diff: 0, Sum: 0, Workers: 4
[775.035s][debug][gc,phases      ] GC(20) Weak Processing 0.464ms
[775.035s][debug][gc,age         ] GC(20) Desired survivor size 252182528 bytes, new threshold 1 (max threshold 15)
[775.035s][info ][gc,heap        ] GC(20) PSYoungGen: 1577040K(1840128K)->3344K(1830912K) Eden: 1573888K(1573888K)->0K(1573888K) From: 3152K(266240K)->3344K(257024K)
[775.035s][info ][gc,heap        ] GC(20) ParOldGen: 260427K(260608K)->260859K(261120K)
[775.035s][info ][gc,metaspace   ] GC(20) Metaspace: 101525K(102848K)->101525K(102848K) NonClass: 86069K(86784K)->86069K(86784K) Class: 15456K(16064K)->15456K(16064K)
[775.035s][info ][gc             ] GC(20) Pause Young (Allocation Failure) 1794M->258M(2043M) 3.297ms
[775.035s][info ][gc,cpu         ] GC(20) User=0.01s Sys=0.00s Real=0.00s
[775.035s][info ][safepoint      ] Safepoint "ParallelGCFailedAllocation", Time since last: 4681749738 ns, Reaching safepoint: 8501 ns, Cleanup: 5500 ns, At safepoint: 3390279 ns, Total: 3404280 ns
[777.035s][info ][safepoint      ] Safepoint "Cleanup", Time since last: 2000177905 ns, Reaching safepoint: 8800 ns, Cleanup: 14400 ns, At safepoint: 2800 ns, Total: 26000 ns
[779.036s][info ][safepoint      ] Safepoint "Cleanup", Time since last: 2000225322 ns, Reaching safepoint: 8700 ns, Cleanup: 16700 ns, At safepoint: 2601 ns, Total: 28001 ns
[780.036s][info ][safepoint      ] Safepoint "Cleanup", Time since last: 1000124461 ns, Reaching safepoint: 8300 ns, Cleanup: 12300 ns, At safepoint: 2700 ns, Total: 23300 ns
[792.366s][info ][safepoint      ] Safepoint "Cleanup", Time since last: 12330279446 ns, Reaching safepoint: 10300 ns, Cleanup: 20301 ns, At safepoint: 2600 ns, Total: 33201 ns
[794.366s][info ][safepoint      ] Safepoint "Cleanup", Time since last: 2000257852 ns, Reaching safepoint: 11200 ns, Cleanup: 24900 ns, At safepoint: 3100 ns, Total: 39200 ns
[796.367s][info ][safepoint      ] Safepoint "Cleanup", Time since last: 2000232452 ns, Reaching safepoint: 10200 ns, Cleanup: 52501 ns, At safepoint: 2700 ns, Total: 65401 ns
[798.367s][info ][safepoint      ] Safepoint "Cleanup", Time since last: 2000210251 ns, Reaching safepoint: 9000 ns, Cleanup: 16300 ns, At safepoint: 2400 ns, Total: 27700 ns
[799.367s][info ][safepoint      ] Safepoint "Cleanup", Time since last: 1000135226 ns, Reaching safepoint: 8101 ns, Cleanup: 58301 ns, At safepoint: 2800 ns, Total: 69202 ns
[800.367s][info ][safepoint      ] Safepoint "Cleanup", Time since last: 1000132611 ns, Reaching safepoint: 11001 ns, Cleanup: 20400 ns, At safepoint: 2900 ns, Total: 34301 ns
[801.367s][info ][safepoint      ] Safepoint "Cleanup", Time since last: 1000133479 ns, Reaching safepoint: 13200 ns, Cleanup: 15400 ns, At safepoint: 3300 ns, Total: 31900 ns
[805.368s][info ][safepoint      ] Safepoint "Cleanup", Time since last: 4000375086 ns, Reaching safepoint: 10501 ns, Cleanup: 14500 ns, At safepoint: 2500 ns, Total: 27501 ns
[807.368s][info ][safepoint      ] Safepoint "Cleanup", Time since last: 2000245171 ns, Reaching safepoint: 7300 ns, Cleanup: 12200 ns, At safepoint: 2800 ns, Total: 22300 ns
[809.368s][info ][safepoint      ] Safepoint "Cleanup", Time since last: 2000235980 ns, Reaching safepoint: 14300 ns, Cleanup: 20101 ns, At safepoint: 3200 ns, Total: 37601 ns
[813.369s][info ][safepoint      ] Safepoint "Cleanup", Time since last: 4000435022 ns, Reaching safepoint: 8100 ns, Cleanup: 54101 ns, At safepoint: 2800 ns, Total: 65001 ns
[816.369s][info ][safepoint      ] Safepoint "Cleanup", Time since last: 3000363393 ns, Reaching safepoint: 12300 ns, Cleanup: 18500 ns, At safepoint: 2901 ns, Total: 33701 ns
[817.370s][info ][safepoint      ] Safepoint "Cleanup", Time since last: 1000192033 ns, Reaching safepoint: 18400 ns, Cleanup: 33001 ns, At safepoint: 4100 ns, Total: 55501 ns
[818.370s][info ][safepoint      ] Safepoint "Cleanup", Time since last: 1000152132 ns, Reaching safepoint: 82702 ns, Cleanup: 12600 ns, At safepoint: 14901 ns, Total: 110203 ns
[819.370s][info ][safepoint      ] Safepoint "Cleanup", Time since last: 1000138732 ns, Reaching safepoint: 12100 ns, Cleanup: 15400 ns, At safepoint: 2700 ns, Total: 30200 ns
[821.370s][info ][safepoint      ] Safepoint "Cleanup", Time since last: 2000276564 ns, Reaching safepoint: 15401 ns, Cleanup: 28400 ns, At safepoint: 3300 ns, Total: 47101 ns
[822.370s][info ][safepoint      ] Safepoint "Cleanup", Time since last: 1000143832 ns, Reaching safepoint: 11201 ns, Cleanup: 14000 ns, At safepoint: 2900 ns, Total: 28101 ns
[826.371s][info ][safepoint      ] Safepoint "Cleanup", Time since last: 4000380452 ns, Reaching safepoint: 9000 ns, Cleanup: 12400 ns, At safepoint: 3000 ns, Total: 24400 ns
[829.371s][info ][safepoint      ] Safepoint "Cleanup", Time since last: 3000334203 ns, Reaching safepoint: 9600 ns, Cleanup: 14301 ns, At safepoint: 3600 ns, Total: 27501 ns
[836.372s][info ][safepoint      ] Safepoint "Cleanup", Time since last: 7000609396 ns, Reaching safepoint: 10201 ns, Cleanup: 19400 ns, At safepoint: 3100 ns, Total: 32701 ns
[838.372s][info ][safepoint      ] Safepoint "Cleanup", Time since last: 2000268160 ns, Reaching safepoint: 14600 ns, Cleanup: 67602 ns, At safepoint: 3700 ns, Total: 85902 ns
[839.372s][info ][safepoint      ] Safepoint "Cleanup", Time since last: 1000167130 ns, Reaching safepoint: 9701 ns, Cleanup: 37801 ns, At safepoint: 3800 ns, Total: 51302 ns
[840.373s][info ][safepoint      ] Safepoint "Cleanup", Time since last: 1000148192 ns, Reaching safepoint: 11417 ns, Cleanup: 52280 ns, At safepoint: 3205 ns, Total: 66902 ns
[841.389s][info ][safepoint      ] Safepoint "Cleanup", Time since last: 1016753411 ns, Reaching safepoint: 11800 ns, Cleanup: 25001 ns, At safepoint: 3900 ns, Total: 40701 ns
[846.928s][info ][gc,start       ] GC(21) Pause Young (Allocation Failure)
[846.932s][debug][gc,phases      ] GC(21) Scavenge 4.070ms
[846.933s][debug][gc,ref         ] GC(21) ReferenceProcessor::execute queues: 1, RefProcThreadModel::Single, marks_oops_alive: false
[846.933s][debug][gc,ref         ] GC(21) Skipped KeepAliveFinalRefsPhase of Reference Processing: no references
[846.933s][debug][gc,ref         ] GC(21) ReferenceProcessor::execute queues: 1, RefProcThreadModel::Single, marks_oops_alive: false
[846.933s][debug][gc,phases      ] GC(21) Reference Processing 0.135ms
[846.933s][debug][gc,phases      ] GC(21)   VM Weak                        Min:  0.0, Avg:  0.0, Max:  0.0, Diff:  0.0, Sum:  0.0, Workers: 4
[846.933s][debug][gc,phases      ] GC(21)     Dead                           Min: 0, Avg:  0.0, Max: 0, Diff: 0, Sum: 0, Workers: 4
[846.933s][debug][gc,phases      ] GC(21)     Total                          Min: 0, Avg: 247.0, Max: 512, Diff: 512, Sum: 988, Workers: 4
[846.933s][debug][gc,phases      ] GC(21)   ObjectSynchronizer Weak        Min:  0.0, Avg:  0.0, Max:  0.0, Diff:  0.0, Sum:  0.0, Workers: 4
[846.933s][debug][gc,phases      ] GC(21)     Dead                           Min: 0, Avg:  0.0, Max: 0, Diff: 0, Sum: 0, Workers: 4
[846.933s][debug][gc,phases      ] GC(21)     Total                          Min: 0, Avg:  0.8, Max: 3, Diff: 3, Sum: 3, Workers: 4
[846.933s][debug][gc,phases      ] GC(21)   JVMTI Tag Weak OopStorage      Min:  0.0, Avg:  0.0, Max:  0.0, Diff:  0.0, Sum:  0.0, Workers: 4
[846.933s][debug][gc,phases      ] GC(21)     Dead                           Min: 0, Avg:  0.0, Max: 0, Diff: 0, Sum: 0, Workers: 4
[846.933s][debug][gc,phases      ] GC(21)     Total                          Min: 0, Avg:  0.0, Max: 0, Diff: 0, Sum: 0, Workers: 4
[846.933s][debug][gc,phases      ] GC(21)   StringTable Weak               Min:  0.0, Avg:  0.1, Max:  0.2, Diff:  0.2, Sum:  0.5, Workers: 4
[846.933s][debug][gc,phases      ] GC(21)     Dead                           Min: 0, Avg:  0.2, Max: 1, Diff: 1, Sum: 1, Workers: 4
[846.933s][debug][gc,phases      ] GC(21)     Total                          Min: 0, Avg: 11131.5, Max: 15470, Diff: 15470, Sum: 44526, Workers: 4
[846.933s][debug][gc,phases      ] GC(21)   ResolvedMethodTable Weak       Min:  0.0, Avg:  0.0, Max:  0.1, Diff:  0.1, Sum:  0.2, Workers: 4
[846.933s][debug][gc,phases      ] GC(21)     Dead                           Min: 0, Avg:  4.8, Max: 14, Diff: 14, Sum: 19, Workers: 4
[846.933s][debug][gc,phases      ] GC(21)     Total                          Min: 0, Avg: 3873.2, Max: 5504, Diff: 5504, Sum: 15493, Workers: 4
[846.933s][debug][gc,phases      ] GC(21)   JNI Weak                       Min:  0.0, Avg:  0.0, Max:  0.0, Diff:  0.0, Sum:  0.0, Workers: 4
[846.933s][debug][gc,phases      ] GC(21)     Dead                           Min: 0, Avg:  0.0, Max: 0, Diff: 0, Sum: 0, Workers: 4
[846.933s][debug][gc,phases      ] GC(21)     Total                          Min: 0, Avg: 12.0, Max: 48, Diff: 48, Sum: 48, Workers: 4
[846.933s][debug][gc,phases      ] GC(21)   StringDedup Table Weak         Min:  0.0, Avg:  0.0, Max:  0.0, Diff:  0.0, Sum:  0.0, Workers: 4
[846.933s][debug][gc,phases      ] GC(21)     Dead                           Min: 0, Avg:  0.0, Max: 0, Diff: 0, Sum: 0, Workers: 4
[846.933s][debug][gc,phases      ] GC(21)     Total                          Min: 0, Avg:  0.0, Max: 0, Diff: 0, Sum: 0, Workers: 4
[846.933s][debug][gc,phases      ] GC(21)   StringDedup Requests0 Weak     Min:  0.0, Avg:  0.0, Max:  0.0, Diff:  0.0, Sum:  0.0, Workers: 4
[846.933s][debug][gc,phases      ] GC(21)     Dead                           Min: 0, Avg:  0.0, Max: 0, Diff: 0, Sum: 0, Workers: 4
[846.933s][debug][gc,phases      ] GC(21)     Total                          Min: 0, Avg:  0.0, Max: 0, Diff: 0, Sum: 0, Workers: 4
[846.933s][debug][gc,phases      ] GC(21)   StringDedup Requests1 Weak     Min:  0.0, Avg:  0.0, Max:  0.0, Diff:  0.0, Sum:  0.0, Workers: 4
[846.933s][debug][gc,phases      ] GC(21)     Dead                           Min: 0, Avg:  0.0, Max: 0, Diff: 0, Sum: 0, Workers: 4
[846.933s][debug][gc,phases      ] GC(21)     Total                          Min: 0, Avg:  0.0, Max: 0, Diff: 0, Sum: 0, Workers: 4
[846.933s][debug][gc,phases      ] GC(21)   Weak JFR Old Object Samples    Min:  0.0, Avg:  0.0, Max:  0.0, Diff:  0.0, Sum:  0.0, Workers: 4
[846.933s][debug][gc,phases      ] GC(21)     Dead                           Min: 0, Avg:  0.0, Max: 0, Diff: 0, Sum: 0, Workers: 4
[846.933s][debug][gc,phases      ] GC(21)     Total                          Min: 0, Avg:  0.0, Max: 0, Diff: 0, Sum: 0, Workers: 4
[846.933s][debug][gc,phases      ] GC(21) Weak Processing 0.463ms
[846.933s][debug][gc,age         ] GC(21) Desired survivor size 241172480 bytes, new threshold 1 (max threshold 15)
[846.933s][info ][gc,heap        ] GC(21) PSYoungGen: 1577232K(1830912K)->5104K(1861632K) Eden: 1573888K(1573888K)->0K(1615360K) From: 3344K(257024K)->5104K(246272K)
[846.933s][info ][gc,heap        ] GC(21) ParOldGen: 260859K(261120K)->261379K(261632K)
[846.933s][info ][gc,metaspace   ] GC(21) Metaspace: 101594K(102912K)->101594K(102912K) NonClass: 86133K(86848K)->86133K(86848K) Class: 15461K(16064K)->15461K(16064K)
[846.933s][info ][gc             ] GC(21) Pause Young (Allocation Failure) 1795M->260M(2073M) 4.839ms
[846.933s][info ][gc,cpu         ] GC(21) User=0.02s Sys=0.00s Real=0.00s
[846.933s][info ][safepoint      ] Safepoint "ParallelGCFailedAllocation", Time since last: 5538733258 ns, Reaching safepoint: 82202 ns, Cleanup: 4501 ns, At safepoint: 4936747 ns, Total: 5023450 ns
[847.933s][info ][safepoint      ] Safepoint "Cleanup", Time since last: 1000091539 ns, Reaching safepoint: 8201 ns, Cleanup: 13100 ns, At safepoint: 3000 ns, Total: 24301 ns
[850.934s][info ][safepoint      ] Safepoint "Cleanup", Time since last: 3000285434 ns, Reaching safepoint: 7800 ns, Cleanup: 13601 ns, At safepoint: 2700 ns, Total: 24101 ns
[855.934s][info ][safepoint      ] Safepoint "Cleanup", Time since last: 5000458535 ns, Reaching safepoint: 82905 ns, Cleanup: 10800 ns, At safepoint: 7301 ns, Total: 101006 ns
[859.935s][info ][safepoint      ] Safepoint "Cleanup", Time since last: 4000368372 ns, Reaching safepoint: 8001 ns, Cleanup: 14201 ns, At safepoint: 2800 ns, Total: 25002 ns
[861.935s][info ][safepoint      ] Safepoint "Cleanup", Time since last: 2000200971 ns, Reaching safepoint: 10400 ns, Cleanup: 15301 ns, At safepoint: 3900 ns, Total: 29601 ns
[864.935s][info ][safepoint      ] Safepoint "Cleanup", Time since last: 3000311102 ns, Reaching safepoint: 8601 ns, Cleanup: 15301 ns, At safepoint: 3100 ns, Total: 27002 ns
[867.935s][info ][safepoint      ] Safepoint "Cleanup", Time since last: 3000291066 ns, Reaching safepoint: 9200 ns, Cleanup: 12901 ns, At safepoint: 2700 ns, Total: 24801 ns
[873.936s][info ][safepoint      ] Safepoint "Cleanup", Time since last: 6000563256 ns, Reaching safepoint: 10600 ns, Cleanup: 17301 ns, At safepoint: 3301 ns, Total: 31202 ns
[877.936s][info ][safepoint      ] Safepoint "Cleanup", Time since last: 4000388110 ns, Reaching safepoint: 8801 ns, Cleanup: 15601 ns, At safepoint: 2900 ns, Total: 27302 ns
[901.939s][info ][safepoint      ] Safepoint "Cleanup", Time since last: 24002172789 ns, Reaching safepoint: 9401 ns, Cleanup: 18801 ns, At safepoint: 2500 ns, Total: 30702 ns
[902.939s][info ][safepoint      ] Safepoint "Cleanup", Time since last: 1000157263 ns, Reaching safepoint: 9501 ns, Cleanup: 14801 ns, At safepoint: 2900 ns, Total: 27202 ns
[913.940s][info ][safepoint      ] Safepoint "Cleanup", Time since last: 11000961146 ns, Reaching safepoint: 14901 ns, Cleanup: 83405 ns, At safepoint: 3800 ns, Total: 102106 ns
[919.941s][info ][safepoint      ] Safepoint "Cleanup", Time since last: 6000537219 ns, Reaching safepoint: 9400 ns, Cleanup: 14101 ns, At safepoint: 2700 ns, Total: 26201 ns
[926.941s][info ][safepoint      ] Safepoint "Cleanup", Time since last: 7000649478 ns, Reaching safepoint: 10300 ns, Cleanup: 13801 ns, At safepoint: 2900 ns, Total: 27001 ns
[927.941s][info ][safepoint      ] Safepoint "Cleanup", Time since last: 1000160012 ns, Reaching safepoint: 12300 ns, Cleanup: 15301 ns, At safepoint: 3400 ns, Total: 31001 ns
[931.942s][info ][safepoint      ] Safepoint "Cleanup", Time since last: 4000350648 ns, Reaching safepoint: 10300 ns, Cleanup: 14201 ns, At safepoint: 2700 ns, Total: 27201 ns
[932.228s][info ][gc,start       ] GC(22) Pause Young (Allocation Failure)
[932.231s][debug][gc,phases      ] GC(22) Scavenge 3.362ms
[932.231s][debug][gc,ref         ] GC(22) ReferenceProcessor::execute queues: 1, RefProcThreadModel::Single, marks_oops_alive: false
[932.231s][debug][gc,ref         ] GC(22) Skipped KeepAliveFinalRefsPhase of Reference Processing: no references
[932.231s][debug][gc,ref         ] GC(22) ReferenceProcessor::execute queues: 1, RefProcThreadModel::Single, marks_oops_alive: false
[932.231s][debug][gc,phases      ] GC(22) Reference Processing 0.128ms
[932.232s][debug][gc,phases      ] GC(22)   VM Weak                        Min:  0.0, Avg:  0.0, Max:  0.0, Diff:  0.0, Sum:  0.1, Workers: 4
[932.232s][debug][gc,phases      ] GC(22)     Dead                           Min: 0, Avg:  0.0, Max: 0, Diff: 0, Sum: 0, Workers: 4
[932.232s][debug][gc,phases      ] GC(22)     Total                          Min: 64, Avg: 247.0, Max: 476, Diff: 412, Sum: 988, Workers: 4
[932.232s][debug][gc,phases      ] GC(22)   ObjectSynchronizer Weak        Min:  0.0, Avg:  0.0, Max:  0.0, Diff:  0.0, Sum:  0.0, Workers: 4
[932.232s][debug][gc,phases      ] GC(22)     Dead                           Min: 0, Avg:  0.0, Max: 0, Diff: 0, Sum: 0, Workers: 4
[932.232s][debug][gc,phases      ] GC(22)     Total                          Min: 0, Avg:  0.8, Max: 3, Diff: 3, Sum: 3, Workers: 4
[932.232s][debug][gc,phases      ] GC(22)   JVMTI Tag Weak OopStorage      Min:  0.0, Avg:  0.0, Max:  0.0, Diff:  0.0, Sum:  0.0, Workers: 4
[932.232s][debug][gc,phases      ] GC(22)     Dead                           Min: 0, Avg:  0.0, Max: 0, Diff: 0, Sum: 0, Workers: 4
[932.232s][debug][gc,phases      ] GC(22)     Total                          Min: 0, Avg:  0.0, Max: 0, Diff: 0, Sum: 0, Workers: 4
[932.232s][debug][gc,phases      ] GC(22)   StringTable Weak               Min:  0.1, Avg:  0.1, Max:  0.1, Diff:  0.0, Sum:  0.5, Workers: 4
[932.232s][debug][gc,phases      ] GC(22)     Dead                           Min: 0, Avg:  0.0, Max: 0, Diff: 0, Sum: 0, Workers: 4
[932.232s][debug][gc,phases      ] GC(22)     Total                          Min: 9280, Avg: 11132.2, Max: 12273, Diff: 2993, Sum: 44529, Workers: 4
[932.232s][debug][gc,phases      ] GC(22)   ResolvedMethodTable Weak       Min:  0.0, Avg:  0.0, Max:  0.0, Diff:  0.0, Sum:  0.2, Workers: 4
[932.232s][debug][gc,phases      ] GC(22)     Dead                           Min: 0, Avg:  4.0, Max: 16, Diff: 16, Sum: 16, Workers: 4
[932.232s][debug][gc,phases      ] GC(22)     Total                          Min: 3838, Avg: 3874.0, Max: 3904, Diff: 66, Sum: 15496, Workers: 4
[932.232s][debug][gc,phases      ] GC(22)   JNI Weak                       Min:  0.0, Avg:  0.0, Max:  0.0, Diff:  0.0, Sum:  0.0, Workers: 4
[932.232s][debug][gc,phases      ] GC(22)     Dead                           Min: 0, Avg:  0.0, Max: 0, Diff: 0, Sum: 0, Workers: 4
[932.232s][debug][gc,phases      ] GC(22)     Total                          Min: 0, Avg: 12.0, Max: 48, Diff: 48, Sum: 48, Workers: 4
[932.232s][debug][gc,phases      ] GC(22)   StringDedup Table Weak         Min:  0.0, Avg:  0.0, Max:  0.0, Diff:  0.0, Sum:  0.0, Workers: 4
[932.232s][debug][gc,phases      ] GC(22)     Dead                           Min: 0, Avg:  0.0, Max: 0, Diff: 0, Sum: 0, Workers: 4
[932.232s][debug][gc,phases      ] GC(22)     Total                          Min: 0, Avg:  0.0, Max: 0, Diff: 0, Sum: 0, Workers: 4
[932.232s][debug][gc,phases      ] GC(22)   StringDedup Requests0 Weak     Min:  0.0, Avg:  0.0, Max:  0.0, Diff:  0.0, Sum:  0.0, Workers: 4
[932.232s][debug][gc,phases      ] GC(22)     Dead                           Min: 0, Avg:  0.0, Max: 0, Diff: 0, Sum: 0, Workers: 4
[932.232s][debug][gc,phases      ] GC(22)     Total                          Min: 0, Avg:  0.0, Max: 0, Diff: 0, Sum: 0, Workers: 4
[932.232s][debug][gc,phases      ] GC(22)   StringDedup Requests1 Weak     Min:  0.0, Avg:  0.0, Max:  0.0, Diff:  0.0, Sum:  0.0, Workers: 4
[932.232s][debug][gc,phases      ] GC(22)     Dead                           Min: 0, Avg:  0.0, Max: 0, Diff: 0, Sum: 0, Workers: 4
[932.232s][debug][gc,phases      ] GC(22)     Total                          Min: 0, Avg:  0.0, Max: 0, Diff: 0, Sum: 0, Workers: 4
[932.232s][debug][gc,phases      ] GC(22)   Weak JFR Old Object Samples    Min:  0.0, Avg:  0.0, Max:  0.0, Diff:  0.0, Sum:  0.0, Workers: 4
[932.232s][debug][gc,phases      ] GC(22)     Dead                           Min: 0, Avg:  0.0, Max: 0, Diff: 0, Sum: 0, Workers: 4
[932.232s][debug][gc,phases      ] GC(22)     Total                          Min: 0, Avg:  0.0, Max: 0, Diff: 0, Sum: 0, Workers: 4
[932.232s][debug][gc,phases      ] GC(22) Weak Processing 0.447ms
[932.232s][debug][gc,age         ] GC(22) Desired survivor size 230162432 bytes, new threshold 1 (max threshold 15)
[932.232s][info ][gc,heap        ] GC(22) PSYoungGen: 1620464K(1861632K)->2272K(1850880K) Eden: 1615360K(1615360K)->0K(1615360K) From: 5104K(246272K)->2272K(235520K)
[932.232s][info ][gc,heap        ] GC(22) ParOldGen: 261379K(261632K)->264868K(265216K)
[932.232s][info ][gc,metaspace   ] GC(22) Metaspace: 101629K(102912K)->101629K(102912K) NonClass: 86163K(86848K)->86163K(86848K) Class: 15466K(16064K)->15466K(16064K)
[932.232s][info ][gc             ] GC(22) Pause Young (Allocation Failure) 1837M->260M(2066M) 4.087ms
[932.232s][info ][gc,cpu         ] GC(22) User=0.01s Sys=0.00s Real=0.00s
[932.232s][info ][safepoint      ] Safepoint "ParallelGCFailedAllocation", Time since last: 286117288 ns, Reaching safepoint: 8200 ns, Cleanup: 3901 ns, At safepoint: 4170846 ns, Total: 4182947 ns
[934.232s][info ][safepoint      ] Safepoint "Cleanup", Time since last: 2000179356 ns, Reaching safepoint: 86905 ns, Cleanup: 17101 ns, At safepoint: 8201 ns, Total: 112207 ns
[935.233s][info ][safepoint      ] Safepoint "Cleanup", Time since last: 1000137331 ns, Reaching safepoint: 8700 ns, Cleanup: 24702 ns, At safepoint: 2800 ns, Total: 36202 ns
[937.233s][info ][safepoint      ] Safepoint "Cleanup", Time since last: 2000215727 ns, Reaching safepoint: 9200 ns, Cleanup: 21301 ns, At safepoint: 2500 ns, Total: 33001 ns
[942.233s][info ][safepoint      ] Safepoint "Cleanup", Time since last: 5000434143 ns, Reaching safepoint: 8201 ns, Cleanup: 11201 ns, At safepoint: 2600 ns, Total: 22002 ns
[957.235s][info ][safepoint      ] Safepoint "Cleanup", Time since last: 15001227722 ns, Reaching safepoint: 84404 ns, Cleanup: 12301 ns, At safepoint: 5900 ns, Total: 102605 ns
[958.235s][info ][safepoint      ] Safepoint "Cleanup", Time since last: 1000117051 ns, Reaching safepoint: 80805 ns, Cleanup: 11100 ns, At safepoint: 5500 ns, Total: 97405 ns
[959.235s][info ][safepoint      ] Safepoint "Cleanup", Time since last: 1000121252 ns, Reaching safepoint: 79704 ns, Cleanup: 11501 ns, At safepoint: 6300 ns, Total: 97505 ns
[992.437s][info ][safepoint      ] Safepoint "Cleanup", Time since last: 33202218871 ns, Reaching safepoint: 7301 ns, Cleanup: 11800 ns, At safepoint: 2400 ns, Total: 21501 ns
[993.437s][info ][safepoint      ] Safepoint "Cleanup", Time since last: 1000127660 ns, Reaching safepoint: 8401 ns, Cleanup: 26301 ns, At safepoint: 2200 ns, Total: 36902 ns
[994.438s][info ][safepoint      ] Safepoint "Cleanup", Time since last: 1000112559 ns, Reaching safepoint: 7201 ns, Cleanup: 11100 ns, At safepoint: 2800 ns, Total: 21101 ns
[995.438s][info ][safepoint      ] Safepoint "Cleanup", Time since last: 1000151861 ns, Reaching safepoint: 8001 ns, Cleanup: 15700 ns, At safepoint: 2901 ns, Total: 26602 ns
[996.438s][info ][safepoint      ] Safepoint "Cleanup", Time since last: 1000139660 ns, Reaching safepoint: 9301 ns, Cleanup: 11600 ns, At safepoint: 3200 ns, Total: 24101 ns
[998.438s][info ][safepoint      ] Safepoint "Cleanup", Time since last: 2000208218 ns, Reaching safepoint: 10000 ns, Cleanup: 15201 ns, At safepoint: 2600 ns, Total: 27801 ns
[1000.438s][info ][safepoint      ] Safepoint "Cleanup", Time since last: 2000198460 ns, Reaching safepoint: 7300 ns, Cleanup: 12500 ns, At safepoint: 2601 ns, Total: 22401 ns
[1001.152s][info ][gc,start       ] GC(23) Pause Young (CodeCache GC Threshold)
[1001.154s][debug][gc,phases      ] GC(23) Scavenge 2.619ms
[1001.154s][debug][gc,ref         ] GC(23) ReferenceProcessor::execute queues: 1, RefProcThreadModel::Single, marks_oops_alive: false
[1001.154s][debug][gc,ref         ] GC(23) Skipped KeepAliveFinalRefsPhase of Reference Processing: no references
[1001.154s][debug][gc,ref         ] GC(23) ReferenceProcessor::execute queues: 1, RefProcThreadModel::Single, marks_oops_alive: false
[1001.154s][debug][gc,phases      ] GC(23) Reference Processing 0.126ms
[1001.155s][debug][gc,phases      ] GC(23)   VM Weak                        Min:  0.0, Avg:  0.0, Max:  0.0, Diff:  0.0, Sum:  0.0, Workers: 4
[1001.155s][debug][gc,phases      ] GC(23)     Dead                           Min: 0, Avg:  0.0, Max: 0, Diff: 0, Sum: 0, Workers: 4
[1001.155s][debug][gc,phases      ] GC(23)     Total                          Min: 0, Avg: 248.0, Max: 864, Diff: 864, Sum: 992, Workers: 4
[1001.155s][debug][gc,phases      ] GC(23)   ObjectSynchronizer Weak        Min:  0.0, Avg:  0.0, Max:  0.0, Diff:  0.0, Sum:  0.0, Workers: 4
[1001.155s][debug][gc,phases      ] GC(23)     Dead                           Min: 0, Avg:  0.0, Max: 0, Diff: 0, Sum: 0, Workers: 4
[1001.155s][debug][gc,phases      ] GC(23)     Total                          Min: 0, Avg:  0.8, Max: 3, Diff: 3, Sum: 3, Workers: 4
[1001.155s][debug][gc,phases      ] GC(23)   JVMTI Tag Weak OopStorage      Min:  0.0, Avg:  0.0, Max:  0.0, Diff:  0.0, Sum:  0.0, Workers: 4
[1001.155s][debug][gc,phases      ] GC(23)     Dead                           Min: 0, Avg:  0.0, Max: 0, Diff: 0, Sum: 0, Workers: 4
[1001.155s][debug][gc,phases      ] GC(23)     Total                          Min: 0, Avg:  0.0, Max: 0, Diff: 0, Sum: 0, Workers: 4
[1001.155s][debug][gc,phases      ] GC(23)   StringTable Weak               Min:  0.0, Avg:  0.1, Max:  0.2, Diff:  0.2, Sum:  0.4, Workers: 4
[1001.155s][debug][gc,phases      ] GC(23)     Dead                           Min: 0, Avg:  0.2, Max: 1, Diff: 1, Sum: 1, Workers: 4
[1001.155s][debug][gc,phases      ] GC(23)     Total                          Min: 0, Avg: 11133.8, Max: 16057, Diff: 16057, Sum: 44535, Workers: 4
[1001.155s][debug][gc,phases      ] GC(23)   ResolvedMethodTable Weak       Min:  0.0, Avg:  0.0, Max:  0.1, Diff:  0.1, Sum:  0.2, Workers: 4
[1001.155s][debug][gc,phases      ] GC(23)     Dead                           Min: 0, Avg:  4.8, Max: 19, Diff: 19, Sum: 19, Workers: 4
[1001.155s][debug][gc,phases      ] GC(23)     Total                          Min: 0, Avg: 3878.0, Max: 5275, Diff: 5275, Sum: 15512, Workers: 4
[1001.155s][debug][gc,phases      ] GC(23)   JNI Weak                       Min:  0.0, Avg:  0.0, Max:  0.0, Diff:  0.0, Sum:  0.0, Workers: 4
[1001.155s][debug][gc,phases      ] GC(23)     Dead                           Min: 0, Avg:  0.0, Max: 0, Diff: 0, Sum: 0, Workers: 4
[1001.155s][debug][gc,phases      ] GC(23)     Total                          Min: 0, Avg: 12.0, Max: 48, Diff: 48, Sum: 48, Workers: 4
[1001.155s][debug][gc,phases      ] GC(23)   StringDedup Table Weak         Min:  0.0, Avg:  0.0, Max:  0.0, Diff:  0.0, Sum:  0.0, Workers: 4
[1001.155s][debug][gc,phases      ] GC(23)     Dead                           Min: 0, Avg:  0.0, Max: 0, Diff: 0, Sum: 0, Workers: 4
[1001.155s][debug][gc,phases      ] GC(23)     Total                          Min: 0, Avg:  0.0, Max: 0, Diff: 0, Sum: 0, Workers: 4
[1001.155s][debug][gc,phases      ] GC(23)   StringDedup Requests0 Weak     Min:  0.0, Avg:  0.0, Max:  0.0, Diff:  0.0, Sum:  0.0, Workers: 4
[1001.155s][debug][gc,phases      ] GC(23)     Dead                           Min: 0, Avg:  0.0, Max: 0, Diff: 0, Sum: 0, Workers: 4
[1001.155s][debug][gc,phases      ] GC(23)     Total                          Min: 0, Avg:  0.0, Max: 0, Diff: 0, Sum: 0, Workers: 4
[1001.155s][debug][gc,phases      ] GC(23)   StringDedup Requests1 Weak     Min:  0.0, Avg:  0.0, Max:  0.0, Diff:  0.0, Sum:  0.0, Workers: 4
[1001.155s][debug][gc,phases      ] GC(23)     Dead                           Min: 0, Avg:  0.0, Max: 0, Diff: 0, Sum: 0, Workers: 4
[1001.155s][debug][gc,phases      ] GC(23)     Total                          Min: 0, Avg:  0.0, Max: 0, Diff: 0, Sum: 0, Workers: 4
[1001.155s][debug][gc,phases      ] GC(23)   Weak JFR Old Object Samples    Min:  0.0, Avg:  0.0, Max:  0.0, Diff:  0.0, Sum:  0.0, Workers: 4
[1001.155s][debug][gc,phases      ] GC(23)     Dead                           Min: 0, Avg:  0.0, Max: 0, Diff: 0, Sum: 0, Workers: 4
[1001.155s][debug][gc,phases      ] GC(23)     Total                          Min: 0, Avg:  0.0, Max: 0, Diff: 0, Sum: 0, Workers: 4
[1001.155s][debug][gc,phases      ] GC(23) Weak Processing 0.466ms
[1001.155s][debug][gc,age         ] GC(23) Desired survivor size 218628096 bytes, new threshold 1 (max threshold 15)
[1001.155s][info ][gc,heap        ] GC(23) PSYoungGen: 1373499K(1850880K)->3296K(1883648K) Eden: 1371226K(1615360K)->0K(1658880K) From: 2272K(235520K)->3296K(224768K)
[1001.155s][info ][gc,heap        ] GC(23) ParOldGen: 264868K(265216K)->265380K(265728K)
[1001.155s][info ][gc,metaspace   ] GC(23) Metaspace: 101666K(102976K)->101666K(102976K) NonClass: 86194K(86912K)->86194K(86912K) Class: 15471K(16064K)->15471K(16064K)
[1001.155s][info ][gc             ] GC(23) Pause Young (CodeCache GC Threshold) 1599M->262M(2099M) 3.399ms
[1001.155s][info ][gc,cpu         ] GC(23) User=0.01s Sys=0.00s Real=0.00s
[1001.155s][debug][gc,phases      ] GC(24) Pre Compact 0.008ms
[1001.155s][info ][gc,start       ] GC(24) Pause Full (CodeCache GC Threshold)
[1001.155s][info ][gc,phases,start] GC(24) Marking Phase
[1001.260s][debug][gc,phases      ] GC(24) Par Mark 104.763ms
[1001.260s][debug][gc,ref         ] GC(24) ReferenceProcessor::execute queues: 4, RefProcThreadModel::Multi, marks_oops_alive: false
[1001.261s][debug][gc,ref         ] GC(24) ReferenceProcessor::execute queues: 4, RefProcThreadModel::Multi, marks_oops_alive: true
[1001.261s][debug][gc,ref         ] GC(24) ReferenceProcessor::execute queues: 1, RefProcThreadModel::Single, marks_oops_alive: false
[1001.261s][debug][gc,phases      ] GC(24) Reference Processing 1.284ms
[1001.261s][debug][gc,phases      ] GC(24)   VM Weak                        Min:  0.0, Avg:  0.0, Max:  0.0, Diff:  0.0, Sum:  0.0, Workers: 4
[1001.261s][debug][gc,phases      ] GC(24)     Dead                           Min: 0, Avg:  0.0, Max: 0, Diff: 0, Sum: 0, Workers: 4
[1001.261s][debug][gc,phases      ] GC(24)     Total                          Min: 64, Avg: 248.0, Max: 384, Diff: 320, Sum: 992, Workers: 4
[1001.261s][debug][gc,phases      ] GC(24)   ObjectSynchronizer Weak        Min:  0.0, Avg:  0.0, Max:  0.0, Diff:  0.0, Sum:  0.0, Workers: 4
[1001.261s][debug][gc,phases      ] GC(24)     Dead                           Min: 0, Avg:  0.0, Max: 0, Diff: 0, Sum: 0, Workers: 4
[1001.261s][debug][gc,phases      ] GC(24)     Total                          Min: 0, Avg:  0.8, Max: 3, Diff: 3, Sum: 3, Workers: 4
[1001.261s][debug][gc,phases      ] GC(24)   JVMTI Tag Weak OopStorage      Min:  0.0, Avg:  0.0, Max:  0.0, Diff:  0.0, Sum:  0.0, Workers: 4
[1001.261s][debug][gc,phases      ] GC(24)     Dead                           Min: 0, Avg:  0.0, Max: 0, Diff: 0, Sum: 0, Workers: 4
[1001.261s][debug][gc,phases      ] GC(24)     Total                          Min: 0, Avg:  0.0, Max: 0, Diff: 0, Sum: 0, Workers: 4
[1001.261s][debug][gc,phases      ] GC(24)   StringTable Weak               Min:  0.2, Avg:  0.2, Max:  0.2, Diff:  0.0, Sum:  0.8, Workers: 4
[1001.261s][debug][gc,phases      ] GC(24)     Dead                           Min: 0, Avg:  0.0, Max: 0, Diff: 0, Sum: 0, Workers: 4
[1001.261s][debug][gc,phases      ] GC(24)     Total                          Min: 10815, Avg: 11133.8, Max: 11321, Diff: 506, Sum: 44535, Workers: 4
[1001.262s][debug][gc,phases      ] GC(24)   ResolvedMethodTable Weak       Min:  0.1, Avg:  0.1, Max:  0.1, Diff:  0.0, Sum:  0.2, Workers: 4
[1001.262s][debug][gc,phases      ] GC(24)     Dead                           Min: 0, Avg:  0.0, Max: 0, Diff: 0, Sum: 0, Workers: 4
[1001.262s][debug][gc,phases      ] GC(24)     Total                          Min: 3837, Avg: 3878.0, Max: 3945, Diff: 108, Sum: 15512, Workers: 4
[1001.262s][debug][gc,phases      ] GC(24)   JNI Weak                       Min:  0.0, Avg:  0.0, Max:  0.0, Diff:  0.0, Sum:  0.0, Workers: 4
[1001.262s][debug][gc,phases      ] GC(24)     Dead                           Min: 0, Avg:  0.0, Max: 0, Diff: 0, Sum: 0, Workers: 4
[1001.262s][debug][gc,phases      ] GC(24)     Total                          Min: 0, Avg: 12.0, Max: 48, Diff: 48, Sum: 48, Workers: 4
[1001.262s][debug][gc,phases      ] GC(24)   StringDedup Table Weak         Min:  0.0, Avg:  0.0, Max:  0.0, Diff:  0.0, Sum:  0.0, Workers: 4
[1001.262s][debug][gc,phases      ] GC(24)     Dead                           Min: 0, Avg:  0.0, Max: 0, Diff: 0, Sum: 0, Workers: 4
[1001.262s][debug][gc,phases      ] GC(24)     Total                          Min: 0, Avg:  0.0, Max: 0, Diff: 0, Sum: 0, Workers: 4
[1001.262s][debug][gc,phases      ] GC(24)   StringDedup Requests0 Weak     Min:  0.0, Avg:  0.0, Max:  0.0, Diff:  0.0, Sum:  0.0, Workers: 4
[1001.262s][debug][gc,phases      ] GC(24)     Dead                           Min: 0, Avg:  0.0, Max: 0, Diff: 0, Sum: 0, Workers: 4
[1001.262s][debug][gc,phases      ] GC(24)     Total                          Min: 0, Avg:  0.0, Max: 0, Diff: 0, Sum: 0, Workers: 4
[1001.262s][debug][gc,phases      ] GC(24)   StringDedup Requests1 Weak     Min:  0.0, Avg:  0.0, Max:  0.0, Diff:  0.0, Sum:  0.0, Workers: 4
[1001.262s][debug][gc,phases      ] GC(24)     Dead                           Min: 0, Avg:  0.0, Max: 0, Diff: 0, Sum: 0, Workers: 4
[1001.262s][debug][gc,phases      ] GC(24)     Total                          Min: 0, Avg:  0.0, Max: 0, Diff: 0, Sum: 0, Workers: 4
[1001.262s][debug][gc,phases      ] GC(24)   Weak JFR Old Object Samples    Min:  0.0, Avg:  0.0, Max:  0.0, Diff:  0.0, Sum:  0.0, Workers: 4
[1001.262s][debug][gc,phases      ] GC(24)     Dead                           Min: 0, Avg:  0.0, Max: 0, Diff: 0, Sum: 0, Workers: 4
[1001.262s][debug][gc,phases      ] GC(24)     Total                          Min: 0, Avg:  0.0, Max: 0, Diff: 0, Sum: 0, Workers: 4
[1001.262s][debug][gc,phases      ] GC(24) Weak Processing 0.522ms
[1001.262s][debug][gc,phases      ] GC(24) ClassLoaderData 0.159ms
[1001.262s][debug][gc,phases      ] GC(24) Trigger cleanups 0.000ms
[1001.334s][debug][gc,phases      ] GC(24) Purge Unlinked NMethods 3.212ms
[1001.334s][debug][gc,phases      ] GC(24) Unregister NMethods 0.001ms
[1001.334s][debug][gc,phases      ] GC(24) Free Code Blobs 0.595ms
[1001.334s][debug][gc,phases      ] GC(24) Class Unloading 72.536ms
[1001.334s][debug][gc,phases      ] GC(24) Report Object Count 0.001ms
[1001.334s][info ][gc,phases      ] GC(24) Marking Phase 179.192ms
[1001.334s][info ][gc,phases,start] GC(24) Summary Phase
[1001.334s][info ][gc,phases      ] GC(24) Summary Phase 0.015ms
[1001.334s][info ][gc,phases,start] GC(24) Adjust Roots
[1001.361s][info ][gc,phases      ] GC(24) Adjust Roots 26.518ms
[1001.361s][info ][gc,phases,start] GC(24) Compaction Phase
[1001.502s][info ][gc,phases      ] GC(24) Compaction Phase 141.697ms
[1001.503s][info ][gc,phases,start] GC(24) Post Compact
[1001.504s][debug][gc,phases      ] GC(24) Purge Class Loader Data 0.804ms
[1001.504s][info ][gc,phases      ] GC(24) Post Compact 1.776ms
[1001.504s][info ][gc,heap        ] GC(24) PSYoungGen: 3296K(1883648K)->0K(1883648K) Eden: 0K(1658880K)->0K(1658880K) From: 3296K(224768K)->0K(224768K)
[1001.504s][info ][gc,heap        ] GC(24) ParOldGen: 265380K(265728K)->253247K(265728K)
[1001.504s][info ][gc,metaspace   ] GC(24) Metaspace: 101666K(102976K)->101666K(102976K) NonClass: 86194K(86912K)->86194K(86912K) Class: 15471K(16064K)->15471K(16064K)
[1001.504s][info ][gc             ] GC(24) Pause Full (CodeCache GC Threshold) 262M->247M(2099M) 349.374ms
[1001.504s][info ][gc,cpu         ] GC(24) User=0.97s Sys=0.03s Real=0.35s
[1001.504s][info ][safepoint      ] Safepoint "ParallelGCSystemGC", Time since last: 713144413 ns, Reaching safepoint: 9900 ns, Cleanup: 3901 ns, At safepoint: 352938677 ns, Total: 352952478 ns
[1002.505s][info ][safepoint      ] Safepoint "Cleanup", Time since last: 1000091639 ns, Reaching safepoint: 12000 ns, Cleanup: 157506 ns, At safepoint: 3800 ns, Total: 173306 ns
[1003.505s][info ][safepoint      ] Safepoint "Cleanup", Time since last: 1000170242 ns, Reaching safepoint: 9500 ns, Cleanup: 16501 ns, At safepoint: 2900 ns, Total: 28901 ns
[1004.505s][info ][safepoint      ] Safepoint "Cleanup", Time since last: 1000129153 ns, Reaching safepoint: 9400 ns, Cleanup: 14701 ns, At safepoint: 2900 ns, Total: 27001 ns
[1006.505s][info ][safepoint      ] Safepoint "Cleanup", Time since last: 2000200895 ns, Reaching safepoint: 8000 ns, Cleanup: 15501 ns, At safepoint: 3000 ns, Total: 26501 ns
[1007.505s][info ][safepoint      ] Safepoint "Cleanup", Time since last: 1000130499 ns, Reaching safepoint: 11300 ns, Cleanup: 14601 ns, At safepoint: 3000 ns, Total: 28901 ns
[1008.506s][info ][safepoint      ] Safepoint "Cleanup", Time since last: 1000123883 ns, Reaching safepoint: 11301 ns, Cleanup: 19101 ns, At safepoint: 2800 ns, Total: 33202 ns
[1013.506s][info ][safepoint      ] Safepoint "Cleanup", Time since last: 5000464579 ns, Reaching safepoint: 10601 ns, Cleanup: 15000 ns, At safepoint: 2800 ns, Total: 28401 ns
[1017.507s][info ][safepoint      ] Safepoint "Cleanup", Time since last: 4000416259 ns, Reaching safepoint: 15201 ns, Cleanup: 19500 ns, At safepoint: 4801 ns, Total: 39502 ns
[1018.507s][info ][safepoint      ] Safepoint "Cleanup", Time since last: 1000157286 ns, Reaching safepoint: 9600 ns, Cleanup: 14401 ns, At safepoint: 3300 ns, Total: 27301 ns
[1020.455s][info ][safepoint      ] Safepoint "Cleanup", Time since last: 1948202597 ns, Reaching safepoint: 4500 ns, Cleanup: 13900 ns, At safepoint: 4901 ns, Total: 23301 ns
[1021.455s][info ][safepoint      ] Safepoint "Cleanup", Time since last: 1000156101 ns, Reaching safepoint: 10001 ns, Cleanup: 19400 ns, At safepoint: 2701 ns, Total: 32102 ns
[1024.455s][info ][safepoint      ] Safepoint "Cleanup", Time since last: 3000282195 ns, Reaching safepoint: 11001 ns, Cleanup: 25501 ns, At safepoint: 2900 ns, Total: 39402 ns
[1026.456s][info ][safepoint      ] Safepoint "Cleanup", Time since last: 2000210549 ns, Reaching safepoint: 9100 ns, Cleanup: 46202 ns, At safepoint: 2600 ns, Total: 57902 ns
[1027.456s][info ][safepoint      ] Safepoint "Cleanup", Time since last: 1000143326 ns, Reaching safepoint: 9601 ns, Cleanup: 18901 ns, At safepoint: 3600 ns, Total: 32102 ns
[1028.456s][info ][safepoint      ] Safepoint "Cleanup", Time since last: 1000132425 ns, Reaching safepoint: 9501 ns, Cleanup: 13400 ns, At safepoint: 2500 ns, Total: 25401 ns
[1031.456s][info ][safepoint      ] Safepoint "Cleanup", Time since last: 3000286172 ns, Reaching safepoint: 27501 ns, Cleanup: 14301 ns, At safepoint: 5500 ns, Total: 47302 ns
[1033.457s][info ][safepoint      ] Safepoint "Cleanup", Time since last: 2000188393 ns, Reaching safepoint: 10400 ns, Cleanup: 14801 ns, At safepoint: 3200 ns, Total: 28401 ns
[1036.457s][info ][safepoint      ] Safepoint "Cleanup", Time since last: 3000302470 ns, Reaching safepoint: 9301 ns, Cleanup: 19600 ns, At safepoint: 2700 ns, Total: 31601 ns
[1038.457s][info ][safepoint      ] Safepoint "Cleanup", Time since last: 2000240149 ns, Reaching safepoint: 16301 ns, Cleanup: 19100 ns, At safepoint: 3200 ns, Total: 38601 ns
[1041.458s][info ][safepoint      ] Safepoint "Cleanup", Time since last: 3000322985 ns, Reaching safepoint: 10301 ns, Cleanup: 16000 ns, At safepoint: 2400 ns, Total: 28701 ns
[1056.459s][info ][safepoint      ] Safepoint "Cleanup", Time since last: 15001265610 ns, Reaching safepoint: 15100 ns, Cleanup: 18101 ns, At safepoint: 3600 ns, Total: 36801 ns
[1058.459s][info ][safepoint      ] Safepoint "Cleanup", Time since last: 2000212880 ns, Reaching safepoint: 7600 ns, Cleanup: 13501 ns, At safepoint: 2400 ns, Total: 23501 ns
[1063.460s][info ][safepoint      ] Safepoint "Cleanup", Time since last: 5000461258 ns, Reaching safepoint: 11600 ns, Cleanup: 19101 ns, At safepoint: 3000 ns, Total: 33701 ns
[1064.460s][info ][safepoint      ] Safepoint "Cleanup", Time since last: 1000134690 ns, Reaching safepoint: 9800 ns, Cleanup: 15101 ns, At safepoint: 2600 ns, Total: 27501 ns
[1069.460s][info ][safepoint      ] Safepoint "Cleanup", Time since last: 5000429580 ns, Reaching safepoint: 14701 ns, Cleanup: 15701 ns, At safepoint: 3300 ns, Total: 33702 ns
[1073.461s][info ][safepoint      ] Safepoint "Cleanup", Time since last: 4000405834 ns, Reaching safepoint: 9700 ns, Cleanup: 13901 ns, At safepoint: 2900 ns, Total: 26501 ns
[1078.378s][info ][gc,start       ] GC(25) Pause Young (Allocation Failure)
[1078.383s][debug][gc,phases      ] GC(25) Scavenge 4.810ms
[1078.383s][debug][gc,ref         ] GC(25) ReferenceProcessor::execute queues: 1, RefProcThreadModel::Single, marks_oops_alive: false
[1078.383s][debug][gc,ref         ] GC(25) Skipped KeepAliveFinalRefsPhase of Reference Processing: no references
[1078.383s][debug][gc,ref         ] GC(25) ReferenceProcessor::execute queues: 1, RefProcThreadModel::Single, marks_oops_alive: false
[1078.383s][debug][gc,phases      ] GC(25) Reference Processing 0.129ms
[1078.384s][debug][gc,phases      ] GC(25)   VM Weak                        Min:  0.0, Avg:  0.0, Max:  0.0, Diff:  0.0, Sum:  0.0, Workers: 4
[1078.384s][debug][gc,phases      ] GC(25)     Dead                           Min: 0, Avg:  0.0, Max: 0, Diff: 0, Sum: 0, Workers: 4
[1078.384s][debug][gc,phases      ] GC(25)     Total                          Min: 0, Avg: 248.0, Max: 576, Diff: 576, Sum: 992, Workers: 4
[1078.384s][debug][gc,phases      ] GC(25)   ObjectSynchronizer Weak        Min:  0.0, Avg:  0.0, Max:  0.0, Diff:  0.0, Sum:  0.0, Workers: 4
[1078.384s][debug][gc,phases      ] GC(25)     Dead                           Min: 0, Avg:  0.0, Max: 0, Diff: 0, Sum: 0, Workers: 4
[1078.384s][debug][gc,phases      ] GC(25)     Total                          Min: 0, Avg:  1.0, Max: 4, Diff: 4, Sum: 4, Workers: 4
[1078.384s][debug][gc,phases      ] GC(25)   JVMTI Tag Weak OopStorage      Min:  0.0, Avg:  0.0, Max:  0.0, Diff:  0.0, Sum:  0.0, Workers: 4
[1078.384s][debug][gc,phases      ] GC(25)     Dead                           Min: 0, Avg:  0.0, Max: 0, Diff: 0, Sum: 0, Workers: 4
[1078.384s][debug][gc,phases      ] GC(25)     Total                          Min: 0, Avg:  0.0, Max: 0, Diff: 0, Sum: 0, Workers: 4
[1078.384s][debug][gc,phases      ] GC(25)   StringTable Weak               Min:  0.1, Avg:  0.2, Max:  0.2, Diff:  0.1, Sum:  0.6, Workers: 4
[1078.384s][debug][gc,phases      ] GC(25)     Dead                           Min: 0, Avg:  0.0, Max: 0, Diff: 0, Sum: 0, Workers: 4
[1078.384s][debug][gc,phases      ] GC(25)     Total                          Min: 4734, Avg: 11135.0, Max: 15807, Diff: 11073, Sum: 44540, Workers: 4
[1078.384s][debug][gc,phases      ] GC(25)   ResolvedMethodTable Weak       Min:  0.0, Avg:  0.0, Max:  0.0, Diff:  0.0, Sum:  0.2, Workers: 4
[1078.384s][debug][gc,phases      ] GC(25)     Dead                           Min: 0, Avg:  4.0, Max: 16, Diff: 16, Sum: 16, Workers: 4
[1078.384s][debug][gc,phases      ] GC(25)     Total                          Min: 3646, Avg: 3878.0, Max: 4287, Diff: 641, Sum: 15512, Workers: 4
[1078.384s][debug][gc,phases      ] GC(25)   JNI Weak                       Min:  0.0, Avg:  0.0, Max:  0.0, Diff:  0.0, Sum:  0.0, Workers: 4
[1078.384s][debug][gc,phases      ] GC(25)     Dead                           Min: 0, Avg:  0.0, Max: 0, Diff: 0, Sum: 0, Workers: 4
[1078.384s][debug][gc,phases      ] GC(25)     Total                          Min: 0, Avg: 12.0, Max: 48, Diff: 48, Sum: 48, Workers: 4
[1078.384s][debug][gc,phases      ] GC(25)   StringDedup Table Weak         Min:  0.0, Avg:  0.0, Max:  0.0, Diff:  0.0, Sum:  0.0, Workers: 4
[1078.384s][debug][gc,phases      ] GC(25)     Dead                           Min: 0, Avg:  0.0, Max: 0, Diff: 0, Sum: 0, Workers: 4
[1078.384s][debug][gc,phases      ] GC(25)     Total                          Min: 0, Avg:  0.0, Max: 0, Diff: 0, Sum: 0, Workers: 4
[1078.384s][debug][gc,phases      ] GC(25)   StringDedup Requests0 Weak     Min:  0.0, Avg:  0.0, Max:  0.0, Diff:  0.0, Sum:  0.0, Workers: 4
[1078.384s][debug][gc,phases      ] GC(25)     Dead                           Min: 0, Avg:  0.0, Max: 0, Diff: 0, Sum: 0, Workers: 4
[1078.384s][debug][gc,phases      ] GC(25)     Total                          Min: 0, Avg:  0.0, Max: 0, Diff: 0, Sum: 0, Workers: 4
[1078.384s][debug][gc,phases      ] GC(25)   StringDedup Requests1 Weak     Min:  0.0, Avg:  0.0, Max:  0.0, Diff:  0.0, Sum:  0.0, Workers: 4
[1078.384s][debug][gc,phases      ] GC(25)     Dead                           Min: 0, Avg:  0.0, Max: 0, Diff: 0, Sum: 0, Workers: 4
[1078.384s][debug][gc,phases      ] GC(25)     Total                          Min: 0, Avg:  0.0, Max: 0, Diff: 0, Sum: 0, Workers: 4
[1078.384s][debug][gc,phases      ] GC(25)   Weak JFR Old Object Samples    Min:  0.0, Avg:  0.0, Max:  0.0, Diff:  0.0, Sum:  0.0, Workers: 4
[1078.384s][debug][gc,phases      ] GC(25)     Dead                           Min: 0, Avg:  0.0, Max: 0, Diff: 0, Sum: 0, Workers: 4
[1078.384s][debug][gc,phases      ] GC(25)     Total                          Min: 0, Avg:  0.0, Max: 0, Diff: 0, Sum: 0, Workers: 4
[1078.384s][debug][gc,phases      ] GC(25) Weak Processing 0.495ms
[1078.384s][debug][gc,age         ] GC(25) Desired survivor size 207093760 bytes, new threshold 1 (max threshold 15)
[1078.384s][info ][gc,heap        ] GC(25) PSYoungGen: 1658880K(1883648K)->4016K(1872384K) Eden: 1658880K(1658880K)->0K(1658880K) From: 0K(224768K)->4016K(213504K)
[1078.384s][info ][gc,heap        ] GC(25) ParOldGen: 253247K(265728K)->253255K(265728K)
[1078.384s][info ][gc,metaspace   ] GC(25) Metaspace: 101717K(103040K)->101717K(103040K) NonClass: 86245K(86976K)->86245K(86976K) Class: 15471K(16064K)->15471K(16064K)
[1078.384s][info ][gc             ] GC(25) Pause Young (Allocation Failure) 1867M->251M(2088M) 5.633ms
[1078.384s][info ][gc,cpu         ] GC(25) User=0.02s Sys=0.00s Real=0.01s
[1078.384s][info ][safepoint      ] Safepoint "ParallelGCFailedAllocation", Time since last: 4917530497 ns, Reaching safepoint: 86203 ns, Cleanup: 5200 ns, At safepoint: 5733035 ns, Total: 5824438 ns
[1080.384s][info ][safepoint      ] Safepoint "Cleanup", Time since last: 2000176857 ns, Reaching safepoint: 9500 ns, Cleanup: 17301 ns, At safepoint: 3200 ns, Total: 30001 ns
[1082.475s][info ][safepoint      ] Safepoint "Cleanup", Time since last: 2090345826 ns, Reaching safepoint: 12800 ns, Cleanup: 28501 ns, At safepoint: 3100 ns, Total: 44401 ns
[1088.475s][info ][safepoint      ] Safepoint "Cleanup", Time since last: 6000600749 ns, Reaching safepoint: 9401 ns, Cleanup: 18300 ns, At safepoint: 2801 ns, Total: 30502 ns
[1089.475s][info ][safepoint      ] Safepoint "Cleanup", Time since last: 1000139896 ns, Reaching safepoint: 10401 ns, Cleanup: 20901 ns, At safepoint: 2900 ns, Total: 34202 ns
[1094.476s][info ][safepoint      ] Safepoint "Cleanup", Time since last: 5000463274 ns, Reaching safepoint: 13101 ns, Cleanup: 12300 ns, At safepoint: 3201 ns, Total: 28602 ns
[1100.479s][info ][safepoint      ] Safepoint "Cleanup", Time since last: 6003004716 ns, Reaching safepoint: 90103 ns, Cleanup: 13200 ns, At safepoint: 8600 ns, Total: 111903 ns
[1101.479s][info ][safepoint      ] Safepoint "Cleanup", Time since last: 1000121375 ns, Reaching safepoint: 81603 ns, Cleanup: 11401 ns, At safepoint: 7000 ns, Total: 100004 ns
[1102.479s][info ][safepoint      ] Safepoint "Cleanup", Time since last: 1000133120 ns, Reaching safepoint: 84503 ns, Cleanup: 14201 ns, At safepoint: 7200 ns, Total: 105904 ns
[1103.480s][info ][safepoint      ] Safepoint "Cleanup", Time since last: 1000120419 ns, Reaching safepoint: 84203 ns, Cleanup: 13501 ns, At safepoint: 7400 ns, Total: 105104 ns
[1104.480s][info ][safepoint      ] Safepoint "Cleanup", Time since last: 1000147102 ns, Reaching safepoint: 89803 ns, Cleanup: 14501 ns, At safepoint: 8600 ns, Total: 112904 ns
[1105.480s][info ][safepoint      ] Safepoint "Cleanup", Time since last: 1000140527 ns, Reaching safepoint: 85103 ns, Cleanup: 13000 ns, At safepoint: 7801 ns, Total: 105904 ns
[1108.481s][info ][safepoint      ] Safepoint "Cleanup", Time since last: 3000311874 ns, Reaching safepoint: 87004 ns, Cleanup: 13100 ns, At safepoint: 38802 ns, Total: 138906 ns
[1109.481s][info ][safepoint      ] Safepoint "Cleanup", Time since last: 1000133226 ns, Reaching safepoint: 84003 ns, Cleanup: 14301 ns, At safepoint: 7000 ns, Total: 105304 ns
[1117.482s][info ][safepoint      ] Safepoint "Cleanup", Time since last: 8000710162 ns, Reaching safepoint: 95803 ns, Cleanup: 14001 ns, At safepoint: 8700 ns, Total: 118504 ns
[1120.482s][info ][safepoint      ] Safepoint "Cleanup", Time since last: 3000297370 ns, Reaching safepoint: 107903 ns, Cleanup: 17201 ns, At safepoint: 8500 ns, Total: 133604 ns
[1124.483s][info ][safepoint      ] Safepoint "Cleanup", Time since last: 4000374516 ns, Reaching safepoint: 7900 ns, Cleanup: 15301 ns, At safepoint: 37201 ns, Total: 60402 ns
[1139.484s][info ][safepoint      ] Safepoint "Cleanup", Time since last: 15001313996 ns, Reaching safepoint: 87003 ns, Cleanup: 8600 ns, At safepoint: 9301 ns, Total: 104904 ns
[1142.495s][info ][safepoint      ] Safepoint "Cleanup", Time since last: 3010970162 ns, Reaching safepoint: 7300 ns, Cleanup: 12000 ns, At safepoint: 2400 ns, Total: 21700 ns
[1143.495s][info ][safepoint      ] Safepoint "Cleanup", Time since last: 1000159842 ns, Reaching safepoint: 9100 ns, Cleanup: 16700 ns, At safepoint: 2601 ns, Total: 28401 ns
[1144.495s][info ][safepoint      ] Safepoint "Cleanup", Time since last: 1000126902 ns, Reaching safepoint: 9100 ns, Cleanup: 21401 ns, At safepoint: 2700 ns, Total: 33201 ns
[1147.496s][info ][safepoint      ] Safepoint "Cleanup", Time since last: 3000385920 ns, Reaching safepoint: 9400 ns, Cleanup: 16601 ns, At safepoint: 2700 ns, Total: 28701 ns
[1148.496s][info ][safepoint      ] Safepoint "Cleanup", Time since last: 1000130240 ns, Reaching safepoint: 8200 ns, Cleanup: 18601 ns, At safepoint: 2200 ns, Total: 29001 ns
[1150.496s][info ][safepoint      ] Safepoint "Cleanup", Time since last: 2000222279 ns, Reaching safepoint: 7000 ns, Cleanup: 15101 ns, At safepoint: 2900 ns, Total: 25001 ns
[1152.496s][info ][safepoint      ] Safepoint "Cleanup", Time since last: 2000197410 ns, Reaching safepoint: 8200 ns, Cleanup: 13400 ns, At safepoint: 3101 ns, Total: 24701 ns
[1154.497s][info ][safepoint      ] Safepoint "Cleanup", Time since last: 2000206483 ns, Reaching safepoint: 8800 ns, Cleanup: 12201 ns, At safepoint: 29701 ns, Total: 50702 ns
[1156.329s][info ][gc,start       ] GC(26) Pause Young (Allocation Failure)
[1156.334s][debug][gc,phases      ] GC(26) Scavenge 4.713ms
[1156.334s][debug][gc,ref         ] GC(26) ReferenceProcessor::execute queues: 1, RefProcThreadModel::Single, marks_oops_alive: false
[1156.334s][debug][gc,ref         ] GC(26) Skipped KeepAliveFinalRefsPhase of Reference Processing: no references
[1156.334s][debug][gc,ref         ] GC(26) ReferenceProcessor::execute queues: 1, RefProcThreadModel::Single, marks_oops_alive: false
[1156.334s][debug][gc,phases      ] GC(26) Reference Processing 0.130ms
[1156.334s][debug][gc,phases      ] GC(26)   VM Weak                        Min:  0.0, Avg:  0.0, Max:  0.0, Diff:  0.0, Sum:  0.0, Workers: 4
[1156.334s][debug][gc,phases      ] GC(26)     Dead                           Min: 0, Avg:  0.0, Max: 0, Diff: 0, Sum: 0, Workers: 4
[1156.334s][debug][gc,phases      ] GC(26)     Total                          Min: 0, Avg: 248.0, Max: 768, Diff: 768, Sum: 992, Workers: 4
[1156.334s][debug][gc,phases      ] GC(26)   ObjectSynchronizer Weak        Min:  0.0, Avg:  0.0, Max:  0.0, Diff:  0.0, Sum:  0.0, Workers: 4
[1156.334s][debug][gc,phases      ] GC(26)     Dead                           Min: 0, Avg:  0.0, Max: 0, Diff: 0, Sum: 0, Workers: 4
[1156.334s][debug][gc,phases      ] GC(26)     Total                          Min: 0, Avg:  1.0, Max: 4, Diff: 4, Sum: 4, Workers: 4
[1156.334s][debug][gc,phases      ] GC(26)   JVMTI Tag Weak OopStorage      Min:  0.0, Avg:  0.0, Max:  0.0, Diff:  0.0, Sum:  0.0, Workers: 4
[1156.334s][debug][gc,phases      ] GC(26)     Dead                           Min: 0, Avg:  0.0, Max: 0, Diff: 0, Sum: 0, Workers: 4
[1156.334s][debug][gc,phases      ] GC(26)     Total                          Min: 0, Avg:  0.0, Max: 0, Diff: 0, Sum: 0, Workers: 4
[1156.334s][debug][gc,phases      ] GC(26)   StringTable Weak               Min:  0.0, Avg:  0.1, Max:  0.2, Diff:  0.2, Sum:  0.5, Workers: 4
[1156.334s][debug][gc,phases      ] GC(26)     Dead                           Min: 0, Avg:  0.0, Max: 0, Diff: 0, Sum: 0, Workers: 4
[1156.334s][debug][gc,phases      ] GC(26)     Total                          Min: 0, Avg: 11136.0, Max: 15040, Diff: 15040, Sum: 44544, Workers: 4
[1156.334s][debug][gc,phases      ] GC(26)   ResolvedMethodTable Weak       Min:  0.0, Avg:  0.0, Max:  0.1, Diff:  0.1, Sum:  0.2, Workers: 4
[1156.334s][debug][gc,phases      ] GC(26)     Dead                           Min: 0, Avg:  4.0, Max: 16, Diff: 16, Sum: 16, Workers: 4
[1156.334s][debug][gc,phases      ] GC(26)     Total                          Min: 0, Avg: 3878.0, Max: 5490, Diff: 5490, Sum: 15512, Workers: 4
[1156.334s][debug][gc,phases      ] GC(26)   JNI Weak                       Min:  0.0, Avg:  0.0, Max:  0.0, Diff:  0.0, Sum:  0.0, Workers: 4
[1156.334s][debug][gc,phases      ] GC(26)     Dead                           Min: 0, Avg:  0.0, Max: 0, Diff: 0, Sum: 0, Workers: 4
[1156.334s][debug][gc,phases      ] GC(26)     Total                          Min: 0, Avg: 12.0, Max: 48, Diff: 48, Sum: 48, Workers: 4
[1156.334s][debug][gc,phases      ] GC(26)   StringDedup Table Weak         Min:  0.0, Avg:  0.0, Max:  0.0, Diff:  0.0, Sum:  0.0, Workers: 4
[1156.334s][debug][gc,phases      ] GC(26)     Dead                           Min: 0, Avg:  0.0, Max: 0, Diff: 0, Sum: 0, Workers: 4
[1156.334s][debug][gc,phases      ] GC(26)     Total                          Min: 0, Avg:  0.0, Max: 0, Diff: 0, Sum: 0, Workers: 4
[1156.334s][debug][gc,phases      ] GC(26)   StringDedup Requests0 Weak     Min:  0.0, Avg:  0.0, Max:  0.0, Diff:  0.0, Sum:  0.0, Workers: 4
[1156.334s][debug][gc,phases      ] GC(26)     Dead                           Min: 0, Avg:  0.0, Max: 0, Diff: 0, Sum: 0, Workers: 4
[1156.334s][debug][gc,phases      ] GC(26)     Total                          Min: 0, Avg:  0.0, Max: 0, Diff: 0, Sum: 0, Workers: 4
[1156.334s][debug][gc,phases      ] GC(26)   StringDedup Requests1 Weak     Min:  0.0, Avg:  0.0, Max:  0.0, Diff:  0.0, Sum:  0.0, Workers: 4
[1156.334s][debug][gc,phases      ] GC(26)     Dead                           Min: 0, Avg:  0.0, Max: 0, Diff: 0, Sum: 0, Workers: 4
[1156.334s][debug][gc,phases      ] GC(26)     Total                          Min: 0, Avg:  0.0, Max: 0, Diff: 0, Sum: 0, Workers: 4
[1156.334s][debug][gc,phases      ] GC(26)   Weak JFR Old Object Samples    Min:  0.0, Avg:  0.0, Max:  0.0, Diff:  0.0, Sum:  0.0, Workers: 4
[1156.334s][debug][gc,phases      ] GC(26)     Dead                           Min: 0, Avg:  0.0, Max: 0, Diff: 0, Sum: 0, Workers: 4
[1156.334s][debug][gc,phases      ] GC(26)     Total                          Min: 0, Avg:  0.0, Max: 0, Diff: 0, Sum: 0, Workers: 4
[1156.334s][debug][gc,phases      ] GC(26) Weak Processing 0.475ms
[1156.334s][debug][gc,age         ] GC(26) Desired survivor size 196083712 bytes, new threshold 1 (max threshold 15)
[1156.334s][info ][gc,heap        ] GC(26) PSYoungGen: 1662896K(1872384K)->3280K(1905664K) Eden: 1658880K(1658880K)->0K(1703424K) From: 4016K(213504K)->3280K(202240K)
[1156.334s][info ][gc,heap        ] GC(26) ParOldGen: 253255K(265728K)->254619K(265728K)
[1156.334s][info ][gc,metaspace   ] GC(26) Metaspace: 101747K(103040K)->101747K(103040K) NonClass: 86276K(86976K)->86276K(86976K) Class: 15471K(16064K)->15471K(16064K)
[1156.334s][info ][gc             ] GC(26) Pause Young (Allocation Failure) 1871M->251M(2120M) 5.469ms
[1156.334s][info ][gc,cpu         ] GC(26) User=0.02s Sys=0.00s Real=0.00s
[1156.334s][info ][safepoint      ] Safepoint "ParallelGCFailedAllocation", Time since last: 1831961329 ns, Reaching safepoint: 87003 ns, Cleanup: 12801 ns, At safepoint: 5563697 ns, Total: 5663501 ns
[1161.335s][info ][safepoint      ] Safepoint "Cleanup", Time since last: 5000373555 ns, Reaching safepoint: 8500 ns, Cleanup: 16401 ns, At safepoint: 2900 ns, Total: 27801 ns
[1166.335s][info ][safepoint      ] Safepoint "Cleanup", Time since last: 5000426530 ns, Reaching safepoint: 8300 ns, Cleanup: 12501 ns, At safepoint: 2900 ns, Total: 23701 ns
[1171.336s][info ][safepoint      ] Safepoint "Cleanup", Time since last: 5000450763 ns, Reaching safepoint: 8100 ns, Cleanup: 14000 ns, At safepoint: 2400 ns, Total: 24500 ns
[1172.336s][info ][safepoint      ] Safepoint "Cleanup", Time since last: 1000129476 ns, Reaching safepoint: 7301 ns, Cleanup: 10900 ns, At safepoint: 2300 ns, Total: 20501 ns
[1173.336s][info ][safepoint      ] Safepoint "Cleanup", Time since last: 1000140176 ns, Reaching safepoint: 7801 ns, Cleanup: 15300 ns, At safepoint: 3200 ns, Total: 26301 ns
[1174.336s][info ][safepoint      ] Safepoint "Cleanup", Time since last: 1000136477 ns, Reaching safepoint: 8000 ns, Cleanup: 14400 ns, At safepoint: 3000 ns, Total: 25400 ns
[1176.336s][info ][safepoint      ] Safepoint "Cleanup", Time since last: 2000198850 ns, Reaching safepoint: 7900 ns, Cleanup: 14401 ns, At safepoint: 2600 ns, Total: 24901 ns
[1177.336s][info ][safepoint      ] Safepoint "Cleanup", Time since last: 1000146713 ns, Reaching safepoint: 7600 ns, Cleanup: 11100 ns, At safepoint: 2700 ns, Total: 21400 ns
[1178.337s][info ][safepoint      ] Safepoint "Cleanup", Time since last: 1000147872 ns, Reaching safepoint: 8301 ns, Cleanup: 16200 ns, At safepoint: 2700 ns, Total: 27201 ns
[1179.337s][info ][safepoint      ] Safepoint "Cleanup", Time since last: 1000144972 ns, Reaching safepoint: 7600 ns, Cleanup: 13701 ns, At safepoint: 2900 ns, Total: 24201 ns
[1188.338s][info ][safepoint      ] Safepoint "Cleanup", Time since last: 9000751551 ns, Reaching safepoint: 7800 ns, Cleanup: 11601 ns, At safepoint: 3300 ns, Total: 22701 ns
[1197.338s][info ][safepoint      ] Safepoint "Cleanup", Time since last: 9000821931 ns, Reaching safepoint: 9300 ns, Cleanup: 32601 ns, At safepoint: 3300 ns, Total: 45201 ns
[1199.339s][info ][safepoint      ] Safepoint "Cleanup", Time since last: 2000206926 ns, Reaching safepoint: 8800 ns, Cleanup: 32201 ns, At safepoint: 3100 ns, Total: 44101 ns
[1206.518s][info ][safepoint      ] Safepoint "Cleanup", Time since last: 7179316849 ns, Reaching safepoint: 8300 ns, Cleanup: 12801 ns, At safepoint: 2700 ns, Total: 23801 ns
[1208.518s][info ][safepoint      ] Safepoint "Cleanup", Time since last: 2000231282 ns, Reaching safepoint: 10900 ns, Cleanup: 17101 ns, At safepoint: 2600 ns, Total: 30601 ns
[1209.518s][info ][safepoint      ] Safepoint "Cleanup", Time since last: 1000141300 ns, Reaching safepoint: 8301 ns, Cleanup: 12100 ns, At safepoint: 2600 ns, Total: 23001 ns
[1210.519s][info ][safepoint      ] Safepoint "Cleanup", Time since last: 1000140300 ns, Reaching safepoint: 9801 ns, Cleanup: 12100 ns, At safepoint: 3400 ns, Total: 25301 ns
[1212.519s][info ][safepoint      ] Safepoint "Cleanup", Time since last: 2000210698 ns, Reaching safepoint: 12501 ns, Cleanup: 18200 ns, At safepoint: 3400 ns, Total: 34101 ns
[1213.519s][info ][safepoint      ] Safepoint "Cleanup", Time since last: 1000144401 ns, Reaching safepoint: 11100 ns, Cleanup: 11700 ns, At safepoint: 3001 ns, Total: 25801 ns
[1214.519s][info ][safepoint      ] Safepoint "Cleanup", Time since last: 1000135700 ns, Reaching safepoint: 11400 ns, Cleanup: 33901 ns, At safepoint: 2900 ns, Total: 48201 ns
[1217.520s][info ][safepoint      ] Safepoint "Cleanup", Time since last: 3000329278 ns, Reaching safepoint: 11900 ns, Cleanup: 23201 ns, At safepoint: 3200 ns, Total: 38301 ns
[1218.520s][info ][safepoint      ] Safepoint "Cleanup", Time since last: 1000124890 ns, Reaching safepoint: 7400 ns, Cleanup: 13601 ns, At safepoint: 2900 ns, Total: 23901 ns
[1220.520s][info ][safepoint      ] Safepoint "Cleanup", Time since last: 2000209878 ns, Reaching safepoint: 10800 ns, Cleanup: 25901 ns, At safepoint: 3400 ns, Total: 40101 ns
[1224.520s][info ][safepoint      ] Safepoint "Cleanup", Time since last: 4000395386 ns, Reaching safepoint: 11800 ns, Cleanup: 20501 ns, At safepoint: 3500 ns, Total: 35801 ns
[1225.521s][info ][safepoint      ] Safepoint "Cleanup", Time since last: 1000132767 ns, Reaching safepoint: 10901 ns, Cleanup: 15300 ns, At safepoint: 2900 ns, Total: 29101 ns
[1231.078s][info ][gc,start       ] GC(27) Pause Young (Allocation Failure)
[1231.082s][debug][gc,phases      ] GC(27) Scavenge 4.727ms
[1231.083s][debug][gc,ref         ] GC(27) ReferenceProcessor::execute queues: 1, RefProcThreadModel::Single, marks_oops_alive: false
[1231.083s][debug][gc,ref         ] GC(27) Skipped KeepAliveFinalRefsPhase of Reference Processing: no references
[1231.083s][debug][gc,ref         ] GC(27) ReferenceProcessor::execute queues: 1, RefProcThreadModel::Single, marks_oops_alive: false
[1231.083s][debug][gc,phases      ] GC(27) Reference Processing 0.142ms
[1231.083s][debug][gc,phases      ] GC(27)   VM Weak                        Min:  0.0, Avg:  0.0, Max:  0.0, Diff:  0.0, Sum:  0.0, Workers: 4
[1231.083s][debug][gc,phases      ] GC(27)     Dead                           Min: 0, Avg:  0.0, Max: 0, Diff: 0, Sum: 0, Workers: 4
[1231.083s][debug][gc,phases      ] GC(27)     Total                          Min: 0, Avg: 248.0, Max: 800, Diff: 800, Sum: 992, Workers: 4
[1231.083s][debug][gc,phases      ] GC(27)   ObjectSynchronizer Weak        Min:  0.0, Avg:  0.0, Max:  0.0, Diff:  0.0, Sum:  0.0, Workers: 4
[1231.083s][debug][gc,phases      ] GC(27)     Dead                           Min: 0, Avg:  0.0, Max: 0, Diff: 0, Sum: 0, Workers: 4
[1231.083s][debug][gc,phases      ] GC(27)     Total                          Min: 0, Avg:  1.0, Max: 4, Diff: 4, Sum: 4, Workers: 4
[1231.083s][debug][gc,phases      ] GC(27)   JVMTI Tag Weak OopStorage      Min:  0.0, Avg:  0.0, Max:  0.0, Diff:  0.0, Sum:  0.0, Workers: 4
[1231.083s][debug][gc,phases      ] GC(27)     Dead                           Min: 0, Avg:  0.0, Max: 0, Diff: 0, Sum: 0, Workers: 4
[1231.083s][debug][gc,phases      ] GC(27)     Total                          Min: 0, Avg:  0.0, Max: 0, Diff: 0, Sum: 0, Workers: 4
[1231.083s][debug][gc,phases      ] GC(27)   StringTable Weak               Min:  0.0, Avg:  0.1, Max:  0.2, Diff:  0.2, Sum:  0.5, Workers: 4
[1231.083s][debug][gc,phases      ] GC(27)     Dead                           Min: 0, Avg:  0.0, Max: 0, Diff: 0, Sum: 0, Workers: 4
[1231.083s][debug][gc,phases      ] GC(27)     Total                          Min: 0, Avg: 11136.2, Max: 15809, Diff: 15809, Sum: 44545, Workers: 4
[1231.083s][debug][gc,phases      ] GC(27)   ResolvedMethodTable Weak       Min:  0.0, Avg:  0.0, Max:  0.1, Diff:  0.1, Sum:  0.2, Workers: 4
[1231.083s][debug][gc,phases      ] GC(27)     Dead                           Min: 0, Avg:  4.0, Max: 16, Diff: 16, Sum: 16, Workers: 4
[1231.083s][debug][gc,phases      ] GC(27)     Total                          Min: 0, Avg: 3878.5, Max: 5695, Diff: 5695, Sum: 15514, Workers: 4
[1231.083s][debug][gc,phases      ] GC(27)   JNI Weak                       Min:  0.0, Avg:  0.0, Max:  0.0, Diff:  0.0, Sum:  0.0, Workers: 4
[1231.083s][debug][gc,phases      ] GC(27)     Dead                           Min: 0, Avg:  0.0, Max: 0, Diff: 0, Sum: 0, Workers: 4
[1231.083s][debug][gc,phases      ] GC(27)     Total                          Min: 0, Avg: 12.0, Max: 48, Diff: 48, Sum: 48, Workers: 4
[1231.083s][debug][gc,phases      ] GC(27)   StringDedup Table Weak         Min:  0.0, Avg:  0.0, Max:  0.0, Diff:  0.0, Sum:  0.0, Workers: 4
[1231.083s][debug][gc,phases      ] GC(27)     Dead                           Min: 0, Avg:  0.0, Max: 0, Diff: 0, Sum: 0, Workers: 4
[1231.083s][debug][gc,phases      ] GC(27)     Total                          Min: 0, Avg:  0.0, Max: 0, Diff: 0, Sum: 0, Workers: 4
[1231.083s][debug][gc,phases      ] GC(27)   StringDedup Requests0 Weak     Min:  0.0, Avg:  0.0, Max:  0.0, Diff:  0.0, Sum:  0.0, Workers: 4
[1231.083s][debug][gc,phases      ] GC(27)     Dead                           Min: 0, Avg:  0.0, Max: 0, Diff: 0, Sum: 0, Workers: 4
[1231.083s][debug][gc,phases      ] GC(27)     Total                          Min: 0, Avg:  0.0, Max: 0, Diff: 0, Sum: 0, Workers: 4
[1231.083s][debug][gc,phases      ] GC(27)   StringDedup Requests1 Weak     Min:  0.0, Avg:  0.0, Max:  0.0, Diff:  0.0, Sum:  0.0, Workers: 4
[1231.083s][debug][gc,phases      ] GC(27)     Dead                           Min: 0, Avg:  0.0, Max: 0, Diff: 0, Sum: 0, Workers: 4
[1231.083s][debug][gc,phases      ] GC(27)     Total                          Min: 0, Avg:  0.0, Max: 0, Diff: 0, Sum: 0, Workers: 4
[1231.083s][debug][gc,phases      ] GC(27)   Weak JFR Old Object Samples    Min:  0.0, Avg:  0.0, Max:  0.0, Diff:  0.0, Sum:  0.0, Workers: 4
[1231.083s][debug][gc,phases      ] GC(27)     Dead                           Min: 0, Avg:  0.0, Max: 0, Diff: 0, Sum: 0, Workers: 4
[1231.083s][debug][gc,phases      ] GC(27)     Total                          Min: 0, Avg:  0.0, Max: 0, Diff: 0, Sum: 0, Workers: 4
[1231.083s][debug][gc,phases      ] GC(27) Weak Processing 0.462ms
[1231.083s][debug][gc,age         ] GC(27) Desired survivor size 184549376 bytes, new threshold 1 (max threshold 15)
[1231.083s][info ][gc,heap        ] GC(27) PSYoungGen: 1706704K(1905664K)->6000K(1894912K) Eden: 1703424K(1703424K)->0K(1703424K) From: 3280K(202240K)->6000K(191488K)
[1231.083s][info ][gc,heap        ] GC(27) ParOldGen: 254619K(265728K)->255064K(265728K)
[1231.083s][info ][gc,metaspace   ] GC(27) Metaspace: 101816K(103104K)->101816K(103104K) NonClass: 86344K(87040K)->86344K(87040K) Class: 15472K(16064K)->15472K(16064K)
[1231.083s][info ][gc             ] GC(27) Pause Young (Allocation Failure) 1915M->254M(2110M) 5.504ms
[1231.083s][info ][gc,cpu         ] GC(27) User=0.01s Sys=0.00s Real=0.01s
[1231.083s][info ][safepoint      ] Safepoint "ParallelGCFailedAllocation", Time since last: 5556941184 ns, Reaching safepoint: 9201 ns, Cleanup: 5800 ns, At safepoint: 5596285 ns, Total: 5611286 ns
[1233.083s][info ][safepoint      ] Safepoint "Cleanup", Time since last: 2000177546 ns, Reaching safepoint: 9200 ns, Cleanup: 12700 ns, At safepoint: 2600 ns, Total: 24500 ns
[1234.084s][info ][safepoint      ] Safepoint "Cleanup", Time since last: 1000133644 ns, Reaching safepoint: 7900 ns, Cleanup: 12200 ns, At safepoint: 2700 ns, Total: 22800 ns
[1235.084s][info ][safepoint      ] Safepoint "Cleanup", Time since last: 1000142644 ns, Reaching safepoint: 8600 ns, Cleanup: 16301 ns, At safepoint: 3000 ns, Total: 27901 ns
[1244.084s][info ][safepoint      ] Safepoint "Cleanup", Time since last: 9000763180 ns, Reaching safepoint: 9301 ns, Cleanup: 13000 ns, At safepoint: 2800 ns, Total: 25101 ns
[1254.085s][info ][safepoint      ] Safepoint "Cleanup", Time since last: 10000886335 ns, Reaching safepoint: 10100 ns, Cleanup: 18000 ns, At safepoint: 2601 ns, Total: 30701 ns
[1257.086s][info ][safepoint      ] Safepoint "Cleanup", Time since last: 3000303255 ns, Reaching safepoint: 10100 ns, Cleanup: 20801 ns, At safepoint: 3300 ns, Total: 34201 ns
[1258.086s][info ][safepoint      ] Safepoint "Cleanup", Time since last: 1000135011 ns, Reaching safepoint: 8600 ns, Cleanup: 13000 ns, At safepoint: 3000 ns, Total: 24600 ns
[1260.538s][info ][safepoint      ] Safepoint "Cleanup", Time since last: 2451744352 ns, Reaching safepoint: 4101 ns, Cleanup: 37901 ns, At safepoint: 4100 ns, Total: 46102 ns
[1262.538s][info ][safepoint      ] Safepoint "Cleanup", Time since last: 2000229824 ns, Reaching safepoint: 8700 ns, Cleanup: 12200 ns, At safepoint: 2600 ns, Total: 23500 ns
[1273.539s][info ][safepoint      ] Safepoint "Cleanup", Time since last: 11000877012 ns, Reaching safepoint: 10700 ns, Cleanup: 15701 ns, At safepoint: 3600 ns, Total: 30001 ns
[1274.539s][info ][safepoint      ] Safepoint "Cleanup", Time since last: 1000143757 ns, Reaching safepoint: 11000 ns, Cleanup: 14500 ns, At safepoint: 2500 ns, Total: 28000 ns
[1276.539s][info ][safepoint      ] Safepoint "Cleanup", Time since last: 2000209711 ns, Reaching safepoint: 9900 ns, Cleanup: 15401 ns, At safepoint: 2800 ns, Total: 28101 ns
[1277.539s][info ][safepoint      ] Safepoint "Cleanup", Time since last: 1000134456 ns, Reaching safepoint: 10701 ns, Cleanup: 15100 ns, At safepoint: 31901 ns, Total: 57702 ns
[1281.540s][info ][safepoint      ] Safepoint "Cleanup", Time since last: 4000356812 ns, Reaching safepoint: 8101 ns, Cleanup: 15200 ns, At safepoint: 2800 ns, Total: 26101 ns
[1285.540s][info ][safepoint      ] Safepoint "Cleanup", Time since last: 4000371499 ns, Reaching safepoint: 6900 ns, Cleanup: 8800 ns, At safepoint: 2400 ns, Total: 18100 ns
[1292.541s][info ][safepoint      ] Safepoint "Cleanup", Time since last: 7000545902 ns, Reaching safepoint: 9400 ns, Cleanup: 19101 ns, At safepoint: 2700 ns, Total: 31201 ns
[1294.541s][info ][safepoint      ] Safepoint "Cleanup", Time since last: 2000217178 ns, Reaching safepoint: 11001 ns, Cleanup: 15800 ns, At safepoint: 2600 ns, Total: 29401 ns
[1296.541s][info ][safepoint      ] Safepoint "Cleanup", Time since last: 2000207579 ns, Reaching safepoint: 8000 ns, Cleanup: 14400 ns, At safepoint: 2800 ns, Total: 25200 ns
[1297.541s][info ][safepoint      ] Safepoint "Cleanup", Time since last: 1000136967 ns, Reaching safepoint: 8300 ns, Cleanup: 12201 ns, At safepoint: 2800 ns, Total: 23301 ns
[1306.542s][info ][safepoint      ] Safepoint "Cleanup", Time since last: 9000765423 ns, Reaching safepoint: 9800 ns, Cleanup: 20500 ns, At safepoint: 3101 ns, Total: 33401 ns
[1312.543s][info ][safepoint      ] Safepoint "Cleanup", Time since last: 6000547577 ns, Reaching safepoint: 13300 ns, Cleanup: 23301 ns, At safepoint: 3800 ns, Total: 40401 ns
[1314.921s][info ][gc,start       ] GC(28) Pause Young (Allocation Failure)
[1314.928s][debug][gc,phases      ] GC(28) Scavenge 6.858ms
[1314.928s][debug][gc,ref         ] GC(28) ReferenceProcessor::execute queues: 1, RefProcThreadModel::Single, marks_oops_alive: false
[1314.928s][debug][gc,ref         ] GC(28) Skipped KeepAliveFinalRefsPhase of Reference Processing: no references
[1314.928s][debug][gc,ref         ] GC(28) ReferenceProcessor::execute queues: 1, RefProcThreadModel::Single, marks_oops_alive: false
[1314.928s][debug][gc,phases      ] GC(28) Reference Processing 0.141ms
[1314.929s][debug][gc,phases      ] GC(28)   VM Weak                        Min:  0.0, Avg:  0.0, Max:  0.0, Diff:  0.0, Sum:  0.0, Workers: 4
[1314.929s][debug][gc,phases      ] GC(28)     Dead                           Min: 0, Avg:  0.0, Max: 0, Diff: 0, Sum: 0, Workers: 4
[1314.929s][debug][gc,phases      ] GC(28)     Total                          Min: 0, Avg: 248.0, Max: 832, Diff: 832, Sum: 992, Workers: 4
[1314.929s][debug][gc,phases      ] GC(28)   ObjectSynchronizer Weak        Min:  0.0, Avg:  0.0, Max:  0.0, Diff:  0.0, Sum:  0.0, Workers: 4
[1314.929s][debug][gc,phases      ] GC(28)     Dead                           Min: 0, Avg:  0.0, Max: 0, Diff: 0, Sum: 0, Workers: 4
[1314.929s][debug][gc,phases      ] GC(28)     Total                          Min: 0, Avg:  1.0, Max: 4, Diff: 4, Sum: 4, Workers: 4
[1314.929s][debug][gc,phases      ] GC(28)   JVMTI Tag Weak OopStorage      Min:  0.0, Avg:  0.0, Max:  0.0, Diff:  0.0, Sum:  0.0, Workers: 4
[1314.929s][debug][gc,phases      ] GC(28)     Dead                           Min: 0, Avg:  0.0, Max: 0, Diff: 0, Sum: 0, Workers: 4
[1314.929s][debug][gc,phases      ] GC(28)     Total                          Min: 0, Avg:  0.0, Max: 0, Diff: 0, Sum: 0, Workers: 4
[1314.929s][debug][gc,phases      ] GC(28)   StringTable Weak               Min:  0.0, Avg:  0.1, Max:  0.2, Diff:  0.2, Sum:  0.5, Workers: 4
[1314.929s][debug][gc,phases      ] GC(28)     Dead                           Min: 0, Avg:  0.0, Max: 0, Diff: 0, Sum: 0, Workers: 4
[1314.929s][debug][gc,phases      ] GC(28)     Total                          Min: 0, Avg: 11136.5, Max: 23296, Diff: 23296, Sum: 44546, Workers: 4
[1314.929s][debug][gc,phases      ] GC(28)   ResolvedMethodTable Weak       Min:  0.0, Avg:  0.1, Max:  0.1, Diff:  0.1, Sum:  0.2, Workers: 4
[1314.929s][debug][gc,phases      ] GC(28)     Dead                           Min: 0, Avg:  4.0, Max: 16, Diff: 16, Sum: 16, Workers: 4
[1314.929s][debug][gc,phases      ] GC(28)     Total                          Min: 0, Avg: 3878.5, Max: 9023, Diff: 9023, Sum: 15514, Workers: 4
[1314.929s][debug][gc,phases      ] GC(28)   JNI Weak                       Min:  0.0, Avg:  0.0, Max:  0.0, Diff:  0.0, Sum:  0.0, Workers: 4
[1314.929s][debug][gc,phases      ] GC(28)     Dead                           Min: 0, Avg:  0.0, Max: 0, Diff: 0, Sum: 0, Workers: 4
[1314.929s][debug][gc,phases      ] GC(28)     Total                          Min: 0, Avg: 12.0, Max: 48, Diff: 48, Sum: 48, Workers: 4
[1314.929s][debug][gc,phases      ] GC(28)   StringDedup Table Weak         Min:  0.0, Avg:  0.0, Max:  0.0, Diff:  0.0, Sum:  0.0, Workers: 4
[1314.929s][debug][gc,phases      ] GC(28)     Dead                           Min: 0, Avg:  0.0, Max: 0, Diff: 0, Sum: 0, Workers: 4
[1314.929s][debug][gc,phases      ] GC(28)     Total                          Min: 0, Avg:  0.0, Max: 0, Diff: 0, Sum: 0, Workers: 4
[1314.929s][debug][gc,phases      ] GC(28)   StringDedup Requests0 Weak     Min:  0.0, Avg:  0.0, Max:  0.0, Diff:  0.0, Sum:  0.0, Workers: 4
[1314.929s][debug][gc,phases      ] GC(28)     Dead                           Min: 0, Avg:  0.0, Max: 0, Diff: 0, Sum: 0, Workers: 4
[1314.929s][debug][gc,phases      ] GC(28)     Total                          Min: 0, Avg:  0.0, Max: 0, Diff: 0, Sum: 0, Workers: 4
[1314.929s][debug][gc,phases      ] GC(28)   StringDedup Requests1 Weak     Min:  0.0, Avg:  0.0, Max:  0.0, Diff:  0.0, Sum:  0.0, Workers: 4
[1314.929s][debug][gc,phases      ] GC(28)     Dead                           Min: 0, Avg:  0.0, Max: 0, Diff: 0, Sum: 0, Workers: 4
[1314.929s][debug][gc,phases      ] GC(28)     Total                          Min: 0, Avg:  0.0, Max: 0, Diff: 0, Sum: 0, Workers: 4
[1314.929s][debug][gc,phases      ] GC(28)   Weak JFR Old Object Samples    Min:  0.0, Avg:  0.0, Max:  0.0, Diff:  0.0, Sum:  0.0, Workers: 4
[1314.929s][debug][gc,phases      ] GC(28)     Dead                           Min: 0, Avg:  0.0, Max: 0, Diff: 0, Sum: 0, Workers: 4
[1314.929s][debug][gc,phases      ] GC(28)     Total                          Min: 0, Avg:  0.0, Max: 0, Diff: 0, Sum: 0, Workers: 4
[1314.929s][debug][gc,phases      ] GC(28) Weak Processing 0.659ms
[1314.929s][debug][gc,age         ] GC(28) Desired survivor size 173539328 bytes, new threshold 1 (max threshold 15)
[1314.929s][info ][gc,heap        ] GC(28) PSYoungGen: 1709424K(1894912K)->3696K(1927680K) Eden: 1703424K(1703424K)->0K(1747456K) From: 6000K(191488K)->3696K(180224K)
[1314.929s][info ][gc,heap        ] GC(28) ParOldGen: 255064K(265728K)->258096K(265728K)
[1314.929s][info ][gc,metaspace   ] GC(28) Metaspace: 101857K(103168K)->101857K(103168K) NonClass: 86385K(87104K)->86385K(87104K) Class: 15472K(16064K)->15472K(16064K)
[1314.929s][info ][gc             ] GC(28) Pause Young (Allocation Failure) 1918M->255M(2142M) 7.851ms
[1314.929s][info ][gc,cpu         ] GC(28) User=0.02s Sys=0.00s Real=0.01s
[1314.929s][info ][safepoint      ] Safepoint "ParallelGCFailedAllocation", Time since last: 2378242395 ns, Reaching safepoint: 15000 ns, Cleanup: 7601 ns, At safepoint: 7962635 ns, Total: 7985236 ns
[1326.558s][info ][safepoint      ] Safepoint "Cleanup", Time since last: 11628842786 ns, Reaching safepoint: 11300 ns, Cleanup: 35101 ns, At safepoint: 2800 ns, Total: 49201 ns
[1329.558s][info ][safepoint      ] Safepoint "Cleanup", Time since last: 3000234553 ns, Reaching safepoint: 7800 ns, Cleanup: 16101 ns, At safepoint: 2800 ns, Total: 26701 ns
[1331.558s][info ][safepoint      ] Safepoint "Cleanup", Time since last: 2000220043 ns, Reaching safepoint: 10200 ns, Cleanup: 10300 ns, At safepoint: 7001 ns, Total: 27501 ns
[1336.559s][info ][safepoint      ] Safepoint "Cleanup", Time since last: 5000431008 ns, Reaching safepoint: 11900 ns, Cleanup: 16501 ns, At safepoint: 3700 ns, Total: 32101 ns
[1339.559s][info ][safepoint      ] Safepoint "Cleanup", Time since last: 3000307500 ns, Reaching safepoint: 11000 ns, Cleanup: 16401 ns, At safepoint: 2800 ns, Total: 30201 ns
[1342.560s][info ][safepoint      ] Safepoint "Cleanup", Time since last: 3000358537 ns, Reaching safepoint: 12800 ns, Cleanup: 17801 ns, At safepoint: 3200 ns, Total: 33801 ns
[1344.560s][info ][safepoint      ] Safepoint "Cleanup", Time since last: 2000258433 ns, Reaching safepoint: 13900 ns, Cleanup: 18001 ns, At safepoint: 2900 ns, Total: 34801 ns
[1345.560s][info ][safepoint      ] Safepoint "Cleanup", Time since last: 1000134338 ns, Reaching safepoint: 12600 ns, Cleanup: 19700 ns, At safepoint: 3101 ns, Total: 35401 ns
[1346.560s][info ][safepoint      ] Safepoint "Cleanup", Time since last: 1000135141 ns, Reaching safepoint: 8100 ns, Cleanup: 15101 ns, At safepoint: 2800 ns, Total: 26001 ns
[1347.561s][info ][safepoint      ] Safepoint "Cleanup", Time since last: 1000186242 ns, Reaching safepoint: 11801 ns, Cleanup: 16100 ns, At safepoint: 2900 ns, Total: 30801 ns
[1348.561s][info ][safepoint      ] Safepoint "Cleanup", Time since last: 1000166843 ns, Reaching safepoint: 11700 ns, Cleanup: 15100 ns, At safepoint: 2400 ns, Total: 29200 ns
[1350.561s][info ][safepoint      ] Safepoint "Cleanup", Time since last: 2000207181 ns, Reaching safepoint: 9000 ns, Cleanup: 12801 ns, At safepoint: 2600 ns, Total: 24401 ns
[1352.561s][info ][safepoint      ] Safepoint "Cleanup", Time since last: 2000235982 ns, Reaching safepoint: 12400 ns, Cleanup: 18400 ns, At safepoint: 3201 ns, Total: 34001 ns
[1354.561s][info ][safepoint      ] Safepoint "Cleanup", Time since last: 2000247848 ns, Reaching safepoint: 13600 ns, Cleanup: 16500 ns, At safepoint: 3301 ns, Total: 33401 ns
[1369.564s][info ][safepoint      ] Safepoint "Cleanup", Time since last: 15002264097 ns, Reaching safepoint: 12000 ns, Cleanup: 15200 ns, At safepoint: 3101 ns, Total: 30301 ns
[1370.564s][info ][safepoint      ] Safepoint "Cleanup", Time since last: 1000141993 ns, Reaching safepoint: 9600 ns, Cleanup: 17100 ns, At safepoint: 2701 ns, Total: 29401 ns
[1373.564s][info ][safepoint      ] Safepoint "Cleanup", Time since last: 3000321876 ns, Reaching safepoint: 6700 ns, Cleanup: 11900 ns, At safepoint: 2700 ns, Total: 21300 ns
[1374.564s][info ][safepoint      ] Safepoint "Cleanup", Time since last: 1000125393 ns, Reaching safepoint: 10100 ns, Cleanup: 15101 ns, At safepoint: 3000 ns, Total: 28201 ns
[1375.565s][info ][safepoint      ] Safepoint "Cleanup", Time since last: 1000129493 ns, Reaching safepoint: 12200 ns, Cleanup: 17300 ns, At safepoint: 3301 ns, Total: 32801 ns
[1376.565s][info ][safepoint      ] Safepoint "Cleanup", Time since last: 1000159793 ns, Reaching safepoint: 14901 ns, Cleanup: 18000 ns, At safepoint: 2900 ns, Total: 35801 ns
[1381.565s][info ][safepoint      ] Safepoint "Cleanup", Time since last: 5000496012 ns, Reaching safepoint: 11900 ns, Cleanup: 21201 ns, At safepoint: 2900 ns, Total: 36001 ns
[1388.566s][info ][safepoint      ] Safepoint "Cleanup", Time since last: 7000881740 ns, Reaching safepoint: 17001 ns, Cleanup: 36201 ns, At safepoint: 3200 ns, Total: 56402 ns
[1388.946s][info ][safepoint      ] Safepoint "ParallelGCFailedAllocation", Time since last: 380041071 ns, Reaching safepoint: 87803 ns, Cleanup: 32601 ns, At safepoint: 17101 ns, Total: 137505 ns
[1388.947s][info ][gc,start       ] GC(29) Pause Young (GCLocker Initiated GC)
[1388.953s][debug][gc,phases      ] GC(29) Scavenge 6.005ms
[1388.953s][debug][gc,ref         ] GC(29) ReferenceProcessor::execute queues: 1, RefProcThreadModel::Single, marks_oops_alive: false
[1388.953s][debug][gc,ref         ] GC(29) Skipped KeepAliveFinalRefsPhase of Reference Processing: no references
[1388.953s][debug][gc,ref         ] GC(29) ReferenceProcessor::execute queues: 1, RefProcThreadModel::Single, marks_oops_alive: false
[1388.953s][debug][gc,phases      ] GC(29) Reference Processing 0.129ms
[1388.954s][debug][gc,phases      ] GC(29)   VM Weak                        Min:  0.0, Avg:  0.0, Max:  0.0, Diff:  0.0, Sum:  0.0, Workers: 4
[1388.954s][debug][gc,phases      ] GC(29)     Dead                           Min: 0, Avg:  0.0, Max: 0, Diff: 0, Sum: 0, Workers: 4
[1388.954s][debug][gc,phases      ] GC(29)     Total                          Min: 0, Avg: 248.0, Max: 448, Diff: 448, Sum: 992, Workers: 4
[1388.954s][debug][gc,phases      ] GC(29)   ObjectSynchronizer Weak        Min:  0.0, Avg:  0.0, Max:  0.0, Diff:  0.0, Sum:  0.0, Workers: 4
[1388.954s][debug][gc,phases      ] GC(29)     Dead                           Min: 0, Avg:  0.0, Max: 0, Diff: 0, Sum: 0, Workers: 4
[1388.954s][debug][gc,phases      ] GC(29)     Total                          Min: 0, Avg:  1.2, Max: 5, Diff: 5, Sum: 5, Workers: 4
[1388.954s][debug][gc,phases      ] GC(29)   JVMTI Tag Weak OopStorage      Min:  0.0, Avg:  0.0, Max:  0.0, Diff:  0.0, Sum:  0.0, Workers: 4
[1388.954s][debug][gc,phases      ] GC(29)     Dead                           Min: 0, Avg:  0.0, Max: 0, Diff: 0, Sum: 0, Workers: 4
[1388.954s][debug][gc,phases      ] GC(29)     Total                          Min: 0, Avg:  0.0, Max: 0, Diff: 0, Sum: 0, Workers: 4
[1388.954s][debug][gc,phases      ] GC(29)   StringTable Weak               Min:  0.0, Avg:  0.1, Max:  0.2, Diff:  0.2, Sum:  0.5, Workers: 4
[1388.954s][debug][gc,phases      ] GC(29)     Dead                           Min: 0, Avg:  0.2, Max: 1, Diff: 1, Sum: 1, Workers: 4
[1388.954s][debug][gc,phases      ] GC(29)     Total                          Min: 0, Avg: 11140.2, Max: 15999, Diff: 15999, Sum: 44561, Workers: 4
[1388.954s][debug][gc,phases      ] GC(29)   ResolvedMethodTable Weak       Min:  0.0, Avg:  0.0, Max:  0.1, Diff:  0.1, Sum:  0.2, Workers: 4
[1388.954s][debug][gc,phases      ] GC(29)     Dead                           Min: 0, Avg:  7.2, Max: 29, Diff: 29, Sum: 29, Workers: 4
[1388.954s][debug][gc,phases      ] GC(29)     Total                          Min: 0, Avg: 3881.5, Max: 5424, Diff: 5424, Sum: 15526, Workers: 4
[1388.954s][debug][gc,phases      ] GC(29)   JNI Weak                       Min:  0.0, Avg:  0.0, Max:  0.0, Diff:  0.0, Sum:  0.0, Workers: 4
[1388.954s][debug][gc,phases      ] GC(29)     Dead                           Min: 0, Avg:  0.0, Max: 0, Diff: 0, Sum: 0, Workers: 4
[1388.954s][debug][gc,phases      ] GC(29)     Total                          Min: 0, Avg: 12.8, Max: 51, Diff: 51, Sum: 51, Workers: 4
[1388.954s][debug][gc,phases      ] GC(29)   StringDedup Table Weak         Min:  0.0, Avg:  0.0, Max:  0.0, Diff:  0.0, Sum:  0.0, Workers: 4
[1388.954s][debug][gc,phases      ] GC(29)     Dead                           Min: 0, Avg:  0.0, Max: 0, Diff: 0, Sum: 0, Workers: 4
[1388.954s][debug][gc,phases      ] GC(29)     Total                          Min: 0, Avg:  0.0, Max: 0, Diff: 0, Sum: 0, Workers: 4
[1388.954s][debug][gc,phases      ] GC(29)   StringDedup Requests0 Weak     Min:  0.0, Avg:  0.0, Max:  0.0, Diff:  0.0, Sum:  0.0, Workers: 4
[1388.954s][debug][gc,phases      ] GC(29)     Dead                           Min: 0, Avg:  0.0, Max: 0, Diff: 0, Sum: 0, Workers: 4
[1388.954s][debug][gc,phases      ] GC(29)     Total                          Min: 0, Avg:  0.0, Max: 0, Diff: 0, Sum: 0, Workers: 4
[1388.954s][debug][gc,phases      ] GC(29)   StringDedup Requests1 Weak     Min:  0.0, Avg:  0.0, Max:  0.0, Diff:  0.0, Sum:  0.0, Workers: 4
[1388.954s][debug][gc,phases      ] GC(29)     Dead                           Min: 0, Avg:  0.0, Max: 0, Diff: 0, Sum: 0, Workers: 4
[1388.954s][debug][gc,phases      ] GC(29)     Total                          Min: 0, Avg:  0.0, Max: 0, Diff: 0, Sum: 0, Workers: 4
[1388.954s][debug][gc,phases      ] GC(29)   Weak JFR Old Object Samples    Min:  0.0, Avg:  0.0, Max:  0.0, Diff:  0.0, Sum:  0.0, Workers: 4
[1388.954s][debug][gc,phases      ] GC(29)     Dead                           Min: 0, Avg:  0.0, Max: 0, Diff: 0, Sum: 0, Workers: 4
[1388.954s][debug][gc,phases      ] GC(29)     Total                          Min: 0, Avg:  0.0, Max: 0, Diff: 0, Sum: 0, Workers: 4
[1388.954s][debug][gc,phases      ] GC(29) Weak Processing 0.491ms
[1388.954s][debug][gc,age         ] GC(29) Desired survivor size 163053568 bytes, new threshold 1 (max threshold 15)
[1388.954s][info ][gc,heap        ] GC(29) PSYoungGen: 1751152K(1927680K)->6989K(1916928K) Eden: 1747456K(1747456K)->0K(1747456K) From: 3696K(180224K)->6989K(169472K)
[1388.954s][info ][gc,heap        ] GC(29) ParOldGen: 259011K(265728K)->259639K(265728K)
[1388.954s][info ][gc,metaspace   ] GC(29) Metaspace: 101956K(103296K)->101956K(103296K) NonClass: 86481K(87232K)->86481K(87232K) Class: 15475K(16064K)->15475K(16064K)
[1388.954s][info ][gc             ] GC(29) Pause Young (GCLocker Initiated GC) 1963M->260M(2131M) 6.770ms
[1388.954s][info ][gc,cpu         ] GC(29) User=0.01s Sys=0.02s Real=0.01s
[1388.954s][info ][safepoint      ] Safepoint "ParallelGCSystemGC", Time since last: 474915 ns, Reaching safepoint: 82302 ns, Cleanup: 1801 ns, At safepoint: 6872520 ns, Total: 6956623 ns
[1389.954s][info ][safepoint      ] Safepoint "Cleanup", Time since last: 1000115629 ns, Reaching safepoint: 10200 ns, Cleanup: 17001 ns, At safepoint: 2600 ns, Total: 29801 ns
[1395.955s][info ][safepoint      ] Safepoint "Cleanup", Time since last: 6000564561 ns, Reaching safepoint: 10600 ns, Cleanup: 20301 ns, At safepoint: 3000 ns, Total: 33901 ns
[1396.955s][info ][safepoint      ] Safepoint "Cleanup", Time since last: 1000140335 ns, Reaching safepoint: 10100 ns, Cleanup: 14701 ns, At safepoint: 3000 ns, Total: 27801 ns
[1400.955s][info ][safepoint      ] Safepoint "Cleanup", Time since last: 4000395063 ns, Reaching safepoint: 9300 ns, Cleanup: 14900 ns, At safepoint: 2800 ns, Total: 27000 ns
[1401.955s][info ][safepoint      ] Safepoint "Cleanup", Time since last: 1000131261 ns, Reaching safepoint: 10801 ns, Cleanup: 16500 ns, At safepoint: 2400 ns, Total: 29701 ns
[1407.956s][info ][safepoint      ] Safepoint "Cleanup", Time since last: 6000619361 ns, Reaching safepoint: 10200 ns, Cleanup: 27601 ns, At safepoint: 2900 ns, Total: 40701 ns
[1421.957s][info ][safepoint      ] Safepoint "Cleanup", Time since last: 14001134265 ns, Reaching safepoint: 7901 ns, Cleanup: 14700 ns, At safepoint: 2900 ns, Total: 25501 ns
[1422.957s][info ][safepoint      ] Safepoint "Cleanup", Time since last: 1000135368 ns, Reaching safepoint: 11200 ns, Cleanup: 16201 ns, At safepoint: 3600 ns, Total: 31001 ns
[1423.958s][info ][safepoint      ] Safepoint "Cleanup", Time since last: 1000144968 ns, Reaching safepoint: 12000 ns, Cleanup: 18301 ns, At safepoint: 3400 ns, Total: 33701 ns
[1424.958s][info ][safepoint      ] Safepoint "Cleanup", Time since last: 1000131678 ns, Reaching safepoint: 10300 ns, Cleanup: 12201 ns, At safepoint: 2900 ns, Total: 25401 ns
[1431.958s][info ][safepoint      ] Safepoint "Cleanup", Time since last: 7000673705 ns, Reaching safepoint: 12500 ns, Cleanup: 18201 ns, At safepoint: 2500 ns, Total: 33201 ns
[1433.959s][info ][safepoint      ] Safepoint "Cleanup", Time since last: 2000235274 ns, Reaching safepoint: 12000 ns, Cleanup: 22901 ns, At safepoint: 3500 ns, Total: 38401 ns
[1434.959s][info ][safepoint      ] Safepoint "Cleanup", Time since last: 1000160896 ns, Reaching safepoint: 12501 ns, Cleanup: 23200 ns, At safepoint: 2800 ns, Total: 38501 ns
[1436.959s][info ][safepoint      ] Safepoint "Cleanup", Time since last: 2000195390 ns, Reaching safepoint: 9200 ns, Cleanup: 19601 ns, At safepoint: 2600 ns, Total: 31401 ns
[1440.596s][info ][safepoint      ] Safepoint "Cleanup", Time since last: 3636810229 ns, Reaching safepoint: 4600 ns, Cleanup: 20901 ns, At safepoint: 4300 ns, Total: 29801 ns
[1445.596s][info ][safepoint      ] Safepoint "Cleanup", Time since last: 5000460328 ns, Reaching safepoint: 10800 ns, Cleanup: 15600 ns, At safepoint: 2701 ns, Total: 29101 ns
[1446.597s][info ][safepoint      ] Safepoint "Cleanup", Time since last: 1000126277 ns, Reaching safepoint: 8300 ns, Cleanup: 7900 ns, At safepoint: 2400 ns, Total: 18600 ns
[1447.597s][info ][safepoint      ] Safepoint "Cleanup", Time since last: 1000129273 ns, Reaching safepoint: 11401 ns, Cleanup: 16400 ns, At safepoint: 2600 ns, Total: 30401 ns
[1454.599s][info ][safepoint      ] Safepoint "Cleanup", Time since last: 7002429785 ns, Reaching safepoint: 9900 ns, Cleanup: 17601 ns, At safepoint: 2700 ns, Total: 30201 ns
[1458.600s][info ][safepoint      ] Safepoint "Cleanup", Time since last: 4000379148 ns, Reaching safepoint: 10700 ns, Cleanup: 16501 ns, At safepoint: 2700 ns, Total: 29901 ns
[1459.600s][info ][safepoint      ] Safepoint "Cleanup", Time since last: 1000141923 ns, Reaching safepoint: 11400 ns, Cleanup: 18500 ns, At safepoint: 2700 ns, Total: 32600 ns
[1460.600s][info ][safepoint      ] Safepoint "Cleanup", Time since last: 1000148024 ns, Reaching safepoint: 10100 ns, Cleanup: 14900 ns, At safepoint: 2900 ns, Total: 27900 ns
[1460.779s][info ][gc,start       ] GC(30) Pause Young (Allocation Failure)
[1460.785s][debug][gc,phases      ] GC(30) Scavenge 6.265ms
[1460.786s][debug][gc,ref         ] GC(30) ReferenceProcessor::execute queues: 1, RefProcThreadModel::Single, marks_oops_alive: false
[1460.786s][debug][gc,ref         ] GC(30) Skipped KeepAliveFinalRefsPhase of Reference Processing: no references
[1460.786s][debug][gc,ref         ] GC(30) ReferenceProcessor::execute queues: 1, RefProcThreadModel::Single, marks_oops_alive: false
[1460.786s][debug][gc,phases      ] GC(30) Reference Processing 0.135ms
[1460.786s][debug][gc,phases      ] GC(30)   VM Weak                        Min:  0.0, Avg:  0.0, Max:  0.0, Diff:  0.0, Sum:  0.0, Workers: 4
[1460.786s][debug][gc,phases      ] GC(30)     Dead                           Min: 0, Avg:  0.0, Max: 0, Diff: 0, Sum: 0, Workers: 4
[1460.786s][debug][gc,phases      ] GC(30)     Total                          Min: 0, Avg: 248.2, Max: 737, Diff: 737, Sum: 993, Workers: 4
[1460.786s][debug][gc,phases      ] GC(30)   ObjectSynchronizer Weak        Min:  0.0, Avg:  0.0, Max:  0.0, Diff:  0.0, Sum:  0.0, Workers: 4
[1460.786s][debug][gc,phases      ] GC(30)     Dead                           Min: 0, Avg:  0.0, Max: 0, Diff: 0, Sum: 0, Workers: 4
[1460.786s][debug][gc,phases      ] GC(30)     Total                          Min: 0, Avg:  1.0, Max: 4, Diff: 4, Sum: 4, Workers: 4
[1460.786s][debug][gc,phases      ] GC(30)   JVMTI Tag Weak OopStorage      Min:  0.0, Avg:  0.0, Max:  0.0, Diff:  0.0, Sum:  0.0, Workers: 4
[1460.786s][debug][gc,phases      ] GC(30)     Dead                           Min: 0, Avg:  0.0, Max: 0, Diff: 0, Sum: 0, Workers: 4
[1460.786s][debug][gc,phases      ] GC(30)     Total                          Min: 0, Avg:  0.0, Max: 0, Diff: 0, Sum: 0, Workers: 4
[1460.786s][debug][gc,phases      ] GC(30)   StringTable Weak               Min:  0.0, Avg:  0.1, Max:  0.2, Diff:  0.2, Sum:  0.5, Workers: 4
[1460.786s][debug][gc,phases      ] GC(30)     Dead                           Min: 0, Avg:  0.2, Max: 1, Diff: 1, Sum: 1, Workers: 4
[1460.786s][debug][gc,phases      ] GC(30)     Total                          Min: 0, Avg: 11142.0, Max: 15871, Diff: 15871, Sum: 44568, Workers: 4
[1460.786s][debug][gc,phases      ] GC(30)   ResolvedMethodTable Weak       Min:  0.0, Avg:  0.0, Max:  0.1, Diff:  0.1, Sum:  0.2, Workers: 4
[1460.786s][debug][gc,phases      ] GC(30)     Dead                           Min: 0, Avg:  4.0, Max: 15, Diff: 15, Sum: 16, Workers: 4
[1460.786s][debug][gc,phases      ] GC(30)     Total                          Min: 0, Avg: 3882.0, Max: 5438, Diff: 5438, Sum: 15528, Workers: 4
[1460.786s][debug][gc,phases      ] GC(30)   JNI Weak                       Min:  0.0, Avg:  0.0, Max:  0.0, Diff:  0.0, Sum:  0.0, Workers: 4
[1460.786s][debug][gc,phases      ] GC(30)     Dead                           Min: 0, Avg:  0.0, Max: 0, Diff: 0, Sum: 0, Workers: 4
[1460.786s][debug][gc,phases      ] GC(30)     Total                          Min: 0, Avg: 12.0, Max: 48, Diff: 48, Sum: 48, Workers: 4
[1460.786s][debug][gc,phases      ] GC(30)   StringDedup Table Weak         Min:  0.0, Avg:  0.0, Max:  0.0, Diff:  0.0, Sum:  0.0, Workers: 4
[1460.786s][debug][gc,phases      ] GC(30)     Dead                           Min: 0, Avg:  0.0, Max: 0, Diff: 0, Sum: 0, Workers: 4
[1460.786s][debug][gc,phases      ] GC(30)     Total                          Min: 0, Avg:  0.0, Max: 0, Diff: 0, Sum: 0, Workers: 4
[1460.786s][debug][gc,phases      ] GC(30)   StringDedup Requests0 Weak     Min:  0.0, Avg:  0.0, Max:  0.0, Diff:  0.0, Sum:  0.0, Workers: 4
[1460.786s][debug][gc,phases      ] GC(30)     Dead                           Min: 0, Avg:  0.0, Max: 0, Diff: 0, Sum: 0, Workers: 4
[1460.786s][debug][gc,phases      ] GC(30)     Total                          Min: 0, Avg:  0.0, Max: 0, Diff: 0, Sum: 0, Workers: 4
[1460.786s][debug][gc,phases      ] GC(30)   StringDedup Requests1 Weak     Min:  0.0, Avg:  0.0, Max:  0.0, Diff:  0.0, Sum:  0.0, Workers: 4
[1460.786s][debug][gc,phases      ] GC(30)     Dead                           Min: 0, Avg:  0.0, Max: 0, Diff: 0, Sum: 0, Workers: 4
[1460.786s][debug][gc,phases      ] GC(30)     Total                          Min: 0, Avg:  0.0, Max: 0, Diff: 0, Sum: 0, Workers: 4
[1460.786s][debug][gc,phases      ] GC(30)   Weak JFR Old Object Samples    Min:  0.0, Avg:  0.0, Max:  0.0, Diff:  0.0, Sum:  0.0, Workers: 4
[1460.786s][debug][gc,phases      ] GC(30)     Dead                           Min: 0, Avg:  0.0, Max: 0, Diff: 0, Sum: 0, Workers: 4
[1460.786s][debug][gc,phases      ] GC(30)     Total                          Min: 0, Avg:  0.0, Max: 0, Diff: 0, Sum: 0, Workers: 4
[1460.786s][debug][gc,phases      ] GC(30) Weak Processing 0.456ms
[1460.786s][debug][gc,age         ] GC(30) Desired survivor size 152567808 bytes, new threshold 1 (max threshold 15)
[1460.786s][info ][gc,heap        ] GC(30) PSYoungGen: 1754445K(1916928K)->5920K(1948160K) Eden: 1747456K(1747456K)->0K(1788928K) From: 6989K(169472K)->5920K(159232K)
[1460.786s][info ][gc,heap        ] GC(30) ParOldGen: 260025K(265728K)->264681K(265728K)
[1460.786s][info ][gc,metaspace   ] GC(30) Metaspace: 102008K(103360K)->102008K(103360K) NonClass: 86531K(87296K)->86531K(87296K) Class: 15477K(16064K)->15477K(16064K)
[1460.786s][info ][gc             ] GC(30) Pause Young (Allocation Failure) 1967M->264M(2162M) 7.272ms
[1460.786s][info ][gc,cpu         ] GC(30) User=0.02s Sys=0.00s Real=0.01s
[1460.786s][info ][safepoint      ] Safepoint "ParallelGCFailedAllocation", Time since last: 178724172 ns, Reaching safepoint: 88002 ns, Cleanup: 5200 ns, At safepoint: 7369685 ns, Total: 7462887 ns
[1461.786s][info ][safepoint      ] Safepoint "Cleanup", Time since last: 1000104722 ns, Reaching safepoint: 8000 ns, Cleanup: 18500 ns, At safepoint: 2700 ns, Total: 29200 ns
[1465.787s][info ][safepoint      ] Safepoint "Cleanup", Time since last: 4000385852 ns, Reaching safepoint: 8300 ns, Cleanup: 13301 ns, At safepoint: 2300 ns, Total: 23901 ns
[1474.788s][info ][safepoint      ] Safepoint "Cleanup", Time since last: 9000800541 ns, Reaching safepoint: 10900 ns, Cleanup: 16500 ns, At safepoint: 2900 ns, Total: 30300 ns
[1475.788s][info ][safepoint      ] Safepoint "Cleanup", Time since last: 1000156477 ns, Reaching safepoint: 8300 ns, Cleanup: 21301 ns, At safepoint: 3100 ns, Total: 32701 ns
[1479.788s][info ][safepoint      ] Safepoint "Cleanup", Time since last: 4000365801 ns, Reaching safepoint: 8200 ns, Cleanup: 13600 ns, At safepoint: 2500 ns, Total: 24300 ns
[1481.788s][info ][safepoint      ] Safepoint "Cleanup", Time since last: 2000206633 ns, Reaching safepoint: 8601 ns, Cleanup: 16400 ns, At safepoint: 2900 ns, Total: 27901 ns
[1491.789s][info ][safepoint      ] Safepoint "Cleanup", Time since last: 10000821231 ns, Reaching safepoint: 8800 ns, Cleanup: 13800 ns, At safepoint: 2900 ns, Total: 25500 ns
[1494.789s][info ][safepoint      ] Safepoint "Cleanup", Time since last: 3000288223 ns, Reaching safepoint: 9000 ns, Cleanup: 17700 ns, At safepoint: 2900 ns, Total: 29600 ns
[1495.790s][info ][safepoint      ] Safepoint "Cleanup", Time since last: 1000187477 ns, Reaching safepoint: 17700 ns, Cleanup: 28001 ns, At safepoint: 3800 ns, Total: 49501 ns
[1496.790s][info ][safepoint      ] Safepoint "Cleanup", Time since last: 1000160773 ns, Reaching safepoint: 8800 ns, Cleanup: 14101 ns, At safepoint: 2400 ns, Total: 25301 ns
[1498.790s][info ][safepoint      ] Safepoint "Cleanup", Time since last: 2000209975 ns, Reaching safepoint: 8500 ns, Cleanup: 17400 ns, At safepoint: 2300 ns, Total: 28200 ns
[1500.615s][info ][safepoint      ] Safepoint "Cleanup", Time since last: 1824867637 ns, Reaching safepoint: 4000 ns, Cleanup: 16200 ns, At safepoint: 1600 ns, Total: 21800 ns
[1501.615s][info ][safepoint      ] Safepoint "Cleanup", Time since last: 1000160989 ns, Reaching safepoint: 13100 ns, Cleanup: 23201 ns, At safepoint: 3700 ns, Total: 40001 ns
[1502.615s][info ][safepoint      ] Safepoint "Cleanup", Time since last: 1000156489 ns, Reaching safepoint: 82402 ns, Cleanup: 17700 ns, At safepoint: 6901 ns, Total: 107003 ns
[1504.616s][info ][safepoint      ] Safepoint "Cleanup", Time since last: 2000233675 ns, Reaching safepoint: 15200 ns, Cleanup: 18601 ns, At safepoint: 3000 ns, Total: 36801 ns
[1506.616s][info ][safepoint      ] Safepoint "Cleanup", Time since last: 2000211577 ns, Reaching safepoint: 10800 ns, Cleanup: 16901 ns, At safepoint: 3000 ns, Total: 30701 ns
[1511.616s][info ][safepoint      ] Safepoint "Cleanup", Time since last: 5000449941 ns, Reaching safepoint: 10600 ns, Cleanup: 14000 ns, At safepoint: 2901 ns, Total: 27501 ns
[1513.617s][info ][safepoint      ] Safepoint "Cleanup", Time since last: 2000234229 ns, Reaching safepoint: 9300 ns, Cleanup: 15400 ns, At safepoint: 2701 ns, Total: 27401 ns
[1514.617s][info ][safepoint      ] Safepoint "Cleanup", Time since last: 1000149930 ns, Reaching safepoint: 12100 ns, Cleanup: 46201 ns, At safepoint: 2800 ns, Total: 61101 ns
[1515.617s][info ][safepoint      ] Safepoint "Cleanup", Time since last: 1000130930 ns, Reaching safepoint: 10500 ns, Cleanup: 19900 ns, At safepoint: 2900 ns, Total: 33300 ns
[1517.617s][info ][safepoint      ] Safepoint "Cleanup", Time since last: 2000197358 ns, Reaching safepoint: 79902 ns, Cleanup: 15900 ns, At safepoint: 6201 ns, Total: 102003 ns
[1518.618s][info ][safepoint      ] Safepoint "Cleanup", Time since last: 1000143029 ns, Reaching safepoint: 11001 ns, Cleanup: 14300 ns, At safepoint: 3000 ns, Total: 28301 ns
[1523.618s][info ][safepoint      ] Safepoint "Cleanup", Time since last: 5000481179 ns, Reaching safepoint: 12200 ns, Cleanup: 17700 ns, At safepoint: 2700 ns, Total: 32600 ns
[1524.618s][info ][safepoint      ] Safepoint "Cleanup", Time since last: 1000154832 ns, Reaching safepoint: 8800 ns, Cleanup: 15000 ns, At safepoint: 2600 ns, Total: 26400 ns
[1525.618s][info ][safepoint      ] Safepoint "Cleanup", Time since last: 1000142531 ns, Reaching safepoint: 12201 ns, Cleanup: 21800 ns, At safepoint: 3100 ns, Total: 37101 ns
[1527.619s][info ][safepoint      ] Safepoint "Cleanup", Time since last: 2000241557 ns, Reaching safepoint: 16600 ns, Cleanup: 21101 ns, At safepoint: 3200 ns, Total: 40901 ns
[1528.619s][info ][safepoint      ] Safepoint "Cleanup", Time since last: 1000153128 ns, Reaching safepoint: 8501 ns, Cleanup: 12800 ns, At safepoint: 2600 ns, Total: 23901 ns
[1531.339s][info ][gc,start       ] GC(31) Pause Young (Allocation Failure)
[1531.345s][debug][gc,phases      ] GC(31) Scavenge 5.916ms
[1531.345s][debug][gc,ref         ] GC(31) ReferenceProcessor::execute queues: 1, RefProcThreadModel::Single, marks_oops_alive: false
[1531.345s][debug][gc,ref         ] GC(31) Skipped KeepAliveFinalRefsPhase of Reference Processing: no references
[1531.345s][debug][gc,ref         ] GC(31) ReferenceProcessor::execute queues: 1, RefProcThreadModel::Single, marks_oops_alive: false
[1531.345s][debug][gc,phases      ] GC(31) Reference Processing 0.127ms
[1531.345s][debug][gc,phases      ] GC(31)   VM Weak                        Min:  0.0, Avg:  0.0, Max:  0.0, Diff:  0.0, Sum:  0.0, Workers: 4
[1531.345s][debug][gc,phases      ] GC(31)     Dead                           Min: 0, Avg:  0.0, Max: 0, Diff: 0, Sum: 0, Workers: 4
[1531.345s][debug][gc,phases      ] GC(31)     Total                          Min: 0, Avg: 248.2, Max: 609, Diff: 609, Sum: 993, Workers: 4
[1531.345s][debug][gc,phases      ] GC(31)   ObjectSynchronizer Weak        Min:  0.0, Avg:  0.0, Max:  0.0, Diff:  0.0, Sum:  0.0, Workers: 4
[1531.345s][debug][gc,phases      ] GC(31)     Dead                           Min: 0, Avg:  0.0, Max: 0, Diff: 0, Sum: 0, Workers: 4
[1531.345s][debug][gc,phases      ] GC(31)     Total                          Min: 0, Avg:  1.0, Max: 4, Diff: 4, Sum: 4, Workers: 4
[1531.345s][debug][gc,phases      ] GC(31)   JVMTI Tag Weak OopStorage      Min:  0.0, Avg:  0.0, Max:  0.0, Diff:  0.0, Sum:  0.0, Workers: 4
[1531.345s][debug][gc,phases      ] GC(31)     Dead                           Min: 0, Avg:  0.0, Max: 0, Diff: 0, Sum: 0, Workers: 4
[1531.345s][debug][gc,phases      ] GC(31)     Total                          Min: 0, Avg:  0.0, Max: 0, Diff: 0, Sum: 0, Workers: 4
[1531.345s][debug][gc,phases      ] GC(31)   StringTable Weak               Min:  0.0, Avg:  0.1, Max:  0.2, Diff:  0.2, Sum:  0.5, Workers: 4
[1531.345s][debug][gc,phases      ] GC(31)     Dead                           Min: 0, Avg:  0.0, Max: 0, Diff: 0, Sum: 0, Workers: 4
[1531.345s][debug][gc,phases      ] GC(31)     Total                          Min: 0, Avg: 11144.8, Max: 15872, Diff: 15872, Sum: 44579, Workers: 4
[1531.345s][debug][gc,phases      ] GC(31)   ResolvedMethodTable Weak       Min:  0.0, Avg:  0.0, Max:  0.1, Diff:  0.1, Sum:  0.2, Workers: 4
[1531.345s][debug][gc,phases      ] GC(31)     Dead                           Min: 0, Avg:  4.0, Max: 16, Diff: 16, Sum: 16, Workers: 4
[1531.345s][debug][gc,phases      ] GC(31)     Total                          Min: 0, Avg: 3882.0, Max: 5690, Diff: 5690, Sum: 15528, Workers: 4
[1531.345s][debug][gc,phases      ] GC(31)   JNI Weak                       Min:  0.0, Avg:  0.0, Max:  0.0, Diff:  0.0, Sum:  0.0, Workers: 4
[1531.345s][debug][gc,phases      ] GC(31)     Dead                           Min: 0, Avg:  0.0, Max: 0, Diff: 0, Sum: 0, Workers: 4
[1531.345s][debug][gc,phases      ] GC(31)     Total                          Min: 0, Avg: 12.0, Max: 48, Diff: 48, Sum: 48, Workers: 4
[1531.345s][debug][gc,phases      ] GC(31)   StringDedup Table Weak         Min:  0.0, Avg:  0.0, Max:  0.0, Diff:  0.0, Sum:  0.0, Workers: 4
[1531.345s][debug][gc,phases      ] GC(31)     Dead                           Min: 0, Avg:  0.0, Max: 0, Diff: 0, Sum: 0, Workers: 4
[1531.345s][debug][gc,phases      ] GC(31)     Total                          Min: 0, Avg:  0.0, Max: 0, Diff: 0, Sum: 0, Workers: 4
[1531.345s][debug][gc,phases      ] GC(31)   StringDedup Requests0 Weak     Min:  0.0, Avg:  0.0, Max:  0.0, Diff:  0.0, Sum:  0.0, Workers: 4
[1531.345s][debug][gc,phases      ] GC(31)     Dead                           Min: 0, Avg:  0.0, Max: 0, Diff: 0, Sum: 0, Workers: 4
[1531.345s][debug][gc,phases      ] GC(31)     Total                          Min: 0, Avg:  0.0, Max: 0, Diff: 0, Sum: 0, Workers: 4
[1531.345s][debug][gc,phases      ] GC(31)   StringDedup Requests1 Weak     Min:  0.0, Avg:  0.0, Max:  0.0, Diff:  0.0, Sum:  0.0, Workers: 4
[1531.345s][debug][gc,phases      ] GC(31)     Dead                           Min: 0, Avg:  0.0, Max: 0, Diff: 0, Sum: 0, Workers: 4
[1531.345s][debug][gc,phases      ] GC(31)     Total                          Min: 0, Avg:  0.0, Max: 0, Diff: 0, Sum: 0, Workers: 4
[1531.345s][debug][gc,phases      ] GC(31)   Weak JFR Old Object Samples    Min:  0.0, Avg:  0.0, Max:  0.0, Diff:  0.0, Sum:  0.0, Workers: 4
[1531.345s][debug][gc,phases      ] GC(31)     Dead                           Min: 0, Avg:  0.0, Max: 0, Diff: 0, Sum: 0, Workers: 4
[1531.345s][debug][gc,phases      ] GC(31)     Total                          Min: 0, Avg:  0.0, Max: 0, Diff: 0, Sum: 0, Workers: 4
[1531.345s][debug][gc,phases      ] GC(31) Weak Processing 0.477ms
[1531.345s][debug][gc,age         ] GC(31) Desired survivor size 143130624 bytes, new threshold 1 (max threshold 15)
[1531.345s][info ][gc,heap        ] GC(31) PSYoungGen: 1794848K(1948160K)->3710K(1937920K) Eden: 1788928K(1788928K)->0K(1788928K) From: 5920K(159232K)->3710K(148992K)
[1531.345s][info ][gc,heap        ] GC(31) ParOldGen: 264681K(265728K)->268473K(268800K)
[1531.345s][info ][gc,metaspace   ] GC(31) Metaspace: 102064K(103360K)->102064K(103360K) NonClass: 86587K(87296K)->86587K(87296K) Class: 15477K(16064K)->15477K(16064K)
[1531.345s][info ][gc             ] GC(31) Pause Young (Allocation Failure) 2011M->265M(2155M) 6.672ms
[1531.345s][info ][gc,cpu         ] GC(31) User=0.01s Sys=0.01s Real=0.01s
[1531.345s][info ][safepoint      ] Safepoint "ParallelGCFailedAllocation", Time since last: 2719777926 ns, Reaching safepoint: 7100 ns, Cleanup: 4200 ns, At safepoint: 6753975 ns, Total: 6765275 ns
[1533.346s][info ][safepoint      ] Safepoint "Cleanup", Time since last: 2000177251 ns, Reaching safepoint: 10900 ns, Cleanup: 18801 ns, At safepoint: 3200 ns, Total: 32901 ns
[1534.346s][info ][safepoint      ] Safepoint "Cleanup", Time since last: 1000147327 ns, Reaching safepoint: 11400 ns, Cleanup: 15101 ns, At safepoint: 3000 ns, Total: 29501 ns
[1536.346s][info ][safepoint      ] Safepoint "Cleanup", Time since last: 2000243752 ns, Reaching safepoint: 12101 ns, Cleanup: 19400 ns, At safepoint: 2700 ns, Total: 34201 ns
[1541.347s][info ][safepoint      ] Safepoint "Cleanup", Time since last: 5000466569 ns, Reaching safepoint: 12500 ns, Cleanup: 19001 ns, At safepoint: 2500 ns, Total: 34001 ns
[1542.347s][info ][safepoint      ] Safepoint "Cleanup", Time since last: 1000134219 ns, Reaching safepoint: 11900 ns, Cleanup: 16401 ns, At safepoint: 2500 ns, Total: 30801 ns
[1550.348s][info ][safepoint      ] Safepoint "Cleanup", Time since last: 8000715224 ns, Reaching safepoint: 12101 ns, Cleanup: 47601 ns, At safepoint: 3100 ns, Total: 62802 ns
[1551.348s][info ][safepoint      ] Safepoint "Cleanup", Time since last: 1000162868 ns, Reaching safepoint: 11100 ns, Cleanup: 15901 ns, At safepoint: 3100 ns, Total: 30101 ns
[1553.348s][info ][safepoint      ] Safepoint "Cleanup", Time since last: 2000222029 ns, Reaching safepoint: 11500 ns, Cleanup: 17200 ns, At safepoint: 3300 ns, Total: 32000 ns
[1554.348s][info ][safepoint      ] Safepoint "Cleanup", Time since last: 1000172462 ns, Reaching safepoint: 11900 ns, Cleanup: 16600 ns, At safepoint: 3100 ns, Total: 31600 ns
[1555.348s][info ][safepoint      ] Safepoint "Cleanup", Time since last: 1000141961 ns, Reaching safepoint: 8900 ns, Cleanup: 12601 ns, At safepoint: 3200 ns, Total: 24701 ns
[1571.636s][info ][safepoint      ] Safepoint "Cleanup", Time since last: 16287731009 ns, Reaching safepoint: 10500 ns, Cleanup: 11801 ns, At safepoint: 2700 ns, Total: 25001 ns
[1581.637s][info ][safepoint      ] Safepoint "Cleanup", Time since last: 10000796062 ns, Reaching safepoint: 8000 ns, Cleanup: 17700 ns, At safepoint: 2600 ns, Total: 28300 ns
[1585.637s][info ][safepoint      ] Safepoint "Cleanup", Time since last: 4000365978 ns, Reaching safepoint: 10500 ns, Cleanup: 15300 ns, At safepoint: 3001 ns, Total: 28801 ns
[1586.638s][info ][safepoint      ] Safepoint "Cleanup", Time since last: 1000127401 ns, Reaching safepoint: 8200 ns, Cleanup: 16500 ns, At safepoint: 2300 ns, Total: 27000 ns
[1600.831s][info ][gc,start       ] GC(32) Pause Young (Allocation Failure)
[1600.834s][debug][gc,phases      ] GC(32) Scavenge 3.525ms
[1600.834s][debug][gc,ref         ] GC(32) ReferenceProcessor::execute queues: 1, RefProcThreadModel::Single, marks_oops_alive: false
[1600.834s][debug][gc,ref         ] GC(32) Skipped KeepAliveFinalRefsPhase of Reference Processing: no references
[1600.834s][debug][gc,ref         ] GC(32) ReferenceProcessor::execute queues: 1, RefProcThreadModel::Single, marks_oops_alive: false
[1600.834s][debug][gc,phases      ] GC(32) Reference Processing 0.122ms
[1600.835s][debug][gc,phases      ] GC(32)   VM Weak                        Min:  0.0, Avg:  0.0, Max:  0.0, Diff:  0.0, Sum:  0.0, Workers: 4
[1600.835s][debug][gc,phases      ] GC(32)     Dead                           Min: 0, Avg:  0.0, Max: 0, Diff: 0, Sum: 0, Workers: 4
[1600.835s][debug][gc,phases      ] GC(32)     Total                          Min: 0, Avg: 248.2, Max: 865, Diff: 865, Sum: 993, Workers: 4
[1600.835s][debug][gc,phases      ] GC(32)   ObjectSynchronizer Weak        Min:  0.0, Avg:  0.0, Max:  0.0, Diff:  0.0, Sum:  0.0, Workers: 4
[1600.835s][debug][gc,phases      ] GC(32)     Dead                           Min: 0, Avg:  0.0, Max: 0, Diff: 0, Sum: 0, Workers: 4
[1600.835s][debug][gc,phases      ] GC(32)     Total                          Min: 0, Avg:  1.0, Max: 4, Diff: 4, Sum: 4, Workers: 4
[1600.835s][debug][gc,phases      ] GC(32)   JVMTI Tag Weak OopStorage      Min:  0.0, Avg:  0.0, Max:  0.0, Diff:  0.0, Sum:  0.0, Workers: 4
[1600.835s][debug][gc,phases      ] GC(32)     Dead                           Min: 0, Avg:  0.0, Max: 0, Diff: 0, Sum: 0, Workers: 4
[1600.835s][debug][gc,phases      ] GC(32)     Total                          Min: 0, Avg:  0.0, Max: 0, Diff: 0, Sum: 0, Workers: 4
[1600.835s][debug][gc,phases      ] GC(32)   StringTable Weak               Min:  0.0, Avg:  0.1, Max:  0.2, Diff:  0.2, Sum:  0.5, Workers: 4
[1600.835s][debug][gc,phases      ] GC(32)     Dead                           Min: 0, Avg:  0.0, Max: 0, Diff: 0, Sum: 0, Workers: 4
[1600.835s][debug][gc,phases      ] GC(32)     Total                          Min: 0, Avg: 11144.8, Max: 16164, Diff: 16164, Sum: 44579, Workers: 4
[1600.835s][debug][gc,phases      ] GC(32)   ResolvedMethodTable Weak       Min:  0.0, Avg:  0.0, Max:  0.1, Diff:  0.1, Sum:  0.2, Workers: 4
[1600.835s][debug][gc,phases      ] GC(32)     Dead                           Min: 0, Avg:  4.0, Max: 14, Diff: 14, Sum: 16, Workers: 4
[1600.835s][debug][gc,phases      ] GC(32)     Total                          Min: 0, Avg: 3882.0, Max: 5490, Diff: 5490, Sum: 15528, Workers: 4
[1600.835s][debug][gc,phases      ] GC(32)   JNI Weak                       Min:  0.0, Avg:  0.0, Max:  0.0, Diff:  0.0, Sum:  0.0, Workers: 4
[1600.835s][debug][gc,phases      ] GC(32)     Dead                           Min: 0, Avg:  0.0, Max: 0, Diff: 0, Sum: 0, Workers: 4
[1600.835s][debug][gc,phases      ] GC(32)     Total                          Min: 0, Avg: 12.0, Max: 48, Diff: 48, Sum: 48, Workers: 4
[1600.835s][debug][gc,phases      ] GC(32)   StringDedup Table Weak         Min:  0.0, Avg:  0.0, Max:  0.0, Diff:  0.0, Sum:  0.0, Workers: 4
[1600.835s][debug][gc,phases      ] GC(32)     Dead                           Min: 0, Avg:  0.0, Max: 0, Diff: 0, Sum: 0, Workers: 4
[1600.835s][debug][gc,phases      ] GC(32)     Total                          Min: 0, Avg:  0.0, Max: 0, Diff: 0, Sum: 0, Workers: 4
[1600.835s][debug][gc,phases      ] GC(32)   StringDedup Requests0 Weak     Min:  0.0, Avg:  0.0, Max:  0.0, Diff:  0.0, Sum:  0.0, Workers: 4
[1600.835s][debug][gc,phases      ] GC(32)     Dead                           Min: 0, Avg:  0.0, Max: 0, Diff: 0, Sum: 0, Workers: 4
[1600.835s][debug][gc,phases      ] GC(32)     Total                          Min: 0, Avg:  0.0, Max: 0, Diff: 0, Sum: 0, Workers: 4
[1600.835s][debug][gc,phases      ] GC(32)   StringDedup Requests1 Weak     Min:  0.0, Avg:  0.0, Max:  0.0, Diff:  0.0, Sum:  0.0, Workers: 4
[1600.835s][debug][gc,phases      ] GC(32)     Dead                           Min: 0, Avg:  0.0, Max: 0, Diff: 0, Sum: 0, Workers: 4
[1600.835s][debug][gc,phases      ] GC(32)     Total                          Min: 0, Avg:  0.0, Max: 0, Diff: 0, Sum: 0, Workers: 4
[1600.835s][debug][gc,phases      ] GC(32)   Weak JFR Old Object Samples    Min:  0.0, Avg:  0.0, Max:  0.0, Diff:  0.0, Sum:  0.0, Workers: 4
[1600.835s][debug][gc,phases      ] GC(32)     Dead                           Min: 0, Avg:  0.0, Max: 0, Diff: 0, Sum: 0, Workers: 4
[1600.835s][debug][gc,phases      ] GC(32)     Total                          Min: 0, Avg:  0.0, Max: 0, Diff: 0, Sum: 0, Workers: 4
[1600.835s][debug][gc,phases      ] GC(32) Weak Processing 0.465ms
[1600.835s][debug][gc,age         ] GC(32) Desired survivor size 134217728 bytes, new threshold 1 (max threshold 15)
[1600.835s][info ][gc,heap        ] GC(32) PSYoungGen: 1792638K(1937920K)->3184K(1966080K) Eden: 1788928K(1788928K)->0K(1826304K) From: 3710K(148992K)->3184K(139776K)
[1600.835s][info ][gc,heap        ] GC(32) ParOldGen: 268473K(268800K)->270266K(270336K)
[1600.835s][info ][gc,metaspace   ] GC(32) Metaspace: 102080K(103424K)->102080K(103424K) NonClass: 86603K(87360K)->86603K(87360K) Class: 15477K(16064K)->15477K(16064K)
[1600.835s][info ][gc             ] GC(32) Pause Young (Allocation Failure) 2012M->267M(2184M) 4.278ms
[1600.835s][info ][gc,cpu         ] GC(32) User=0.01s Sys=0.00s Real=0.00s
[1600.835s][info ][safepoint      ] Safepoint "ParallelGCFailedAllocation", Time since last: 14192985027 ns, Reaching safepoint: 7800 ns, Cleanup: 5400 ns, At safepoint: 4362008 ns, Total: 4375208 ns
[1604.835s][info ][safepoint      ] Safepoint "Cleanup", Time since last: 4000355731 ns, Reaching safepoint: 88603 ns, Cleanup: 13500 ns, At safepoint: 9100 ns, Total: 111203 ns
[1610.836s][info ][safepoint      ] Safepoint "Cleanup", Time since last: 6000568580 ns, Reaching safepoint: 8300 ns, Cleanup: 15800 ns, At safepoint: 2700 ns, Total: 26800 ns
[1611.836s][info ][safepoint      ] Safepoint "Cleanup", Time since last: 1000130974 ns, Reaching safepoint: 7901 ns, Cleanup: 13300 ns, At safepoint: 2600 ns, Total: 23801 ns
[1613.836s][info ][safepoint      ] Safepoint "Cleanup", Time since last: 2000207446 ns, Reaching safepoint: 86302 ns, Cleanup: 13201 ns, At safepoint: 14200 ns, Total: 113703 ns
[1616.837s][info ][safepoint      ] Safepoint "Cleanup", Time since last: 3000298419 ns, Reaching safepoint: 10401 ns, Cleanup: 23400 ns, At safepoint: 3700 ns, Total: 37501 ns
[1619.837s][info ][safepoint      ] Safepoint "Cleanup", Time since last: 3000292156 ns, Reaching safepoint: 8601 ns, Cleanup: 13900 ns, At safepoint: 2800 ns, Total: 25301 ns
[1621.654s][info ][safepoint      ] Safepoint "Cleanup", Time since last: 1816553087 ns, Reaching safepoint: 10700 ns, Cleanup: 16901 ns, At safepoint: 2600 ns, Total: 30201 ns
[1623.654s][info ][safepoint      ] Safepoint "Cleanup", Time since last: 2000210505 ns, Reaching safepoint: 12000 ns, Cleanup: 15900 ns, At safepoint: 2501 ns, Total: 30401 ns
[1635.655s][info ][safepoint      ] Safepoint "Cleanup", Time since last: 12000993730 ns, Reaching safepoint: 12900 ns, Cleanup: 16900 ns, At safepoint: 2500 ns, Total: 32300 ns
[1637.655s][info ][safepoint      ] Safepoint "Cleanup", Time since last: 2000219400 ns, Reaching safepoint: 10000 ns, Cleanup: 16301 ns, At safepoint: 2500 ns, Total: 28801 ns
[1638.655s][info ][safepoint      ] Safepoint "Cleanup", Time since last: 1000182851 ns, Reaching safepoint: 12601 ns, Cleanup: 16700 ns, At safepoint: 3100 ns, Total: 32401 ns
[1643.656s][info ][safepoint      ] Safepoint "Cleanup", Time since last: 5000436495 ns, Reaching safepoint: 8601 ns, Cleanup: 13700 ns, At safepoint: 2600 ns, Total: 24901 ns
[1647.656s][info ][safepoint      ] Safepoint "Cleanup", Time since last: 4000423781 ns, Reaching safepoint: 12301 ns, Cleanup: 17100 ns, At safepoint: 3000 ns, Total: 32401 ns
[1653.657s][info ][safepoint      ] Safepoint "Cleanup", Time since last: 6000542205 ns, Reaching safepoint: 9200 ns, Cleanup: 14200 ns, At safepoint: 3300 ns, Total: 26700 ns
[1658.657s][info ][safepoint      ] Safepoint "Cleanup", Time since last: 5000477592 ns, Reaching safepoint: 12400 ns, Cleanup: 17800 ns, At safepoint: 3300 ns, Total: 33500 ns
[1662.658s][info ][safepoint      ] Safepoint "Cleanup", Time since last: 4000400933 ns, Reaching safepoint: 8501 ns, Cleanup: 17300 ns, At safepoint: 3000 ns, Total: 28801 ns
[1665.658s][info ][safepoint      ] Safepoint "Cleanup", Time since last: 3000342816 ns, Reaching safepoint: 13800 ns, Cleanup: 17400 ns, At safepoint: 3200 ns, Total: 34400 ns
[1666.658s][info ][safepoint      ] Safepoint "Cleanup", Time since last: 1000157244 ns, Reaching safepoint: 13400 ns, Cleanup: 22601 ns, At safepoint: 2900 ns, Total: 38901 ns
[1667.330s][info ][gc,start       ] GC(33) Pause Young (Allocation Failure)
[1667.334s][debug][gc,phases      ] GC(33) Scavenge 4.363ms
[1667.335s][debug][gc,ref         ] GC(33) ReferenceProcessor::execute queues: 1, RefProcThreadModel::Single, marks_oops_alive: false
[1667.335s][debug][gc,ref         ] GC(33) Skipped KeepAliveFinalRefsPhase of Reference Processing: no references
[1667.335s][debug][gc,ref         ] GC(33) ReferenceProcessor::execute queues: 1, RefProcThreadModel::Single, marks_oops_alive: false
[1667.335s][debug][gc,phases      ] GC(33) Reference Processing 0.142ms
[1667.335s][debug][gc,phases      ] GC(33)   VM Weak                        Min:  0.0, Avg:  0.0, Max:  0.0, Diff:  0.0, Sum:  0.0, Workers: 4
[1667.335s][debug][gc,phases      ] GC(33)     Dead                           Min: 0, Avg:  0.0, Max: 0, Diff: 0, Sum: 0, Workers: 4
[1667.335s][debug][gc,phases      ] GC(33)     Total                          Min: 0, Avg: 248.2, Max: 993, Diff: 993, Sum: 993, Workers: 4
[1667.335s][debug][gc,phases      ] GC(33)   ObjectSynchronizer Weak        Min:  0.0, Avg:  0.0, Max:  0.0, Diff:  0.0, Sum:  0.0, Workers: 4
[1667.335s][debug][gc,phases      ] GC(33)     Dead                           Min: 0, Avg:  0.0, Max: 0, Diff: 0, Sum: 0, Workers: 4
[1667.335s][debug][gc,phases      ] GC(33)     Total                          Min: 0, Avg:  1.0, Max: 4, Diff: 4, Sum: 4, Workers: 4
[1667.335s][debug][gc,phases      ] GC(33)   JVMTI Tag Weak OopStorage      Min:  0.0, Avg:  0.0, Max:  0.0, Diff:  0.0, Sum:  0.0, Workers: 4
[1667.335s][debug][gc,phases      ] GC(33)     Dead                           Min: 0, Avg:  0.0, Max: 0, Diff: 0, Sum: 0, Workers: 4
[1667.335s][debug][gc,phases      ] GC(33)     Total                          Min: 0, Avg:  0.0, Max: 0, Diff: 0, Sum: 0, Workers: 4
[1667.335s][debug][gc,phases      ] GC(33)   StringTable Weak               Min:  0.0, Avg:  0.2, Max:  0.2, Diff:  0.2, Sum:  0.6, Workers: 4
[1667.335s][debug][gc,phases      ] GC(33)     Dead                           Min: 0, Avg:  0.0, Max: 0, Diff: 0, Sum: 0, Workers: 4
[1667.335s][debug][gc,phases      ] GC(33)     Total                          Min: 0, Avg: 11145.2, Max: 15398, Diff: 15398, Sum: 44581, Workers: 4
[1667.335s][debug][gc,phases      ] GC(33)   ResolvedMethodTable Weak       Min:  0.0, Avg:  0.1, Max:  0.1, Diff:  0.1, Sum:  0.2, Workers: 4
[1667.335s][debug][gc,phases      ] GC(33)     Dead                           Min: 0, Avg:  7.0, Max: 26, Diff: 26, Sum: 28, Workers: 4
[1667.335s][debug][gc,phases      ] GC(33)     Total                          Min: 0, Avg: 3882.0, Max: 5612, Diff: 5612, Sum: 15528, Workers: 4
[1667.335s][debug][gc,phases      ] GC(33)   JNI Weak                       Min:  0.0, Avg:  0.0, Max:  0.0, Diff:  0.0, Sum:  0.0, Workers: 4
[1667.335s][debug][gc,phases      ] GC(33)     Dead                           Min: 0, Avg:  0.0, Max: 0, Diff: 0, Sum: 0, Workers: 4
[1667.335s][debug][gc,phases      ] GC(33)     Total                          Min: 0, Avg: 12.0, Max: 48, Diff: 48, Sum: 48, Workers: 4
[1667.335s][debug][gc,phases      ] GC(33)   StringDedup Table Weak         Min:  0.0, Avg:  0.0, Max:  0.0, Diff:  0.0, Sum:  0.0, Workers: 4
[1667.335s][debug][gc,phases      ] GC(33)     Dead                           Min: 0, Avg:  0.0, Max: 0, Diff: 0, Sum: 0, Workers: 4
[1667.335s][debug][gc,phases      ] GC(33)     Total                          Min: 0, Avg:  0.0, Max: 0, Diff: 0, Sum: 0, Workers: 4
[1667.335s][debug][gc,phases      ] GC(33)   StringDedup Requests0 Weak     Min:  0.0, Avg:  0.0, Max:  0.0, Diff:  0.0, Sum:  0.0, Workers: 4
[1667.335s][debug][gc,phases      ] GC(33)     Dead                           Min: 0, Avg:  0.0, Max: 0, Diff: 0, Sum: 0, Workers: 4
[1667.335s][debug][gc,phases      ] GC(33)     Total                          Min: 0, Avg:  0.0, Max: 0, Diff: 0, Sum: 0, Workers: 4
[1667.335s][debug][gc,phases      ] GC(33)   StringDedup Requests1 Weak     Min:  0.0, Avg:  0.0, Max:  0.0, Diff:  0.0, Sum:  0.0, Workers: 4
[1667.335s][debug][gc,phases      ] GC(33)     Dead                           Min: 0, Avg:  0.0, Max: 0, Diff: 0, Sum: 0, Workers: 4
[1667.335s][debug][gc,phases      ] GC(33)     Total                          Min: 0, Avg:  0.0, Max: 0, Diff: 0, Sum: 0, Workers: 4
[1667.335s][debug][gc,phases      ] GC(33)   Weak JFR Old Object Samples    Min:  0.0, Avg:  0.0, Max:  0.0, Diff:  0.0, Sum:  0.0, Workers: 4
[1667.335s][debug][gc,phases      ] GC(33)     Dead                           Min: 0, Avg:  0.0, Max: 0, Diff: 0, Sum: 0, Workers: 4
[1667.335s][debug][gc,phases      ] GC(33)     Total                          Min: 0, Avg:  0.0, Max: 0, Diff: 0, Sum: 0, Workers: 4
[1667.335s][debug][gc,phases      ] GC(33) Weak Processing 0.539ms
[1667.335s][debug][gc,age         ] GC(33) Desired survivor size 125829120 bytes, new threshold 1 (max threshold 15)
[1667.335s][info ][gc,heap        ] GC(33) PSYoungGen: 1829488K(1966080K)->3680K(1957376K) Eden: 1826304K(1826304K)->0K(1826304K) From: 3184K(139776K)->3680K(131072K)
[1667.335s][info ][gc,heap        ] GC(33) ParOldGen: 270266K(270336K)->271174K(271360K)
[1667.335s][info ][gc,metaspace   ] GC(33) Metaspace: 102095K(103424K)->102095K(103424K) NonClass: 86618K(87360K)->86618K(87360K) Class: 15477K(16064K)->15477K(16064K)
[1667.335s][info ][gc             ] GC(33) Pause Young (Allocation Failure) 2050M->268M(2176M) 5.267ms
[1667.335s][info ][gc,cpu         ] GC(33) User=0.01s Sys=0.00s Real=0.00s
[1667.335s][info ][safepoint      ] Safepoint "ParallelGCFailedAllocation", Time since last: 671389874 ns, Reaching safepoint: 88403 ns, Cleanup: 8100 ns, At safepoint: 5370530 ns, Total: 5467033 ns
[1669.335s][info ][safepoint      ] Safepoint "Cleanup", Time since last: 2000197885 ns, Reaching safepoint: 10400 ns, Cleanup: 14400 ns, At safepoint: 3100 ns, Total: 27900 ns
[1671.336s][info ][safepoint      ] Safepoint "Cleanup", Time since last: 2000209985 ns, Reaching safepoint: 10300 ns, Cleanup: 11701 ns, At safepoint: 2300 ns, Total: 24301 ns
[1672.336s][info ][safepoint      ] Safepoint "Cleanup", Time since last: 1000201444 ns, Reaching safepoint: 9601 ns, Cleanup: 14900 ns, At safepoint: 3500 ns, Total: 28001 ns
[1679.337s][info ][safepoint      ] Safepoint "Cleanup", Time since last: 7000675741 ns, Reaching safepoint: 10200 ns, Cleanup: 20000 ns, At safepoint: 2801 ns, Total: 33001 ns
[1680.337s][info ][safepoint      ] Safepoint "Cleanup", Time since last: 1000136366 ns, Reaching safepoint: 8000 ns, Cleanup: 15500 ns, At safepoint: 2800 ns, Total: 26300 ns
[1683.675s][info ][safepoint      ] Safepoint "Cleanup", Time since last: 3338170514 ns, Reaching safepoint: 10101 ns, Cleanup: 15700 ns, At safepoint: 36901 ns, Total: 62702 ns
[1688.676s][info ][safepoint      ] Safepoint "Cleanup", Time since last: 5000479139 ns, Reaching safepoint: 35900 ns, Cleanup: 17201 ns, At safepoint: 3100 ns, Total: 56201 ns
[1697.676s][info ][safepoint      ] Safepoint "Cleanup", Time since last: 9000755442 ns, Reaching safepoint: 83902 ns, Cleanup: 12000 ns, At safepoint: 7200 ns, Total: 103102 ns
[1698.677s][info ][safepoint      ] Safepoint "Cleanup", Time since last: 1000142240 ns, Reaching safepoint: 80501 ns, Cleanup: 33601 ns, At safepoint: 6900 ns, Total: 121002 ns
[1700.677s][info ][safepoint      ] Safepoint "Cleanup", Time since last: 2000226878 ns, Reaching safepoint: 90602 ns, Cleanup: 19300 ns, At safepoint: 8300 ns, Total: 118202 ns
[1704.678s][info ][safepoint      ] Safepoint "Cleanup", Time since last: 4000402053 ns, Reaching safepoint: 82502 ns, Cleanup: 12701 ns, At safepoint: 7000 ns, Total: 102203 ns
[1707.678s][info ][safepoint      ] Safepoint "Cleanup", Time since last: 3000305899 ns, Reaching safepoint: 81402 ns, Cleanup: 12701 ns, At safepoint: 6900 ns, Total: 101003 ns
[1716.679s][info ][safepoint      ] Safepoint "Cleanup", Time since last: 9000885597 ns, Reaching safepoint: 82302 ns, Cleanup: 14800 ns, At safepoint: 8100 ns, Total: 105202 ns
[1723.680s][info ][safepoint      ] Safepoint "Cleanup", Time since last: 7000648668 ns, Reaching safepoint: 88202 ns, Cleanup: 21200 ns, At safepoint: 9201 ns, Total: 118603 ns
[1726.680s][info ][safepoint      ] Safepoint "Cleanup", Time since last: 3000313306 ns, Reaching safepoint: 88102 ns, Cleanup: 16000 ns, At safepoint: 7600 ns, Total: 111702 ns
[1729.681s][info ][safepoint      ] Safepoint "Cleanup", Time since last: 3000306256 ns, Reaching safepoint: 79902 ns, Cleanup: 13900 ns, At safepoint: 8600 ns, Total: 102402 ns
[1731.681s][info ][safepoint      ] Safepoint "Cleanup", Time since last: 2000238860 ns, Reaching safepoint: 85402 ns, Cleanup: 12201 ns, At safepoint: 9200 ns, Total: 106803 ns
[1734.681s][info ][safepoint      ] Safepoint "Cleanup", Time since last: 3000317589 ns, Reaching safepoint: 86402 ns, Cleanup: 16300 ns, At safepoint: 8201 ns, Total: 110903 ns
[1736.682s][info ][safepoint      ] Safepoint "Cleanup", Time since last: 2000251860 ns, Reaching safepoint: 111203 ns, Cleanup: 16000 ns, At safepoint: 15700 ns, Total: 142903 ns
[1736.731s][info ][gc,start       ] GC(34) Pause Young (Allocation Failure)
[1736.735s][debug][gc,phases      ] GC(34) Scavenge 3.838ms
[1736.735s][debug][gc,ref         ] GC(34) ReferenceProcessor::execute queues: 1, RefProcThreadModel::Single, marks_oops_alive: false
[1736.735s][debug][gc,ref         ] GC(34) Skipped KeepAliveFinalRefsPhase of Reference Processing: no references
[1736.735s][debug][gc,ref         ] GC(34) ReferenceProcessor::execute queues: 1, RefProcThreadModel::Single, marks_oops_alive: false
[1736.735s][debug][gc,phases      ] GC(34) Reference Processing 0.127ms
[1736.735s][debug][gc,phases      ] GC(34)   VM Weak                        Min:  0.0, Avg:  0.0, Max:  0.0, Diff:  0.0, Sum:  0.0, Workers: 4
[1736.735s][debug][gc,phases      ] GC(34)     Dead                           Min: 0, Avg:  0.0, Max: 0, Diff: 0, Sum: 0, Workers: 4
[1736.735s][debug][gc,phases      ] GC(34)     Total                          Min: 0, Avg: 248.2, Max: 481, Diff: 481, Sum: 993, Workers: 4
[1736.735s][debug][gc,phases      ] GC(34)   ObjectSynchronizer Weak        Min:  0.0, Avg:  0.0, Max:  0.0, Diff:  0.0, Sum:  0.0, Workers: 4
[1736.735s][debug][gc,phases      ] GC(34)     Dead                           Min: 0, Avg:  0.0, Max: 0, Diff: 0, Sum: 0, Workers: 4
[1736.735s][debug][gc,phases      ] GC(34)     Total                          Min: 0, Avg:  1.0, Max: 4, Diff: 4, Sum: 4, Workers: 4
[1736.735s][debug][gc,phases      ] GC(34)   JVMTI Tag Weak OopStorage      Min:  0.0, Avg:  0.0, Max:  0.0, Diff:  0.0, Sum:  0.0, Workers: 4
[1736.735s][debug][gc,phases      ] GC(34)     Dead                           Min: 0, Avg:  0.0, Max: 0, Diff: 0, Sum: 0, Workers: 4
[1736.735s][debug][gc,phases      ] GC(34)     Total                          Min: 0, Avg:  0.0, Max: 0, Diff: 0, Sum: 0, Workers: 4
[1736.735s][debug][gc,phases      ] GC(34)   StringTable Weak               Min:  0.0, Avg:  0.1, Max:  0.2, Diff:  0.2, Sum:  0.5, Workers: 4
[1736.735s][debug][gc,phases      ] GC(34)     Dead                           Min: 0, Avg:  0.0, Max: 0, Diff: 0, Sum: 0, Workers: 4
[1736.735s][debug][gc,phases      ] GC(34)     Total                          Min: 0, Avg: 11145.8, Max: 15872, Diff: 15872, Sum: 44583, Workers: 4
[1736.735s][debug][gc,phases      ] GC(34)   ResolvedMethodTable Weak       Min:  0.0, Avg:  0.0, Max:  0.1, Diff:  0.1, Sum:  0.2, Workers: 4
[1736.735s][debug][gc,phases      ] GC(34)     Dead                           Min: 0, Avg:  4.0, Max: 14, Diff: 14, Sum: 16, Workers: 4
[1736.735s][debug][gc,phases      ] GC(34)     Total                          Min: 0, Avg: 3882.0, Max: 5555, Diff: 5555, Sum: 15528, Workers: 4
[1736.735s][debug][gc,phases      ] GC(34)   JNI Weak                       Min:  0.0, Avg:  0.0, Max:  0.0, Diff:  0.0, Sum:  0.0, Workers: 4
[1736.735s][debug][gc,phases      ] GC(34)     Dead                           Min: 0, Avg:  0.0, Max: 0, Diff: 0, Sum: 0, Workers: 4
[1736.735s][debug][gc,phases      ] GC(34)     Total                          Min: 0, Avg: 12.0, Max: 48, Diff: 48, Sum: 48, Workers: 4
[1736.735s][debug][gc,phases      ] GC(34)   StringDedup Table Weak         Min:  0.0, Avg:  0.0, Max:  0.0, Diff:  0.0, Sum:  0.0, Workers: 4
[1736.735s][debug][gc,phases      ] GC(34)     Dead                           Min: 0, Avg:  0.0, Max: 0, Diff: 0, Sum: 0, Workers: 4
[1736.735s][debug][gc,phases      ] GC(34)     Total                          Min: 0, Avg:  0.0, Max: 0, Diff: 0, Sum: 0, Workers: 4
[1736.735s][debug][gc,phases      ] GC(34)   StringDedup Requests0 Weak     Min:  0.0, Avg:  0.0, Max:  0.0, Diff:  0.0, Sum:  0.0, Workers: 4
[1736.735s][debug][gc,phases      ] GC(34)     Dead                           Min: 0, Avg:  0.0, Max: 0, Diff: 0, Sum: 0, Workers: 4
[1736.735s][debug][gc,phases      ] GC(34)     Total                          Min: 0, Avg:  0.0, Max: 0, Diff: 0, Sum: 0, Workers: 4
[1736.735s][debug][gc,phases      ] GC(34)   StringDedup Requests1 Weak     Min:  0.0, Avg:  0.0, Max:  0.0, Diff:  0.0, Sum:  0.0, Workers: 4
[1736.735s][debug][gc,phases      ] GC(34)     Dead                           Min: 0, Avg:  0.0, Max: 0, Diff: 0, Sum: 0, Workers: 4
[1736.735s][debug][gc,phases      ] GC(34)     Total                          Min: 0, Avg:  0.0, Max: 0, Diff: 0, Sum: 0, Workers: 4
[1736.735s][debug][gc,phases      ] GC(34)   Weak JFR Old Object Samples    Min:  0.0, Avg:  0.0, Max:  0.0, Diff:  0.0, Sum:  0.0, Workers: 4
[1736.735s][debug][gc,phases      ] GC(34)     Dead                           Min: 0, Avg:  0.0, Max: 0, Diff: 0, Sum: 0, Workers: 4
[1736.735s][debug][gc,phases      ] GC(34)     Total                          Min: 0, Avg:  0.0, Max: 0, Diff: 0, Sum: 0, Workers: 4
[1736.735s][debug][gc,phases      ] GC(34) Weak Processing 0.472ms
[1736.735s][debug][gc,age         ] GC(34) Desired survivor size 117440512 bytes, new threshold 1 (max threshold 15)
[1736.735s][info ][gc,heap        ] GC(34) PSYoungGen: 1829984K(1957376K)->3104K(1982464K) Eden: 1826304K(1826304K)->0K(1859584K) From: 3680K(131072K)->3104K(122880K)
[1736.735s][info ][gc,heap        ] GC(34) ParOldGen: 271174K(271360K)->271734K(271872K)
[1736.735s][info ][gc,metaspace   ] GC(34) Metaspace: 102145K(103424K)->102145K(103424K) NonClass: 86667K(87360K)->86667K(87360K) Class: 15477K(16064K)->15477K(16064K)
[1736.735s][info ][gc             ] GC(34) Pause Young (Allocation Failure) 2051M->268M(2201M) 4.618ms
[1736.735s][info ][gc,cpu         ] GC(34) User=0.01s Sys=0.00s Real=0.00s
[1736.735s][info ][safepoint      ] Safepoint "ParallelGCFailedAllocation", Time since last: 48849669 ns, Reaching safepoint: 8900 ns, Cleanup: 5301 ns, At safepoint: 4705412 ns, Total: 4719613 ns
[1737.735s][info ][safepoint      ] Safepoint "Cleanup", Time since last: 1000099695 ns, Reaching safepoint: 7800 ns, Cleanup: 31801 ns, At safepoint: 2600 ns, Total: 42201 ns
[1738.736s][info ][safepoint      ] Safepoint "Cleanup", Time since last: 1000136376 ns, Reaching safepoint: 7600 ns, Cleanup: 13100 ns, At safepoint: 2600 ns, Total: 23300 ns
[1739.736s][info ][safepoint      ] Safepoint "Cleanup", Time since last: 1000120476 ns, Reaching safepoint: 82002 ns, Cleanup: 13500 ns, At safepoint: 9700 ns, Total: 105202 ns
[1742.694s][info ][safepoint      ] Safepoint "Cleanup", Time since last: 2958511586 ns, Reaching safepoint: 10800 ns, Cleanup: 19800 ns, At safepoint: 3100 ns, Total: 33700 ns
[1743.695s][info ][safepoint      ] Safepoint "Cleanup", Time since last: 1000175392 ns, Reaching safepoint: 11300 ns, Cleanup: 18901 ns, At safepoint: 36901 ns, Total: 67102 ns
[1744.695s][info ][safepoint      ] Safepoint "Cleanup", Time since last: 1000120390 ns, Reaching safepoint: 8300 ns, Cleanup: 26101 ns, At safepoint: 2900 ns, Total: 37301 ns
[1745.695s][info ][safepoint      ] Safepoint "Cleanup", Time since last: 1000141141 ns, Reaching safepoint: 86302 ns, Cleanup: 24201 ns, At safepoint: 11700 ns, Total: 122203 ns
[1747.695s][info ][safepoint      ] Safepoint "Cleanup", Time since last: 2000276988 ns, Reaching safepoint: 11600 ns, Cleanup: 18901 ns, At safepoint: 3100 ns, Total: 33601 ns
[1748.696s][info ][safepoint      ] Safepoint "Cleanup", Time since last: 1000309448 ns, Reaching safepoint: 28500 ns, Cleanup: 54402 ns, At safepoint: 5900 ns, Total: 88802 ns
[1750.696s][info ][safepoint      ] Safepoint "Cleanup", Time since last: 2000262487 ns, Reaching safepoint: 11100 ns, Cleanup: 14601 ns, At safepoint: 3000 ns, Total: 28701 ns
[1751.696s][info ][safepoint      ] Safepoint "Cleanup", Time since last: 1000135044 ns, Reaching safepoint: 13400 ns, Cleanup: 18000 ns, At safepoint: 3000 ns, Total: 34400 ns
[1754.697s][info ][safepoint      ] Safepoint "Cleanup", Time since last: 3000327754 ns, Reaching safepoint: 14800 ns, Cleanup: 20301 ns, At safepoint: 3100 ns, Total: 38201 ns
[1756.697s][info ][safepoint      ] Safepoint "Cleanup", Time since last: 2000219283 ns, Reaching safepoint: 12700 ns, Cleanup: 16400 ns, At safepoint: 2900 ns, Total: 32000 ns
[1759.697s][info ][safepoint      ] Safepoint "Cleanup", Time since last: 3000365865 ns, Reaching safepoint: 10900 ns, Cleanup: 16901 ns, At safepoint: 2500 ns, Total: 30301 ns
[1763.698s][info ][safepoint      ] Safepoint "Cleanup", Time since last: 4000393732 ns, Reaching safepoint: 11600 ns, Cleanup: 15301 ns, At safepoint: 3300 ns, Total: 30201 ns
[1766.698s][info ][safepoint      ] Safepoint "Cleanup", Time since last: 3000299137 ns, Reaching safepoint: 14300 ns, Cleanup: 17300 ns, At safepoint: 2700 ns, Total: 34300 ns
[1774.699s][info ][safepoint      ] Safepoint "Cleanup", Time since last: 8000721956 ns, Reaching safepoint: 12501 ns, Cleanup: 27000 ns, At safepoint: 2800 ns, Total: 42301 ns
[1776.699s][info ][safepoint      ] Safepoint "Cleanup", Time since last: 2000230297 ns, Reaching safepoint: 10100 ns, Cleanup: 17401 ns, At safepoint: 2700 ns, Total: 30201 ns
[1780.699s][info ][safepoint      ] Safepoint "Cleanup", Time since last: 4000389513 ns, Reaching safepoint: 9200 ns, Cleanup: 14000 ns, At safepoint: 3200 ns, Total: 26400 ns
[1783.700s][info ][safepoint      ] Safepoint "Cleanup", Time since last: 3000374503 ns, Reaching safepoint: 11901 ns, Cleanup: 17800 ns, At safepoint: 3200 ns, Total: 32901 ns
[1786.700s][info ][safepoint      ] Safepoint "Cleanup", Time since last: 3000314015 ns, Reaching safepoint: 10000 ns, Cleanup: 14900 ns, At safepoint: 3001 ns, Total: 27901 ns
[1787.700s][info ][safepoint      ] Safepoint "Cleanup", Time since last: 1000143143 ns, Reaching safepoint: 13000 ns, Cleanup: 21200 ns, At safepoint: 2900 ns, Total: 37100 ns
[1789.701s][info ][safepoint      ] Safepoint "Cleanup", Time since last: 2000238486 ns, Reaching safepoint: 10700 ns, Cleanup: 20000 ns, At safepoint: 3400 ns, Total: 34100 ns
[1791.701s][info ][safepoint      ] Safepoint "Cleanup", Time since last: 2000238885 ns, Reaching safepoint: 10201 ns, Cleanup: 16000 ns, At safepoint: 2800 ns, Total: 29001 ns
[1794.701s][info ][safepoint      ] Safepoint "Cleanup", Time since last: 3000318450 ns, Reaching safepoint: 10401 ns, Cleanup: 14100 ns, At safepoint: 2300 ns, Total: 26801 ns
[1799.702s][info ][safepoint      ] Safepoint "Cleanup", Time since last: 5000490286 ns, Reaching safepoint: 11001 ns, Cleanup: 17300 ns, At safepoint: 3200 ns, Total: 31501 ns
[1801.282s][info ][safepoint      ] Safepoint "Cleanup", Time since last: 1580374316 ns, Reaching safepoint: 84602 ns, Cleanup: 45601 ns, At safepoint: 9400 ns, Total: 139603 ns
[1803.283s][info ][safepoint      ] Safepoint "Cleanup", Time since last: 2000220677 ns, Reaching safepoint: 14500 ns, Cleanup: 20300 ns, At safepoint: 3400 ns, Total: 38200 ns
[1806.283s][info ][safepoint      ] Safepoint "Cleanup", Time since last: 3000337515 ns, Reaching safepoint: 84302 ns, Cleanup: 18101 ns, At safepoint: 5500 ns, Total: 107903 ns
[1814.287s][info ][safepoint      ] Safepoint "Cleanup", Time since last: 8004203933 ns, Reaching safepoint: 13200 ns, Cleanup: 15401 ns, At safepoint: 3400 ns, Total: 32001 ns
[1815.536s][info ][gc,start       ] GC(35) Pause Young (Allocation Failure)
[1815.540s][debug][gc,phases      ] GC(35) Scavenge 4.780ms
[1815.541s][debug][gc,ref         ] GC(35) ReferenceProcessor::execute queues: 1, RefProcThreadModel::Single, marks_oops_alive: false
[1815.541s][debug][gc,ref         ] GC(35) Skipped KeepAliveFinalRefsPhase of Reference Processing: no references
[1815.541s][debug][gc,ref         ] GC(35) ReferenceProcessor::execute queues: 1, RefProcThreadModel::Single, marks_oops_alive: false
[1815.541s][debug][gc,phases      ] GC(35) Reference Processing 0.150ms
[1815.541s][debug][gc,phases      ] GC(35)   VM Weak                        Min:  0.0, Avg:  0.0, Max:  0.0, Diff:  0.0, Sum:  0.0, Workers: 4
[1815.541s][debug][gc,phases      ] GC(35)     Dead                           Min: 0, Avg:  0.0, Max: 0, Diff: 0, Sum: 0, Workers: 4
[1815.541s][debug][gc,phases      ] GC(35)     Total                          Min: 0, Avg: 248.2, Max: 993, Diff: 993, Sum: 993, Workers: 4
[1815.541s][debug][gc,phases      ] GC(35)   ObjectSynchronizer Weak        Min:  0.0, Avg:  0.0, Max:  0.0, Diff:  0.0, Sum:  0.0, Workers: 4
[1815.541s][debug][gc,phases      ] GC(35)     Dead                           Min: 0, Avg:  0.0, Max: 0, Diff: 0, Sum: 0, Workers: 4
[1815.541s][debug][gc,phases      ] GC(35)     Total                          Min: 0, Avg:  0.8, Max: 3, Diff: 3, Sum: 3, Workers: 4
[1815.541s][debug][gc,phases      ] GC(35)   JVMTI Tag Weak OopStorage      Min:  0.0, Avg:  0.0, Max:  0.0, Diff:  0.0, Sum:  0.0, Workers: 4
[1815.541s][debug][gc,phases      ] GC(35)     Dead                           Min: 0, Avg:  0.0, Max: 0, Diff: 0, Sum: 0, Workers: 4
[1815.541s][debug][gc,phases      ] GC(35)     Total                          Min: 0, Avg:  0.0, Max: 0, Diff: 0, Sum: 0, Workers: 4
[1815.541s][debug][gc,phases      ] GC(35)   StringTable Weak               Min:  0.0, Avg:  0.1, Max:  0.4, Diff:  0.4, Sum:  0.5, Workers: 4
[1815.541s][debug][gc,phases      ] GC(35)     Dead                           Min: 0, Avg:  0.5, Max: 2, Diff: 2, Sum: 2, Workers: 4
[1815.541s][debug][gc,phases      ] GC(35)     Total                          Min: 0, Avg: 11155.0, Max: 36736, Diff: 36736, Sum: 44620, Workers: 4
[1815.541s][debug][gc,phases      ] GC(35)   ResolvedMethodTable Weak       Min:  0.0, Avg:  0.0, Max:  0.1, Diff:  0.1, Sum:  0.2, Workers: 4
[1815.541s][debug][gc,phases      ] GC(35)     Dead                           Min: 0, Avg:  8.8, Max: 20, Diff: 20, Sum: 35, Workers: 4
[1815.541s][debug][gc,phases      ] GC(35)     Total                          Min: 0, Avg: 3891.2, Max: 7934, Diff: 7934, Sum: 15565, Workers: 4
[1815.541s][debug][gc,phases      ] GC(35)   JNI Weak                       Min:  0.0, Avg:  0.0, Max:  0.0, Diff:  0.0, Sum:  0.0, Workers: 4
[1815.541s][debug][gc,phases      ] GC(35)     Dead                           Min: 0, Avg:  0.0, Max: 0, Diff: 0, Sum: 0, Workers: 4
[1815.541s][debug][gc,phases      ] GC(35)     Total                          Min: 0, Avg: 12.0, Max: 48, Diff: 48, Sum: 48, Workers: 4
[1815.541s][debug][gc,phases      ] GC(35)   StringDedup Table Weak         Min:  0.0, Avg:  0.0, Max:  0.0, Diff:  0.0, Sum:  0.0, Workers: 4
[1815.541s][debug][gc,phases      ] GC(35)     Dead                           Min: 0, Avg:  0.0, Max: 0, Diff: 0, Sum: 0, Workers: 4
[1815.541s][debug][gc,phases      ] GC(35)     Total                          Min: 0, Avg:  0.0, Max: 0, Diff: 0, Sum: 0, Workers: 4
[1815.541s][debug][gc,phases      ] GC(35)   StringDedup Requests0 Weak     Min:  0.0, Avg:  0.0, Max:  0.0, Diff:  0.0, Sum:  0.0, Workers: 4
[1815.541s][debug][gc,phases      ] GC(35)     Dead                           Min: 0, Avg:  0.0, Max: 0, Diff: 0, Sum: 0, Workers: 4
[1815.541s][debug][gc,phases      ] GC(35)     Total                          Min: 0, Avg:  0.0, Max: 0, Diff: 0, Sum: 0, Workers: 4
[1815.541s][debug][gc,phases      ] GC(35)   StringDedup Requests1 Weak     Min:  0.0, Avg:  0.0, Max:  0.0, Diff:  0.0, Sum:  0.0, Workers: 4
[1815.541s][debug][gc,phases      ] GC(35)     Dead                           Min: 0, Avg:  0.0, Max: 0, Diff: 0, Sum: 0, Workers: 4
[1815.541s][debug][gc,phases      ] GC(35)     Total                          Min: 0, Avg:  0.0, Max: 0, Diff: 0, Sum: 0, Workers: 4
[1815.541s][debug][gc,phases      ] GC(35)   Weak JFR Old Object Samples    Min:  0.0, Avg:  0.0, Max:  0.0, Diff:  0.0, Sum:  0.0, Workers: 4
[1815.541s][debug][gc,phases      ] GC(35)     Dead                           Min: 0, Avg:  0.0, Max: 0, Diff: 0, Sum: 0, Workers: 4
[1815.541s][debug][gc,phases      ] GC(35)     Total                          Min: 0, Avg:  0.0, Max: 0, Diff: 0, Sum: 0, Workers: 4
[1815.541s][debug][gc,phases      ] GC(35) Weak Processing 0.810ms
[1815.541s][debug][gc,age         ] GC(35) Desired survivor size 110100480 bytes, new threshold 1 (max threshold 15)
[1815.541s][info ][gc,heap        ] GC(35) PSYoungGen: 1862688K(1982464K)->3200K(1974272K) Eden: 1859584K(1859584K)->0K(1859584K) From: 3104K(122880K)->3200K(114688K)
[1815.541s][info ][gc,heap        ] GC(35) ParOldGen: 271734K(271872K)->272190K(272384K)
[1815.541s][info ][gc,metaspace   ] GC(35) Metaspace: 102239K(103552K)->102239K(103552K) NonClass: 86746K(87488K)->86746K(87488K) Class: 15493K(16064K)->15493K(16064K)
[1815.541s][info ][gc             ] GC(35) Pause Young (Allocation Failure) 2084M->268M(2194M) 5.928ms
[1815.541s][info ][gc,cpu         ] GC(35) User=0.01s Sys=0.01s Real=0.01s
[1815.541s][info ][safepoint      ] Safepoint "ParallelGCFailedAllocation", Time since last: 1248180752 ns, Reaching safepoint: 85502 ns, Cleanup: 5100 ns, At safepoint: 6033842 ns, Total: 6124444 ns
[1818.542s][info ][safepoint      ] Safepoint "Cleanup", Time since last: 3000236573 ns, Reaching safepoint: 13000 ns, Cleanup: 29801 ns, At safepoint: 3300 ns, Total: 46101 ns
[1819.542s][info ][safepoint      ] Safepoint "Cleanup", Time since last: 1000156015 ns, Reaching safepoint: 10700 ns, Cleanup: 14701 ns, At safepoint: 3100 ns, Total: 28501 ns
[1820.544s][info ][safepoint      ] Safepoint "Cleanup", Time since last: 1001665449 ns, Reaching safepoint: 11101 ns, Cleanup: 23400 ns, At safepoint: 2700 ns, Total: 37201 ns
[1823.544s][info ][safepoint      ] Safepoint "Cleanup", Time since last: 3000248840 ns, Reaching safepoint: 9800 ns, Cleanup: 11700 ns, At safepoint: 3100 ns, Total: 24600 ns
[1829.545s][info ][safepoint      ] Safepoint "Cleanup", Time since last: 6000536733 ns, Reaching safepoint: 9900 ns, Cleanup: 14601 ns, At safepoint: 2700 ns, Total: 27201 ns
[1830.545s][info ][safepoint      ] Safepoint "Cleanup", Time since last: 1000116302 ns, Reaching safepoint: 12500 ns, Cleanup: 14200 ns, At safepoint: 3300 ns, Total: 30000 ns
[1833.545s][info ][safepoint      ] Safepoint "Cleanup", Time since last: 3000260474 ns, Reaching safepoint: 12901 ns, Cleanup: 21201 ns, At safepoint: 3100 ns, Total: 37202 ns
[1837.545s][info ][safepoint      ] Safepoint "Cleanup", Time since last: 4000323851 ns, Reaching safepoint: 82302 ns, Cleanup: 12300 ns, At safepoint: 7800 ns, Total: 102402 ns
[1840.546s][info ][safepoint      ] Safepoint "Cleanup", Time since last: 3000325916 ns, Reaching safepoint: 13500 ns, Cleanup: 16601 ns, At safepoint: 3200 ns, Total: 33301 ns
[1848.547s][info ][safepoint      ] Safepoint "Cleanup", Time since last: 8001064645 ns, Reaching safepoint: 11201 ns, Cleanup: 30701 ns, At safepoint: 3200 ns, Total: 45102 ns
[1849.547s][info ][safepoint      ] Safepoint "Cleanup", Time since last: 1000122261 ns, Reaching safepoint: 12600 ns, Cleanup: 17901 ns, At safepoint: 3000 ns, Total: 33501 ns
[1850.547s][info ][safepoint      ] Safepoint "Cleanup", Time since last: 1000119073 ns, Reaching safepoint: 11101 ns, Cleanup: 16700 ns, At safepoint: 3000 ns, Total: 30801 ns
[1854.548s][info ][safepoint      ] Safepoint "Cleanup", Time since last: 4000587898 ns, Reaching safepoint: 12000 ns, Cleanup: 16401 ns, At safepoint: 3000 ns, Total: 31401 ns
[1858.548s][info ][safepoint      ] Safepoint "Cleanup", Time since last: 4000410321 ns, Reaching safepoint: 10101 ns, Cleanup: 14401 ns, At safepoint: 3100 ns, Total: 27602 ns
[1867.767s][info ][safepoint      ] Safepoint "Cleanup", Time since last: 9218711325 ns, Reaching safepoint: 11300 ns, Cleanup: 21901 ns, At safepoint: 3100 ns, Total: 36301 ns
[1868.767s][info ][safepoint      ] Safepoint "Cleanup", Time since last: 1000121978 ns, Reaching safepoint: 12600 ns, Cleanup: 20401 ns, At safepoint: 3300 ns, Total: 36301 ns
[1869.767s][info ][safepoint      ] Safepoint "Cleanup", Time since last: 1000122878 ns, Reaching safepoint: 12400 ns, Cleanup: 40601 ns, At safepoint: 3700 ns, Total: 56701 ns
[1870.767s][info ][safepoint      ] Safepoint "Cleanup", Time since last: 1000123978 ns, Reaching safepoint: 11501 ns, Cleanup: 19000 ns, At safepoint: 3200 ns, Total: 33701 ns
[1871.768s][info ][safepoint      ] Safepoint "Cleanup", Time since last: 1000135178 ns, Reaching safepoint: 10001 ns, Cleanup: 17900 ns, At safepoint: 37801 ns, Total: 65702 ns
[1872.801s][info ][safepoint      ] Safepoint "Cleanup", Time since last: 1033675686 ns, Reaching safepoint: 10400 ns, Cleanup: 15000 ns, At safepoint: 2800 ns, Total: 28200 ns
[1873.802s][info ][safepoint      ] Safepoint "Cleanup", Time since last: 1000123076 ns, Reaching safepoint: 13502 ns, Cleanup: 24905 ns, At safepoint: 2901 ns, Total: 41308 ns
[1894.803s][info ][safepoint      ] Safepoint "Cleanup", Time since last: 21001754352 ns, Reaching safepoint: 12501 ns, Cleanup: 15601 ns, At safepoint: 22502 ns, Total: 50604 ns
[1895.803s][info ][safepoint      ] Safepoint "Cleanup", Time since last: 1000121927 ns, Reaching safepoint: 12601 ns, Cleanup: 16101 ns, At safepoint: 3200 ns, Total: 31902 ns
[1896.804s][info ][safepoint      ] Safepoint "Cleanup", Time since last: 1000093326 ns, Reaching safepoint: 12801 ns, Cleanup: 20701 ns, At safepoint: 3100 ns, Total: 36602 ns
[1903.734s][info ][gc,start       ] GC(36) Pause Young (Allocation Failure)
[1903.743s][debug][gc,phases      ] GC(36) Scavenge 8.704ms
[1903.743s][debug][gc,ref         ] GC(36) ReferenceProcessor::execute queues: 1, RefProcThreadModel::Single, marks_oops_alive: false
[1903.743s][debug][gc,ref         ] GC(36) Skipped KeepAliveFinalRefsPhase of Reference Processing: no references
[1903.743s][debug][gc,ref         ] GC(36) ReferenceProcessor::execute queues: 1, RefProcThreadModel::Single, marks_oops_alive: false
[1903.743s][debug][gc,phases      ] GC(36) Reference Processing 0.151ms
[1903.743s][debug][gc,phases      ] GC(36)   VM Weak                        Min:  0.0, Avg:  0.0, Max:  0.0, Diff:  0.0, Sum:  0.0, Workers: 4
[1903.743s][debug][gc,phases      ] GC(36)     Dead                           Min: 0, Avg:  0.0, Max: 0, Diff: 0, Sum: 0, Workers: 4
[1903.743s][debug][gc,phases      ] GC(36)     Total                          Min: 0, Avg: 248.2, Max: 673, Diff: 673, Sum: 993, Workers: 4
[1903.743s][debug][gc,phases      ] GC(36)   ObjectSynchronizer Weak        Min:  0.0, Avg:  0.0, Max:  0.0, Diff:  0.0, Sum:  0.0, Workers: 4
[1903.743s][debug][gc,phases      ] GC(36)     Dead                           Min: 0, Avg:  0.0, Max: 0, Diff: 0, Sum: 0, Workers: 4
[1903.744s][debug][gc,phases      ] GC(36)     Total                          Min: 0, Avg:  1.0, Max: 4, Diff: 4, Sum: 4, Workers: 4
[1903.744s][debug][gc,phases      ] GC(36)   JVMTI Tag Weak OopStorage      Min:  0.0, Avg:  0.0, Max:  0.0, Diff:  0.0, Sum:  0.0, Workers: 4
[1903.744s][debug][gc,phases      ] GC(36)     Dead                           Min: 0, Avg:  0.0, Max: 0, Diff: 0, Sum: 0, Workers: 4
[1903.744s][debug][gc,phases      ] GC(36)     Total                          Min: 0, Avg:  0.0, Max: 0, Diff: 0, Sum: 0, Workers: 4
[1903.744s][debug][gc,phases      ] GC(36)   StringTable Weak               Min:  0.0, Avg:  0.1, Max:  0.3, Diff:  0.3, Sum:  0.5, Workers: 4
[1903.744s][debug][gc,phases      ] GC(36)     Dead                           Min: 0, Avg:  0.0, Max: 0, Diff: 0, Sum: 0, Workers: 4
[1903.744s][debug][gc,phases      ] GC(36)     Total                          Min: 0, Avg: 11156.8, Max: 22464, Diff: 22464, Sum: 44627, Workers: 4
[1903.744s][debug][gc,phases      ] GC(36)   ResolvedMethodTable Weak       Min:  0.0, Avg:  0.0, Max:  0.1, Diff:  0.1, Sum:  0.2, Workers: 4
[1903.744s][debug][gc,phases      ] GC(36)     Dead                           Min: 0, Avg:  4.0, Max: 16, Diff: 16, Sum: 16, Workers: 4
[1903.744s][debug][gc,phases      ] GC(36)     Total                          Min: 0, Avg: 3892.2, Max: 7957, Diff: 7957, Sum: 15569, Workers: 4
[1903.744s][debug][gc,phases      ] GC(36)   JNI Weak                       Min:  0.0, Avg:  0.0, Max:  0.0, Diff:  0.0, Sum:  0.0, Workers: 4
[1903.744s][debug][gc,phases      ] GC(36)     Dead                           Min: 0, Avg:  0.0, Max: 0, Diff: 0, Sum: 0, Workers: 4
[1903.744s][debug][gc,phases      ] GC(36)     Total                          Min: 0, Avg: 12.0, Max: 48, Diff: 48, Sum: 48, Workers: 4
[1903.744s][debug][gc,phases      ] GC(36)   StringDedup Table Weak         Min:  0.0, Avg:  0.0, Max:  0.0, Diff:  0.0, Sum:  0.0, Workers: 4
[1903.744s][debug][gc,phases      ] GC(36)     Dead                           Min: 0, Avg:  0.0, Max: 0, Diff: 0, Sum: 0, Workers: 4
[1903.744s][debug][gc,phases      ] GC(36)     Total                          Min: 0, Avg:  0.0, Max: 0, Diff: 0, Sum: 0, Workers: 4
[1903.744s][debug][gc,phases      ] GC(36)   StringDedup Requests0 Weak     Min:  0.0, Avg:  0.0, Max:  0.0, Diff:  0.0, Sum:  0.0, Workers: 4
[1903.744s][debug][gc,phases      ] GC(36)     Dead                           Min: 0, Avg:  0.0, Max: 0, Diff: 0, Sum: 0, Workers: 4
[1903.744s][debug][gc,phases      ] GC(36)     Total                          Min: 0, Avg:  0.0, Max: 0, Diff: 0, Sum: 0, Workers: 4
[1903.744s][debug][gc,phases      ] GC(36)   StringDedup Requests1 Weak     Min:  0.0, Avg:  0.0, Max:  0.0, Diff:  0.0, Sum:  0.0, Workers: 4
[1903.744s][debug][gc,phases      ] GC(36)     Dead                           Min: 0, Avg:  0.0, Max: 0, Diff: 0, Sum: 0, Workers: 4
[1903.744s][debug][gc,phases      ] GC(36)     Total                          Min: 0, Avg:  0.0, Max: 0, Diff: 0, Sum: 0, Workers: 4
[1903.744s][debug][gc,phases      ] GC(36)   Weak JFR Old Object Samples    Min:  0.0, Avg:  0.0, Max:  0.0, Diff:  0.0, Sum:  0.0, Workers: 4
[1903.744s][debug][gc,phases      ] GC(36)     Dead                           Min: 0, Avg:  0.0, Max: 0, Diff: 0, Sum: 0, Workers: 4
[1903.744s][debug][gc,phases      ] GC(36)     Total                          Min: 0, Avg:  0.0, Max: 0, Diff: 0, Sum: 0, Workers: 4
[1903.744s][debug][gc,phases      ] GC(36) Weak Processing 0.671ms
[1903.744s][debug][gc,age         ] GC(36) Desired survivor size 102760448 bytes, new threshold 1 (max threshold 15)
[1903.744s][info ][gc,heap        ] GC(36) PSYoungGen: 1862784K(1974272K)->2864K(1996800K) Eden: 1859584K(1859584K)->0K(1889280K) From: 3200K(114688K)->2864K(107520K)
[1903.744s][info ][gc,heap        ] GC(36) ParOldGen: 272190K(272384K)->272823K(272896K)
[1903.744s][info ][gc,metaspace   ] GC(36) Metaspace: 102290K(103552K)->102290K(103552K) NonClass: 86796K(87488K)->86796K(87488K) Class: 15494K(16064K)->15494K(16064K)
[1903.744s][info ][gc             ] GC(36) Pause Young (Allocation Failure) 2084M->269M(2216M) 9.691ms
[1903.744s][info ][gc,cpu         ] GC(36) User=0.00s Sys=0.00s Real=0.01s
[1903.744s][info ][safepoint      ] Safepoint "ParallelGCFailedAllocation", Time since last: 6930402140 ns, Reaching safepoint: 10201 ns, Cleanup: 5200 ns, At safepoint: 9808495 ns, Total: 9823896 ns
[1906.744s][info ][safepoint      ] Safepoint "Cleanup", Time since last: 3000325967 ns, Reaching safepoint: 11201 ns, Cleanup: 16801 ns, At safepoint: 2800 ns, Total: 30802 ns
[1908.744s][info ][safepoint      ] Safepoint "Cleanup", Time since last: 2000182990 ns, Reaching safepoint: 11301 ns, Cleanup: 20101 ns, At safepoint: 3201 ns, Total: 34603 ns
[1909.745s][info ][safepoint      ] Safepoint "Cleanup", Time since last: 1000126047 ns, Reaching safepoint: 14201 ns, Cleanup: 16901 ns, At safepoint: 3000 ns, Total: 34102 ns
[1911.745s][info ][safepoint      ] Safepoint "Cleanup", Time since last: 2000201392 ns, Reaching safepoint: 12600 ns, Cleanup: 21402 ns, At safepoint: 3400 ns, Total: 37402 ns
[1912.745s][info ][safepoint      ] Safepoint "Cleanup", Time since last: 1000129647 ns, Reaching safepoint: 10701 ns, Cleanup: 13501 ns, At safepoint: 3000 ns, Total: 27202 ns
[1919.746s][info ][safepoint      ] Safepoint "Cleanup", Time since last: 7000645515 ns, Reaching safepoint: 13701 ns, Cleanup: 17201 ns, At safepoint: 3000 ns, Total: 33902 ns
[1920.746s][info ][safepoint      ] Safepoint "Cleanup", Time since last: 1000138024 ns, Reaching safepoint: 13600 ns, Cleanup: 16601 ns, At safepoint: 3801 ns, Total: 34002 ns
[1926.838s][info ][safepoint      ] Safepoint "Cleanup", Time since last: 6092221646 ns, Reaching safepoint: 10100 ns, Cleanup: 26802 ns, At safepoint: 3600 ns, Total: 40502 ns
[1928.838s][info ][safepoint      ] Safepoint "Cleanup", Time since last: 2000202147 ns, Reaching safepoint: 9500 ns, Cleanup: 15401 ns, At safepoint: 2900 ns, Total: 27801 ns
[1930.839s][info ][safepoint      ] Safepoint "Cleanup", Time since last: 2000224032 ns, Reaching safepoint: 9401 ns, Cleanup: 28101 ns, At safepoint: 2701 ns, Total: 40203 ns
[1958.841s][info ][safepoint      ] Safepoint "Cleanup", Time since last: 28002885224 ns, Reaching safepoint: 7800 ns, Cleanup: 13201 ns, At safepoint: 2600 ns, Total: 23601 ns
[1961.842s][info ][safepoint      ] Safepoint "Cleanup", Time since last: 3000478673 ns, Reaching safepoint: 11400 ns, Cleanup: 19201 ns, At safepoint: 2900 ns, Total: 33501 ns
[1962.842s][info ][safepoint      ] Safepoint "Cleanup", Time since last: 1000130586 ns, Reaching safepoint: 12001 ns, Cleanup: 21401 ns, At safepoint: 3000 ns, Total: 36402 ns
[1969.843s][info ][safepoint      ] Safepoint "Cleanup", Time since last: 7000610180 ns, Reaching safepoint: 10201 ns, Cleanup: 15300 ns, At safepoint: 2701 ns, Total: 28202 ns
[1974.843s][info ][safepoint      ] Safepoint "Cleanup", Time since last: 5000477994 ns, Reaching safepoint: 9201 ns, Cleanup: 14500 ns, At safepoint: 2501 ns, Total: 26202 ns
[1990.867s][info ][safepoint      ] Safepoint "Cleanup", Time since last: 16023652073 ns, Reaching safepoint: 9700 ns, Cleanup: 14701 ns, At safepoint: 2800 ns, Total: 27201 ns
[1992.496s][info ][gc,start       ] GC(37) Pause Young (Allocation Failure)
[1992.500s][debug][gc,phases      ] GC(37) Scavenge 4.148ms
[1992.500s][debug][gc,ref         ] GC(37) ReferenceProcessor::execute queues: 1, RefProcThreadModel::Single, marks_oops_alive: false
[1992.500s][debug][gc,ref         ] GC(37) Skipped KeepAliveFinalRefsPhase of Reference Processing: no references
[1992.500s][debug][gc,ref         ] GC(37) ReferenceProcessor::execute queues: 1, RefProcThreadModel::Single, marks_oops_alive: false
[1992.500s][debug][gc,phases      ] GC(37) Reference Processing 0.125ms
[1992.501s][debug][gc,phases      ] GC(37)   VM Weak                        Min:  0.0, Avg:  0.0, Max:  0.0, Diff:  0.0, Sum:  0.0, Workers: 4
[1992.501s][debug][gc,phases      ] GC(37)     Dead                           Min: 0, Avg:  0.0, Max: 0, Diff: 0, Sum: 0, Workers: 4
[1992.501s][debug][gc,phases      ] GC(37)     Total                          Min: 0, Avg: 248.2, Max: 512, Diff: 512, Sum: 993, Workers: 4
[1992.501s][debug][gc,phases      ] GC(37)   ObjectSynchronizer Weak        Min:  0.0, Avg:  0.0, Max:  0.0, Diff:  0.0, Sum:  0.0, Workers: 4
[1992.501s][debug][gc,phases      ] GC(37)     Dead                           Min: 0, Avg:  0.0, Max: 0, Diff: 0, Sum: 0, Workers: 4
[1992.501s][debug][gc,phases      ] GC(37)     Total                          Min: 0, Avg:  1.0, Max: 4, Diff: 4, Sum: 4, Workers: 4
[1992.501s][debug][gc,phases      ] GC(37)   JVMTI Tag Weak OopStorage      Min:  0.0, Avg:  0.0, Max:  0.0, Diff:  0.0, Sum:  0.0, Workers: 4
[1992.501s][debug][gc,phases      ] GC(37)     Dead                           Min: 0, Avg:  0.0, Max: 0, Diff: 0, Sum: 0, Workers: 4
[1992.501s][debug][gc,phases      ] GC(37)     Total                          Min: 0, Avg:  0.0, Max: 0, Diff: 0, Sum: 0, Workers: 4
[1992.501s][debug][gc,phases      ] GC(37)   StringTable Weak               Min:  0.0, Avg:  0.1, Max:  0.2, Diff:  0.2, Sum:  0.5, Workers: 4
[1992.501s][debug][gc,phases      ] GC(37)     Dead                           Min: 0, Avg:  0.0, Max: 0, Diff: 0, Sum: 0, Workers: 4
[1992.501s][debug][gc,phases      ] GC(37)     Total                          Min: 0, Avg: 11158.0, Max: 18584, Diff: 18584, Sum: 44632, Workers: 4
[1992.501s][debug][gc,phases      ] GC(37)   ResolvedMethodTable Weak       Min:  0.0, Avg:  0.1, Max:  0.1, Diff:  0.1, Sum:  0.2, Workers: 4
[1992.501s][debug][gc,phases      ] GC(37)     Dead                           Min: 0, Avg:  4.8, Max: 19, Diff: 19, Sum: 19, Workers: 4
[1992.501s][debug][gc,phases      ] GC(37)     Total                          Min: 0, Avg: 3892.8, Max: 6234, Diff: 6234, Sum: 15571, Workers: 4
[1992.501s][debug][gc,phases      ] GC(37)   JNI Weak                       Min:  0.0, Avg:  0.0, Max:  0.0, Diff:  0.0, Sum:  0.0, Workers: 4
[1992.501s][debug][gc,phases      ] GC(37)     Dead                           Min: 0, Avg:  0.0, Max: 0, Diff: 0, Sum: 0, Workers: 4
[1992.501s][debug][gc,phases      ] GC(37)     Total                          Min: 0, Avg: 12.0, Max: 48, Diff: 48, Sum: 48, Workers: 4
[1992.501s][debug][gc,phases      ] GC(37)   StringDedup Table Weak         Min:  0.0, Avg:  0.0, Max:  0.0, Diff:  0.0, Sum:  0.0, Workers: 4
[1992.501s][debug][gc,phases      ] GC(37)     Dead                           Min: 0, Avg:  0.0, Max: 0, Diff: 0, Sum: 0, Workers: 4
[1992.501s][debug][gc,phases      ] GC(37)     Total                          Min: 0, Avg:  0.0, Max: 0, Diff: 0, Sum: 0, Workers: 4
[1992.501s][debug][gc,phases      ] GC(37)   StringDedup Requests0 Weak     Min:  0.0, Avg:  0.0, Max:  0.0, Diff:  0.0, Sum:  0.0, Workers: 4
[1992.501s][debug][gc,phases      ] GC(37)     Dead                           Min: 0, Avg:  0.0, Max: 0, Diff: 0, Sum: 0, Workers: 4
[1992.501s][debug][gc,phases      ] GC(37)     Total                          Min: 0, Avg:  0.0, Max: 0, Diff: 0, Sum: 0, Workers: 4
[1992.501s][debug][gc,phases      ] GC(37)   StringDedup Requests1 Weak     Min:  0.0, Avg:  0.0, Max:  0.0, Diff:  0.0, Sum:  0.0, Workers: 4
[1992.501s][debug][gc,phases      ] GC(37)     Dead                           Min: 0, Avg:  0.0, Max: 0, Diff: 0, Sum: 0, Workers: 4
[1992.501s][debug][gc,phases      ] GC(37)     Total                          Min: 0, Avg:  0.0, Max: 0, Diff: 0, Sum: 0, Workers: 4
[1992.501s][debug][gc,phases      ] GC(37)   Weak JFR Old Object Samples    Min:  0.0, Avg:  0.0, Max:  0.0, Diff:  0.0, Sum:  0.0, Workers: 4
[1992.501s][debug][gc,phases      ] GC(37)     Dead                           Min: 0, Avg:  0.0, Max: 0, Diff: 0, Sum: 0, Workers: 4
[1992.501s][debug][gc,phases      ] GC(37)     Total                          Min: 0, Avg:  0.0, Max: 0, Diff: 0, Sum: 0, Workers: 4
[1992.501s][debug][gc,phases      ] GC(37) Weak Processing 0.510ms
[1992.501s][debug][gc,age         ] GC(37) Desired survivor size 95944704 bytes, new threshold 1 (max threshold 15)
[1992.501s][info ][gc,heap        ] GC(37) PSYoungGen: 1892144K(1996800K)->3296K(1989632K) Eden: 1889280K(1889280K)->0K(1889280K) From: 2864K(107520K)->3296K(100352K)
[1992.501s][info ][gc,heap        ] GC(37) ParOldGen: 272823K(272896K)->273187K(273408K)
[1992.501s][info ][gc,metaspace   ] GC(37) Metaspace: 102308K(103616K)->102308K(103616K) NonClass: 86813K(87552K)->86813K(87552K) Class: 15494K(16064K)->15494K(16064K)
[1992.501s][info ][gc             ] GC(37) Pause Young (Allocation Failure) 2114M->270M(2210M) 4.964ms
[1992.501s][info ][gc,cpu         ] GC(37) User=0.01s Sys=0.00s Real=0.01s
[1992.501s][info ][safepoint      ] Safepoint "ParallelGCFailedAllocation", Time since last: 1628781443 ns, Reaching safepoint: 7701 ns, Cleanup: 5100 ns, At safepoint: 5053249 ns, Total: 5066050 ns
[2000.502s][info ][safepoint      ] Safepoint "Cleanup", Time since last: 8000661120 ns, Reaching safepoint: 7900 ns, Cleanup: 11601 ns, At safepoint: 3300 ns, Total: 22801 ns
[2012.503s][info ][safepoint      ] Safepoint "Cleanup", Time since last: 12001019338 ns, Reaching safepoint: 11600 ns, Cleanup: 17401 ns, At safepoint: 35302 ns, Total: 64303 ns
[2015.503s][info ][safepoint      ] Safepoint "Cleanup", Time since last: 3000651547 ns, Reaching safepoint: 12501 ns, Cleanup: 27901 ns, At safepoint: 3000 ns, Total: 43402 ns
[2024.504s][info ][safepoint      ] Safepoint "Cleanup", Time since last: 9000765827 ns, Reaching safepoint: 10000 ns, Cleanup: 14801 ns, At safepoint: 3000 ns, Total: 27801 ns
[2025.504s][info ][safepoint      ] Safepoint "Cleanup", Time since last: 1000129547 ns, Reaching safepoint: 10901 ns, Cleanup: 14201 ns, At safepoint: 2600 ns, Total: 27702 ns
[2032.505s][info ][safepoint      ] Safepoint "Cleanup", Time since last: 7000634508 ns, Reaching safepoint: 14901 ns, Cleanup: 17901 ns, At safepoint: 3100 ns, Total: 35902 ns
[2037.505s][info ][safepoint      ] Safepoint "Cleanup", Time since last: 5000428327 ns, Reaching safepoint: 10401 ns, Cleanup: 14800 ns, At safepoint: 2800 ns, Total: 28001 ns
[2045.891s][info ][safepoint      ] Safepoint "Cleanup", Time since last: 8385480723 ns, Reaching safepoint: 8800 ns, Cleanup: 18401 ns, At safepoint: 2600 ns, Total: 29801 ns
[2046.891s][info ][safepoint      ] Safepoint "Cleanup", Time since last: 1000127862 ns, Reaching safepoint: 7701 ns, Cleanup: 12500 ns, At safepoint: 2600 ns, Total: 22801 ns
[2053.892s][info ][safepoint      ] Safepoint "Cleanup", Time since last: 7000594863 ns, Reaching safepoint: 8401 ns, Cleanup: 29301 ns, At safepoint: 2500 ns, Total: 40202 ns
[2055.892s][info ][safepoint      ] Safepoint "Cleanup", Time since last: 2000218595 ns, Reaching safepoint: 9001 ns, Cleanup: 12900 ns, At safepoint: 2600 ns, Total: 24501 ns
[2057.892s][info ][safepoint      ] Safepoint "Cleanup", Time since last: 2000188941 ns, Reaching safepoint: 7900 ns, Cleanup: 8501 ns, At safepoint: 2300 ns, Total: 18701 ns
[2062.893s][info ][safepoint      ] Safepoint "Cleanup", Time since last: 5000401979 ns, Reaching safepoint: 7900 ns, Cleanup: 53103 ns, At safepoint: 2800 ns, Total: 63803 ns
[2063.893s][info ][safepoint      ] Safepoint "Cleanup", Time since last: 1000134231 ns, Reaching safepoint: 7701 ns, Cleanup: 12100 ns, At safepoint: 2700 ns, Total: 22501 ns
[2064.893s][info ][safepoint      ] Safepoint "Cleanup", Time since last: 1000135432 ns, Reaching safepoint: 8600 ns, Cleanup: 84904 ns, At safepoint: 2500 ns, Total: 96004 ns
[2065.893s][info ][safepoint      ] Safepoint "Cleanup", Time since last: 1000147925 ns, Reaching safepoint: 8201 ns, Cleanup: 15500 ns, At safepoint: 2900 ns, Total: 26601 ns
[2067.893s][info ][safepoint      ] Safepoint "Cleanup", Time since last: 2000211571 ns, Reaching safepoint: 8201 ns, Cleanup: 39001 ns, At safepoint: 2601 ns, Total: 49803 ns
[2068.894s][info ][safepoint      ] Safepoint "Cleanup", Time since last: 1000134536 ns, Reaching safepoint: 9101 ns, Cleanup: 52802 ns, At safepoint: 2900 ns, Total: 64803 ns
[2069.894s][info ][safepoint      ] Safepoint "Cleanup", Time since last: 1000125736 ns, Reaching safepoint: 10701 ns, Cleanup: 49802 ns, At safepoint: 3200 ns, Total: 63703 ns
[2070.894s][info ][safepoint      ] Safepoint "Cleanup", Time since last: 1000135837 ns, Reaching safepoint: 13401 ns, Cleanup: 22401 ns, At safepoint: 3400 ns, Total: 39202 ns
[2071.894s][info ][safepoint      ] Safepoint "Cleanup", Time since last: 1000136437 ns, Reaching safepoint: 9000 ns, Cleanup: 42102 ns, At safepoint: 2800 ns, Total: 53902 ns
[2071.979s][info ][gc,start       ] GC(38) Pause Young (Allocation Failure)
[2071.987s][debug][gc,phases      ] GC(38) Scavenge 7.510ms
[2071.987s][debug][gc,ref         ] GC(38) ReferenceProcessor::execute queues: 1, RefProcThreadModel::Single, marks_oops_alive: false
[2071.987s][debug][gc,ref         ] GC(38) Skipped KeepAliveFinalRefsPhase of Reference Processing: no references
[2071.987s][debug][gc,ref         ] GC(38) ReferenceProcessor::execute queues: 1, RefProcThreadModel::Single, marks_oops_alive: false
[2071.987s][debug][gc,phases      ] GC(38) Reference Processing 0.132ms
[2071.987s][debug][gc,phases      ] GC(38)   VM Weak                        Min:  0.0, Avg:  0.0, Max:  0.0, Diff:  0.0, Sum:  0.0, Workers: 4
[2071.987s][debug][gc,phases      ] GC(38)     Dead                           Min: 0, Avg:  0.0, Max: 0, Diff: 0, Sum: 0, Workers: 4
[2071.987s][debug][gc,phases      ] GC(38)     Total                          Min: 0, Avg: 250.5, Max: 640, Diff: 640, Sum: 1002, Workers: 4
[2071.987s][debug][gc,phases      ] GC(38)   ObjectSynchronizer Weak        Min:  0.0, Avg:  0.0, Max:  0.0, Diff:  0.0, Sum:  0.0, Workers: 4
[2071.987s][debug][gc,phases      ] GC(38)     Dead                           Min: 0, Avg:  0.0, Max: 0, Diff: 0, Sum: 0, Workers: 4
[2071.987s][debug][gc,phases      ] GC(38)     Total                          Min: 0, Avg:  1.2, Max: 5, Diff: 5, Sum: 5, Workers: 4
[2071.987s][debug][gc,phases      ] GC(38)   JVMTI Tag Weak OopStorage      Min:  0.0, Avg:  0.0, Max:  0.0, Diff:  0.0, Sum:  0.0, Workers: 4
[2071.987s][debug][gc,phases      ] GC(38)     Dead                           Min: 0, Avg:  0.0, Max: 0, Diff: 0, Sum: 0, Workers: 4
[2071.987s][debug][gc,phases      ] GC(38)     Total                          Min: 0, Avg:  0.0, Max: 0, Diff: 0, Sum: 0, Workers: 4
[2071.987s][debug][gc,phases      ] GC(38)   StringTable Weak               Min:  0.0, Avg:  0.1, Max:  0.2, Diff:  0.2, Sum:  0.5, Workers: 4
[2071.987s][debug][gc,phases      ] GC(38)     Dead                           Min: 0, Avg:  0.8, Max: 2, Diff: 2, Sum: 3, Workers: 4
[2071.987s][debug][gc,phases      ] GC(38)     Total                          Min: 0, Avg: 11179.2, Max: 15534, Diff: 15534, Sum: 44717, Workers: 4
[2071.987s][debug][gc,phases      ] GC(38)   ResolvedMethodTable Weak       Min:  0.0, Avg:  0.0, Max:  0.1, Diff:  0.1, Sum:  0.2, Workers: 4
[2071.987s][debug][gc,phases      ] GC(38)     Dead                           Min: 0, Avg:  9.2, Max: 26, Diff: 26, Sum: 37, Workers: 4
[2071.987s][debug][gc,phases      ] GC(38)     Total                          Min: 0, Avg: 3903.5, Max: 6015, Diff: 6015, Sum: 15614, Workers: 4
[2071.987s][debug][gc,phases      ] GC(38)   JNI Weak                       Min:  0.0, Avg:  0.0, Max:  0.0, Diff:  0.0, Sum:  0.0, Workers: 4
[2071.987s][debug][gc,phases      ] GC(38)     Dead                           Min: 0, Avg:  0.0, Max: 0, Diff: 0, Sum: 0, Workers: 4
[2071.987s][debug][gc,phases      ] GC(38)     Total                          Min: 0, Avg: 12.0, Max: 48, Diff: 48, Sum: 48, Workers: 4
[2071.987s][debug][gc,phases      ] GC(38)   StringDedup Table Weak         Min:  0.0, Avg:  0.0, Max:  0.0, Diff:  0.0, Sum:  0.0, Workers: 4
[2071.987s][debug][gc,phases      ] GC(38)     Dead                           Min: 0, Avg:  0.0, Max: 0, Diff: 0, Sum: 0, Workers: 4
[2071.987s][debug][gc,phases      ] GC(38)     Total                          Min: 0, Avg:  0.0, Max: 0, Diff: 0, Sum: 0, Workers: 4
[2071.987s][debug][gc,phases      ] GC(38)   StringDedup Requests0 Weak     Min:  0.0, Avg:  0.0, Max:  0.0, Diff:  0.0, Sum:  0.0, Workers: 4
[2071.987s][debug][gc,phases      ] GC(38)     Dead                           Min: 0, Avg:  0.0, Max: 0, Diff: 0, Sum: 0, Workers: 4
[2071.987s][debug][gc,phases      ] GC(38)     Total                          Min: 0, Avg:  0.0, Max: 0, Diff: 0, Sum: 0, Workers: 4
[2071.987s][debug][gc,phases      ] GC(38)   StringDedup Requests1 Weak     Min:  0.0, Avg:  0.0, Max:  0.0, Diff:  0.0, Sum:  0.0, Workers: 4
[2071.987s][debug][gc,phases      ] GC(38)     Dead                           Min: 0, Avg:  0.0, Max: 0, Diff: 0, Sum: 0, Workers: 4
[2071.987s][debug][gc,phases      ] GC(38)     Total                          Min: 0, Avg:  0.0, Max: 0, Diff: 0, Sum: 0, Workers: 4
[2071.987s][debug][gc,phases      ] GC(38)   Weak JFR Old Object Samples    Min:  0.0, Avg:  0.0, Max:  0.0, Diff:  0.0, Sum:  0.0, Workers: 4
[2071.987s][debug][gc,phases      ] GC(38)     Dead                           Min: 0, Avg:  0.0, Max: 0, Diff: 0, Sum: 0, Workers: 4
[2071.987s][debug][gc,phases      ] GC(38)     Total                          Min: 0, Avg:  0.0, Max: 0, Diff: 0, Sum: 0, Workers: 4
[2071.987s][debug][gc,phases      ] GC(38) Weak Processing 0.490ms
[2071.987s][debug][gc,age         ] GC(38) Desired survivor size 88080384 bytes, new threshold 1 (max threshold 15)
[2071.987s][info ][gc,heap        ] GC(38) PSYoungGen: 1892576K(1989632K)->11344K(2011136K) Eden: 1889280K(1889280K)->0K(1917440K) From: 3296K(100352K)->11344K(93696K)
[2071.987s][info ][gc,heap        ] GC(38) ParOldGen: 273187K(273408K)->273531K(273920K)
[2071.987s][info ][gc,metaspace   ] GC(38) Metaspace: 102443K(103744K)->102443K(103744K) NonClass: 86931K(87616K)->86931K(87616K) Class: 15512K(16128K)->15512K(16128K)
[2071.987s][info ][gc             ] GC(38) Pause Young (Allocation Failure) 2115M->278M(2231M) 8.295ms
[2071.987s][info ][gc,cpu         ] GC(38) User=0.03s Sys=0.00s Real=0.01s
[2071.987s][info ][safepoint      ] Safepoint "ParallelGCFailedAllocation", Time since last: 84809666 ns, Reaching safepoint: 89104 ns, Cleanup: 5400 ns, At safepoint: 8387863 ns, Total: 8482367 ns
[2072.988s][info ][safepoint      ] Safepoint "Cleanup", Time since last: 1000096135 ns, Reaching safepoint: 9900 ns, Cleanup: 38302 ns, At safepoint: 6700 ns, Total: 54902 ns
[2073.988s][info ][safepoint      ] Safepoint "Cleanup", Time since last: 1000110925 ns, Reaching safepoint: 8100 ns, Cleanup: 20401 ns, At safepoint: 3200 ns, Total: 31701 ns
[2074.988s][info ][safepoint      ] Safepoint "Cleanup", Time since last: 1000196079 ns, Reaching safepoint: 13200 ns, Cleanup: 35702 ns, At safepoint: 3600 ns, Total: 52502 ns
[2075.988s][info ][safepoint      ] Safepoint "Cleanup", Time since last: 1000206880 ns, Reaching safepoint: 12400 ns, Cleanup: 21001 ns, At safepoint: 3000 ns, Total: 36401 ns
[2076.988s][info ][safepoint      ] Safepoint "Cleanup", Time since last: 1000138077 ns, Reaching safepoint: 8100 ns, Cleanup: 14801 ns, At safepoint: 2400 ns, Total: 25301 ns
[2077.989s][info ][safepoint      ] Safepoint "Cleanup", Time since last: 1000144077 ns, Reaching safepoint: 10700 ns, Cleanup: 84404 ns, At safepoint: 3400 ns, Total: 98504 ns
[2079.989s][info ][safepoint      ] Safepoint "Cleanup", Time since last: 2000215851 ns, Reaching safepoint: 8600 ns, Cleanup: 63403 ns, At safepoint: 2900 ns, Total: 74903 ns
[2080.989s][info ][safepoint      ] Safepoint "Cleanup", Time since last: 1000131176 ns, Reaching safepoint: 8401 ns, Cleanup: 39001 ns, At safepoint: 2800 ns, Total: 50202 ns
[2081.989s][info ][safepoint      ] Safepoint "Cleanup", Time since last: 1000156123 ns, Reaching safepoint: 8800 ns, Cleanup: 10901 ns, At safepoint: 2700 ns, Total: 22401 ns
[2082.989s][info ][safepoint      ] Safepoint "Cleanup", Time since last: 1000119339 ns, Reaching safepoint: 7400 ns, Cleanup: 11900 ns, At safepoint: 2600 ns, Total: 21900 ns
[2084.286s][info ][safepoint      ] Safepoint "Cleanup", Time since last: 1296550662 ns, Reaching safepoint: 85703 ns, Cleanup: 29501 ns, At safepoint: 10401 ns, Total: 125605 ns
[2085.286s][info ][safepoint      ] Safepoint "Cleanup", Time since last: 1000126239 ns, Reaching safepoint: 82903 ns, Cleanup: 39502 ns, At safepoint: 7900 ns, Total: 130305 ns
[2086.287s][info ][safepoint      ] Safepoint "Cleanup", Time since last: 1000129939 ns, Reaching safepoint: 82903 ns, Cleanup: 71903 ns, At safepoint: 7400 ns, Total: 162206 ns
[2087.287s][info ][safepoint      ] Safepoint "Cleanup", Time since last: 1000130440 ns, Reaching safepoint: 8000 ns, Cleanup: 27301 ns, At safepoint: 2900 ns, Total: 38201 ns
[2088.287s][info ][safepoint      ] Safepoint "Cleanup", Time since last: 1000140198 ns, Reaching safepoint: 88004 ns, Cleanup: 133806 ns, At safepoint: 7700 ns, Total: 229510 ns
[2089.287s][info ][safepoint      ] Safepoint "Cleanup", Time since last: 1000149879 ns, Reaching safepoint: 85003 ns, Cleanup: 23201 ns, At safepoint: 7401 ns, Total: 115605 ns
[2090.288s][info ][safepoint      ] Safepoint "Cleanup", Time since last: 1000148889 ns, Reaching safepoint: 8800 ns, Cleanup: 22301 ns, At safepoint: 3100 ns, Total: 34201 ns
[2091.288s][info ][safepoint      ] Safepoint "Cleanup", Time since last: 1000116805 ns, Reaching safepoint: 7001 ns, Cleanup: 17300 ns, At safepoint: 2300 ns, Total: 26601 ns
[2092.082s][info ][gc,start       ] GC(39) Pause Young (Allocation Failure)
[2092.106s][debug][gc,phases      ] GC(39) Scavenge 23.549ms
[2092.106s][debug][gc,ref         ] GC(39) ReferenceProcessor::execute queues: 1, RefProcThreadModel::Single, marks_oops_alive: false
[2092.106s][debug][gc,ref         ] GC(39) Skipped KeepAliveFinalRefsPhase of Reference Processing: no references
[2092.106s][debug][gc,ref         ] GC(39) ReferenceProcessor::execute queues: 1, RefProcThreadModel::Single, marks_oops_alive: false
[2092.106s][debug][gc,phases      ] GC(39) Reference Processing 0.143ms
[2092.106s][debug][gc,phases      ] GC(39)   VM Weak                        Min:  0.0, Avg:  0.0, Max:  0.0, Diff:  0.0, Sum:  0.0, Workers: 4
[2092.106s][debug][gc,phases      ] GC(39)     Dead                           Min: 0, Avg:  0.0, Max: 0, Diff: 0, Sum: 0, Workers: 4
[2092.106s][debug][gc,phases      ] GC(39)     Total                          Min: 0, Avg: 253.8, Max: 640, Diff: 640, Sum: 1015, Workers: 4
[2092.106s][debug][gc,phases      ] GC(39)   ObjectSynchronizer Weak        Min:  0.0, Avg:  0.0, Max:  0.0, Diff:  0.0, Sum:  0.0, Workers: 4
[2092.106s][debug][gc,phases      ] GC(39)     Dead                           Min: 0, Avg:  0.0, Max: 0, Diff: 0, Sum: 0, Workers: 4
[2092.106s][debug][gc,phases      ] GC(39)     Total                          Min: 0, Avg:  1.2, Max: 5, Diff: 5, Sum: 5, Workers: 4
[2092.106s][debug][gc,phases      ] GC(39)   JVMTI Tag Weak OopStorage      Min:  0.0, Avg:  0.0, Max:  0.0, Diff:  0.0, Sum:  0.0, Workers: 4
[2092.106s][debug][gc,phases      ] GC(39)     Dead                           Min: 0, Avg:  0.0, Max: 0, Diff: 0, Sum: 0, Workers: 4
[2092.106s][debug][gc,phases      ] GC(39)     Total                          Min: 0, Avg:  0.0, Max: 0, Diff: 0, Sum: 0, Workers: 4
[2092.106s][debug][gc,phases      ] GC(39)   StringTable Weak               Min:  0.0, Avg:  0.1, Max:  0.2, Diff:  0.2, Sum:  0.5, Workers: 4
[2092.106s][debug][gc,phases      ] GC(39)     Dead                           Min: 0, Avg:  0.8, Max: 2, Diff: 2, Sum: 3, Workers: 4
[2092.106s][debug][gc,phases      ] GC(39)     Total                          Min: 0, Avg: 11198.5, Max: 16704, Diff: 16704, Sum: 44794, Workers: 4
[2092.106s][debug][gc,phases      ] GC(39)   ResolvedMethodTable Weak       Min:  0.0, Avg:  0.0, Max:  0.1, Diff:  0.1, Sum:  0.2, Workers: 4
[2092.106s][debug][gc,phases      ] GC(39)     Dead                           Min: 0, Avg: 14.5, Max: 36, Diff: 36, Sum: 58, Workers: 4
[2092.106s][debug][gc,phases      ] GC(39)     Total                          Min: 0, Avg: 3925.5, Max: 5563, Diff: 5563, Sum: 15702, Workers: 4
[2092.106s][debug][gc,phases      ] GC(39)   JNI Weak                       Min:  0.0, Avg:  0.0, Max:  0.0, Diff:  0.0, Sum:  0.0, Workers: 4
[2092.106s][debug][gc,phases      ] GC(39)     Dead                           Min: 0, Avg:  0.0, Max: 0, Diff: 0, Sum: 0, Workers: 4
[2092.106s][debug][gc,phases      ] GC(39)     Total                          Min: 0, Avg: 12.0, Max: 48, Diff: 48, Sum: 48, Workers: 4
[2092.106s][debug][gc,phases      ] GC(39)   StringDedup Table Weak         Min:  0.0, Avg:  0.0, Max:  0.0, Diff:  0.0, Sum:  0.0, Workers: 4
[2092.106s][debug][gc,phases      ] GC(39)     Dead                           Min: 0, Avg:  0.0, Max: 0, Diff: 0, Sum: 0, Workers: 4
[2092.106s][debug][gc,phases      ] GC(39)     Total                          Min: 0, Avg:  0.0, Max: 0, Diff: 0, Sum: 0, Workers: 4
[2092.106s][debug][gc,phases      ] GC(39)   StringDedup Requests0 Weak     Min:  0.0, Avg:  0.0, Max:  0.0, Diff:  0.0, Sum:  0.0, Workers: 4
[2092.106s][debug][gc,phases      ] GC(39)     Dead                           Min: 0, Avg:  0.0, Max: 0, Diff: 0, Sum: 0, Workers: 4
[2092.106s][debug][gc,phases      ] GC(39)     Total                          Min: 0, Avg:  0.0, Max: 0, Diff: 0, Sum: 0, Workers: 4
[2092.106s][debug][gc,phases      ] GC(39)   StringDedup Requests1 Weak     Min:  0.0, Avg:  0.0, Max:  0.0, Diff:  0.0, Sum:  0.0, Workers: 4
[2092.106s][debug][gc,phases      ] GC(39)     Dead                           Min: 0, Avg:  0.0, Max: 0, Diff: 0, Sum: 0, Workers: 4
[2092.106s][debug][gc,phases      ] GC(39)     Total                          Min: 0, Avg:  0.0, Max: 0, Diff: 0, Sum: 0, Workers: 4
[2092.106s][debug][gc,phases      ] GC(39)   Weak JFR Old Object Samples    Min:  0.0, Avg:  0.0, Max:  0.0, Diff:  0.0, Sum:  0.0, Workers: 4
[2092.106s][debug][gc,phases      ] GC(39)     Dead                           Min: 0, Avg:  0.0, Max: 0, Diff: 0, Sum: 0, Workers: 4
[2092.106s][debug][gc,phases      ] GC(39)     Total                          Min: 0, Avg:  0.0, Max: 0, Diff: 0, Sum: 0, Workers: 4
[2092.106s][debug][gc,phases      ] GC(39) Weak Processing 0.464ms
[2092.106s][debug][gc,age         ] GC(39) Desired survivor size 94371840 bytes, new threshold 1 (max threshold 15)
[2092.106s][info ][gc,heap        ] GC(39) PSYoungGen: 1928784K(2011136K)->49617K(2003456K) Eden: 1917440K(1917440K)->0K(1917440K) From: 11344K(93696K)->49617K(86016K)
[2092.106s][info ][gc,heap        ] GC(39) ParOldGen: 273531K(273920K)->282295K(282624K)
[2092.106s][info ][gc,metaspace   ] GC(39) Metaspace: 102695K(104064K)->102695K(104064K) NonClass: 87147K(87936K)->87147K(87936K) Class: 15547K(16128K)->15547K(16128K)
[2092.106s][info ][gc             ] GC(39) Pause Young (Allocation Failure) 2150M->324M(2232M) 24.316ms
[2092.106s][info ][gc,cpu         ] GC(39) User=0.09s Sys=0.01s Real=0.02s
[2092.107s][info ][safepoint      ] Safepoint "ParallelGCFailedAllocation", Time since last: 794289858 ns, Reaching safepoint: 7900 ns, Cleanup: 11101 ns, At safepoint: 24405754 ns, Total: 24424755 ns
[2093.107s][info ][safepoint      ] Safepoint "Cleanup", Time since last: 1000107005 ns, Reaching safepoint: 14600 ns, Cleanup: 28902 ns, At safepoint: 3400 ns, Total: 46902 ns
[2095.107s][info ][safepoint      ] Safepoint "Cleanup", Time since last: 2000250611 ns, Reaching safepoint: 10501 ns, Cleanup: 15600 ns, At safepoint: 3100 ns, Total: 29201 ns
[2096.107s][info ][safepoint      ] Safepoint "Cleanup", Time since last: 1000140381 ns, Reaching safepoint: 13101 ns, Cleanup: 21201 ns, At safepoint: 3000 ns, Total: 37302 ns
[2097.107s][info ][safepoint      ] Safepoint "Cleanup", Time since last: 1000150578 ns, Reaching safepoint: 11701 ns, Cleanup: 17900 ns, At safepoint: 3401 ns, Total: 33002 ns
[2098.108s][info ][safepoint      ] Safepoint "Cleanup", Time since last: 1000169713 ns, Reaching safepoint: 10201 ns, Cleanup: 25700 ns, At safepoint: 2501 ns, Total: 38402 ns
[2099.108s][info ][safepoint      ] Safepoint "Cleanup", Time since last: 1000149231 ns, Reaching safepoint: 10900 ns, Cleanup: 21601 ns, At safepoint: 3300 ns, Total: 35801 ns
[2100.108s][info ][safepoint      ] Safepoint "Cleanup", Time since last: 1000143331 ns, Reaching safepoint: 13601 ns, Cleanup: 15500 ns, At safepoint: 4400 ns, Total: 33501 ns
[2101.910s][info ][safepoint      ] Safepoint "Cleanup", Time since last: 1801784252 ns, Reaching safepoint: 11700 ns, Cleanup: 30701 ns, At safepoint: 2700 ns, Total: 45101 ns
[2102.910s][info ][safepoint      ] Safepoint "Cleanup", Time since last: 1000152532 ns, Reaching safepoint: 12800 ns, Cleanup: 22001 ns, At safepoint: 3200 ns, Total: 38001 ns
[2103.910s][info ][safepoint      ] Safepoint "Cleanup", Time since last: 1000159081 ns, Reaching safepoint: 11600 ns, Cleanup: 15901 ns, At safepoint: 3100 ns, Total: 30601 ns
[2105.910s][info ][safepoint      ] Safepoint "Cleanup", Time since last: 2000216272 ns, Reaching safepoint: 12001 ns, Cleanup: 19201 ns, At safepoint: 2800 ns, Total: 34002 ns
[2107.911s][info ][safepoint      ] Safepoint "Cleanup", Time since last: 2000242137 ns, Reaching safepoint: 9800 ns, Cleanup: 24201 ns, At safepoint: 3000 ns, Total: 37001 ns
[2108.911s][info ][safepoint      ] Safepoint "Cleanup", Time since last: 1000137019 ns, Reaching safepoint: 13401 ns, Cleanup: 18901 ns, At safepoint: 3300 ns, Total: 35602 ns
[2109.911s][info ][safepoint      ] Safepoint "Cleanup", Time since last: 1000154420 ns, Reaching safepoint: 11600 ns, Cleanup: 17401 ns, At safepoint: 3100 ns, Total: 32101 ns
[2111.911s][info ][safepoint      ] Safepoint "Cleanup", Time since last: 2000209336 ns, Reaching safepoint: 11800 ns, Cleanup: 24301 ns, At safepoint: 3200 ns, Total: 39301 ns
[2113.912s][info ][safepoint      ] Safepoint "Cleanup", Time since last: 2000217723 ns, Reaching safepoint: 88404 ns, Cleanup: 72003 ns, At safepoint: 7500 ns, Total: 167907 ns
[2114.912s][info ][safepoint      ] Safepoint "Cleanup", Time since last: 1000121134 ns, Reaching safepoint: 11700 ns, Cleanup: 17201 ns, At safepoint: 3000 ns, Total: 31901 ns
[2115.912s][info ][safepoint      ] Safepoint "Cleanup", Time since last: 1000141635 ns, Reaching safepoint: 12900 ns, Cleanup: 19801 ns, At safepoint: 3300 ns, Total: 36001 ns
[2117.912s][info ][safepoint      ] Safepoint "Cleanup", Time since last: 2000228967 ns, Reaching safepoint: 13200 ns, Cleanup: 16601 ns, At safepoint: 3000 ns, Total: 32801 ns
[2118.912s][info ][safepoint      ] Safepoint "Cleanup", Time since last: 1000143435 ns, Reaching safepoint: 12400 ns, Cleanup: 15701 ns, At safepoint: 2900 ns, Total: 31001 ns
[2119.913s][info ][safepoint      ] Safepoint "Cleanup", Time since last: 1000149135 ns, Reaching safepoint: 12800 ns, Cleanup: 29202 ns, At safepoint: 2900 ns, Total: 44902 ns
[2121.913s][info ][safepoint      ] Safepoint "Cleanup", Time since last: 2000287765 ns, Reaching safepoint: 12101 ns, Cleanup: 14700 ns, At safepoint: 3300 ns, Total: 30101 ns
[2123.913s][info ][safepoint      ] Safepoint "Cleanup", Time since last: 2000241380 ns, Reaching safepoint: 13100 ns, Cleanup: 18901 ns, At safepoint: 3700 ns, Total: 35701 ns
[2128.914s][info ][safepoint      ] Safepoint "Cleanup", Time since last: 5000480171 ns, Reaching safepoint: 13200 ns, Cleanup: 19801 ns, At safepoint: 3000 ns, Total: 36001 ns
[2135.914s][info ][safepoint      ] Safepoint "Cleanup", Time since last: 7000625563 ns, Reaching safepoint: 12400 ns, Cleanup: 22901 ns, At safepoint: 2700 ns, Total: 38001 ns
[2136.915s][info ][safepoint      ] Safepoint "Cleanup", Time since last: 1000137970 ns, Reaching safepoint: 12800 ns, Cleanup: 18001 ns, At safepoint: 2500 ns, Total: 33301 ns
[2137.915s][info ][safepoint      ] Safepoint "Cleanup", Time since last: 1000158604 ns, Reaching safepoint: 11900 ns, Cleanup: 18400 ns, At safepoint: 2900 ns, Total: 33200 ns
[2142.915s][info ][safepoint      ] Safepoint "Cleanup", Time since last: 5000537305 ns, Reaching safepoint: 12800 ns, Cleanup: 56503 ns, At safepoint: 3700 ns, Total: 73003 ns
[2146.916s][info ][safepoint      ] Safepoint "Cleanup", Time since last: 4000559588 ns, Reaching safepoint: 31201 ns, Cleanup: 38402 ns, At safepoint: 5600 ns, Total: 75203 ns
[2147.916s][info ][safepoint      ] Safepoint "Cleanup", Time since last: 1000185357 ns, Reaching safepoint: 14100 ns, Cleanup: 15101 ns, At safepoint: 3500 ns, Total: 32701 ns
[2151.917s][info ][safepoint      ] Safepoint "Cleanup", Time since last: 4000402913 ns, Reaching safepoint: 15101 ns, Cleanup: 22601 ns, At safepoint: 2800 ns, Total: 40502 ns
[2152.917s][info ][safepoint      ] Safepoint "Cleanup", Time since last: 1000152655 ns, Reaching safepoint: 25801 ns, Cleanup: 30401 ns, At safepoint: 3400 ns, Total: 59602 ns
[2153.328s][info ][gc,start       ] GC(40) Pause Young (Allocation Failure)
[2153.355s][debug][gc,phases      ] GC(40) Scavenge 26.420ms
[2153.355s][debug][gc,ref         ] GC(40) ReferenceProcessor::execute queues: 1, RefProcThreadModel::Single, marks_oops_alive: false
[2153.355s][debug][gc,ref         ] GC(40) Skipped KeepAliveFinalRefsPhase of Reference Processing: no references
[2153.355s][debug][gc,ref         ] GC(40) ReferenceProcessor::execute queues: 1, RefProcThreadModel::Single, marks_oops_alive: false
[2153.355s][debug][gc,phases      ] GC(40) Reference Processing 0.145ms
[2153.355s][debug][gc,phases      ] GC(40)   VM Weak                        Min:  0.0, Avg:  0.0, Max:  0.0, Diff:  0.0, Sum:  0.0, Workers: 4
[2153.355s][debug][gc,phases      ] GC(40)     Dead                           Min: 0, Avg:  0.0, Max: 0, Diff: 0, Sum: 0, Workers: 4
[2153.355s][debug][gc,phases      ] GC(40)     Total                          Min: 0, Avg: 253.8, Max: 512, Diff: 512, Sum: 1015, Workers: 4
[2153.355s][debug][gc,phases      ] GC(40)   ObjectSynchronizer Weak        Min:  0.0, Avg:  0.0, Max:  0.0, Diff:  0.0, Sum:  0.0, Workers: 4
[2153.355s][debug][gc,phases      ] GC(40)     Dead                           Min: 0, Avg:  1.0, Max: 4, Diff: 4, Sum: 4, Workers: 4
[2153.355s][debug][gc,phases      ] GC(40)     Total                          Min: 0, Avg:  2.0, Max: 8, Diff: 8, Sum: 8, Workers: 4
[2153.355s][debug][gc,phases      ] GC(40)   JVMTI Tag Weak OopStorage      Min:  0.0, Avg:  0.0, Max:  0.0, Diff:  0.0, Sum:  0.0, Workers: 4
[2153.355s][debug][gc,phases      ] GC(40)     Dead                           Min: 0, Avg:  0.0, Max: 0, Diff: 0, Sum: 0, Workers: 4
[2153.355s][debug][gc,phases      ] GC(40)     Total                          Min: 0, Avg:  0.0, Max: 0, Diff: 0, Sum: 0, Workers: 4
[2153.355s][debug][gc,phases      ] GC(40)   StringTable Weak               Min:  0.0, Avg:  0.1, Max:  0.2, Diff:  0.2, Sum:  0.5, Workers: 4
[2153.355s][debug][gc,phases      ] GC(40)     Dead                           Min: 0, Avg:  0.2, Max: 1, Diff: 1, Sum: 1, Workers: 4
[2153.355s][debug][gc,phases      ] GC(40)     Total                          Min: 0, Avg: 11212.2, Max: 15744, Diff: 15744, Sum: 44849, Workers: 4
[2153.355s][debug][gc,phases      ] GC(40)   ResolvedMethodTable Weak       Min:  0.0, Avg:  0.1, Max:  0.1, Diff:  0.1, Sum:  0.2, Workers: 4
[2153.355s][debug][gc,phases      ] GC(40)     Dead                           Min: 0, Avg:  6.0, Max: 19, Diff: 19, Sum: 24, Workers: 4
[2153.355s][debug][gc,phases      ] GC(40)     Total                          Min: 0, Avg: 3935.8, Max: 5375, Diff: 5375, Sum: 15743, Workers: 4
[2153.355s][debug][gc,phases      ] GC(40)   JNI Weak                       Min:  0.0, Avg:  0.0, Max:  0.0, Diff:  0.0, Sum:  0.0, Workers: 4
[2153.355s][debug][gc,phases      ] GC(40)     Dead                           Min: 0, Avg:  0.0, Max: 0, Diff: 0, Sum: 0, Workers: 4
[2153.355s][debug][gc,phases      ] GC(40)     Total                          Min: 0, Avg: 12.0, Max: 48, Diff: 48, Sum: 48, Workers: 4
[2153.355s][debug][gc,phases      ] GC(40)   StringDedup Table Weak         Min:  0.0, Avg:  0.0, Max:  0.0, Diff:  0.0, Sum:  0.0, Workers: 4
[2153.356s][debug][gc,phases      ] GC(40)     Dead                           Min: 0, Avg:  0.0, Max: 0, Diff: 0, Sum: 0, Workers: 4
[2153.356s][debug][gc,phases      ] GC(40)     Total                          Min: 0, Avg:  0.0, Max: 0, Diff: 0, Sum: 0, Workers: 4
[2153.356s][debug][gc,phases      ] GC(40)   StringDedup Requests0 Weak     Min:  0.0, Avg:  0.0, Max:  0.0, Diff:  0.0, Sum:  0.0, Workers: 4
[2153.356s][debug][gc,phases      ] GC(40)     Dead                           Min: 0, Avg:  0.0, Max: 0, Diff: 0, Sum: 0, Workers: 4
[2153.356s][debug][gc,phases      ] GC(40)     Total                          Min: 0, Avg:  0.0, Max: 0, Diff: 0, Sum: 0, Workers: 4
[2153.356s][debug][gc,phases      ] GC(40)   StringDedup Requests1 Weak     Min:  0.0, Avg:  0.0, Max:  0.0, Diff:  0.0, Sum:  0.0, Workers: 4
[2153.356s][debug][gc,phases      ] GC(40)     Dead                           Min: 0, Avg:  0.0, Max: 0, Diff: 0, Sum: 0, Workers: 4
[2153.356s][debug][gc,phases      ] GC(40)     Total                          Min: 0, Avg:  0.0, Max: 0, Diff: 0, Sum: 0, Workers: 4
[2153.356s][debug][gc,phases      ] GC(40)   Weak JFR Old Object Samples    Min:  0.0, Avg:  0.0, Max:  0.0, Diff:  0.0, Sum:  0.0, Workers: 4
[2153.356s][debug][gc,phases      ] GC(40)     Dead                           Min: 0, Avg:  0.0, Max: 0, Diff: 0, Sum: 0, Workers: 4
[2153.356s][debug][gc,phases      ] GC(40)     Total                          Min: 0, Avg:  0.0, Max: 0, Diff: 0, Sum: 0, Workers: 4
[2153.356s][debug][gc,phases      ] GC(40) Weak Processing 0.538ms
[2153.356s][debug][gc,age         ] GC(40) Desired survivor size 88080384 bytes, new threshold 1 (max threshold 15)
[2153.356s][info ][gc,heap        ] GC(40) PSYoungGen: 1967057K(2003456K)->9296K(2011136K) Eden: 1917440K(1917440K)->0K(1918976K) From: 49617K(86016K)->9296K(92160K)
[2153.356s][info ][gc,heap        ] GC(40) ParOldGen: 282295K(282624K)->331362K(331776K)
[2153.356s][info ][gc,metaspace   ] GC(40) Metaspace: 102897K(104256K)->102897K(104256K) NonClass: 87327K(88064K)->87327K(88064K) Class: 15570K(16192K)->15570K(16192K)
[2153.356s][info ][gc             ] GC(40) Pause Young (Allocation Failure) 2196M->332M(2288M) 27.275ms
[2153.356s][info ][gc,cpu         ] GC(40) User=0.06s Sys=0.05s Real=0.02s
[2153.356s][info ][safepoint      ] Safepoint "ParallelGCFailedAllocation", Time since last: 411511770 ns, Reaching safepoint: 10100 ns, Cleanup: 4800 ns, At safepoint: 27382470 ns, Total: 27397370 ns
[2155.356s][info ][safepoint      ] Safepoint "Cleanup", Time since last: 2000173035 ns, Reaching safepoint: 12800 ns, Cleanup: 21901 ns, At safepoint: 3100 ns, Total: 37801 ns
[2157.356s][info ][safepoint      ] Safepoint "Cleanup", Time since last: 2000199206 ns, Reaching safepoint: 18701 ns, Cleanup: 20601 ns, At safepoint: 3300 ns, Total: 42602 ns
[2158.356s][info ][safepoint      ] Safepoint "Cleanup", Time since last: 1000137454 ns, Reaching safepoint: 17201 ns, Cleanup: 20300 ns, At safepoint: 3301 ns, Total: 40802 ns
[2161.933s][info ][safepoint      ] Safepoint "Cleanup", Time since last: 3576179090 ns, Reaching safepoint: 87203 ns, Cleanup: 11401 ns, At safepoint: 6500 ns, Total: 105104 ns
[2168.933s][info ][safepoint      ] Safepoint "Cleanup", Time since last: 7000644216 ns, Reaching safepoint: 89704 ns, Cleanup: 16600 ns, At safepoint: 7301 ns, Total: 113605 ns
[2176.934s][info ][safepoint      ] Safepoint "Cleanup", Time since last: 8000746462 ns, Reaching safepoint: 85403 ns, Cleanup: 15601 ns, At safepoint: 6500 ns, Total: 107504 ns
[2178.937s][info ][safepoint      ] Safepoint "Cleanup", Time since last: 2000236195 ns, Reaching safepoint: 2636892 ns, Cleanup: 13301 ns, At safepoint: 6600 ns, Total: 2656793 ns
[2181.937s][info ][safepoint      ] Safepoint "Cleanup", Time since last: 3000274360 ns, Reaching safepoint: 10300 ns, Cleanup: 19401 ns, At safepoint: 2600 ns, Total: 32301 ns
[2183.938s][info ][safepoint      ] Safepoint "Cleanup", Time since last: 2000214275 ns, Reaching safepoint: 87503 ns, Cleanup: 112604 ns, At safepoint: 101303 ns, Total: 301410 ns
[2185.938s][info ][safepoint      ] Safepoint "Cleanup", Time since last: 2000245265 ns, Reaching safepoint: 9901 ns, Cleanup: 16500 ns, At safepoint: 2700 ns, Total: 29101 ns
[2186.938s][info ][safepoint      ] Safepoint "Cleanup", Time since last: 1000143142 ns, Reaching safepoint: 7901 ns, Cleanup: 12900 ns, At safepoint: 2800 ns, Total: 23601 ns
[2187.939s][info ][safepoint      ] Safepoint "Cleanup", Time since last: 1000134042 ns, Reaching safepoint: 7200 ns, Cleanup: 11801 ns, At safepoint: 2600 ns, Total: 21601 ns
[2189.939s][info ][safepoint      ] Safepoint "Cleanup", Time since last: 2000197205 ns, Reaching safepoint: 7701 ns, Cleanup: 12900 ns, At safepoint: 2600 ns, Total: 23201 ns
[2191.939s][info ][safepoint      ] Safepoint "Cleanup", Time since last: 2000200909 ns, Reaching safepoint: 8000 ns, Cleanup: 12901 ns, At safepoint: 2400 ns, Total: 23301 ns
[2192.939s][info ][safepoint      ] Safepoint "Cleanup", Time since last: 1000139606 ns, Reaching safepoint: 7700 ns, Cleanup: 14300 ns, At safepoint: 2701 ns, Total: 24701 ns
[2193.939s][info ][safepoint      ] Safepoint "Cleanup", Time since last: 1000122433 ns, Reaching safepoint: 7800 ns, Cleanup: 31301 ns, At safepoint: 2900 ns, Total: 42001 ns
[2194.940s][info ][safepoint      ] Safepoint "Cleanup", Time since last: 1000143058 ns, Reaching safepoint: 12201 ns, Cleanup: 57802 ns, At safepoint: 4200 ns, Total: 74203 ns
[2195.940s][info ][safepoint      ] Safepoint "Cleanup", Time since last: 1000151258 ns, Reaching safepoint: 8601 ns, Cleanup: 16000 ns, At safepoint: 3000 ns, Total: 27601 ns
[2196.940s][info ][safepoint      ] Safepoint "Cleanup", Time since last: 1000132458 ns, Reaching safepoint: 8500 ns, Cleanup: 14701 ns, At safepoint: 2900 ns, Total: 26101 ns
[2197.940s][info ][safepoint      ] Safepoint "Cleanup", Time since last: 1000132158 ns, Reaching safepoint: 7900 ns, Cleanup: 12901 ns, At safepoint: 2700 ns, Total: 23501 ns
[2199.940s][info ][safepoint      ] Safepoint "Cleanup", Time since last: 2000194313 ns, Reaching safepoint: 10500 ns, Cleanup: 15201 ns, At safepoint: 2700 ns, Total: 28401 ns
[2201.941s][info ][safepoint      ] Safepoint "Cleanup", Time since last: 2000199366 ns, Reaching safepoint: 82402 ns, Cleanup: 25801 ns, At safepoint: 9000 ns, Total: 117203 ns
[2203.941s][info ][safepoint      ] Safepoint "Cleanup", Time since last: 2000231546 ns, Reaching safepoint: 11501 ns, Cleanup: 27800 ns, At safepoint: 3500 ns, Total: 42801 ns
[2204.941s][info ][safepoint      ] Safepoint "Cleanup", Time since last: 1000136424 ns, Reaching safepoint: 8100 ns, Cleanup: 23901 ns, At safepoint: 2500 ns, Total: 34501 ns
[2206.941s][info ][safepoint      ] Safepoint "Cleanup", Time since last: 2000210038 ns, Reaching safepoint: 7201 ns, Cleanup: 17300 ns, At safepoint: 2900 ns, Total: 27401 ns
[2207.941s][info ][safepoint      ] Safepoint "Cleanup", Time since last: 1000128051 ns, Reaching safepoint: 7600 ns, Cleanup: 15201 ns, At safepoint: 2700 ns, Total: 25501 ns
[2210.942s][info ][safepoint      ] Safepoint "Cleanup", Time since last: 3000274742 ns, Reaching safepoint: 6900 ns, Cleanup: 10900 ns, At safepoint: 2400 ns, Total: 20200 ns
[2211.942s][info ][safepoint      ] Safepoint "Cleanup", Time since last: 1000121378 ns, Reaching safepoint: 7900 ns, Cleanup: 20301 ns, At safepoint: 2500 ns, Total: 30701 ns
[2212.942s][info ][safepoint      ] Safepoint "Cleanup", Time since last: 1000128077 ns, Reaching safepoint: 7601 ns, Cleanup: 15500 ns, At safepoint: 2600 ns, Total: 25701 ns
[2213.942s][info ][safepoint      ] Safepoint "Cleanup", Time since last: 1000129278 ns, Reaching safepoint: 8000 ns, Cleanup: 15801 ns, At safepoint: 2900 ns, Total: 26701 ns
[2214.942s][info ][safepoint      ] Safepoint "Cleanup", Time since last: 1000112877 ns, Reaching safepoint: 7500 ns, Cleanup: 25501 ns, At safepoint: 2600 ns, Total: 35601 ns
[2215.942s][info ][safepoint      ] Safepoint "Cleanup", Time since last: 1000126878 ns, Reaching safepoint: 6800 ns, Cleanup: 12500 ns, At safepoint: 2300 ns, Total: 21600 ns
[2216.943s][info ][safepoint      ] Safepoint "Cleanup", Time since last: 1000134778 ns, Reaching safepoint: 7701 ns, Cleanup: 25600 ns, At safepoint: 36102 ns, Total: 69403 ns
[2217.943s][info ][safepoint      ] Safepoint "Cleanup", Time since last: 1000137898 ns, Reaching safepoint: 7700 ns, Cleanup: 15001 ns, At safepoint: 2500 ns, Total: 25201 ns
[2219.943s][info ][safepoint      ] Safepoint "Cleanup", Time since last: 2000205284 ns, Reaching safepoint: 7100 ns, Cleanup: 19901 ns, At safepoint: 2400 ns, Total: 29401 ns
[2220.943s][info ][safepoint      ] Safepoint "Cleanup", Time since last: 1000121593 ns, Reaching safepoint: 7100 ns, Cleanup: 21101 ns, At safepoint: 2600 ns, Total: 30801 ns
[2221.943s][info ][safepoint      ] Safepoint "Cleanup", Time since last: 1000124993 ns, Reaching safepoint: 7500 ns, Cleanup: 25801 ns, At safepoint: 2600 ns, Total: 35901 ns
[2222.944s][info ][safepoint      ] Safepoint "Cleanup", Time since last: 1000119893 ns, Reaching safepoint: 7300 ns, Cleanup: 24701 ns, At safepoint: 2700 ns, Total: 34701 ns
[2223.944s][info ][safepoint      ] Safepoint "Cleanup", Time since last: 1000118493 ns, Reaching safepoint: 6900 ns, Cleanup: 17701 ns, At safepoint: 2300 ns, Total: 26901 ns
[2226.944s][info ][safepoint      ] Safepoint "Cleanup", Time since last: 3000266436 ns, Reaching safepoint: 7400 ns, Cleanup: 15001 ns, At safepoint: 2600 ns, Total: 25001 ns
[2227.944s][info ][safepoint      ] Safepoint "Cleanup", Time since last: 1000129442 ns, Reaching safepoint: 7500 ns, Cleanup: 14300 ns, At safepoint: 2601 ns, Total: 24401 ns
[2230.382s][info ][gc,start       ] GC(41) Pause Young (Allocation Failure)
[2230.389s][debug][gc,phases      ] GC(41) Scavenge 6.760ms
[2230.389s][debug][gc,ref         ] GC(41) ReferenceProcessor::execute queues: 1, RefProcThreadModel::Single, marks_oops_alive: false
[2230.389s][debug][gc,ref         ] GC(41) Skipped KeepAliveFinalRefsPhase of Reference Processing: no references
[2230.389s][debug][gc,ref         ] GC(41) ReferenceProcessor::execute queues: 1, RefProcThreadModel::Single, marks_oops_alive: false
[2230.389s][debug][gc,phases      ] GC(41) Reference Processing 0.123ms
[2230.389s][debug][gc,phases      ] GC(41)   VM Weak                        Min:  0.0, Avg:  0.0, Max:  0.0, Diff:  0.0, Sum:  0.0, Workers: 4
[2230.389s][debug][gc,phases      ] GC(41)     Dead                           Min: 0, Avg:  0.0, Max: 0, Diff: 0, Sum: 0, Workers: 4
[2230.389s][debug][gc,phases      ] GC(41)     Total                          Min: 0, Avg: 253.8, Max: 512, Diff: 512, Sum: 1015, Workers: 4
[2230.389s][debug][gc,phases      ] GC(41)   ObjectSynchronizer Weak        Min:  0.0, Avg:  0.0, Max:  0.0, Diff:  0.0, Sum:  0.0, Workers: 4
[2230.389s][debug][gc,phases      ] GC(41)     Dead                           Min: 0, Avg:  0.0, Max: 0, Diff: 0, Sum: 0, Workers: 4
[2230.389s][debug][gc,phases      ] GC(41)     Total                          Min: 0, Avg:  0.8, Max: 3, Diff: 3, Sum: 3, Workers: 4
[2230.389s][debug][gc,phases      ] GC(41)   JVMTI Tag Weak OopStorage      Min:  0.0, Avg:  0.0, Max:  0.0, Diff:  0.0, Sum:  0.0, Workers: 4
[2230.389s][debug][gc,phases      ] GC(41)     Dead                           Min: 0, Avg:  0.0, Max: 0, Diff: 0, Sum: 0, Workers: 4
[2230.389s][debug][gc,phases      ] GC(41)     Total                          Min: 0, Avg:  0.0, Max: 0, Diff: 0, Sum: 0, Workers: 4
[2230.389s][debug][gc,phases      ] GC(41)   StringTable Weak               Min:  0.0, Avg:  0.1, Max:  0.1, Diff:  0.1, Sum:  0.4, Workers: 4
[2230.389s][debug][gc,phases      ] GC(41)     Dead                           Min: 0, Avg:  0.5, Max: 2, Diff: 2, Sum: 2, Workers: 4
[2230.390s][debug][gc,phases      ] GC(41)     Total                          Min: 0, Avg: 11217.5, Max: 16134, Diff: 16134, Sum: 44870, Workers: 4
[2230.390s][debug][gc,phases      ] GC(41)   ResolvedMethodTable Weak       Min:  0.0, Avg:  0.0, Max:  0.1, Diff:  0.1, Sum:  0.2, Workers: 4
[2230.390s][debug][gc,phases      ] GC(41)     Dead                           Min: 0, Avg:  4.0, Max: 10, Diff: 10, Sum: 16, Workers: 4
[2230.390s][debug][gc,phases      ] GC(41)     Total                          Min: 0, Avg: 3936.2, Max: 5316, Diff: 5316, Sum: 15745, Workers: 4
[2230.390s][debug][gc,phases      ] GC(41)   JNI Weak                       Min:  0.0, Avg:  0.0, Max:  0.0, Diff:  0.0, Sum:  0.0, Workers: 4
[2230.390s][debug][gc,phases      ] GC(41)     Dead                           Min: 0, Avg:  0.0, Max: 0, Diff: 0, Sum: 0, Workers: 4
[2230.390s][debug][gc,phases      ] GC(41)     Total                          Min: 0, Avg: 12.0, Max: 48, Diff: 48, Sum: 48, Workers: 4
[2230.390s][debug][gc,phases      ] GC(41)   StringDedup Table Weak         Min:  0.0, Avg:  0.0, Max:  0.0, Diff:  0.0, Sum:  0.0, Workers: 4
[2230.390s][debug][gc,phases      ] GC(41)     Dead                           Min: 0, Avg:  0.0, Max: 0, Diff: 0, Sum: 0, Workers: 4
[2230.390s][debug][gc,phases      ] GC(41)     Total                          Min: 0, Avg:  0.0, Max: 0, Diff: 0, Sum: 0, Workers: 4
[2230.390s][debug][gc,phases      ] GC(41)   StringDedup Requests0 Weak     Min:  0.0, Avg:  0.0, Max:  0.0, Diff:  0.0, Sum:  0.0, Workers: 4
[2230.390s][debug][gc,phases      ] GC(41)     Dead                           Min: 0, Avg:  0.0, Max: 0, Diff: 0, Sum: 0, Workers: 4
[2230.390s][debug][gc,phases      ] GC(41)     Total                          Min: 0, Avg:  0.0, Max: 0, Diff: 0, Sum: 0, Workers: 4
[2230.390s][debug][gc,phases      ] GC(41)   StringDedup Requests1 Weak     Min:  0.0, Avg:  0.0, Max:  0.0, Diff:  0.0, Sum:  0.0, Workers: 4
[2230.390s][debug][gc,phases      ] GC(41)     Dead                           Min: 0, Avg:  0.0, Max: 0, Diff: 0, Sum: 0, Workers: 4
[2230.390s][debug][gc,phases      ] GC(41)     Total                          Min: 0, Avg:  0.0, Max: 0, Diff: 0, Sum: 0, Workers: 4
[2230.390s][debug][gc,phases      ] GC(41)   Weak JFR Old Object Samples    Min:  0.0, Avg:  0.0, Max:  0.0, Diff:  0.0, Sum:  0.0, Workers: 4
[2230.390s][debug][gc,phases      ] GC(41)     Dead                           Min: 0, Avg:  0.0, Max: 0, Diff: 0, Sum: 0, Workers: 4
[2230.390s][debug][gc,phases      ] GC(41)     Total                          Min: 0, Avg:  0.0, Max: 0, Diff: 0, Sum: 0, Workers: 4
[2230.390s][debug][gc,phases      ] GC(41) Weak Processing 0.452ms
[2230.390s][debug][gc,age         ] GC(41) Desired survivor size 82837504 bytes, new threshold 1 (max threshold 15)
[2230.390s][info ][gc,heap        ] GC(41) PSYoungGen: 1928272K(2011136K)->3408K(2004992K) Eden: 1918976K(1918976K)->0K(1918976K) From: 9296K(92160K)->3408K(86016K)
[2230.390s][info ][gc,heap        ] GC(41) ParOldGen: 331362K(331776K)->339627K(339968K)
[2230.390s][info ][gc,metaspace   ] GC(41) Metaspace: 103028K(104384K)->103028K(104384K) NonClass: 87454K(88192K)->87454K(88192K) Class: 15574K(16192K)->15574K(16192K)
[2230.390s][info ][gc             ] GC(41) Pause Young (Allocation Failure) 2206M->334M(2290M) 7.496ms
[2230.390s][info ][gc,cpu         ] GC(41) User=0.02s Sys=0.01s Real=0.01s
[2230.390s][info ][safepoint      ] Safepoint "ParallelGCFailedAllocation", Time since last: 2437968782 ns, Reaching safepoint: 7501 ns, Cleanup: 15800 ns, At safepoint: 7581858 ns, Total: 7605159 ns
[2231.390s][info ][safepoint      ] Safepoint "Cleanup", Time since last: 1000108942 ns, Reaching safepoint: 8200 ns, Cleanup: 16700 ns, At safepoint: 2400 ns, Total: 27300 ns
[2235.390s][info ][safepoint      ] Safepoint "Cleanup", Time since last: 4000358646 ns, Reaching safepoint: 9601 ns, Cleanup: 10400 ns, At safepoint: 2600 ns, Total: 22601 ns
[2240.391s][info ][safepoint      ] Safepoint "Cleanup", Time since last: 5000442402 ns, Reaching safepoint: 9100 ns, Cleanup: 14901 ns, At safepoint: 2500 ns, Total: 26501 ns
[2241.391s][info ][safepoint      ] Safepoint "Cleanup", Time since last: 1000129422 ns, Reaching safepoint: 7100 ns, Cleanup: 13400 ns, At safepoint: 2500 ns, Total: 23000 ns
[2242.391s][info ][safepoint      ] Safepoint "Cleanup", Time since last: 1000110759 ns, Reaching safepoint: 7500 ns, Cleanup: 29801 ns, At safepoint: 2800 ns, Total: 40101 ns
[2243.391s][info ][safepoint      ] Safepoint "Cleanup", Time since last: 1000137103 ns, Reaching safepoint: 7900 ns, Cleanup: 11100 ns, At safepoint: 2400 ns, Total: 21400 ns
[2246.392s][info ][safepoint      ] Safepoint "Cleanup", Time since last: 3000299222 ns, Reaching safepoint: 82203 ns, Cleanup: 32101 ns, At safepoint: 7000 ns, Total: 121304 ns
[2247.392s][info ][safepoint      ] Safepoint "Cleanup", Time since last: 1000141788 ns, Reaching safepoint: 8400 ns, Cleanup: 13401 ns, At safepoint: 37701 ns, Total: 59502 ns
[2248.392s][info ][safepoint      ] Safepoint "Cleanup", Time since last: 1000114187 ns, Reaching safepoint: 6500 ns, Cleanup: 12401 ns, At safepoint: 2600 ns, Total: 21501 ns
[2249.392s][info ][safepoint      ] Safepoint "Cleanup", Time since last: 1000135787 ns, Reaching safepoint: 6901 ns, Cleanup: 21300 ns, At safepoint: 2800 ns, Total: 31001 ns
[2252.392s][info ][safepoint      ] Safepoint "Cleanup", Time since last: 3000278166 ns, Reaching safepoint: 7300 ns, Cleanup: 11300 ns, At safepoint: 2500 ns, Total: 21100 ns
[2254.393s][info ][safepoint      ] Safepoint "Cleanup", Time since last: 2000201131 ns, Reaching safepoint: 6800 ns, Cleanup: 23501 ns, At safepoint: 2600 ns, Total: 32901 ns
[2258.393s][info ][safepoint      ] Safepoint "Cleanup", Time since last: 4000342269 ns, Reaching safepoint: 6900 ns, Cleanup: 10901 ns, At safepoint: 2700 ns, Total: 20501 ns
[2260.393s][info ][safepoint      ] Safepoint "Cleanup", Time since last: 2000209445 ns, Reaching safepoint: 8900 ns, Cleanup: 14500 ns, At safepoint: 2200 ns, Total: 25600 ns
[2263.394s][info ][safepoint      ] Safepoint "Cleanup", Time since last: 3000303317 ns, Reaching safepoint: 6900 ns, Cleanup: 14201 ns, At safepoint: 2900 ns, Total: 24001 ns
[2265.394s][info ][safepoint      ] Safepoint "Cleanup", Time since last: 2000260796 ns, Reaching safepoint: 7300 ns, Cleanup: 15000 ns, At safepoint: 2900 ns, Total: 25200 ns
[2269.396s][info ][safepoint      ] Safepoint "Cleanup", Time since last: 4000368088 ns, Reaching safepoint: 2124058 ns, Cleanup: 15901 ns, At safepoint: 11800 ns, Total: 2151759 ns
[2271.397s][info ][safepoint      ] Safepoint "Cleanup", Time since last: 2000234532 ns, Reaching safepoint: 10200 ns, Cleanup: 18901 ns, At safepoint: 2500 ns, Total: 31601 ns
[2272.397s][info ][safepoint      ] Safepoint "Cleanup", Time since last: 1000141464 ns, Reaching safepoint: 13400 ns, Cleanup: 26801 ns, At safepoint: 3700 ns, Total: 43901 ns
[2273.397s][info ][safepoint      ] Safepoint "Cleanup", Time since last: 1000212467 ns, Reaching safepoint: 12100 ns, Cleanup: 18101 ns, At safepoint: 3200 ns, Total: 33401 ns
[2274.397s][info ][safepoint      ] Safepoint "Cleanup", Time since last: 1000149954 ns, Reaching safepoint: 10900 ns, Cleanup: 19901 ns, At safepoint: 2500 ns, Total: 33301 ns
[2275.397s][info ][safepoint      ] Safepoint "Cleanup", Time since last: 1000142794 ns, Reaching safepoint: 10600 ns, Cleanup: 16100 ns, At safepoint: 2801 ns, Total: 29501 ns
[2278.398s][info ][safepoint      ] Safepoint "Cleanup", Time since last: 3000314478 ns, Reaching safepoint: 7100 ns, Cleanup: 12600 ns, At safepoint: 33001 ns, Total: 52701 ns
[2280.398s][info ][safepoint      ] Safepoint "Cleanup", Time since last: 2000184385 ns, Reaching safepoint: 5700 ns, Cleanup: 12301 ns, At safepoint: 2200 ns, Total: 20201 ns
[2281.986s][info ][safepoint      ] Safepoint "Cleanup", Time since last: 1587903752 ns, Reaching safepoint: 8100 ns, Cleanup: 23601 ns, At safepoint: 3500 ns, Total: 35201 ns
[2282.986s][info ][safepoint      ] Safepoint "Cleanup", Time since last: 1000136769 ns, Reaching safepoint: 6700 ns, Cleanup: 15200 ns, At safepoint: 2400 ns, Total: 24300 ns
[2283.986s][info ][safepoint      ] Safepoint "Cleanup", Time since last: 1000121068 ns, Reaching safepoint: 7200 ns, Cleanup: 17201 ns, At safepoint: 2900 ns, Total: 27301 ns
[2284.986s][info ][safepoint      ] Safepoint "Cleanup", Time since last: 1000136068 ns, Reaching safepoint: 81003 ns, Cleanup: 11300 ns, At safepoint: 7700 ns, Total: 100003 ns
[2290.987s][info ][safepoint      ] Safepoint "Cleanup", Time since last: 6000493220 ns, Reaching safepoint: 7501 ns, Cleanup: 12800 ns, At safepoint: 2700 ns, Total: 23001 ns
[2292.987s][info ][safepoint      ] Safepoint "Cleanup", Time since last: 2000234596 ns, Reaching safepoint: 80003 ns, Cleanup: 11400 ns, At safepoint: 6500 ns, Total: 97903 ns
[2294.988s][info ][safepoint      ] Safepoint "Cleanup", Time since last: 2000217896 ns, Reaching safepoint: 27201 ns, Cleanup: 14800 ns, At safepoint: 2800 ns, Total: 44801 ns
[2296.988s][info ][safepoint      ] Safepoint "Cleanup", Time since last: 2000215696 ns, Reaching safepoint: 8100 ns, Cleanup: 27201 ns, At safepoint: 2800 ns, Total: 38101 ns
[2297.988s][info ][safepoint      ] Safepoint "Cleanup", Time since last: 1000121694 ns, Reaching safepoint: 8100 ns, Cleanup: 29501 ns, At safepoint: 2800 ns, Total: 40401 ns
[2298.988s][info ][safepoint      ] Safepoint "Cleanup", Time since last: 1000123822 ns, Reaching safepoint: 7400 ns, Cleanup: 7901 ns, At safepoint: 2500 ns, Total: 17801 ns
[2299.907s][info ][gc,start       ] GC(42) Pause Young (Allocation Failure)
[2299.912s][debug][gc,phases      ] GC(42) Scavenge 4.838ms
[2299.912s][debug][gc,ref         ] GC(42) ReferenceProcessor::execute queues: 1, RefProcThreadModel::Single, marks_oops_alive: false
[2299.912s][debug][gc,ref         ] GC(42) Skipped KeepAliveFinalRefsPhase of Reference Processing: no references
[2299.912s][debug][gc,ref         ] GC(42) ReferenceProcessor::execute queues: 1, RefProcThreadModel::Single, marks_oops_alive: false
[2299.912s][debug][gc,phases      ] GC(42) Reference Processing 0.193ms
[2299.913s][debug][gc,phases      ] GC(42)   VM Weak                        Min:  0.0, Avg:  0.0, Max:  0.0, Diff:  0.0, Sum:  0.0, Workers: 4
[2299.913s][debug][gc,phases      ] GC(42)     Dead                           Min: 0, Avg:  0.0, Max: 0, Diff: 0, Sum: 0, Workers: 4
[2299.913s][debug][gc,phases      ] GC(42)     Total                          Min: 0, Avg: 255.8, Max: 1023, Diff: 1023, Sum: 1023, Workers: 4
[2299.913s][debug][gc,phases      ] GC(42)   ObjectSynchronizer Weak        Min:  0.0, Avg:  0.0, Max:  0.0, Diff:  0.0, Sum:  0.0, Workers: 4
[2299.913s][debug][gc,phases      ] GC(42)     Dead                           Min: 0, Avg:  0.0, Max: 0, Diff: 0, Sum: 0, Workers: 4
[2299.913s][debug][gc,phases      ] GC(42)     Total                          Min: 0, Avg:  1.0, Max: 4, Diff: 4, Sum: 4, Workers: 4
[2299.913s][debug][gc,phases      ] GC(42)   JVMTI Tag Weak OopStorage      Min:  0.0, Avg:  0.0, Max:  0.0, Diff:  0.0, Sum:  0.0, Workers: 4
[2299.913s][debug][gc,phases      ] GC(42)     Dead                           Min: 0, Avg:  0.0, Max: 0, Diff: 0, Sum: 0, Workers: 4
[2299.913s][debug][gc,phases      ] GC(42)     Total                          Min: 0, Avg:  0.0, Max: 0, Diff: 0, Sum: 0, Workers: 4
[2299.913s][debug][gc,phases      ] GC(42)   StringTable Weak               Min:  0.0, Avg:  0.2, Max:  0.3, Diff:  0.3, Sum:  0.6, Workers: 4
[2299.913s][debug][gc,phases      ] GC(42)     Dead                           Min: 0, Avg:  0.5, Max: 2, Diff: 2, Sum: 2, Workers: 4
[2299.913s][debug][gc,phases      ] GC(42)     Total                          Min: 0, Avg: 11225.0, Max: 22591, Diff: 22591, Sum: 44900, Workers: 4
[2299.913s][debug][gc,phases      ] GC(42)   ResolvedMethodTable Weak       Min:  0.0, Avg:  0.0, Max:  0.1, Diff:  0.1, Sum:  0.2, Workers: 4
[2299.913s][debug][gc,phases      ] GC(42)     Dead                           Min: 0, Avg:  5.2, Max: 20, Diff: 20, Sum: 21, Workers: 4
[2299.913s][debug][gc,phases      ] GC(42)     Total                          Min: 0, Avg: 3944.8, Max: 5486, Diff: 5486, Sum: 15779, Workers: 4
[2299.913s][debug][gc,phases      ] GC(42)   JNI Weak                       Min:  0.0, Avg:  0.0, Max:  0.0, Diff:  0.0, Sum:  0.0, Workers: 4
[2299.913s][debug][gc,phases      ] GC(42)     Dead                           Min: 0, Avg:  0.0, Max: 0, Diff: 0, Sum: 0, Workers: 4
[2299.913s][debug][gc,phases      ] GC(42)     Total                          Min: 0, Avg: 12.0, Max: 48, Diff: 48, Sum: 48, Workers: 4
[2299.913s][debug][gc,phases      ] GC(42)   StringDedup Table Weak         Min:  0.0, Avg:  0.0, Max:  0.0, Diff:  0.0, Sum:  0.0, Workers: 4
[2299.913s][debug][gc,phases      ] GC(42)     Dead                           Min: 0, Avg:  0.0, Max: 0, Diff: 0, Sum: 0, Workers: 4
[2299.913s][debug][gc,phases      ] GC(42)     Total                          Min: 0, Avg:  0.0, Max: 0, Diff: 0, Sum: 0, Workers: 4
[2299.913s][debug][gc,phases      ] GC(42)   StringDedup Requests0 Weak     Min:  0.0, Avg:  0.0, Max:  0.0, Diff:  0.0, Sum:  0.0, Workers: 4
[2299.913s][debug][gc,phases      ] GC(42)     Dead                           Min: 0, Avg:  0.0, Max: 0, Diff: 0, Sum: 0, Workers: 4
[2299.913s][debug][gc,phases      ] GC(42)     Total                          Min: 0, Avg:  0.0, Max: 0, Diff: 0, Sum: 0, Workers: 4
[2299.913s][debug][gc,phases      ] GC(42)   StringDedup Requests1 Weak     Min:  0.0, Avg:  0.0, Max:  0.0, Diff:  0.0, Sum:  0.0, Workers: 4
[2299.913s][debug][gc,phases      ] GC(42)     Dead                           Min: 0, Avg:  0.0, Max: 0, Diff: 0, Sum: 0, Workers: 4
[2299.913s][debug][gc,phases      ] GC(42)     Total                          Min: 0, Avg:  0.0, Max: 0, Diff: 0, Sum: 0, Workers: 4
[2299.913s][debug][gc,phases      ] GC(42)   Weak JFR Old Object Samples    Min:  0.0, Avg:  0.0, Max:  0.0, Diff:  0.0, Sum:  0.0, Workers: 4
[2299.913s][debug][gc,phases      ] GC(42)     Dead                           Min: 0, Avg:  0.0, Max: 0, Diff: 0, Sum: 0, Workers: 4
[2299.913s][debug][gc,phases      ] GC(42)     Total                          Min: 0, Avg:  0.0, Max: 0, Diff: 0, Sum: 0, Workers: 4
[2299.913s][debug][gc,phases      ] GC(42) Weak Processing 0.657ms
[2299.913s][debug][gc,age         ] GC(42) Desired survivor size 78118912 bytes, new threshold 1 (max threshold 15)
[2299.913s][info ][gc,heap        ] GC(42) PSYoungGen: 1922384K(2004992K)->4096K(2020864K) Eden: 1918976K(1918976K)->0K(1939968K) From: 3408K(86016K)->4096K(80896K)
[2299.913s][info ][gc,heap        ] GC(42) ParOldGen: 339627K(339968K)->340516K(340992K)
[2299.913s][info ][gc,metaspace   ] GC(42) Metaspace: 103124K(104448K)->103124K(104448K) NonClass: 87533K(88256K)->87533K(88256K) Class: 15590K(16192K)->15590K(16192K)
[2299.913s][info ][gc             ] GC(42) Pause Young (Allocation Failure) 2208M->336M(2306M) 5.879ms
[2299.913s][info ][gc,cpu         ] GC(42) User=0.02s Sys=0.00s Real=0.01s
[2299.913s][info ][safepoint      ] Safepoint "ParallelGCFailedAllocation", Time since last: 918832506 ns, Reaching safepoint: 9800 ns, Cleanup: 4301 ns, At safepoint: 5972477 ns, Total: 5986578 ns
[2300.913s][info ][safepoint      ] Safepoint "Cleanup", Time since last: 1000165223 ns, Reaching safepoint: 15301 ns, Cleanup: 38401 ns, At safepoint: 3400 ns, Total: 57102 ns
[2301.913s][info ][safepoint      ] Safepoint "Cleanup", Time since last: 1000144623 ns, Reaching safepoint: 10500 ns, Cleanup: 13701 ns, At safepoint: 3000 ns, Total: 27201 ns
[2302.914s][info ][safepoint      ] Safepoint "Cleanup", Time since last: 1000130422 ns, Reaching safepoint: 12800 ns, Cleanup: 17801 ns, At safepoint: 3800 ns, Total: 34401 ns
[2303.914s][info ][safepoint      ] Safepoint "Cleanup", Time since last: 1000146323 ns, Reaching safepoint: 10600 ns, Cleanup: 18301 ns, At safepoint: 2900 ns, Total: 31801 ns
[2304.914s][info ][safepoint      ] Safepoint "Cleanup", Time since last: 1000135722 ns, Reaching safepoint: 9201 ns, Cleanup: 16300 ns, At safepoint: 3200 ns, Total: 28701 ns
[2307.914s][info ][safepoint      ] Safepoint "Cleanup", Time since last: 3000276876 ns, Reaching safepoint: 9900 ns, Cleanup: 17401 ns, At safepoint: 3500 ns, Total: 30801 ns
[2317.915s][info ][safepoint      ] Safepoint "Cleanup", Time since last: 10000782023 ns, Reaching safepoint: 8400 ns, Cleanup: 17801 ns, At safepoint: 2400 ns, Total: 28601 ns
[2318.915s][info ][safepoint      ] Safepoint "Cleanup", Time since last: 1000118575 ns, Reaching safepoint: 9000 ns, Cleanup: 15400 ns, At safepoint: 3601 ns, Total: 28001 ns
[2325.916s][info ][safepoint      ] Safepoint "Cleanup", Time since last: 7000532117 ns, Reaching safepoint: 8900 ns, Cleanup: 9300 ns, At safepoint: 2500 ns, Total: 20700 ns
[2327.916s][info ][safepoint      ] Safepoint "Cleanup", Time since last: 2000213972 ns, Reaching safepoint: 9400 ns, Cleanup: 12701 ns, At safepoint: 2300 ns, Total: 24401 ns
[2330.916s][info ][safepoint      ] Safepoint "Cleanup", Time since last: 3000266105 ns, Reaching safepoint: 8401 ns, Cleanup: 17300 ns, At safepoint: 2800 ns, Total: 28501 ns
[2335.917s][info ][safepoint      ] Safepoint "Cleanup", Time since last: 5000434120 ns, Reaching safepoint: 10700 ns, Cleanup: 23101 ns, At safepoint: 2600 ns, Total: 36401 ns
[2336.917s][info ][safepoint      ] Safepoint "Cleanup", Time since last: 1000147006 ns, Reaching safepoint: 8600 ns, Cleanup: 12000 ns, At safepoint: 2800 ns, Total: 23400 ns
[2338.917s][info ][safepoint      ] Safepoint "Cleanup", Time since last: 2000203589 ns, Reaching safepoint: 9900 ns, Cleanup: 15401 ns, At safepoint: 2800 ns, Total: 28101 ns
[2343.005s][info ][safepoint      ] Safepoint "Cleanup", Time since last: 4088127632 ns, Reaching safepoint: 10400 ns, Cleanup: 14100 ns, At safepoint: 3100 ns, Total: 27600 ns
[2348.006s][info ][safepoint      ] Safepoint "Cleanup", Time since last: 5000453889 ns, Reaching safepoint: 11300 ns, Cleanup: 14800 ns, At safepoint: 2900 ns, Total: 29000 ns
[2350.006s][info ][safepoint      ] Safepoint "Cleanup", Time since last: 2000239006 ns, Reaching safepoint: 13801 ns, Cleanup: 21200 ns, At safepoint: 3201 ns, Total: 38202 ns
[2353.006s][info ][safepoint      ] Safepoint "Cleanup", Time since last: 3000327908 ns, Reaching safepoint: 10900 ns, Cleanup: 14600 ns, At safepoint: 2801 ns, Total: 28301 ns
[2355.007s][info ][safepoint      ] Safepoint "Cleanup", Time since last: 2000214034 ns, Reaching safepoint: 10800 ns, Cleanup: 15301 ns, At safepoint: 2500 ns, Total: 28601 ns
[2359.007s][info ][safepoint      ] Safepoint "Cleanup", Time since last: 4000382301 ns, Reaching safepoint: 9800 ns, Cleanup: 16601 ns, At safepoint: 2800 ns, Total: 29201 ns
[2360.007s][info ][safepoint      ] Safepoint "Cleanup", Time since last: 1000166102 ns, Reaching safepoint: 12600 ns, Cleanup: 18501 ns, At safepoint: 3300 ns, Total: 34401 ns
[2366.008s][info ][safepoint      ] Safepoint "Cleanup", Time since last: 6000596819 ns, Reaching safepoint: 13100 ns, Cleanup: 17600 ns, At safepoint: 3100 ns, Total: 33800 ns
[2370.008s][info ][safepoint      ] Safepoint "Cleanup", Time since last: 4000360261 ns, Reaching safepoint: 18701 ns, Cleanup: 23901 ns, At safepoint: 4100 ns, Total: 46702 ns
[2371.008s][info ][safepoint      ] Safepoint "Cleanup", Time since last: 1000156810 ns, Reaching safepoint: 10700 ns, Cleanup: 18301 ns, At safepoint: 34401 ns, Total: 63402 ns
[2376.009s][info ][safepoint      ] Safepoint "Cleanup", Time since last: 5000478740 ns, Reaching safepoint: 10801 ns, Cleanup: 18200 ns, At safepoint: 3100 ns, Total: 32101 ns
[2378.584s][info ][gc,start       ] GC(43) Pause Young (Allocation Failure)
[2378.588s][debug][gc,phases      ] GC(43) Scavenge 4.361ms
[2378.588s][debug][gc,ref         ] GC(43) ReferenceProcessor::execute queues: 1, RefProcThreadModel::Single, marks_oops_alive: false
[2378.588s][debug][gc,ref         ] GC(43) Skipped KeepAliveFinalRefsPhase of Reference Processing: no references
[2378.588s][debug][gc,ref         ] GC(43) ReferenceProcessor::execute queues: 1, RefProcThreadModel::Single, marks_oops_alive: false
[2378.588s][debug][gc,phases      ] GC(43) Reference Processing 0.161ms
[2378.589s][debug][gc,phases      ] GC(43)   VM Weak                        Min:  0.0, Avg:  0.0, Max:  0.0, Diff:  0.0, Sum:  0.0, Workers: 4
[2378.589s][debug][gc,phases      ] GC(43)     Dead                           Min: 0, Avg:  0.0, Max: 0, Diff: 0, Sum: 0, Workers: 4
[2378.589s][debug][gc,phases      ] GC(43)     Total                          Min: 0, Avg: 256.0, Max: 704, Diff: 704, Sum: 1024, Workers: 4
[2378.589s][debug][gc,phases      ] GC(43)   ObjectSynchronizer Weak        Min:  0.0, Avg:  0.0, Max:  0.0, Diff:  0.0, Sum:  0.0, Workers: 4
[2378.589s][debug][gc,phases      ] GC(43)     Dead                           Min: 0, Avg:  0.0, Max: 0, Diff: 0, Sum: 0, Workers: 4
[2378.589s][debug][gc,phases      ] GC(43)     Total                          Min: 0, Avg:  1.0, Max: 4, Diff: 4, Sum: 4, Workers: 4
[2378.589s][debug][gc,phases      ] GC(43)   JVMTI Tag Weak OopStorage      Min:  0.0, Avg:  0.0, Max:  0.0, Diff:  0.0, Sum:  0.0, Workers: 4
[2378.589s][debug][gc,phases      ] GC(43)     Dead                           Min: 0, Avg:  0.0, Max: 0, Diff: 0, Sum: 0, Workers: 4
[2378.589s][debug][gc,phases      ] GC(43)     Total                          Min: 0, Avg:  0.0, Max: 0, Diff: 0, Sum: 0, Workers: 4
[2378.589s][debug][gc,phases      ] GC(43)   StringTable Weak               Min:  0.0, Avg:  0.1, Max:  0.2, Diff:  0.2, Sum:  0.5, Workers: 4
[2378.589s][debug][gc,phases      ] GC(43)     Dead                           Min: 0, Avg:  0.8, Max: 3, Diff: 3, Sum: 3, Workers: 4
[2378.589s][debug][gc,phases      ] GC(43)     Total                          Min: 0, Avg: 11232.8, Max: 23107, Diff: 23107, Sum: 44931, Workers: 4
[2378.589s][debug][gc,phases      ] GC(43)   ResolvedMethodTable Weak       Min:  0.0, Avg:  0.0, Max:  0.1, Diff:  0.1, Sum:  0.2, Workers: 4
[2378.589s][debug][gc,phases      ] GC(43)     Dead                           Min: 0, Avg:  4.8, Max: 17, Diff: 17, Sum: 19, Workers: 4
[2378.589s][debug][gc,phases      ] GC(43)     Total                          Min: 0, Avg: 3950.5, Max: 7994, Diff: 7994, Sum: 15802, Workers: 4
[2378.589s][debug][gc,phases      ] GC(43)   JNI Weak                       Min:  0.0, Avg:  0.0, Max:  0.0, Diff:  0.0, Sum:  0.0, Workers: 4
[2378.589s][debug][gc,phases      ] GC(43)     Dead                           Min: 0, Avg:  0.0, Max: 0, Diff: 0, Sum: 0, Workers: 4
[2378.589s][debug][gc,phases      ] GC(43)     Total                          Min: 0, Avg: 12.0, Max: 48, Diff: 48, Sum: 48, Workers: 4
[2378.589s][debug][gc,phases      ] GC(43)   StringDedup Table Weak         Min:  0.0, Avg:  0.0, Max:  0.0, Diff:  0.0, Sum:  0.0, Workers: 4
[2378.589s][debug][gc,phases      ] GC(43)     Dead                           Min: 0, Avg:  0.0, Max: 0, Diff: 0, Sum: 0, Workers: 4
[2378.589s][debug][gc,phases      ] GC(43)     Total                          Min: 0, Avg:  0.0, Max: 0, Diff: 0, Sum: 0, Workers: 4
[2378.589s][debug][gc,phases      ] GC(43)   StringDedup Requests0 Weak     Min:  0.0, Avg:  0.0, Max:  0.0, Diff:  0.0, Sum:  0.0, Workers: 4
[2378.589s][debug][gc,phases      ] GC(43)     Dead                           Min: 0, Avg:  0.0, Max: 0, Diff: 0, Sum: 0, Workers: 4
[2378.589s][debug][gc,phases      ] GC(43)     Total                          Min: 0, Avg:  0.0, Max: 0, Diff: 0, Sum: 0, Workers: 4
[2378.589s][debug][gc,phases      ] GC(43)   StringDedup Requests1 Weak     Min:  0.0, Avg:  0.0, Max:  0.0, Diff:  0.0, Sum:  0.0, Workers: 4
[2378.589s][debug][gc,phases      ] GC(43)     Dead                           Min: 0, Avg:  0.0, Max: 0, Diff: 0, Sum: 0, Workers: 4
[2378.589s][debug][gc,phases      ] GC(43)     Total                          Min: 0, Avg:  0.0, Max: 0, Diff: 0, Sum: 0, Workers: 4
[2378.589s][debug][gc,phases      ] GC(43)   Weak JFR Old Object Samples    Min:  0.0, Avg:  0.0, Max:  0.0, Diff:  0.0, Sum:  0.0, Workers: 4
[2378.589s][debug][gc,phases      ] GC(43)     Dead                           Min: 0, Avg:  0.0, Max: 0, Diff: 0, Sum: 0, Workers: 4
[2378.589s][debug][gc,phases      ] GC(43)     Total                          Min: 0, Avg:  0.0, Max: 0, Diff: 0, Sum: 0, Workers: 4
[2378.589s][debug][gc,phases      ] GC(43) Weak Processing 0.660ms
[2378.589s][debug][gc,age         ] GC(43) Desired survivor size 73400320 bytes, new threshold 1 (max threshold 15)
[2378.589s][info ][gc,heap        ] GC(43) PSYoungGen: 1944064K(2020864K)->3104K(2016256K) Eden: 1939968K(1939968K)->0K(1939968K) From: 4096K(80896K)->3104K(76288K)
[2378.589s][info ][gc,heap        ] GC(43) ParOldGen: 340516K(340992K)->342084K(342528K)
[2378.589s][info ][gc,metaspace   ] GC(43) Metaspace: 103222K(104576K)->103222K(104576K) NonClass: 87619K(88384K)->87619K(88384K) Class: 15602K(16192K)->15602K(16192K)
[2378.589s][info ][gc             ] GC(43) Pause Young (Allocation Failure) 2231M->337M(2303M) 5.399ms
[2378.589s][info ][gc,cpu         ] GC(43) User=0.02s Sys=0.00s Real=0.01s
[2378.589s][info ][safepoint      ] Safepoint "ParallelGCFailedAllocation", Time since last: 2574765917 ns, Reaching safepoint: 14601 ns, Cleanup: 7600 ns, At safepoint: 5513947 ns, Total: 5536148 ns
[2380.590s][info ][safepoint      ] Safepoint "Cleanup", Time since last: 2000193675 ns, Reaching safepoint: 8000 ns, Cleanup: 12600 ns, At safepoint: 35001 ns, Total: 55601 ns
[2383.594s][info ][safepoint      ] Safepoint "Cleanup", Time since last: 3004263118 ns, Reaching safepoint: 19500 ns, Cleanup: 19001 ns, At safepoint: 3800 ns, Total: 42301 ns
[2386.594s][info ][safepoint      ] Safepoint "Cleanup", Time since last: 3000315634 ns, Reaching safepoint: 8401 ns, Cleanup: 17500 ns, At safepoint: 3000 ns, Total: 28901 ns
[2390.595s][info ][safepoint      ] Safepoint "Cleanup", Time since last: 4000393115 ns, Reaching safepoint: 10400 ns, Cleanup: 14801 ns, At safepoint: 2900 ns, Total: 28101 ns
[2391.595s][info ][safepoint      ] Safepoint "Cleanup", Time since last: 1000145235 ns, Reaching safepoint: 9500 ns, Cleanup: 15500 ns, At safepoint: 2601 ns, Total: 27601 ns
[2393.595s][info ][safepoint      ] Safepoint "Cleanup", Time since last: 2000265099 ns, Reaching safepoint: 11000 ns, Cleanup: 15500 ns, At safepoint: 2900 ns, Total: 29400 ns
[2394.595s][info ][safepoint      ] Safepoint "Cleanup", Time since last: 1000151367 ns, Reaching safepoint: 10000 ns, Cleanup: 15900 ns, At safepoint: 2500 ns, Total: 28400 ns
[2395.595s][info ][safepoint      ] Safepoint "Cleanup", Time since last: 1000148731 ns, Reaching safepoint: 10700 ns, Cleanup: 31501 ns, At safepoint: 2600 ns, Total: 44801 ns
[2398.596s][info ][safepoint      ] Safepoint "Cleanup", Time since last: 3000348189 ns, Reaching safepoint: 8700 ns, Cleanup: 12701 ns, At safepoint: 2800 ns, Total: 24201 ns
[2399.596s][info ][safepoint      ] Safepoint "Cleanup", Time since last: 1000143630 ns, Reaching safepoint: 10100 ns, Cleanup: 21101 ns, At safepoint: 3200 ns, Total: 34401 ns
[2400.596s][info ][safepoint      ] Safepoint "Cleanup", Time since last: 1000134730 ns, Reaching safepoint: 10100 ns, Cleanup: 21101 ns, At safepoint: 2700 ns, Total: 33901 ns
[2403.028s][info ][safepoint      ] Safepoint "Cleanup", Time since last: 2431978252 ns, Reaching safepoint: 78902 ns, Cleanup: 11801 ns, At safepoint: 6500 ns, Total: 97203 ns
[2404.028s][info ][safepoint      ] Safepoint "Cleanup", Time since last: 1000120629 ns, Reaching safepoint: 89402 ns, Cleanup: 21501 ns, At safepoint: 10800 ns, Total: 121703 ns
[2405.029s][info ][safepoint      ] Safepoint "Cleanup", Time since last: 1000144430 ns, Reaching safepoint: 91702 ns, Cleanup: 16801 ns, At safepoint: 8900 ns, Total: 117403 ns
[2406.029s][info ][safepoint      ] Safepoint "Cleanup", Time since last: 1000133330 ns, Reaching safepoint: 214605 ns, Cleanup: 20501 ns, At safepoint: 8000 ns, Total: 243106 ns
[2407.415s][info ][safepoint      ] Safepoint "Cleanup", Time since last: 1386060528 ns, Reaching safepoint: 4700 ns, Cleanup: 10100 ns, At safepoint: 4901 ns, Total: 19701 ns
[2408.419s][info ][safepoint      ] Safepoint "Cleanup", Time since last: 1003696423 ns, Reaching safepoint: 9700 ns, Cleanup: 14001 ns, At safepoint: 2500 ns, Total: 26201 ns
[2409.419s][info ][safepoint      ] Safepoint "Cleanup", Time since last: 1000133126 ns, Reaching safepoint: 10400 ns, Cleanup: 18500 ns, At safepoint: 2600 ns, Total: 31500 ns
[2411.419s][info ][safepoint      ] Safepoint "Cleanup", Time since last: 2000220045 ns, Reaching safepoint: 10801 ns, Cleanup: 37101 ns, At safepoint: 2700 ns, Total: 50602 ns
[2412.420s][info ][safepoint      ] Safepoint "Cleanup", Time since last: 1000160408 ns, Reaching safepoint: 8800 ns, Cleanup: 43701 ns, At safepoint: 3100 ns, Total: 55601 ns
[2413.420s][info ][safepoint      ] Safepoint "Cleanup", Time since last: 1000139208 ns, Reaching safepoint: 13400 ns, Cleanup: 23501 ns, At safepoint: 4100 ns, Total: 41001 ns
[2414.420s][info ][safepoint      ] Safepoint "Cleanup", Time since last: 1000163909 ns, Reaching safepoint: 9400 ns, Cleanup: 42201 ns, At safepoint: 2900 ns, Total: 54501 ns
[2415.420s][info ][safepoint      ] Safepoint "Cleanup", Time since last: 1000133408 ns, Reaching safepoint: 10500 ns, Cleanup: 22800 ns, At safepoint: 2701 ns, Total: 36001 ns
[2416.420s][info ][safepoint      ] Safepoint "Cleanup", Time since last: 1000133307 ns, Reaching safepoint: 10800 ns, Cleanup: 20401 ns, At safepoint: 3200 ns, Total: 34401 ns
[2419.421s][info ][safepoint      ] Safepoint "Cleanup", Time since last: 3000295548 ns, Reaching safepoint: 10700 ns, Cleanup: 17200 ns, At safepoint: 3001 ns, Total: 30901 ns
[2420.421s][info ][safepoint      ] Safepoint "Cleanup", Time since last: 1000130277 ns, Reaching safepoint: 8300 ns, Cleanup: 13201 ns, At safepoint: 2700 ns, Total: 24201 ns
[2421.421s][info ][safepoint      ] Safepoint "Cleanup", Time since last: 1000135978 ns, Reaching safepoint: 13200 ns, Cleanup: 16600 ns, At safepoint: 2800 ns, Total: 32600 ns
[2426.422s][info ][safepoint      ] Safepoint "Cleanup", Time since last: 5000457043 ns, Reaching safepoint: 84002 ns, Cleanup: 12501 ns, At safepoint: 6800 ns, Total: 103303 ns
[2439.423s][info ][safepoint      ] Safepoint "Cleanup", Time since last: 13001293372 ns, Reaching safepoint: 14100 ns, Cleanup: 17300 ns, At safepoint: 3201 ns, Total: 34601 ns
[2442.423s][info ][safepoint      ] Safepoint "Cleanup", Time since last: 3000393322 ns, Reaching safepoint: 11700 ns, Cleanup: 15201 ns, At safepoint: 3100 ns, Total: 30001 ns
[2443.423s][info ][safepoint      ] Safepoint "Cleanup", Time since last: 1000162800 ns, Reaching safepoint: 14301 ns, Cleanup: 17300 ns, At safepoint: 3500 ns, Total: 35101 ns
[2447.424s][info ][safepoint      ] Safepoint "Cleanup", Time since last: 4000452598 ns, Reaching safepoint: 18201 ns, Cleanup: 29801 ns, At safepoint: 3800 ns, Total: 51802 ns
[2448.424s][info ][safepoint      ] Safepoint "Cleanup", Time since last: 1000174501 ns, Reaching safepoint: 13800 ns, Cleanup: 15801 ns, At safepoint: 3200 ns, Total: 32801 ns
[2450.078s][info ][gc,start       ] GC(44) Pause Young (Allocation Failure)
[2450.084s][debug][gc,phases      ] GC(44) Scavenge 6.041ms
[2450.084s][debug][gc,ref         ] GC(44) ReferenceProcessor::execute queues: 1, RefProcThreadModel::Single, marks_oops_alive: false
[2450.084s][debug][gc,ref         ] GC(44) Skipped KeepAliveFinalRefsPhase of Reference Processing: no references
[2450.084s][debug][gc,ref         ] GC(44) ReferenceProcessor::execute queues: 1, RefProcThreadModel::Single, marks_oops_alive: false
[2450.084s][debug][gc,phases      ] GC(44) Reference Processing 0.128ms
[2450.085s][debug][gc,phases      ] GC(44)   VM Weak                        Min:  0.0, Avg:  0.0, Max:  0.0, Diff:  0.0, Sum:  0.0, Workers: 4
[2450.085s][debug][gc,phases      ] GC(44)     Dead                           Min: 0, Avg:  0.0, Max: 0, Diff: 0, Sum: 0, Workers: 4
[2450.085s][debug][gc,phases      ] GC(44)     Total                          Min: 0, Avg: 257.0, Max: 516, Diff: 516, Sum: 1028, Workers: 4
[2450.085s][debug][gc,phases      ] GC(44)   ObjectSynchronizer Weak        Min:  0.0, Avg:  0.0, Max:  0.0, Diff:  0.0, Sum:  0.0, Workers: 4
[2450.085s][debug][gc,phases      ] GC(44)     Dead                           Min: 0, Avg:  0.0, Max: 0, Diff: 0, Sum: 0, Workers: 4
[2450.085s][debug][gc,phases      ] GC(44)     Total                          Min: 0, Avg:  1.0, Max: 4, Diff: 4, Sum: 4, Workers: 4
[2450.085s][debug][gc,phases      ] GC(44)   JVMTI Tag Weak OopStorage      Min:  0.0, Avg:  0.0, Max:  0.0, Diff:  0.0, Sum:  0.0, Workers: 4
[2450.085s][debug][gc,phases      ] GC(44)     Dead                           Min: 0, Avg:  0.0, Max: 0, Diff: 0, Sum: 0, Workers: 4
[2450.085s][debug][gc,phases      ] GC(44)     Total                          Min: 0, Avg:  0.0, Max: 0, Diff: 0, Sum: 0, Workers: 4
[2450.085s][debug][gc,phases      ] GC(44)   StringTable Weak               Min:  0.0, Avg:  0.1, Max:  0.2, Diff:  0.2, Sum:  0.5, Workers: 4
[2450.085s][debug][gc,phases      ] GC(44)     Dead                           Min: 0, Avg:  0.2, Max: 1, Diff: 1, Sum: 1, Workers: 4
[2450.085s][debug][gc,phases      ] GC(44)     Total                          Min: 0, Avg: 11252.0, Max: 16080, Diff: 16080, Sum: 45008, Workers: 4
[2450.085s][debug][gc,phases      ] GC(44)   ResolvedMethodTable Weak       Min:  0.0, Avg:  0.0, Max:  0.1, Diff:  0.1, Sum:  0.2, Workers: 4
[2450.085s][debug][gc,phases      ] GC(44)     Dead                           Min: 0, Avg:  8.5, Max: 19, Diff: 19, Sum: 34, Workers: 4
[2450.085s][debug][gc,phases      ] GC(44)     Total                          Min: 0, Avg: 3962.5, Max: 5674, Diff: 5674, Sum: 15850, Workers: 4
[2450.085s][debug][gc,phases      ] GC(44)   JNI Weak                       Min:  0.0, Avg:  0.0, Max:  0.0, Diff:  0.0, Sum:  0.0, Workers: 4
[2450.085s][debug][gc,phases      ] GC(44)     Dead                           Min: 0, Avg:  0.0, Max: 0, Diff: 0, Sum: 0, Workers: 4
[2450.085s][debug][gc,phases      ] GC(44)     Total                          Min: 0, Avg: 12.0, Max: 48, Diff: 48, Sum: 48, Workers: 4
[2450.085s][debug][gc,phases      ] GC(44)   StringDedup Table Weak         Min:  0.0, Avg:  0.0, Max:  0.0, Diff:  0.0, Sum:  0.0, Workers: 4
[2450.085s][debug][gc,phases      ] GC(44)     Dead                           Min: 0, Avg:  0.0, Max: 0, Diff: 0, Sum: 0, Workers: 4
[2450.085s][debug][gc,phases      ] GC(44)     Total                          Min: 0, Avg:  0.0, Max: 0, Diff: 0, Sum: 0, Workers: 4
[2450.085s][debug][gc,phases      ] GC(44)   StringDedup Requests0 Weak     Min:  0.0, Avg:  0.0, Max:  0.0, Diff:  0.0, Sum:  0.0, Workers: 4
[2450.085s][debug][gc,phases      ] GC(44)     Dead                           Min: 0, Avg:  0.0, Max: 0, Diff: 0, Sum: 0, Workers: 4
[2450.085s][debug][gc,phases      ] GC(44)     Total                          Min: 0, Avg:  0.0, Max: 0, Diff: 0, Sum: 0, Workers: 4
[2450.085s][debug][gc,phases      ] GC(44)   StringDedup Requests1 Weak     Min:  0.0, Avg:  0.0, Max:  0.0, Diff:  0.0, Sum:  0.0, Workers: 4
[2450.085s][debug][gc,phases      ] GC(44)     Dead                           Min: 0, Avg:  0.0, Max: 0, Diff: 0, Sum: 0, Workers: 4
[2450.085s][debug][gc,phases      ] GC(44)     Total                          Min: 0, Avg:  0.0, Max: 0, Diff: 0, Sum: 0, Workers: 4
[2450.085s][debug][gc,phases      ] GC(44)   Weak JFR Old Object Samples    Min:  0.0, Avg:  0.0, Max:  0.0, Diff:  0.0, Sum:  0.0, Workers: 4
[2450.085s][debug][gc,phases      ] GC(44)     Dead                           Min: 0, Avg:  0.0, Max: 0, Diff: 0, Sum: 0, Workers: 4
[2450.085s][debug][gc,phases      ] GC(44)     Total                          Min: 0, Avg:  0.0, Max: 0, Diff: 0, Sum: 0, Workers: 4
[2450.085s][debug][gc,phases      ] GC(44) Weak Processing 0.477ms
[2450.085s][debug][gc,age         ] GC(44) Desired survivor size 68681728 bytes, new threshold 1 (max threshold 15)
[2450.085s][info ][gc,heap        ] GC(44) PSYoungGen: 1943072K(2016256K)->3456K(2030080K) Eden: 1939968K(1939968K)->0K(1958400K) From: 3104K(76288K)->3456K(71680K)
[2450.085s][info ][gc,heap        ] GC(44) ParOldGen: 342084K(342528K)->342552K(343040K)
[2450.085s][info ][gc,metaspace   ] GC(44) Metaspace: 103324K(104704K)->103324K(104704K) NonClass: 87701K(88448K)->87701K(88448K) Class: 15622K(16256K)->15622K(16256K)
[2450.085s][info ][gc             ] GC(44) Pause Young (Allocation Failure) 2231M->337M(2317M) 6.819ms
[2450.085s][info ][gc,cpu         ] GC(44) User=0.02s Sys=0.00s Real=0.01s
[2450.085s][info ][safepoint      ] Safepoint "ParallelGCFailedAllocation", Time since last: 1653791321 ns, Reaching safepoint: 11801 ns, Cleanup: 5800 ns, At safepoint: 6921791 ns, Total: 6939392 ns
[2454.085s][info ][safepoint      ] Safepoint "Cleanup", Time since last: 4000328480 ns, Reaching safepoint: 8200 ns, Cleanup: 19900 ns, At safepoint: 2601 ns, Total: 30701 ns
[2459.086s][info ][safepoint      ] Safepoint "Cleanup", Time since last: 5000475872 ns, Reaching safepoint: 8500 ns, Cleanup: 35701 ns, At safepoint: 2800 ns, Total: 47001 ns
[2461.053s][info ][safepoint      ] Safepoint "Cleanup", Time since last: 1966733096 ns, Reaching safepoint: 4900 ns, Cleanup: 16300 ns, At safepoint: 4400 ns, Total: 25600 ns
[2463.053s][info ][safepoint      ] Safepoint "Cleanup", Time since last: 2000208457 ns, Reaching safepoint: 10700 ns, Cleanup: 18001 ns, At safepoint: 2500 ns, Total: 31201 ns
[2464.053s][info ][safepoint      ] Safepoint "Cleanup", Time since last: 1000139229 ns, Reaching safepoint: 10700 ns, Cleanup: 61902 ns, At safepoint: 2600 ns, Total: 75202 ns
[2465.053s][info ][safepoint      ] Safepoint "Cleanup", Time since last: 1000138229 ns, Reaching safepoint: 11800 ns, Cleanup: 26501 ns, At safepoint: 3500 ns, Total: 41801 ns
[2466.053s][info ][safepoint      ] Safepoint "Cleanup", Time since last: 1000130328 ns, Reaching safepoint: 10401 ns, Cleanup: 22200 ns, At safepoint: 5800 ns, Total: 38401 ns
[2467.054s][info ][safepoint      ] Safepoint "Cleanup", Time since last: 1000138299 ns, Reaching safepoint: 11500 ns, Cleanup: 23901 ns, At safepoint: 2900 ns, Total: 38301 ns
[2468.054s][info ][safepoint      ] Safepoint "Cleanup", Time since last: 1000143699 ns, Reaching safepoint: 11100 ns, Cleanup: 47101 ns, At safepoint: 2900 ns, Total: 61101 ns
[2469.054s][info ][safepoint      ] Safepoint "Cleanup", Time since last: 1000142499 ns, Reaching safepoint: 11100 ns, Cleanup: 38301 ns, At safepoint: 2600 ns, Total: 52001 ns
[2470.054s][info ][safepoint      ] Safepoint "Cleanup", Time since last: 1000141399 ns, Reaching safepoint: 11500 ns, Cleanup: 26701 ns, At safepoint: 2700 ns, Total: 40901 ns
[2471.054s][info ][safepoint      ] Safepoint "Cleanup", Time since last: 1000137198 ns, Reaching safepoint: 11501 ns, Cleanup: 17400 ns, At safepoint: 2500 ns, Total: 31401 ns
[2472.054s][info ][safepoint      ] Safepoint "Cleanup", Time since last: 1000142299 ns, Reaching safepoint: 11200 ns, Cleanup: 20901 ns, At safepoint: 3000 ns, Total: 35101 ns
[2473.055s][info ][safepoint      ] Safepoint "Cleanup", Time since last: 1000141898 ns, Reaching safepoint: 10601 ns, Cleanup: 19000 ns, At safepoint: 2700 ns, Total: 32301 ns
[2474.055s][info ][safepoint      ] Safepoint "Cleanup", Time since last: 1000140255 ns, Reaching safepoint: 11100 ns, Cleanup: 17001 ns, At safepoint: 2500 ns, Total: 30601 ns
[2475.055s][info ][safepoint      ] Safepoint "Cleanup", Time since last: 1000148022 ns, Reaching safepoint: 11800 ns, Cleanup: 18400 ns, At safepoint: 2701 ns, Total: 32901 ns
[2475.474s][info ][safepoint      ] Safepoint "ICBufferFull", Time since last: 419239143 ns, Reaching safepoint: 9600 ns, Cleanup: 208006 ns, At safepoint: 7300 ns, Total: 224906 ns
[2475.992s][info ][safepoint      ] Safepoint "ICBufferFull", Time since last: 516987264 ns, Reaching safepoint: 9601 ns, Cleanup: 224206 ns, At safepoint: 3100 ns, Total: 236907 ns
[2476.992s][info ][safepoint      ] Safepoint "Cleanup", Time since last: 1000119921 ns, Reaching safepoint: 76902 ns, Cleanup: 192605 ns, At safepoint: 7100 ns, Total: 276607 ns
[2477.622s][info ][gc,start       ] GC(45) Pause Young (Allocation Failure)
[2477.676s][debug][gc,phases      ] GC(45) Scavenge 53.472ms
[2477.676s][debug][gc,ref         ] GC(45) ReferenceProcessor::execute queues: 1, RefProcThreadModel::Single, marks_oops_alive: false
[2477.676s][debug][gc,ref         ] GC(45) Skipped KeepAliveFinalRefsPhase of Reference Processing: no references
[2477.676s][debug][gc,ref         ] GC(45) ReferenceProcessor::execute queues: 1, RefProcThreadModel::Single, marks_oops_alive: false
[2477.676s][debug][gc,phases      ] GC(45) Reference Processing 0.379ms
[2477.677s][debug][gc,phases      ] GC(45)   VM Weak                        Min:  0.0, Avg:  0.0, Max:  0.0, Diff:  0.0, Sum:  0.0, Workers: 4
[2477.677s][debug][gc,phases      ] GC(45)     Dead                           Min: 0, Avg:  0.0, Max: 0, Diff: 0, Sum: 0, Workers: 4
[2477.677s][debug][gc,phases      ] GC(45)     Total                          Min: 0, Avg: 260.0, Max: 592, Diff: 592, Sum: 1040, Workers: 4
[2477.677s][debug][gc,phases      ] GC(45)   ObjectSynchronizer Weak        Min:  0.0, Avg:  0.0, Max:  0.0, Diff:  0.0, Sum:  0.0, Workers: 4
[2477.677s][debug][gc,phases      ] GC(45)     Dead                           Min: 0, Avg:  0.0, Max: 0, Diff: 0, Sum: 0, Workers: 4
[2477.677s][debug][gc,phases      ] GC(45)     Total                          Min: 0, Avg:  1.8, Max: 7, Diff: 7, Sum: 7, Workers: 4
[2477.677s][debug][gc,phases      ] GC(45)   JVMTI Tag Weak OopStorage      Min:  0.0, Avg:  0.0, Max:  0.0, Diff:  0.0, Sum:  0.0, Workers: 4
[2477.677s][debug][gc,phases      ] GC(45)     Dead                           Min: 0, Avg:  0.0, Max: 0, Diff: 0, Sum: 0, Workers: 4
[2477.677s][debug][gc,phases      ] GC(45)     Total                          Min: 0, Avg:  0.0, Max: 0, Diff: 0, Sum: 0, Workers: 4
[2477.677s][debug][gc,phases      ] GC(45)   StringTable Weak               Min:  0.0, Avg:  0.1, Max:  0.2, Diff:  0.2, Sum:  0.6, Workers: 4
[2477.677s][debug][gc,phases      ] GC(45)     Dead                           Min: 0, Avg:  1.0, Max: 4, Diff: 4, Sum: 4, Workers: 4
[2477.677s][debug][gc,phases      ] GC(45)     Total                          Min: 0, Avg: 11306.2, Max: 16384, Diff: 16384, Sum: 45225, Workers: 4
[2477.677s][debug][gc,phases      ] GC(45)   ResolvedMethodTable Weak       Min:  0.0, Avg:  0.1, Max:  0.1, Diff:  0.1, Sum:  0.2, Workers: 4
[2477.677s][debug][gc,phases      ] GC(45)     Dead                           Min: 0, Avg: 18.0, Max: 34, Diff: 34, Sum: 72, Workers: 4
[2477.677s][debug][gc,phases      ] GC(45)     Total                          Min: 0, Avg: 4023.0, Max: 5818, Diff: 5818, Sum: 16092, Workers: 4
[2477.677s][debug][gc,phases      ] GC(45)   JNI Weak                       Min:  0.0, Avg:  0.0, Max:  0.0, Diff:  0.0, Sum:  0.0, Workers: 4
[2477.677s][debug][gc,phases      ] GC(45)     Dead                           Min: 0, Avg:  0.0, Max: 0, Diff: 0, Sum: 0, Workers: 4
[2477.677s][debug][gc,phases      ] GC(45)     Total                          Min: 0, Avg: 20.5, Max: 52, Diff: 52, Sum: 82, Workers: 4
[2477.677s][debug][gc,phases      ] GC(45)   StringDedup Table Weak         Min:  0.0, Avg:  0.0, Max:  0.0, Diff:  0.0, Sum:  0.0, Workers: 4
[2477.677s][debug][gc,phases      ] GC(45)     Dead                           Min: 0, Avg:  0.0, Max: 0, Diff: 0, Sum: 0, Workers: 4
[2477.677s][debug][gc,phases      ] GC(45)     Total                          Min: 0, Avg:  0.0, Max: 0, Diff: 0, Sum: 0, Workers: 4
[2477.677s][debug][gc,phases      ] GC(45)   StringDedup Requests0 Weak     Min:  0.0, Avg:  0.0, Max:  0.0, Diff:  0.0, Sum:  0.0, Workers: 4
[2477.677s][debug][gc,phases      ] GC(45)     Dead                           Min: 0, Avg:  0.0, Max: 0, Diff: 0, Sum: 0, Workers: 4
[2477.677s][debug][gc,phases      ] GC(45)     Total                          Min: 0, Avg:  0.0, Max: 0, Diff: 0, Sum: 0, Workers: 4
[2477.677s][debug][gc,phases      ] GC(45)   StringDedup Requests1 Weak     Min:  0.0, Avg:  0.0, Max:  0.0, Diff:  0.0, Sum:  0.0, Workers: 4
[2477.677s][debug][gc,phases      ] GC(45)     Dead                           Min: 0, Avg:  0.0, Max: 0, Diff: 0, Sum: 0, Workers: 4
[2477.677s][debug][gc,phases      ] GC(45)     Total                          Min: 0, Avg:  0.0, Max: 0, Diff: 0, Sum: 0, Workers: 4
[2477.677s][debug][gc,phases      ] GC(45)   Weak JFR Old Object Samples    Min:  0.0, Avg:  0.0, Max:  0.0, Diff:  0.0, Sum:  0.0, Workers: 4
[2477.677s][debug][gc,phases      ] GC(45)     Dead                           Min: 0, Avg:  0.0, Max: 0, Diff: 0, Sum: 0, Workers: 4
[2477.677s][debug][gc,phases      ] GC(45)     Total                          Min: 0, Avg:  0.0, Max: 0, Diff: 0, Sum: 0, Workers: 4
[2477.677s][debug][gc,phases      ] GC(45) Weak Processing 0.517ms
[2477.677s][debug][gc,age         ] GC(45) Desired survivor size 87031808 bytes, new threshold 1 (max threshold 15)
[2477.677s][info ][gc,heap        ] GC(45) PSYoungGen: 1961856K(2030080K)->67057K(2025472K) Eden: 1958400K(1958400K)->0K(1958400K) From: 3456K(71680K)->67057K(67072K)
[2477.677s][info ][gc,heap        ] GC(45) ParOldGen: 342552K(343040K)->350025K(350208K)
[2477.677s][info ][gc,metaspace   ] GC(45) Metaspace: 104006K(105344K)->104006K(105344K) NonClass: 88273K(89024K)->88273K(89024K) Class: 15732K(16320K)->15732K(16320K)
[2477.677s][info ][gc             ] GC(45) Pause Young (Allocation Failure) 2250M->407M(2320M) 54.546ms
[2477.677s][info ][gc,cpu         ] GC(45) User=0.19s Sys=0.00s Real=0.05s
[2477.677s][info ][safepoint      ] Safepoint "ParallelGCFailedAllocation", Time since last: 630061597 ns, Reaching safepoint: 10101 ns, Cleanup: 53901 ns, At safepoint: 54647766 ns, Total: 54711768 ns
[2478.677s][info ][safepoint      ] Safepoint "Cleanup", Time since last: 1000094120 ns, Reaching safepoint: 81002 ns, Cleanup: 107903 ns, At safepoint: 8000 ns, Total: 196905 ns
[2479.677s][info ][safepoint      ] Safepoint "Cleanup", Time since last: 1000147622 ns, Reaching safepoint: 80203 ns, Cleanup: 82502 ns, At safepoint: 8700 ns, Total: 171405 ns
[2480.678s][info ][safepoint      ] Safepoint "Cleanup", Time since last: 1000142222 ns, Reaching safepoint: 81002 ns, Cleanup: 42901 ns, At safepoint: 9300 ns, Total: 133203 ns
[2481.678s][info ][safepoint      ] Safepoint "Cleanup", Time since last: 1000142822 ns, Reaching safepoint: 88203 ns, Cleanup: 20800 ns, At safepoint: 9701 ns, Total: 118704 ns
[2482.678s][info ][safepoint      ] Safepoint "Cleanup", Time since last: 1000125335 ns, Reaching safepoint: 90402 ns, Cleanup: 20200 ns, At safepoint: 7200 ns, Total: 117802 ns
[2483.678s][info ][safepoint      ] Safepoint "Cleanup", Time since last: 1000154367 ns, Reaching safepoint: 84902 ns, Cleanup: 22300 ns, At safepoint: 10001 ns, Total: 117203 ns
[2484.679s][info ][safepoint      ] Safepoint "Cleanup", Time since last: 1000160867 ns, Reaching safepoint: 100102 ns, Cleanup: 15700 ns, At safepoint: 19001 ns, Total: 134803 ns
[2485.679s][info ][safepoint      ] Safepoint "Cleanup", Time since last: 1000238817 ns, Reaching safepoint: 81302 ns, Cleanup: 11800 ns, At safepoint: 8201 ns, Total: 101303 ns
[2486.679s][info ][safepoint      ] Safepoint "Cleanup", Time since last: 1000177787 ns, Reaching safepoint: 83103 ns, Cleanup: 12500 ns, At safepoint: 9200 ns, Total: 104803 ns
[2487.680s][info ][safepoint      ] Safepoint "Cleanup", Time since last: 1000185288 ns, Reaching safepoint: 86102 ns, Cleanup: 16401 ns, At safepoint: 7500 ns, Total: 110003 ns
[2488.680s][info ][safepoint      ] Safepoint "Cleanup", Time since last: 1000138787 ns, Reaching safepoint: 81702 ns, Cleanup: 11600 ns, At safepoint: 8601 ns, Total: 101903 ns
[2489.680s][info ][safepoint      ] Safepoint "Cleanup", Time since last: 1000166987 ns, Reaching safepoint: 83302 ns, Cleanup: 12101 ns, At safepoint: 8700 ns, Total: 104103 ns
[2490.680s][info ][safepoint      ] Safepoint "Cleanup", Time since last: 1000138165 ns, Reaching safepoint: 81402 ns, Cleanup: 12301 ns, At safepoint: 7400 ns, Total: 101103 ns
[2491.681s][info ][safepoint      ] Safepoint "Cleanup", Time since last: 1000138084 ns, Reaching safepoint: 85802 ns, Cleanup: 12700 ns, At safepoint: 8101 ns, Total: 106603 ns
[2492.681s][info ][safepoint      ] Safepoint "Cleanup", Time since last: 1000137184 ns, Reaching safepoint: 91102 ns, Cleanup: 15400 ns, At safepoint: 14601 ns, Total: 121103 ns
[2493.681s][info ][safepoint      ] Safepoint "Cleanup", Time since last: 1000171785 ns, Reaching safepoint: 86802 ns, Cleanup: 82602 ns, At safepoint: 8800 ns, Total: 178204 ns
[2494.682s][info ][safepoint      ] Safepoint "Cleanup", Time since last: 1000136384 ns, Reaching safepoint: 81202 ns, Cleanup: 16101 ns, At safepoint: 9600 ns, Total: 106903 ns
[2495.682s][info ][safepoint      ] Safepoint "Cleanup", Time since last: 1000169485 ns, Reaching safepoint: 115303 ns, Cleanup: 31801 ns, At safepoint: 13600 ns, Total: 160704 ns
[2496.682s][info ][safepoint      ] Safepoint "Cleanup", Time since last: 1000193285 ns, Reaching safepoint: 116803 ns, Cleanup: 35301 ns, At safepoint: 16201 ns, Total: 168305 ns
[2497.683s][info ][safepoint      ] Safepoint "Cleanup", Time since last: 1000148184 ns, Reaching safepoint: 81902 ns, Cleanup: 19901 ns, At safepoint: 9700 ns, Total: 111503 ns
[2498.683s][info ][safepoint      ] Safepoint "Cleanup", Time since last: 1000168449 ns, Reaching safepoint: 83402 ns, Cleanup: 20200 ns, At safepoint: 8401 ns, Total: 112003 ns
[2499.683s][info ][safepoint      ] Safepoint "Cleanup", Time since last: 1000185933 ns, Reaching safepoint: 88302 ns, Cleanup: 35501 ns, At safepoint: 10100 ns, Total: 133903 ns
[2500.683s][info ][safepoint      ] Safepoint "Cleanup", Time since last: 1000152732 ns, Reaching safepoint: 83002 ns, Cleanup: 25301 ns, At safepoint: 8000 ns, Total: 116303 ns
[2502.684s][info ][safepoint      ] Safepoint "Cleanup", Time since last: 2000213263 ns, Reaching safepoint: 84602 ns, Cleanup: 24300 ns, At safepoint: 13601 ns, Total: 122503 ns
[2503.684s][info ][safepoint      ] Safepoint "Cleanup", Time since last: 1000145019 ns, Reaching safepoint: 82903 ns, Cleanup: 14400 ns, At safepoint: 7900 ns, Total: 105203 ns
[2504.684s][info ][safepoint      ] Safepoint "Cleanup", Time since last: 1000139037 ns, Reaching safepoint: 81502 ns, Cleanup: 13201 ns, At safepoint: 7700 ns, Total: 102403 ns
[2506.685s][info ][safepoint      ] Safepoint "Cleanup", Time since last: 2000208418 ns, Reaching safepoint: 81402 ns, Cleanup: 19100 ns, At safepoint: 8701 ns, Total: 109203 ns
[2507.685s][info ][safepoint      ] Safepoint "Cleanup", Time since last: 1000157857 ns, Reaching safepoint: 90102 ns, Cleanup: 19201 ns, At safepoint: 8000 ns, Total: 117303 ns
[2507.881s][info ][gc,start       ] GC(46) Pause Young (Allocation Failure)
[2507.936s][debug][gc,phases      ] GC(46) Scavenge 54.370ms
[2507.936s][debug][gc,ref         ] GC(46) ReferenceProcessor::execute queues: 1, RefProcThreadModel::Single, marks_oops_alive: false
[2507.936s][debug][gc,ref         ] GC(46) Skipped KeepAliveFinalRefsPhase of Reference Processing: no references
[2507.936s][debug][gc,ref         ] GC(46) ReferenceProcessor::execute queues: 1, RefProcThreadModel::Single, marks_oops_alive: false
[2507.936s][debug][gc,phases      ] GC(46) Reference Processing 0.138ms
[2507.937s][debug][gc,phases      ] GC(46)   VM Weak                        Min:  0.0, Avg:  0.0, Max:  0.0, Diff:  0.0, Sum:  0.0, Workers: 4
[2507.937s][debug][gc,phases      ] GC(46)     Dead                           Min: 0, Avg:  0.0, Max: 0, Diff: 0, Sum: 0, Workers: 4
[2507.937s][debug][gc,phases      ] GC(46)     Total                          Min: 0, Avg: 260.2, Max: 529, Diff: 529, Sum: 1041, Workers: 4
[2507.937s][debug][gc,phases      ] GC(46)   ObjectSynchronizer Weak        Min:  0.0, Avg:  0.0, Max:  0.0, Diff:  0.0, Sum:  0.0, Workers: 4
[2507.937s][debug][gc,phases      ] GC(46)     Dead                           Min: 0, Avg:  0.0, Max: 0, Diff: 0, Sum: 0, Workers: 4
[2507.937s][debug][gc,phases      ] GC(46)     Total                          Min: 0, Avg:  1.8, Max: 7, Diff: 7, Sum: 7, Workers: 4
[2507.937s][debug][gc,phases      ] GC(46)   JVMTI Tag Weak OopStorage      Min:  0.0, Avg:  0.0, Max:  0.0, Diff:  0.0, Sum:  0.0, Workers: 4
[2507.937s][debug][gc,phases      ] GC(46)     Dead                           Min: 0, Avg:  0.0, Max: 0, Diff: 0, Sum: 0, Workers: 4
[2507.937s][debug][gc,phases      ] GC(46)     Total                          Min: 0, Avg:  0.0, Max: 0, Diff: 0, Sum: 0, Workers: 4
[2507.937s][debug][gc,phases      ] GC(46)   StringTable Weak               Min:  0.0, Avg:  0.1, Max:  0.3, Diff:  0.3, Sum:  0.5, Workers: 4
[2507.937s][debug][gc,phases      ] GC(46)     Dead                           Min: 0, Avg:  0.0, Max: 0, Diff: 0, Sum: 0, Workers: 4
[2507.937s][debug][gc,phases      ] GC(46)     Total                          Min: 0, Avg: 11311.8, Max: 24191, Diff: 24191, Sum: 45247, Workers: 4
[2507.937s][debug][gc,phases      ] GC(46)   ResolvedMethodTable Weak       Min:  0.0, Avg:  0.0, Max:  0.1, Diff:  0.1, Sum:  0.2, Workers: 4
[2507.937s][debug][gc,phases      ] GC(46)     Dead                           Min: 0, Avg:  4.2, Max: 17, Diff: 17, Sum: 17, Workers: 4
[2507.937s][debug][gc,phases      ] GC(46)     Total                          Min: 0, Avg: 4024.5, Max: 8546, Diff: 8546, Sum: 16098, Workers: 4
[2507.937s][debug][gc,phases      ] GC(46)   JNI Weak                       Min:  0.0, Avg:  0.0, Max:  0.0, Diff:  0.0, Sum:  0.0, Workers: 4
[2507.937s][debug][gc,phases      ] GC(46)     Dead                           Min: 0, Avg:  0.0, Max: 0, Diff: 0, Sum: 0, Workers: 4
[2507.937s][debug][gc,phases      ] GC(46)     Total                          Min: 0, Avg: 12.0, Max: 48, Diff: 48, Sum: 48, Workers: 4
[2507.937s][debug][gc,phases      ] GC(46)   StringDedup Table Weak         Min:  0.0, Avg:  0.0, Max:  0.0, Diff:  0.0, Sum:  0.0, Workers: 4
[2507.937s][debug][gc,phases      ] GC(46)     Dead                           Min: 0, Avg:  0.0, Max: 0, Diff: 0, Sum: 0, Workers: 4
[2507.937s][debug][gc,phases      ] GC(46)     Total                          Min: 0, Avg:  0.0, Max: 0, Diff: 0, Sum: 0, Workers: 4
[2507.937s][debug][gc,phases      ] GC(46)   StringDedup Requests0 Weak     Min:  0.0, Avg:  0.0, Max:  0.0, Diff:  0.0, Sum:  0.0, Workers: 4
[2507.937s][debug][gc,phases      ] GC(46)     Dead                           Min: 0, Avg:  0.0, Max: 0, Diff: 0, Sum: 0, Workers: 4
[2507.937s][debug][gc,phases      ] GC(46)     Total                          Min: 0, Avg:  0.0, Max: 0, Diff: 0, Sum: 0, Workers: 4
[2507.937s][debug][gc,phases      ] GC(46)   StringDedup Requests1 Weak     Min:  0.0, Avg:  0.0, Max:  0.0, Diff:  0.0, Sum:  0.0, Workers: 4
[2507.937s][debug][gc,phases      ] GC(46)     Dead                           Min: 0, Avg:  0.0, Max: 0, Diff: 0, Sum: 0, Workers: 4
[2507.937s][debug][gc,phases      ] GC(46)     Total                          Min: 0, Avg:  0.0, Max: 0, Diff: 0, Sum: 0, Workers: 4
[2507.937s][debug][gc,phases      ] GC(46)   Weak JFR Old Object Samples    Min:  0.0, Avg:  0.0, Max:  0.0, Diff:  0.0, Sum:  0.0, Workers: 4
[2507.937s][debug][gc,phases      ] GC(46)     Dead                           Min: 0, Avg:  0.0, Max: 0, Diff: 0, Sum: 0, Workers: 4
[2507.937s][debug][gc,phases      ] GC(46)     Total                          Min: 0, Avg:  0.0, Max: 0, Diff: 0, Sum: 0, Workers: 4
[2507.937s][debug][gc,phases      ] GC(46) Weak Processing 0.663ms
[2507.937s][debug][gc,age         ] GC(46) Desired survivor size 83886080 bytes, new threshold 1 (max threshold 15)
[2507.937s][info ][gc,heap        ] GC(46) PSYoungGen: 2025457K(2025472K)->27587K(2004992K) Eden: 1958400K(1958400K)->0K(1933312K) From: 67057K(67072K)->27587K(71680K)
[2507.937s][info ][gc,heap        ] GC(46) ParOldGen: 350025K(350208K)->417740K(417792K)
[2507.937s][info ][gc,metaspace   ] GC(46) Metaspace: 104088K(105408K)->104088K(105408K) NonClass: 88352K(89088K)->88352K(89088K) Class: 15735K(16320K)->15735K(16320K)
[2507.937s][info ][gc             ] GC(46) Pause Young (Allocation Failure) 2319M->434M(2366M) 55.364ms
[2507.937s][info ][gc,cpu         ] GC(46) User=0.13s Sys=0.05s Real=0.05s
[2507.937s][info ][safepoint      ] Safepoint "ParallelGCFailedAllocation", Time since last: 196619641 ns, Reaching safepoint: 8900 ns, Cleanup: 4700 ns, At safepoint: 55473778 ns, Total: 55487378 ns
[2508.937s][info ][safepoint      ] Safepoint "Cleanup", Time since last: 1000111056 ns, Reaching safepoint: 81903 ns, Cleanup: 21100 ns, At safepoint: 7900 ns, Total: 110903 ns
[2510.937s][info ][safepoint      ] Safepoint "Cleanup", Time since last: 2000210212 ns, Reaching safepoint: 79602 ns, Cleanup: 15401 ns, At safepoint: 7500 ns, Total: 102503 ns
[2513.938s][info ][safepoint      ] Safepoint "Cleanup", Time since last: 3000299267 ns, Reaching safepoint: 87002 ns, Cleanup: 24201 ns, At safepoint: 8400 ns, Total: 119603 ns
[2514.938s][info ][safepoint      ] Safepoint "Cleanup", Time since last: 1000162873 ns, Reaching safepoint: 86802 ns, Cleanup: 18901 ns, At safepoint: 7700 ns, Total: 113403 ns
[2516.938s][info ][safepoint      ] Safepoint "Cleanup", Time since last: 2000219465 ns, Reaching safepoint: 79502 ns, Cleanup: 12100 ns, At safepoint: 6601 ns, Total: 98203 ns
[2517.939s][info ][safepoint      ] Safepoint "Cleanup", Time since last: 1000130632 ns, Reaching safepoint: 78903 ns, Cleanup: 15500 ns, At safepoint: 6700 ns, Total: 101103 ns
[2518.939s][info ][safepoint      ] Safepoint "Cleanup", Time since last: 1000158034 ns, Reaching safepoint: 88802 ns, Cleanup: 27701 ns, At safepoint: 16700 ns, Total: 133203 ns
[2519.939s][info ][safepoint      ] Safepoint "Cleanup", Time since last: 1000116533 ns, Reaching safepoint: 82702 ns, Cleanup: 18001 ns, At safepoint: 7700 ns, Total: 108403 ns
[2520.939s][info ][safepoint      ] Safepoint "Cleanup", Time since last: 1000144133 ns, Reaching safepoint: 8300 ns, Cleanup: 12801 ns, At safepoint: 3000 ns, Total: 24101 ns
[2522.076s][info ][safepoint      ] Safepoint "Cleanup", Time since last: 1136404700 ns, Reaching safepoint: 9000 ns, Cleanup: 24901 ns, At safepoint: 2700 ns, Total: 36601 ns
[2523.076s][info ][safepoint      ] Safepoint "Cleanup", Time since last: 1000133438 ns, Reaching safepoint: 9600 ns, Cleanup: 26200 ns, At safepoint: 2901 ns, Total: 38701 ns
[2524.076s][info ][safepoint      ] Safepoint "Cleanup", Time since last: 1000144337 ns, Reaching safepoint: 10601 ns, Cleanup: 58401 ns, At safepoint: 2900 ns, Total: 71902 ns
[2525.076s][info ][safepoint      ] Safepoint "Cleanup", Time since last: 1000149138 ns, Reaching safepoint: 86802 ns, Cleanup: 53702 ns, At safepoint: 7500 ns, Total: 148004 ns
[2526.077s][info ][safepoint      ] Safepoint "Cleanup", Time since last: 1000133837 ns, Reaching safepoint: 80902 ns, Cleanup: 14501 ns, At safepoint: 7400 ns, Total: 102803 ns
[2527.077s][info ][safepoint      ] Safepoint "Cleanup", Time since last: 1000138338 ns, Reaching safepoint: 84402 ns, Cleanup: 28800 ns, At safepoint: 8101 ns, Total: 121303 ns
[2528.077s][info ][safepoint      ] Safepoint "Cleanup", Time since last: 1000148938 ns, Reaching safepoint: 86602 ns, Cleanup: 12700 ns, At safepoint: 7500 ns, Total: 106802 ns
[2529.078s][info ][safepoint      ] Safepoint "Cleanup", Time since last: 1000145538 ns, Reaching safepoint: 85802 ns, Cleanup: 11901 ns, At safepoint: 9700 ns, Total: 107403 ns
[2530.078s][info ][safepoint      ] Safepoint "Cleanup", Time since last: 1000142534 ns, Reaching safepoint: 80403 ns, Cleanup: 26300 ns, At safepoint: 5800 ns, Total: 112503 ns
[2531.078s][info ][safepoint      ] Safepoint "Cleanup", Time since last: 1000125322 ns, Reaching safepoint: 82902 ns, Cleanup: 13300 ns, At safepoint: 10501 ns, Total: 106703 ns
[2532.078s][info ][safepoint      ] Safepoint "Cleanup", Time since last: 1000142722 ns, Reaching safepoint: 83002 ns, Cleanup: 11500 ns, At safepoint: 7500 ns, Total: 102002 ns
[2533.078s][info ][safepoint      ] Safepoint "Cleanup", Time since last: 1000132222 ns, Reaching safepoint: 80402 ns, Cleanup: 17901 ns, At safepoint: 8700 ns, Total: 107003 ns
[2534.079s][info ][safepoint      ] Safepoint "Cleanup", Time since last: 1000143122 ns, Reaching safepoint: 86702 ns, Cleanup: 15801 ns, At safepoint: 6900 ns, Total: 109403 ns
[2536.079s][info ][safepoint      ] Safepoint "Cleanup", Time since last: 2000263143 ns, Reaching safepoint: 88803 ns, Cleanup: 19200 ns, At safepoint: 7000 ns, Total: 115003 ns
[2537.079s][info ][safepoint      ] Safepoint "Cleanup", Time since last: 1000182523 ns, Reaching safepoint: 91603 ns, Cleanup: 16100 ns, At safepoint: 9300 ns, Total: 117003 ns
[2539.080s][info ][safepoint      ] Safepoint "Cleanup", Time since last: 2000364426 ns, Reaching safepoint: 85702 ns, Cleanup: 14100 ns, At safepoint: 7700 ns, Total: 107502 ns
[2540.080s][info ][safepoint      ] Safepoint "Cleanup", Time since last: 1000144675 ns, Reaching safepoint: 80902 ns, Cleanup: 12400 ns, At safepoint: 7300 ns, Total: 100602 ns
[2541.080s][info ][safepoint      ] Safepoint "Cleanup", Time since last: 1000168175 ns, Reaching safepoint: 87702 ns, Cleanup: 19900 ns, At safepoint: 8200 ns, Total: 115802 ns
[2541.235s][info ][gc,start       ] GC(47) Pause Young (Allocation Failure)
[2541.259s][debug][gc,phases      ] GC(47) Scavenge 24.134ms
[2541.259s][debug][gc,ref         ] GC(47) ReferenceProcessor::execute queues: 1, RefProcThreadModel::Single, marks_oops_alive: false
[2541.259s][debug][gc,ref         ] GC(47) Skipped KeepAliveFinalRefsPhase of Reference Processing: no references
[2541.259s][debug][gc,ref         ] GC(47) ReferenceProcessor::execute queues: 1, RefProcThreadModel::Single, marks_oops_alive: false
[2541.259s][debug][gc,phases      ] GC(47) Reference Processing 0.217ms
[2541.260s][debug][gc,phases      ] GC(47)   VM Weak                        Min:  0.0, Avg:  0.0, Max:  0.0, Diff:  0.0, Sum:  0.0, Workers: 4
[2541.260s][debug][gc,phases      ] GC(47)     Dead                           Min: 0, Avg:  0.0, Max: 0, Diff: 0, Sum: 0, Workers: 4
[2541.260s][debug][gc,phases      ] GC(47)     Total                          Min: 0, Avg: 262.2, Max: 729, Diff: 729, Sum: 1049, Workers: 4
[2541.260s][debug][gc,phases      ] GC(47)   ObjectSynchronizer Weak        Min:  0.0, Avg:  0.0, Max:  0.0, Diff:  0.0, Sum:  0.0, Workers: 4
[2541.260s][debug][gc,phases      ] GC(47)     Dead                           Min: 0, Avg:  0.0, Max: 0, Diff: 0, Sum: 0, Workers: 4
[2541.260s][debug][gc,phases      ] GC(47)     Total                          Min: 0, Avg:  1.2, Max: 5, Diff: 5, Sum: 5, Workers: 4
[2541.260s][debug][gc,phases      ] GC(47)   JVMTI Tag Weak OopStorage      Min:  0.0, Avg:  0.0, Max:  0.0, Diff:  0.0, Sum:  0.0, Workers: 4
[2541.260s][debug][gc,phases      ] GC(47)     Dead                           Min: 0, Avg:  0.0, Max: 0, Diff: 0, Sum: 0, Workers: 4
[2541.260s][debug][gc,phases      ] GC(47)     Total                          Min: 0, Avg:  0.0, Max: 0, Diff: 0, Sum: 0, Workers: 4
[2541.260s][debug][gc,phases      ] GC(47)   StringTable Weak               Min:  0.0, Avg:  0.2, Max:  0.4, Diff:  0.3, Sum:  0.9, Workers: 4
[2541.260s][debug][gc,phases      ] GC(47)     Dead                           Min: 0, Avg:  0.0, Max: 0, Diff: 0, Sum: 0, Workers: 4
[2541.260s][debug][gc,phases      ] GC(47)     Total                          Min: 2752, Avg: 11315.8, Max: 15936, Diff: 13184, Sum: 45263, Workers: 4
[2541.260s][debug][gc,phases      ] GC(47)   ResolvedMethodTable Weak       Min:  0.0, Avg:  0.1, Max:  0.1, Diff:  0.1, Sum:  0.3, Workers: 4
[2541.260s][debug][gc,phases      ] GC(47)     Dead                           Min: 0, Avg:  4.2, Max: 16, Diff: 16, Sum: 17, Workers: 4
[2541.260s][debug][gc,phases      ] GC(47)     Total                          Min: 0, Avg: 4034.0, Max: 5566, Diff: 5566, Sum: 16136, Workers: 4
[2541.260s][debug][gc,phases      ] GC(47)   JNI Weak                       Min:  0.0, Avg:  0.0, Max:  0.0, Diff:  0.0, Sum:  0.0, Workers: 4
[2541.260s][debug][gc,phases      ] GC(47)     Dead                           Min: 0, Avg:  0.0, Max: 0, Diff: 0, Sum: 0, Workers: 4
[2541.260s][debug][gc,phases      ] GC(47)     Total                          Min: 0, Avg: 12.0, Max: 48, Diff: 48, Sum: 48, Workers: 4
[2541.260s][debug][gc,phases      ] GC(47)   StringDedup Table Weak         Min:  0.0, Avg:  0.0, Max:  0.0, Diff:  0.0, Sum:  0.0, Workers: 4
[2541.260s][debug][gc,phases      ] GC(47)     Dead                           Min: 0, Avg:  0.0, Max: 0, Diff: 0, Sum: 0, Workers: 4
[2541.260s][debug][gc,phases      ] GC(47)     Total                          Min: 0, Avg:  0.0, Max: 0, Diff: 0, Sum: 0, Workers: 4
[2541.260s][debug][gc,phases      ] GC(47)   StringDedup Requests0 Weak     Min:  0.0, Avg:  0.0, Max:  0.0, Diff:  0.0, Sum:  0.0, Workers: 4
[2541.260s][debug][gc,phases      ] GC(47)     Dead                           Min: 0, Avg:  0.0, Max: 0, Diff: 0, Sum: 0, Workers: 4
[2541.260s][debug][gc,phases      ] GC(47)     Total                          Min: 0, Avg:  0.0, Max: 0, Diff: 0, Sum: 0, Workers: 4
[2541.260s][debug][gc,phases      ] GC(47)   StringDedup Requests1 Weak     Min:  0.0, Avg:  0.0, Max:  0.0, Diff:  0.0, Sum:  0.0, Workers: 4
[2541.260s][debug][gc,phases      ] GC(47)     Dead                           Min: 0, Avg:  0.0, Max: 0, Diff: 0, Sum: 0, Workers: 4
[2541.260s][debug][gc,phases      ] GC(47)     Total                          Min: 0, Avg:  0.0, Max: 0, Diff: 0, Sum: 0, Workers: 4
[2541.260s][debug][gc,phases      ] GC(47)   Weak JFR Old Object Samples    Min:  0.0, Avg:  0.0, Max:  0.0, Diff:  0.0, Sum:  0.0, Workers: 4
[2541.260s][debug][gc,phases      ] GC(47)     Dead                           Min: 0, Avg:  0.0, Max: 0, Diff: 0, Sum: 0, Workers: 4
[2541.260s][debug][gc,phases      ] GC(47)     Total                          Min: 0, Avg:  0.0, Max: 0, Diff: 0, Sum: 0, Workers: 4
[2541.260s][debug][gc,phases      ] GC(47) Weak Processing 0.640ms
[2541.260s][debug][gc,age         ] GC(47) Desired survivor size 80216064 bytes, new threshold 1 (max threshold 15)
[2541.260s][info ][gc,heap        ] GC(47) PSYoungGen: 1960899K(2004992K)->25712K(2015232K) Eden: 1933312K(1933312K)->0K(1933312K) From: 27587K(71680K)->25712K(81920K)
[2541.260s][info ][gc,heap        ] GC(47) ParOldGen: 417740K(417792K)->439464K(439808K)
[2541.260s][info ][gc,metaspace   ] GC(47) Metaspace: 104175K(105536K)->104175K(105536K) NonClass: 88428K(89152K)->88428K(89152K) Class: 15747K(16384K)->15747K(16384K)
[2541.260s][info ][gc             ] GC(47) Pause Young (Allocation Failure) 2322M->454M(2397M) 25.240ms
[2541.260s][info ][gc,cpu         ] GC(47) User=0.09s Sys=0.01s Real=0.03s
[2541.260s][info ][safepoint      ] Safepoint "ParallelGCFailedAllocation", Time since last: 154329175 ns, Reaching safepoint: 79902 ns, Cleanup: 12800 ns, At safepoint: 25360822 ns, Total: 25453524 ns
[2543.260s][info ][safepoint      ] Safepoint "Cleanup", Time since last: 2000185199 ns, Reaching safepoint: 12300 ns, Cleanup: 15901 ns, At safepoint: 3000 ns, Total: 31201 ns
[2544.261s][info ][safepoint      ] Safepoint "Cleanup", Time since last: 1000148332 ns, Reaching safepoint: 13501 ns, Cleanup: 19000 ns, At safepoint: 2900 ns, Total: 35401 ns
[2546.261s][info ][safepoint      ] Safepoint "Cleanup", Time since last: 2000261543 ns, Reaching safepoint: 12600 ns, Cleanup: 16300 ns, At safepoint: 2900 ns, Total: 31800 ns
[2548.261s][info ][safepoint      ] Safepoint "Cleanup", Time since last: 2000240812 ns, Reaching safepoint: 12200 ns, Cleanup: 15501 ns, At safepoint: 3300 ns, Total: 31001 ns
[2552.262s][info ][safepoint      ] Safepoint "Cleanup", Time since last: 4000407421 ns, Reaching safepoint: 23300 ns, Cleanup: 39101 ns, At safepoint: 5601 ns, Total: 68002 ns
[2555.262s][info ][safepoint      ] Safepoint "Cleanup", Time since last: 3000379134 ns, Reaching safepoint: 15400 ns, Cleanup: 17500 ns, At safepoint: 3201 ns, Total: 36101 ns
[2556.262s][info ][safepoint      ] Safepoint "Cleanup", Time since last: 1000150647 ns, Reaching safepoint: 17101 ns, Cleanup: 21300 ns, At safepoint: 4001 ns, Total: 42402 ns
[2557.262s][info ][safepoint      ] Safepoint "Cleanup", Time since last: 1000152248 ns, Reaching safepoint: 11800 ns, Cleanup: 20100 ns, At safepoint: 2600 ns, Total: 34500 ns
[2558.263s][info ][safepoint      ] Safepoint "Cleanup", Time since last: 1000121448 ns, Reaching safepoint: 11500 ns, Cleanup: 21800 ns, At safepoint: 3101 ns, Total: 36401 ns
[2559.263s][info ][safepoint      ] Safepoint "Cleanup", Time since last: 1000127447 ns, Reaching safepoint: 12600 ns, Cleanup: 20501 ns, At safepoint: 2700 ns, Total: 35801 ns
[2560.263s][info ][safepoint      ] Safepoint "Cleanup", Time since last: 1000169248 ns, Reaching safepoint: 11901 ns, Cleanup: 19600 ns, At safepoint: 2800 ns, Total: 34301 ns
[2563.263s][info ][safepoint      ] Safepoint "Cleanup", Time since last: 3000332308 ns, Reaching safepoint: 12701 ns, Cleanup: 22000 ns, At safepoint: 2600 ns, Total: 37301 ns
[2566.264s][info ][safepoint      ] Safepoint "Cleanup", Time since last: 3000291430 ns, Reaching safepoint: 16100 ns, Cleanup: 17400 ns, At safepoint: 3400 ns, Total: 36900 ns
[2568.264s][info ][safepoint      ] Safepoint "Cleanup", Time since last: 2000217254 ns, Reaching safepoint: 10200 ns, Cleanup: 21701 ns, At safepoint: 2600 ns, Total: 34501 ns
[2570.264s][info ][safepoint      ] Safepoint "Cleanup", Time since last: 2000255495 ns, Reaching safepoint: 15800 ns, Cleanup: 32901 ns, At safepoint: 3400 ns, Total: 52101 ns
[2571.264s][info ][safepoint      ] Safepoint "Cleanup", Time since last: 1000179631 ns, Reaching safepoint: 13800 ns, Cleanup: 24000 ns, At safepoint: 3401 ns, Total: 41201 ns
[2572.265s][info ][safepoint      ] Safepoint "Cleanup", Time since last: 1000174130 ns, Reaching safepoint: 12200 ns, Cleanup: 16601 ns, At safepoint: 3100 ns, Total: 31901 ns
[2573.265s][info ][safepoint      ] Safepoint "Cleanup", Time since last: 1000151730 ns, Reaching safepoint: 13200 ns, Cleanup: 15601 ns, At safepoint: 2900 ns, Total: 31701 ns
[2574.265s][info ][safepoint      ] Safepoint "Cleanup", Time since last: 1000180330 ns, Reaching safepoint: 12601 ns, Cleanup: 17700 ns, At safepoint: 2700 ns, Total: 33001 ns
[2575.265s][info ][safepoint      ] Safepoint "Cleanup", Time since last: 1000153930 ns, Reaching safepoint: 11800 ns, Cleanup: 16701 ns, At safepoint: 3300 ns, Total: 31801 ns
[2576.265s][info ][safepoint      ] Safepoint "Cleanup", Time since last: 1000138929 ns, Reaching safepoint: 11101 ns, Cleanup: 18600 ns, At safepoint: 3000 ns, Total: 32701 ns
[2577.266s][info ][safepoint      ] Safepoint "Cleanup", Time since last: 1000164231 ns, Reaching safepoint: 11300 ns, Cleanup: 21300 ns, At safepoint: 2500 ns, Total: 35100 ns
[2579.266s][info ][safepoint      ] Safepoint "Cleanup", Time since last: 2000241658 ns, Reaching safepoint: 13200 ns, Cleanup: 36101 ns, At safepoint: 3100 ns, Total: 52401 ns
[2580.266s][info ][safepoint      ] Safepoint "Cleanup", Time since last: 1000152026 ns, Reaching safepoint: 13700 ns, Cleanup: 20601 ns, At safepoint: 3400 ns, Total: 37701 ns
[2582.100s][info ][safepoint      ] Safepoint "Cleanup", Time since last: 1834400817 ns, Reaching safepoint: 10700 ns, Cleanup: 16200 ns, At safepoint: 2500 ns, Total: 29400 ns
[2583.101s][info ][safepoint      ] Safepoint "Cleanup", Time since last: 1000129226 ns, Reaching safepoint: 7700 ns, Cleanup: 31901 ns, At safepoint: 2500 ns, Total: 42101 ns
[2583.533s][info ][gc,start       ] GC(48) Pause Young (Allocation Failure)
[2583.556s][debug][gc,phases      ] GC(48) Scavenge 22.178ms
[2583.556s][debug][gc,ref         ] GC(48) ReferenceProcessor::execute queues: 1, RefProcThreadModel::Single, marks_oops_alive: false
[2583.556s][debug][gc,ref         ] GC(48) Skipped KeepAliveFinalRefsPhase of Reference Processing: no references
[2583.556s][debug][gc,ref         ] GC(48) Skipped PhantomRefsPhase of Reference Processing: no references
[2583.556s][debug][gc,phases      ] GC(48) Reference Processing 0.176ms
[2583.556s][debug][gc,phases      ] GC(48)   VM Weak                        Min:  0.0, Avg:  0.0, Max:  0.0, Diff:  0.0, Sum:  0.0, Workers: 4
[2583.556s][debug][gc,phases      ] GC(48)     Dead                           Min: 0, Avg:  0.0, Max: 0, Diff: 0, Sum: 0, Workers: 4
[2583.556s][debug][gc,phases      ] GC(48)     Total                          Min: 0, Avg: 262.2, Max: 640, Diff: 640, Sum: 1049, Workers: 4
[2583.556s][debug][gc,phases      ] GC(48)   ObjectSynchronizer Weak        Min:  0.0, Avg:  0.0, Max:  0.0, Diff:  0.0, Sum:  0.0, Workers: 4
[2583.556s][debug][gc,phases      ] GC(48)     Dead                           Min: 0, Avg:  0.0, Max: 0, Diff: 0, Sum: 0, Workers: 4
[2583.556s][debug][gc,phases      ] GC(48)     Total                          Min: 0, Avg:  1.0, Max: 4, Diff: 4, Sum: 4, Workers: 4
[2583.556s][debug][gc,phases      ] GC(48)   JVMTI Tag Weak OopStorage      Min:  0.0, Avg:  0.0, Max:  0.0, Diff:  0.0, Sum:  0.0, Workers: 4
[2583.556s][debug][gc,phases      ] GC(48)     Dead                           Min: 0, Avg:  0.0, Max: 0, Diff: 0, Sum: 0, Workers: 4
[2583.556s][debug][gc,phases      ] GC(48)     Total                          Min: 0, Avg:  0.0, Max: 0, Diff: 0, Sum: 0, Workers: 4
[2583.556s][debug][gc,phases      ] GC(48)   StringTable Weak               Min:  0.0, Avg:  0.2, Max:  0.3, Diff:  0.3, Sum:  0.8, Workers: 4
[2583.556s][debug][gc,phases      ] GC(48)     Dead                           Min: 0, Avg:  0.0, Max: 0, Diff: 0, Sum: 0, Workers: 4
[2583.556s][debug][gc,phases      ] GC(48)     Total                          Min: 0, Avg: 11317.2, Max: 15317, Diff: 15317, Sum: 45269, Workers: 4
[2583.556s][debug][gc,phases      ] GC(48)   ResolvedMethodTable Weak       Min:  0.0, Avg:  0.1, Max:  0.1, Diff:  0.1, Sum:  0.3, Workers: 4
[2583.556s][debug][gc,phases      ] GC(48)     Dead                           Min: 0, Avg:  4.0, Max: 16, Diff: 16, Sum: 16, Workers: 4
[2583.556s][debug][gc,phases      ] GC(48)     Total                          Min: 0, Avg: 4034.0, Max: 5490, Diff: 5490, Sum: 16136, Workers: 4
[2583.556s][debug][gc,phases      ] GC(48)   JNI Weak                       Min:  0.0, Avg:  0.0, Max:  0.0, Diff:  0.0, Sum:  0.0, Workers: 4
[2583.556s][debug][gc,phases      ] GC(48)     Dead                           Min: 0, Avg:  0.0, Max: 0, Diff: 0, Sum: 0, Workers: 4
[2583.556s][debug][gc,phases      ] GC(48)     Total                          Min: 0, Avg: 12.0, Max: 48, Diff: 48, Sum: 48, Workers: 4
[2583.556s][debug][gc,phases      ] GC(48)   StringDedup Table Weak         Min:  0.0, Avg:  0.0, Max:  0.0, Diff:  0.0, Sum:  0.0, Workers: 4
[2583.557s][debug][gc,phases      ] GC(48)     Dead                           Min: 0, Avg:  0.0, Max: 0, Diff: 0, Sum: 0, Workers: 4
[2583.557s][debug][gc,phases      ] GC(48)     Total                          Min: 0, Avg:  0.0, Max: 0, Diff: 0, Sum: 0, Workers: 4
[2583.557s][debug][gc,phases      ] GC(48)   StringDedup Requests0 Weak     Min:  0.0, Avg:  0.0, Max:  0.0, Diff:  0.0, Sum:  0.0, Workers: 4
[2583.557s][debug][gc,phases      ] GC(48)     Dead                           Min: 0, Avg:  0.0, Max: 0, Diff: 0, Sum: 0, Workers: 4
[2583.557s][debug][gc,phases      ] GC(48)     Total                          Min: 0, Avg:  0.0, Max: 0, Diff: 0, Sum: 0, Workers: 4
[2583.557s][debug][gc,phases      ] GC(48)   StringDedup Requests1 Weak     Min:  0.0, Avg:  0.0, Max:  0.0, Diff:  0.0, Sum:  0.0, Workers: 4
[2583.557s][debug][gc,phases      ] GC(48)     Dead                           Min: 0, Avg:  0.0, Max: 0, Diff: 0, Sum: 0, Workers: 4
[2583.557s][debug][gc,phases      ] GC(48)     Total                          Min: 0, Avg:  0.0, Max: 0, Diff: 0, Sum: 0, Workers: 4
[2583.557s][debug][gc,phases      ] GC(48)   Weak JFR Old Object Samples    Min:  0.0, Avg:  0.0, Max:  0.0, Diff:  0.0, Sum:  0.0, Workers: 4
[2583.557s][debug][gc,phases      ] GC(48)     Dead                           Min: 0, Avg:  0.0, Max: 0, Diff: 0, Sum: 0, Workers: 4
[2583.557s][debug][gc,phases      ] GC(48)     Total                          Min: 0, Avg:  0.0, Max: 0, Diff: 0, Sum: 0, Workers: 4
[2583.557s][debug][gc,phases      ] GC(48) Weak Processing 0.651ms
[2583.557s][debug][gc,age         ] GC(48) Desired survivor size 75497472 bytes, new threshold 1 (max threshold 15)
[2583.557s][info ][gc,heap        ] GC(48) PSYoungGen: 1959024K(2015232K)->11024K(2023424K) Eden: 1933312K(1933312K)->0K(1945088K) From: 25712K(81920K)->11024K(78336K)
[2583.557s][info ][gc,heap        ] GC(48) ParOldGen: 439464K(439808K)->458974K(459264K)
[2583.557s][info ][gc,metaspace   ] GC(48) Metaspace: 104220K(105600K)->104220K(105600K) NonClass: 88472K(89216K)->88472K(89216K) Class: 15747K(16384K)->15747K(16384K)
[2583.557s][info ][gc             ] GC(48) Pause Young (Allocation Failure) 2342M->458M(2424M) 23.214ms
[2583.557s][info ][gc,cpu         ] GC(48) User=0.06s Sys=0.01s Real=0.02s
[2583.557s][info ][safepoint      ] Safepoint "ParallelGCFailedAllocation", Time since last: 432615822 ns, Reaching safepoint: 85302 ns, Cleanup: 4900 ns, At safepoint: 23323667 ns, Total: 23413869 ns
[2584.557s][info ][safepoint      ] Safepoint "Cleanup", Time since last: 1000106925 ns, Reaching safepoint: 12201 ns, Cleanup: 31100 ns, At safepoint: 2700 ns, Total: 46001 ns
[2585.557s][info ][safepoint      ] Safepoint "Cleanup", Time since last: 1000135526 ns, Reaching safepoint: 10200 ns, Cleanup: 17001 ns, At safepoint: 2500 ns, Total: 29701 ns
[2587.557s][info ][safepoint      ] Safepoint "Cleanup", Time since last: 2000202387 ns, Reaching safepoint: 10801 ns, Cleanup: 19900 ns, At safepoint: 4000 ns, Total: 34701 ns
[2588.558s][info ][safepoint      ] Safepoint "Cleanup", Time since last: 1000132639 ns, Reaching safepoint: 9500 ns, Cleanup: 110303 ns, At safepoint: 2400 ns, Total: 122203 ns
[2589.558s][info ][safepoint      ] Safepoint "Cleanup", Time since last: 1000140238 ns, Reaching safepoint: 9900 ns, Cleanup: 15801 ns, At safepoint: 2900 ns, Total: 28601 ns
[2590.558s][info ][safepoint      ] Safepoint "Cleanup", Time since last: 1000152139 ns, Reaching safepoint: 15100 ns, Cleanup: 37601 ns, At safepoint: 4100 ns, Total: 56801 ns
[2591.558s][info ][safepoint      ] Safepoint "Cleanup", Time since last: 1000127538 ns, Reaching safepoint: 12201 ns, Cleanup: 45901 ns, At safepoint: 3700 ns, Total: 61802 ns
[2592.558s][info ][safepoint      ] Safepoint "Cleanup", Time since last: 1000206040 ns, Reaching safepoint: 15401 ns, Cleanup: 79802 ns, At safepoint: 3200 ns, Total: 98403 ns
[2593.559s][info ][safepoint      ] Safepoint "Cleanup", Time since last: 1000171239 ns, Reaching safepoint: 12300 ns, Cleanup: 19801 ns, At safepoint: 2800 ns, Total: 34901 ns
[2594.559s][info ][safepoint      ] Safepoint "Cleanup", Time since last: 1000165028 ns, Reaching safepoint: 13701 ns, Cleanup: 17800 ns, At safepoint: 3500 ns, Total: 35001 ns
[2595.559s][info ][safepoint      ] Safepoint "Cleanup", Time since last: 1000190416 ns, Reaching safepoint: 12900 ns, Cleanup: 22100 ns, At safepoint: 2801 ns, Total: 37801 ns
[2597.559s][info ][safepoint      ] Safepoint "Cleanup", Time since last: 2000268727 ns, Reaching safepoint: 12500 ns, Cleanup: 24701 ns, At safepoint: 2800 ns, Total: 40001 ns
[2598.560s][info ][safepoint      ] Safepoint "Cleanup", Time since last: 1000200215 ns, Reaching safepoint: 38801 ns, Cleanup: 30001 ns, At safepoint: 3000 ns, Total: 71802 ns
[2599.560s][info ][safepoint      ] Safepoint "Cleanup", Time since last: 1000152414 ns, Reaching safepoint: 11401 ns, Cleanup: 24600 ns, At safepoint: 2700 ns, Total: 38701 ns
[2601.560s][info ][safepoint      ] Safepoint "Cleanup", Time since last: 2000302329 ns, Reaching safepoint: 12800 ns, Cleanup: 33001 ns, At safepoint: 2600 ns, Total: 48401 ns
[2602.560s][info ][safepoint      ] Safepoint "Cleanup", Time since last: 1000159760 ns, Reaching safepoint: 12901 ns, Cleanup: 19000 ns, At safepoint: 3100 ns, Total: 35001 ns
[2603.561s][info ][safepoint      ] Safepoint "Cleanup", Time since last: 1000206206 ns, Reaching safepoint: 11800 ns, Cleanup: 25101 ns, At safepoint: 2700 ns, Total: 39601 ns
[2604.561s][info ][safepoint      ] Safepoint "Cleanup", Time since last: 1000149004 ns, Reaching safepoint: 13900 ns, Cleanup: 17401 ns, At safepoint: 3000 ns, Total: 34301 ns
[2606.561s][info ][safepoint      ] Safepoint "Cleanup", Time since last: 2000347409 ns, Reaching safepoint: 12101 ns, Cleanup: 29300 ns, At safepoint: 3301 ns, Total: 44702 ns
[2608.561s][info ][safepoint      ] Safepoint "Cleanup", Time since last: 2000279907 ns, Reaching safepoint: 13001 ns, Cleanup: 20100 ns, At safepoint: 2600 ns, Total: 35701 ns
[2613.562s][info ][safepoint      ] Safepoint "Cleanup", Time since last: 5000536818 ns, Reaching safepoint: 12801 ns, Cleanup: 21500 ns, At safepoint: 2800 ns, Total: 37101 ns
[2614.562s][info ][safepoint      ] Safepoint "Cleanup", Time since last: 1000148299 ns, Reaching safepoint: 11000 ns, Cleanup: 23901 ns, At safepoint: 2800 ns, Total: 37701 ns
[2615.562s][info ][safepoint      ] Safepoint "Cleanup", Time since last: 1000159398 ns, Reaching safepoint: 12700 ns, Cleanup: 19801 ns, At safepoint: 2800 ns, Total: 35301 ns
[2616.563s][info ][safepoint      ] Safepoint "Cleanup", Time since last: 1000195099 ns, Reaching safepoint: 12901 ns, Cleanup: 16500 ns, At safepoint: 2900 ns, Total: 32301 ns
[2618.563s][info ][safepoint      ] Safepoint "Cleanup", Time since last: 2000223141 ns, Reaching safepoint: 13101 ns, Cleanup: 15300 ns, At safepoint: 2800 ns, Total: 31201 ns
[2621.563s][info ][safepoint      ] Safepoint "Cleanup", Time since last: 3000369186 ns, Reaching safepoint: 11100 ns, Cleanup: 27401 ns, At safepoint: 3000 ns, Total: 41501 ns
[2622.564s][info ][safepoint      ] Safepoint "Cleanup", Time since last: 1000163462 ns, Reaching safepoint: 11401 ns, Cleanup: 25100 ns, At safepoint: 3400 ns, Total: 39901 ns
[2623.564s][info ][safepoint      ] Safepoint "Cleanup", Time since last: 1000205164 ns, Reaching safepoint: 12500 ns, Cleanup: 16401 ns, At safepoint: 3500 ns, Total: 32401 ns
[2624.564s][info ][safepoint      ] Safepoint "Cleanup", Time since last: 1000177291 ns, Reaching safepoint: 12201 ns, Cleanup: 18700 ns, At safepoint: 3000 ns, Total: 33901 ns
[2626.564s][info ][safepoint      ] Safepoint "Cleanup", Time since last: 2000266271 ns, Reaching safepoint: 11800 ns, Cleanup: 29701 ns, At safepoint: 2800 ns, Total: 44301 ns
[2628.565s][info ][safepoint      ] Safepoint "Cleanup", Time since last: 2000245158 ns, Reaching safepoint: 13000 ns, Cleanup: 21901 ns, At safepoint: 3200 ns, Total: 38101 ns
[2629.565s][info ][safepoint      ] Safepoint "Cleanup", Time since last: 1000148979 ns, Reaching safepoint: 13501 ns, Cleanup: 17300 ns, At safepoint: 2900 ns, Total: 33701 ns
[2630.565s][info ][safepoint      ] Safepoint "Cleanup", Time since last: 1000271683 ns, Reaching safepoint: 12700 ns, Cleanup: 16300 ns, At safepoint: 3301 ns, Total: 32301 ns
[2631.565s][info ][safepoint      ] Safepoint "Cleanup", Time since last: 1000135779 ns, Reaching safepoint: 11800 ns, Cleanup: 16000 ns, At safepoint: 3001 ns, Total: 30801 ns
[2632.565s][info ][safepoint      ] Safepoint "Cleanup", Time since last: 1000145979 ns, Reaching safepoint: 11300 ns, Cleanup: 15301 ns, At safepoint: 2700 ns, Total: 29301 ns
[2633.566s][info ][safepoint      ] Safepoint "Cleanup", Time since last: 1000146679 ns, Reaching safepoint: 10600 ns, Cleanup: 15301 ns, At safepoint: 2600 ns, Total: 28501 ns
[2634.566s][info ][safepoint      ] Safepoint "Cleanup", Time since last: 1000187407 ns, Reaching safepoint: 12600 ns, Cleanup: 14900 ns, At safepoint: 2900 ns, Total: 30400 ns
[2635.566s][info ][safepoint      ] Safepoint "Cleanup", Time since last: 1000141166 ns, Reaching safepoint: 11300 ns, Cleanup: 13901 ns, At safepoint: 2900 ns, Total: 28101 ns
[2636.566s][info ][safepoint      ] Safepoint "Cleanup", Time since last: 1000177066 ns, Reaching safepoint: 12601 ns, Cleanup: 17600 ns, At safepoint: 3000 ns, Total: 33201 ns
[2640.631s][info ][gc,start       ] GC(49) Pause Young (Allocation Failure)
[2640.649s][debug][gc,phases      ] GC(49) Scavenge 18.499ms
[2640.650s][debug][gc,ref         ] GC(49) ReferenceProcessor::execute queues: 1, RefProcThreadModel::Single, marks_oops_alive: false
[2640.650s][debug][gc,ref         ] GC(49) Skipped KeepAliveFinalRefsPhase of Reference Processing: no references
[2640.650s][debug][gc,ref         ] GC(49) ReferenceProcessor::execute queues: 1, RefProcThreadModel::Single, marks_oops_alive: false
[2640.650s][debug][gc,phases      ] GC(49) Reference Processing 0.137ms
[2640.650s][debug][gc,phases      ] GC(49)   VM Weak                        Min:  0.0, Avg:  0.0, Max:  0.0, Diff:  0.0, Sum:  0.0, Workers: 4
[2640.650s][debug][gc,phases      ] GC(49)     Dead                           Min: 0, Avg:  0.0, Max: 0, Diff: 0, Sum: 0, Workers: 4
[2640.650s][debug][gc,phases      ] GC(49)     Total                          Min: 0, Avg: 262.2, Max: 601, Diff: 601, Sum: 1049, Workers: 4
[2640.650s][debug][gc,phases      ] GC(49)   ObjectSynchronizer Weak        Min:  0.0, Avg:  0.0, Max:  0.0, Diff:  0.0, Sum:  0.0, Workers: 4
[2640.650s][debug][gc,phases      ] GC(49)     Dead                           Min: 0, Avg:  0.0, Max: 0, Diff: 0, Sum: 0, Workers: 4
[2640.650s][debug][gc,phases      ] GC(49)     Total                          Min: 0, Avg:  1.5, Max: 6, Diff: 6, Sum: 6, Workers: 4
[2640.650s][debug][gc,phases      ] GC(49)   JVMTI Tag Weak OopStorage      Min:  0.0, Avg:  0.0, Max:  0.0, Diff:  0.0, Sum:  0.0, Workers: 4
[2640.650s][debug][gc,phases      ] GC(49)     Dead                           Min: 0, Avg:  0.0, Max: 0, Diff: 0, Sum: 0, Workers: 4
[2640.650s][debug][gc,phases      ] GC(49)     Total                          Min: 0, Avg:  0.0, Max: 0, Diff: 0, Sum: 0, Workers: 4
[2640.650s][debug][gc,phases      ] GC(49)   StringTable Weak               Min:  0.0, Avg:  0.1, Max:  0.2, Diff:  0.2, Sum:  0.5, Workers: 4
[2640.650s][debug][gc,phases      ] GC(49)     Dead                           Min: 0, Avg:  0.2, Max: 1, Diff: 1, Sum: 1, Workers: 4
[2640.650s][debug][gc,phases      ] GC(49)     Total                          Min: 0, Avg: 11325.2, Max: 17088, Diff: 17088, Sum: 45301, Workers: 4
[2640.650s][debug][gc,phases      ] GC(49)   ResolvedMethodTable Weak       Min:  0.0, Avg:  0.0, Max:  0.1, Diff:  0.1, Sum:  0.2, Workers: 4
[2640.650s][debug][gc,phases      ] GC(49)     Dead                           Min: 0, Avg:  5.5, Max: 22, Diff: 22, Sum: 22, Workers: 4
[2640.650s][debug][gc,phases      ] GC(49)     Total                          Min: 0, Avg: 4036.8, Max: 5946, Diff: 5946, Sum: 16147, Workers: 4
[2640.650s][debug][gc,phases      ] GC(49)   JNI Weak                       Min:  0.0, Avg:  0.0, Max:  0.0, Diff:  0.0, Sum:  0.0, Workers: 4
[2640.650s][debug][gc,phases      ] GC(49)     Dead                           Min: 0, Avg:  0.0, Max: 0, Diff: 0, Sum: 0, Workers: 4
[2640.650s][debug][gc,phases      ] GC(49)     Total                          Min: 0, Avg: 12.0, Max: 48, Diff: 48, Sum: 48, Workers: 4
[2640.650s][debug][gc,phases      ] GC(49)   StringDedup Table Weak         Min:  0.0, Avg:  0.0, Max:  0.0, Diff:  0.0, Sum:  0.0, Workers: 4
[2640.650s][debug][gc,phases      ] GC(49)     Dead                           Min: 0, Avg:  0.0, Max: 0, Diff: 0, Sum: 0, Workers: 4
[2640.650s][debug][gc,phases      ] GC(49)     Total                          Min: 0, Avg:  0.0, Max: 0, Diff: 0, Sum: 0, Workers: 4
[2640.650s][debug][gc,phases      ] GC(49)   StringDedup Requests0 Weak     Min:  0.0, Avg:  0.0, Max:  0.0, Diff:  0.0, Sum:  0.0, Workers: 4
[2640.650s][debug][gc,phases      ] GC(49)     Dead                           Min: 0, Avg:  0.0, Max: 0, Diff: 0, Sum: 0, Workers: 4
[2640.650s][debug][gc,phases      ] GC(49)     Total                          Min: 0, Avg:  0.0, Max: 0, Diff: 0, Sum: 0, Workers: 4
[2640.650s][debug][gc,phases      ] GC(49)   StringDedup Requests1 Weak     Min:  0.0, Avg:  0.0, Max:  0.0, Diff:  0.0, Sum:  0.0, Workers: 4
[2640.650s][debug][gc,phases      ] GC(49)     Dead                           Min: 0, Avg:  0.0, Max: 0, Diff: 0, Sum: 0, Workers: 4
[2640.650s][debug][gc,phases      ] GC(49)     Total                          Min: 0, Avg:  0.0, Max: 0, Diff: 0, Sum: 0, Workers: 4
[2640.650s][debug][gc,phases      ] GC(49)   Weak JFR Old Object Samples    Min:  0.0, Avg:  0.0, Max:  0.0, Diff:  0.0, Sum:  0.0, Workers: 4
[2640.650s][debug][gc,phases      ] GC(49)     Dead                           Min: 0, Avg:  0.0, Max: 0, Diff: 0, Sum: 0, Workers: 4
[2640.650s][debug][gc,phases      ] GC(49)     Total                          Min: 0, Avg:  0.0, Max: 0, Diff: 0, Sum: 0, Workers: 4
[2640.650s][debug][gc,phases      ] GC(49) Weak Processing 0.483ms
[2640.650s][debug][gc,age         ] GC(49) Desired survivor size 70254592 bytes, new threshold 1 (max threshold 15)
[2640.650s][info ][gc,heap        ] GC(49) PSYoungGen: 1956112K(2023424K)->19392K(2018816K) Eden: 1945088K(1945088K)->0K(1945088K) From: 11024K(78336K)->19392K(73728K)
[2640.650s][info ][gc,heap        ] GC(49) ParOldGen: 458974K(459264K)->465695K(465920K)
[2640.650s][info ][gc,metaspace   ] GC(49) Metaspace: 104297K(105664K)->104297K(105664K) NonClass: 88544K(89280K)->88544K(89280K) Class: 15753K(16384K)->15753K(16384K)
[2640.650s][info ][gc             ] GC(49) Pause Young (Allocation Failure) 2358M->473M(2426M) 19.292ms
[2640.650s][info ][gc,cpu         ] GC(49) User=0.06s Sys=0.00s Real=0.02s
[2640.650s][info ][safepoint      ] Safepoint "ParallelGCFailedAllocation", Time since last: 4064521833 ns, Reaching safepoint: 86103 ns, Cleanup: 4700 ns, At safepoint: 19398676 ns, Total: 19489479 ns
[2642.123s][info ][safepoint      ] Safepoint "Cleanup", Time since last: 1473030281 ns, Reaching safepoint: 9500 ns, Cleanup: 15801 ns, At safepoint: 2800 ns, Total: 28101 ns
[2643.124s][info ][safepoint      ] Safepoint "Cleanup", Time since last: 1000178511 ns, Reaching safepoint: 89302 ns, Cleanup: 14700 ns, At safepoint: 7201 ns, Total: 111203 ns
[2644.124s][info ][safepoint      ] Safepoint "Cleanup", Time since last: 1000172119 ns, Reaching safepoint: 10900 ns, Cleanup: 17300 ns, At safepoint: 3100 ns, Total: 31300 ns
[2645.724s][info ][gc,start       ] GC(50) Pause Young (CodeCache GC Threshold)
[2645.740s][debug][gc,phases      ] GC(50) Scavenge 16.044ms
[2645.740s][debug][gc,ref         ] GC(50) ReferenceProcessor::execute queues: 1, RefProcThreadModel::Single, marks_oops_alive: false
[2645.740s][debug][gc,ref         ] GC(50) Skipped KeepAliveFinalRefsPhase of Reference Processing: no references
[2645.740s][debug][gc,ref         ] GC(50) ReferenceProcessor::execute queues: 1, RefProcThreadModel::Single, marks_oops_alive: false
[2645.740s][debug][gc,phases      ] GC(50) Reference Processing 0.122ms
[2645.740s][debug][gc,phases      ] GC(50)   VM Weak                        Min:  0.0, Avg:  0.0, Max:  0.0, Diff:  0.0, Sum:  0.0, Workers: 4
[2645.740s][debug][gc,phases      ] GC(50)     Dead                           Min: 0, Avg:  0.0, Max: 0, Diff: 0, Sum: 0, Workers: 4
[2645.740s][debug][gc,phases      ] GC(50)     Total                          Min: 128, Avg: 262.2, Max: 576, Diff: 448, Sum: 1049, Workers: 4
[2645.740s][debug][gc,phases      ] GC(50)   ObjectSynchronizer Weak        Min:  0.0, Avg:  0.0, Max:  0.0, Diff:  0.0, Sum:  0.0, Workers: 4
[2645.740s][debug][gc,phases      ] GC(50)     Dead                           Min: 0, Avg:  0.0, Max: 0, Diff: 0, Sum: 0, Workers: 4
[2645.740s][debug][gc,phases      ] GC(50)     Total                          Min: 0, Avg:  1.0, Max: 4, Diff: 4, Sum: 4, Workers: 4
[2645.740s][debug][gc,phases      ] GC(50)   JVMTI Tag Weak OopStorage      Min:  0.0, Avg:  0.0, Max:  0.0, Diff:  0.0, Sum:  0.0, Workers: 4
[2645.740s][debug][gc,phases      ] GC(50)     Dead                           Min: 0, Avg:  0.0, Max: 0, Diff: 0, Sum: 0, Workers: 4
[2645.740s][debug][gc,phases      ] GC(50)     Total                          Min: 0, Avg:  0.0, Max: 0, Diff: 0, Sum: 0, Workers: 4
[2645.740s][debug][gc,phases      ] GC(50)   StringTable Weak               Min:  0.1, Avg:  0.1, Max:  0.1, Diff:  0.0, Sum:  0.5, Workers: 4
[2645.740s][debug][gc,phases      ] GC(50)     Dead                           Min: 0, Avg:  0.0, Max: 0, Diff: 0, Sum: 0, Workers: 4
[2645.740s][debug][gc,phases      ] GC(50)     Total                          Min: 11130, Avg: 11326.2, Max: 11456, Diff: 326, Sum: 45305, Workers: 4
[2645.740s][debug][gc,phases      ] GC(50)   ResolvedMethodTable Weak       Min:  0.0, Avg:  0.0, Max:  0.0, Diff:  0.0, Sum:  0.2, Workers: 4
[2645.740s][debug][gc,phases      ] GC(50)     Dead                           Min: 0, Avg:  0.0, Max: 0, Diff: 0, Sum: 0, Workers: 4
[2645.740s][debug][gc,phases      ] GC(50)     Total                          Min: 3755, Avg: 4037.2, Max: 4159, Diff: 404, Sum: 16149, Workers: 4
[2645.740s][debug][gc,phases      ] GC(50)   JNI Weak                       Min:  0.0, Avg:  0.0, Max:  0.0, Diff:  0.0, Sum:  0.0, Workers: 4
[2645.740s][debug][gc,phases      ] GC(50)     Dead                           Min: 0, Avg:  0.0, Max: 0, Diff: 0, Sum: 0, Workers: 4
[2645.740s][debug][gc,phases      ] GC(50)     Total                          Min: 0, Avg: 12.5, Max: 50, Diff: 50, Sum: 50, Workers: 4
[2645.740s][debug][gc,phases      ] GC(50)   StringDedup Table Weak         Min:  0.0, Avg:  0.0, Max:  0.0, Diff:  0.0, Sum:  0.0, Workers: 4
[2645.740s][debug][gc,phases      ] GC(50)     Dead                           Min: 0, Avg:  0.0, Max: 0, Diff: 0, Sum: 0, Workers: 4
[2645.740s][debug][gc,phases      ] GC(50)     Total                          Min: 0, Avg:  0.0, Max: 0, Diff: 0, Sum: 0, Workers: 4
[2645.740s][debug][gc,phases      ] GC(50)   StringDedup Requests0 Weak     Min:  0.0, Avg:  0.0, Max:  0.0, Diff:  0.0, Sum:  0.0, Workers: 4
[2645.740s][debug][gc,phases      ] GC(50)     Dead                           Min: 0, Avg:  0.0, Max: 0, Diff: 0, Sum: 0, Workers: 4
[2645.740s][debug][gc,phases      ] GC(50)     Total                          Min: 0, Avg:  0.0, Max: 0, Diff: 0, Sum: 0, Workers: 4
[2645.740s][debug][gc,phases      ] GC(50)   StringDedup Requests1 Weak     Min:  0.0, Avg:  0.0, Max:  0.0, Diff:  0.0, Sum:  0.0, Workers: 4
[2645.741s][debug][gc,phases      ] GC(50)     Dead                           Min: 0, Avg:  0.0, Max: 0, Diff: 0, Sum: 0, Workers: 4
[2645.741s][debug][gc,phases      ] GC(50)     Total                          Min: 0, Avg:  0.0, Max: 0, Diff: 0, Sum: 0, Workers: 4
[2645.741s][debug][gc,phases      ] GC(50)   Weak JFR Old Object Samples    Min:  0.0, Avg:  0.0, Max:  0.0, Diff:  0.0, Sum:  0.0, Workers: 4
[2645.741s][debug][gc,phases      ] GC(50)     Dead                           Min: 0, Avg:  0.0, Max: 0, Diff: 0, Sum: 0, Workers: 4
[2645.741s][debug][gc,phases      ] GC(50)     Total                          Min: 0, Avg:  0.0, Max: 0, Diff: 0, Sum: 0, Workers: 4
[2645.741s][debug][gc,phases      ] GC(50) Weak Processing 0.420ms
[2645.741s][debug][gc,age         ] GC(50) Desired survivor size 68157440 bytes, new threshold 1 (max threshold 15)
[2645.741s][info ][gc,heap        ] GC(50) PSYoungGen: 201724K(2018816K)->2432K(2030592K) Eden: 182332K(1945088K)->0K(1961984K) From: 19392K(73728K)->2432K(68608K)
[2645.741s][info ][gc,heap        ] GC(50) ParOldGen: 465695K(465920K)->483238K(483328K)
[2645.741s][info ][gc,metaspace   ] GC(50) Metaspace: 104310K(105664K)->104310K(105664K) NonClass: 88556K(89280K)->88556K(89280K) Class: 15754K(16384K)->15754K(16384K)
[2645.741s][info ][gc             ] GC(50) Pause Young (CodeCache GC Threshold) 651M->474M(2455M) 16.747ms
[2645.741s][info ][gc,cpu         ] GC(50) User=0.04s Sys=0.01s Real=0.02s
[2645.741s][debug][gc,phases      ] GC(51) Pre Compact 0.010ms
[2645.741s][info ][gc,start       ] GC(51) Pause Full (CodeCache GC Threshold)
[2645.741s][info ][gc,phases,start] GC(51) Marking Phase
[2645.860s][debug][gc,phases      ] GC(51) Par Mark 119.638ms
[2645.861s][debug][gc,ref         ] GC(51) ReferenceProcessor::execute queues: 4, RefProcThreadModel::Multi, marks_oops_alive: false
[2645.861s][debug][gc,ref         ] GC(51) ReferenceProcessor::execute queues: 4, RefProcThreadModel::Multi, marks_oops_alive: true
[2645.861s][debug][gc,ref         ] GC(51) ReferenceProcessor::execute queues: 1, RefProcThreadModel::Single, marks_oops_alive: false
[2645.861s][debug][gc,phases      ] GC(51) Reference Processing 0.929ms
[2645.862s][debug][gc,phases      ] GC(51)   VM Weak                        Min:  0.0, Avg:  0.0, Max:  0.0, Diff:  0.0, Sum:  0.0, Workers: 4
[2645.862s][debug][gc,phases      ] GC(51)     Dead                           Min: 0, Avg:  0.0, Max: 0, Diff: 0, Sum: 0, Workers: 4
[2645.862s][debug][gc,phases      ] GC(51)     Total                          Min: 153, Avg: 262.2, Max: 320, Diff: 167, Sum: 1049, Workers: 4
[2645.862s][debug][gc,phases      ] GC(51)   ObjectSynchronizer Weak        Min:  0.0, Avg:  0.0, Max:  0.0, Diff:  0.0, Sum:  0.0, Workers: 4
[2645.862s][debug][gc,phases      ] GC(51)     Dead                           Min: 0, Avg:  0.0, Max: 0, Diff: 0, Sum: 0, Workers: 4
[2645.862s][debug][gc,phases      ] GC(51)     Total                          Min: 0, Avg:  1.0, Max: 4, Diff: 4, Sum: 4, Workers: 4
[2645.862s][debug][gc,phases      ] GC(51)   JVMTI Tag Weak OopStorage      Min:  0.0, Avg:  0.0, Max:  0.0, Diff:  0.0, Sum:  0.0, Workers: 4
[2645.862s][debug][gc,phases      ] GC(51)     Dead                           Min: 0, Avg:  0.0, Max: 0, Diff: 0, Sum: 0, Workers: 4
[2645.862s][debug][gc,phases      ] GC(51)     Total                          Min: 0, Avg:  0.0, Max: 0, Diff: 0, Sum: 0, Workers: 4
[2645.862s][debug][gc,phases      ] GC(51)   StringTable Weak               Min:  0.2, Avg:  0.2, Max:  0.2, Diff:  0.0, Sum:  0.9, Workers: 4
[2645.862s][debug][gc,phases      ] GC(51)     Dead                           Min: 0, Avg:  0.0, Max: 0, Diff: 0, Sum: 0, Workers: 4
[2645.862s][debug][gc,phases      ] GC(51)     Total                          Min: 10944, Avg: 11326.2, Max: 11705, Diff: 761, Sum: 45305, Workers: 4
[2645.862s][debug][gc,phases      ] GC(51)   ResolvedMethodTable Weak       Min:  0.1, Avg:  0.1, Max:  0.1, Diff:  0.0, Sum:  0.3, Workers: 4
[2645.862s][debug][gc,phases      ] GC(51)     Dead                           Min: 0, Avg:  0.0, Max: 0, Diff: 0, Sum: 0, Workers: 4
[2645.862s][debug][gc,phases      ] GC(51)     Total                          Min: 3902, Avg: 4037.2, Max: 4218, Diff: 316, Sum: 16149, Workers: 4
[2645.862s][debug][gc,phases      ] GC(51)   JNI Weak                       Min:  0.0, Avg:  0.0, Max:  0.0, Diff:  0.0, Sum:  0.0, Workers: 4
[2645.862s][debug][gc,phases      ] GC(51)     Dead                           Min: 0, Avg:  0.0, Max: 0, Diff: 0, Sum: 0, Workers: 4
[2645.862s][debug][gc,phases      ] GC(51)     Total                          Min: 0, Avg: 12.5, Max: 50, Diff: 50, Sum: 50, Workers: 4
[2645.862s][debug][gc,phases      ] GC(51)   StringDedup Table Weak         Min:  0.0, Avg:  0.0, Max:  0.0, Diff:  0.0, Sum:  0.0, Workers: 4
[2645.862s][debug][gc,phases      ] GC(51)     Dead                           Min: 0, Avg:  0.0, Max: 0, Diff: 0, Sum: 0, Workers: 4
[2645.862s][debug][gc,phases      ] GC(51)     Total                          Min: 0, Avg:  0.0, Max: 0, Diff: 0, Sum: 0, Workers: 4
[2645.862s][debug][gc,phases      ] GC(51)   StringDedup Requests0 Weak     Min:  0.0, Avg:  0.0, Max:  0.0, Diff:  0.0, Sum:  0.0, Workers: 4
[2645.862s][debug][gc,phases      ] GC(51)     Dead                           Min: 0, Avg:  0.0, Max: 0, Diff: 0, Sum: 0, Workers: 4
[2645.862s][debug][gc,phases      ] GC(51)     Total                          Min: 0, Avg:  0.0, Max: 0, Diff: 0, Sum: 0, Workers: 4
[2645.862s][debug][gc,phases      ] GC(51)   StringDedup Requests1 Weak     Min:  0.0, Avg:  0.0, Max:  0.0, Diff:  0.0, Sum:  0.0, Workers: 4
[2645.862s][debug][gc,phases      ] GC(51)     Dead                           Min: 0, Avg:  0.0, Max: 0, Diff: 0, Sum: 0, Workers: 4
[2645.862s][debug][gc,phases      ] GC(51)     Total                          Min: 0, Avg:  0.0, Max: 0, Diff: 0, Sum: 0, Workers: 4
[2645.862s][debug][gc,phases      ] GC(51)   Weak JFR Old Object Samples    Min:  0.0, Avg:  0.0, Max:  0.0, Diff:  0.0, Sum:  0.0, Workers: 4
[2645.862s][debug][gc,phases      ] GC(51)     Dead                           Min: 0, Avg:  0.0, Max: 0, Diff: 0, Sum: 0, Workers: 4
[2645.862s][debug][gc,phases      ] GC(51)     Total                          Min: 0, Avg:  0.0, Max: 0, Diff: 0, Sum: 0, Workers: 4
[2645.862s][debug][gc,phases      ] GC(51) Weak Processing 0.533ms
[2645.862s][debug][gc,phases      ] GC(51) ClassLoaderData 0.169ms
[2645.862s][debug][gc,phases      ] GC(51) Trigger cleanups 0.000ms
[2645.942s][debug][gc,phases      ] GC(51) Purge Unlinked NMethods 2.165ms
[2645.942s][debug][gc,phases      ] GC(51) Unregister NMethods 0.001ms
[2645.943s][debug][gc,phases      ] GC(51) Free Code Blobs 0.435ms
[2645.943s][debug][gc,phases      ] GC(51) Class Unloading 80.776ms
[2645.943s][debug][gc,phases      ] GC(51) Report Object Count 0.001ms
[2645.943s][info ][gc,phases      ] GC(51) Marking Phase 201.963ms
[2645.943s][info ][gc,phases,start] GC(51) Summary Phase
[2645.943s][info ][gc,phases      ] GC(51) Summary Phase 0.020ms
[2645.943s][info ][gc,phases,start] GC(51) Adjust Roots
[2645.968s][info ][gc,phases      ] GC(51) Adjust Roots 25.700ms
[2645.968s][info ][gc,phases,start] GC(51) Compaction Phase
[2646.093s][info ][gc,phases      ] GC(51) Compaction Phase 124.876ms
[2646.093s][info ][gc,phases,start] GC(51) Post Compact
[2646.096s][debug][gc,phases      ] GC(51) Purge Class Loader Data 0.878ms
[2646.097s][info ][gc,phases      ] GC(51) Post Compact 3.240ms
[2646.097s][info ][gc,heap        ] GC(51) PSYoungGen: 2432K(2030592K)->0K(2030592K) Eden: 0K(1961984K)->0K(1961984K) From: 2432K(68608K)->0K(68608K)
[2646.097s][info ][gc,heap        ] GC(51) ParOldGen: 483238K(483328K)->294294K(483328K)
[2646.097s][info ][gc,metaspace   ] GC(51) Metaspace: 104310K(105664K)->104310K(105664K) NonClass: 88556K(89280K)->88556K(89280K) Class: 15754K(16384K)->15754K(16384K)
[2646.097s][info ][gc             ] GC(51) Pause Full (CodeCache GC Threshold) 474M->287M(2455M) 355.983ms
[2646.097s][info ][gc,cpu         ] GC(51) User=0.97s Sys=0.01s Real=0.35s
[2646.097s][info ][safepoint      ] Safepoint "ParallelGCSystemGC", Time since last: 1600010606 ns, Reaching safepoint: 12000 ns, Cleanup: 49201 ns, At safepoint: 373336085 ns, Total: 373397286 ns
[2647.097s][info ][safepoint      ] Safepoint "Cleanup", Time since last: 1000118178 ns, Reaching safepoint: 8400 ns, Cleanup: 107203 ns, At safepoint: 10700 ns, Total: 126303 ns
[2648.098s][info ][safepoint      ] Safepoint "Cleanup", Time since last: 1000148974 ns, Reaching safepoint: 12401 ns, Cleanup: 31400 ns, At safepoint: 2700 ns, Total: 46501 ns
[2651.098s][info ][safepoint      ] Safepoint "Cleanup", Time since last: 3000326209 ns, Reaching safepoint: 10000 ns, Cleanup: 18400 ns, At safepoint: 3400 ns, Total: 31800 ns
[2653.098s][info ][safepoint      ] Safepoint "Cleanup", Time since last: 2000230074 ns, Reaching safepoint: 8300 ns, Cleanup: 20301 ns, At safepoint: 40601 ns, Total: 69202 ns
[2654.098s][info ][safepoint      ] Safepoint "Cleanup", Time since last: 1000136137 ns, Reaching safepoint: 12301 ns, Cleanup: 26000 ns, At safepoint: 2800 ns, Total: 41101 ns
[2656.099s][info ][safepoint      ] Safepoint "Cleanup", Time since last: 2000234674 ns, Reaching safepoint: 10301 ns, Cleanup: 17000 ns, At safepoint: 2900 ns, Total: 30201 ns
[2657.099s][info ][safepoint      ] Safepoint "Cleanup", Time since last: 1000155738 ns, Reaching safepoint: 11400 ns, Cleanup: 16201 ns, At safepoint: 2700 ns, Total: 30301 ns
[2659.099s][info ][safepoint      ] Safepoint "Cleanup", Time since last: 2000230211 ns, Reaching safepoint: 12500 ns, Cleanup: 30901 ns, At safepoint: 2800 ns, Total: 46201 ns
[2660.099s][info ][safepoint      ] Safepoint "Cleanup", Time since last: 1000152789 ns, Reaching safepoint: 11801 ns, Cleanup: 18500 ns, At safepoint: 3000 ns, Total: 33301 ns
[2661.099s][info ][safepoint      ] Safepoint "Cleanup", Time since last: 1000135489 ns, Reaching safepoint: 13101 ns, Cleanup: 22000 ns, At safepoint: 3200 ns, Total: 38301 ns
[2664.100s][info ][safepoint      ] Safepoint "Cleanup", Time since last: 3000350167 ns, Reaching safepoint: 12900 ns, Cleanup: 17701 ns, At safepoint: 2600 ns, Total: 33201 ns
[2671.101s][info ][safepoint      ] Safepoint "Cleanup", Time since last: 7000650438 ns, Reaching safepoint: 11300 ns, Cleanup: 32601 ns, At safepoint: 2700 ns, Total: 46601 ns
[2674.101s][info ][safepoint      ] Safepoint "Cleanup", Time since last: 3000293833 ns, Reaching safepoint: 11001 ns, Cleanup: 17400 ns, At safepoint: 2800 ns, Total: 31201 ns
[2675.101s][info ][safepoint      ] Safepoint "Cleanup", Time since last: 1000150342 ns, Reaching safepoint: 11700 ns, Cleanup: 17500 ns, At safepoint: 2800 ns, Total: 32000 ns
[2681.102s][info ][safepoint      ] Safepoint "Cleanup", Time since last: 6000537777 ns, Reaching safepoint: 14000 ns, Cleanup: 20401 ns, At safepoint: 3100 ns, Total: 37501 ns
[2682.102s][info ][safepoint      ] Safepoint "Cleanup", Time since last: 1000156031 ns, Reaching safepoint: 10200 ns, Cleanup: 15301 ns, At safepoint: 2800 ns, Total: 28301 ns
[2683.102s][info ][safepoint      ] Safepoint "Cleanup", Time since last: 1000139609 ns, Reaching safepoint: 11900 ns, Cleanup: 14700 ns, At safepoint: 2600 ns, Total: 29200 ns
[2685.102s][info ][safepoint      ] Safepoint "Cleanup", Time since last: 2000226481 ns, Reaching safepoint: 12700 ns, Cleanup: 19300 ns, At safepoint: 3300 ns, Total: 35300 ns
[2689.103s][info ][safepoint      ] Safepoint "Cleanup", Time since last: 4000369559 ns, Reaching safepoint: 9900 ns, Cleanup: 24501 ns, At safepoint: 2700 ns, Total: 37101 ns
[2690.103s][info ][safepoint      ] Safepoint "Cleanup", Time since last: 1000129641 ns, Reaching safepoint: 12000 ns, Cleanup: 40501 ns, At safepoint: 2700 ns, Total: 55201 ns
[2691.103s][info ][safepoint      ] Safepoint "Cleanup", Time since last: 1000178748 ns, Reaching safepoint: 12600 ns, Cleanup: 24601 ns, At safepoint: 3000 ns, Total: 40201 ns
[2694.104s][info ][safepoint      ] Safepoint "Cleanup", Time since last: 3000432488 ns, Reaching safepoint: 16000 ns, Cleanup: 46202 ns, At safepoint: 4300 ns, Total: 66502 ns
[2706.150s][info ][safepoint      ] Safepoint "Cleanup", Time since last: 12045947591 ns, Reaching safepoint: 11200 ns, Cleanup: 19700 ns, At safepoint: 2801 ns, Total: 33701 ns
[2714.150s][info ][safepoint      ] Safepoint "Cleanup", Time since last: 8000755328 ns, Reaching safepoint: 15400 ns, Cleanup: 17000 ns, At safepoint: 3100 ns, Total: 35500 ns
[2715.151s][info ][safepoint      ] Safepoint "Cleanup", Time since last: 1000153022 ns, Reaching safepoint: 16200 ns, Cleanup: 19100 ns, At safepoint: 3201 ns, Total: 38501 ns
[2723.151s][info ][safepoint      ] Safepoint "Cleanup", Time since last: 8000771015 ns, Reaching safepoint: 12400 ns, Cleanup: 14900 ns, At safepoint: 3000 ns, Total: 30300 ns
[2749.154s][info ][safepoint      ] Safepoint "Cleanup", Time since last: 26002431016 ns, Reaching safepoint: 16300 ns, Cleanup: 25401 ns, At safepoint: 3300 ns, Total: 45001 ns
[2808.159s][info ][safepoint      ] Safepoint "Cleanup", Time since last: 59005442286 ns, Reaching safepoint: 11501 ns, Cleanup: 15300 ns, At safepoint: 2800 ns, Total: 29601 ns
[2809.160s][info ][safepoint      ] Safepoint "Cleanup", Time since last: 1000144550 ns, Reaching safepoint: 80201 ns, Cleanup: 11201 ns, At safepoint: 29300 ns, Total: 120702 ns
[2809.238s][info ][safepoint      ] Safepoint "JFRCheckpoint", Time since last: 78826533 ns, Reaching safepoint: 6300 ns, Cleanup: 18600 ns, At safepoint: 38901 ns, Total: 63801 ns
[2809.249s][info ][gc,heap,exit   ] Heap
[2809.249s][info ][gc,heap,exit   ]  PSYoungGen      total 2030592K, used 1630046K [0x0000000780000000, 0x0000000800000000, 0x0000000800000000)
[2809.249s][info ][gc,heap,exit   ]   eden space 1961984K, 83% used [0x0000000780000000,0x00000007e37d78a8,0x00000007f7c00000)
[2809.249s][info ][gc,heap,exit   ]   from space 68608K, 0% used [0x00000007fbd00000,0x00000007fbd00000,0x0000000800000000)
[2809.249s][info ][gc,heap,exit   ]   to   space 66560K, 0% used [0x00000007f7c00000,0x00000007f7c00000,0x00000007fbd00000)
[2809.249s][info ][gc,heap,exit   ]  ParOldGen       total 483328K, used 294294K [0x00000006c0000000, 0x00000006dd800000, 0x0000000780000000)
[2809.249s][info ][gc,heap,exit   ]   object space 483328K, 60% used [0x00000006c0000000,0x00000006d1f658c0,0x00000006dd800000)
[2809.249s][info ][gc,heap,exit   ]  Metaspace       used 104474K, committed 105792K, reserved 1179648K
[2809.249s][info ][gc,heap,exit   ]   class space    used 15771K, committed 16384K, reserved 1048576K
