[2026-01-21 14:16:41] [INFO]:
Spectator UUID: 164ac6c4-3a50-33f5-87cf-d88fb08d69f9
Spectator Name: IV_Bauduoin
Taken         : [COBBLED_DEEPSLATE x 1]
Given         : []
Target        : 2le_Tabi
[2026-01-21 14:16:47] [INFO]:
Spectator UUID: 164ac6c4-3a50-33f5-87cf-d88fb08d69f9
Spectator Name: IV_Bauduoin
Taken         : [COBBLED_DEEPSLATE x 141]
Given         : []
Target        : APRILIKUKA
[2026-01-21 14:16:47] [INFO]:
Spectator UUID: 164ac6c4-3a50-33f5-87cf-d88fb08d69f9
Spectator Name: IV_Bauduoin
Taken         : [COBBLED_DEEPSLATE x 141]
Given         : []
Target        : APRILIKUKA
[2026-03-21 12:01:05] [INFO]:
Spectator UUID: 164ac6c4-3a50-33f5-87cf-d88fb08d69f9
Spectator Name: IV_Bauduoin
Taken         : []
Given         : [LANTERN x 66]
Target        : XXKRALTR
[2026-03-21 12:01:23] [INFO]:
Spectator UUID: 164ac6c4-3a50-33f5-87cf-d88fb08d69f9
Spectator Name: IV_Bauduoin
Taken         : [LANTERN x 2]
Given         : []
Target        : XXKRALTR
[2026-03-22 09:07:18] [INFO]:
Spectator UUID: 164ac6c4-3a50-33f5-87cf-d88fb08d69f9
Spectator Name: IV_Bauduoin
Taken         : []
Given         : [WHITE_WOOL x 10, GRAY_WOOL x 10, RED_WOOL x 10]
Target        : XXKRALTR
[2026-03-22 11:04:05] [INFO]:
Spectator UUID: 164ac6c4-3a50-33f5-87cf-d88fb08d69f9
Spectator Name: IV_Bauduoin
Taken         : []
Given         : [RED_DYE x 64, WHITE_DYE x 54]
Target        : XXKRALTR
[2026-03-24 16:28:18] [INFO]:
Spectator UUID: 164ac6c4-3a50-33f5-87cf-d88fb08d69f9
Spectator Name: IV_Bauduoin
Taken         : [NETHERITE_HOE & UNSPECIFIC_META:{meta-type=UNSPECIFIC, enchants={minecraft:efficiency=5, minecraft:mending=1, minecraft:unbreaking=3}, repair-cost=7} x 1]
Given         : []
Target        : IV_Bauduoin
[2026-04-14 11:15:19] [INFO]:
Spectator UUID: 164ac6c4-3a50-33f5-87cf-d88fb08d69f9
Spectator Name: IV_Bauduoin
Taken         : [DIRT x 41]
Given         : []
Target        : 2le_Tabi
